==19188== Memcheck, a memory error detector
==19188== Copyright (C) 2002-2015, and GNU GPL'd, by Julian Seward et al.
==19188== Using Valgrind-3.11.0 and LibVEX; rerun with -h for copyright info
==19188== Command: ./visualize_exe ./testcases/testcase1.txt ./testcases/testcase1.json
==19188== 
--19188-- Valgrind options:
--19188--    -v
--19188--    --leak-check=full
--19188--    --show-leak-kinds=all
--19188-- Contents of /proc/version:
--19188--   Linux version 4.4.0-145-generic (buildd@lcy01-amd64-027) (gcc version 5.4.0 20160609 (Ubuntu 5.4.0-6ubuntu1~16.04.10) ) #171-Ubuntu SMP Tue Mar 26 12:43:40 UTC 2019
--19188-- 
--19188-- Arch and hwcaps: AMD64, LittleEndian, amd64-cx16-rdtscp-sse3-avx
--19188-- Page sizes: currently 4096, max supported 4096
--19188-- Valgrind library directory: /usr/lib/valgrind
--19188-- Reading syms from /home/divesh/Desktop/cc/CS-F363/visualize_exe
--19188-- Reading syms from /lib/x86_64-linux-gnu/ld-2.23.so
--19188--   Considering /lib/x86_64-linux-gnu/ld-2.23.so ..
--19188--   .. CRC mismatch (computed 10d8ea02 wanted 4fdda1aa)
--19188--   Considering /usr/lib/debug/lib/x86_64-linux-gnu/ld-2.23.so ..
--19188--   .. CRC is valid
--19188-- Reading syms from /usr/lib/valgrind/memcheck-amd64-linux
--19188--   Considering /usr/lib/valgrind/memcheck-amd64-linux ..
--19188--   .. CRC mismatch (computed eea41ea9 wanted 2009db78)
--19188--    object doesn't have a symbol table
--19188--    object doesn't have a dynamic symbol table
--19188-- Scheduler: using generic scheduler lock implementation.
--19188-- Reading suppressions file: /usr/lib/valgrind/default.supp
==19188== embedded gdbserver: reading from /tmp/vgdb-pipe-from-vgdb-to-19188-by-divesh-on-???
==19188== embedded gdbserver: writing to   /tmp/vgdb-pipe-to-vgdb-from-19188-by-divesh-on-???
==19188== embedded gdbserver: shared mem   /tmp/vgdb-pipe-shared-mem-vgdb-19188-by-divesh-on-???
==19188== 
==19188== TO CONTROL THIS PROCESS USING vgdb (which you probably
==19188== don't want to do, unless you know exactly what you're doing,
==19188== or are doing some strange experiment):
==19188==   /usr/lib/valgrind/../../bin/vgdb --pid=19188 ...command...
==19188== 
==19188== TO DEBUG THIS PROCESS USING GDB: start GDB like this
==19188==   /path/to/gdb ./visualize_exe
==19188== and then give GDB the following command
==19188==   target remote | /usr/lib/valgrind/../../bin/vgdb --pid=19188
==19188== --pid is optional if only one valgrind process is running
==19188== 
--19188-- REDIR: 0x401cf10 (ld-linux-x86-64.so.2:strlen) redirected to 0x3809e181 (???)
--19188-- Reading syms from /usr/lib/valgrind/vgpreload_core-amd64-linux.so
--19188--   Considering /usr/lib/valgrind/vgpreload_core-amd64-linux.so ..
--19188--   .. CRC mismatch (computed 2567ccf6 wanted 49420590)
--19188--    object doesn't have a symbol table
--19188-- Reading syms from /usr/lib/valgrind/vgpreload_memcheck-amd64-linux.so
--19188--   Considering /usr/lib/valgrind/vgpreload_memcheck-amd64-linux.so ..
--19188--   .. CRC mismatch (computed 0e27c9a8 wanted ac585421)
--19188--    object doesn't have a symbol table
==19188== WARNING: new redirection conflicts with existing -- ignoring it
--19188--     old: 0x0401cf10 (strlen              ) R-> (0000.0) 0x3809e181 ???
--19188--     new: 0x0401cf10 (strlen              ) R-> (2007.0) 0x04c31020 strlen
--19188-- REDIR: 0x401b860 (ld-linux-x86-64.so.2:index) redirected to 0x4c30bc0 (index)
--19188-- REDIR: 0x401ba80 (ld-linux-x86-64.so.2:strcmp) redirected to 0x4c320d0 (strcmp)
--19188-- REDIR: 0x401dc70 (ld-linux-x86-64.so.2:mempcpy) redirected to 0x4c35270 (mempcpy)
--19188-- Reading syms from /lib/x86_64-linux-gnu/libc-2.23.so
--19188--   Considering /lib/x86_64-linux-gnu/libc-2.23.so ..
--19188--   .. CRC mismatch (computed 10016417 wanted 1f868c97)
--19188--   Considering /usr/lib/debug/lib/x86_64-linux-gnu/libc-2.23.so ..
--19188--   .. CRC is valid
--19188-- REDIR: 0x4ec9a00 (libc.so.6:strcasecmp) redirected to 0x4a286f0 (_vgnU_ifunc_wrapper)
--19188-- REDIR: 0x4ec5280 (libc.so.6:strcspn) redirected to 0x4a286f0 (_vgnU_ifunc_wrapper)
--19188-- REDIR: 0x4ecbcf0 (libc.so.6:strncasecmp) redirected to 0x4a286f0 (_vgnU_ifunc_wrapper)
--19188-- REDIR: 0x4ec76f0 (libc.so.6:strpbrk) redirected to 0x4a286f0 (_vgnU_ifunc_wrapper)
--19188-- REDIR: 0x4ec7a80 (libc.so.6:strspn) redirected to 0x4a286f0 (_vgnU_ifunc_wrapper)
--19188-- REDIR: 0x4ec914b (libc.so.6:memcpy@GLIBC_2.2.5) redirected to 0x4a286f0 (_vgnU_ifunc_wrapper)
--19188-- REDIR: 0x4ec7400 (libc.so.6:rindex) redirected to 0x4c308a0 (rindex)
--19188-- REDIR: 0x4ebe130 (libc.so.6:malloc) redirected to 0x4c2db20 (malloc)
--19188-- REDIR: 0x4ec8060 (libc.so.6:__GI_strstr) redirected to 0x4c354d0 (__strstr_sse2)
--19188-- REDIR: 0x4ec8860 (libc.so.6:memchr) redirected to 0x4c32170 (memchr)
--19188-- REDIR: 0x4ece470 (libc.so.6:__GI_memcpy) redirected to 0x4c32b00 (__GI_memcpy)
--19188-- REDIR: 0x4ec5160 (libc.so.6:strcpy) redirected to 0x4a286f0 (_vgnU_ifunc_wrapper)
--19188-- REDIR: 0x4edf9d0 (libc.so.6:__strcpy_sse2_unaligned) redirected to 0x4c31040 (strcpy)
--19188-- REDIR: 0x4ebe4f0 (libc.so.6:free) redirected to 0x4c2ed80 (free)
--19188-- REDIR: 0x4ed0760 (libc.so.6:strchrnul) redirected to 0x4c34da0 (strchrnul)
--19188-- REDIR: 0x4ec93b0 (libc.so.6:__GI_mempcpy) redirected to 0x4c34fa0 (__GI_mempcpy)
inserting element TK_ASSIGNOP
--19188-- REDIR: 0x4ec5720 (libc.so.6:strlen) redirected to 0x4c30f60 (strlen)
inserting element TK_COMMENT
inserting element TK_FIELDID
inserting element TK_ID
inserting element TK_NUM
inserting element TK_RNUM
inserting element TK_FUNID
inserting element TK_RECORDID
inserting element TK_SQL
inserting element TK_SQR
inserting element TK_COMMA
inserting element TK_SEM
inserting element TK_COLON
inserting element TK_DOT
inserting element TK_OP
inserting element TK_CL
inserting element TK_PLUS
inserting element TK_MINUS
inserting element TK_MUL
inserting element TK_DIV
inserting element TK_AND
inserting element TK_OR
inserting element TK_NOT
inserting element TK_LT
inserting element TK_LE
inserting element TK_EQ
inserting element TK_GT
inserting element TK_GE
inserting element TK_LE
inserting element TK_NE
inserting element TK_WITH
inserting element TK_PARAMETERS
inserting element TK_END
inserting element TK_WHILE
inserting element TK_TYPE
inserting element TK_MAIN
inserting element TK_GLOBAL
inserting element TK_PARAMETER
inserting element TK_LIST
inserting element TK_INPUT
inserting element TK_OUTPUT
inserting element TK_INT
inserting element TK_REAL
inserting element TK_ENDWHILE
inserting element TK_IF
inserting element TK_THEN
inserting element TK_ENDIF
inserting element TK_READ
inserting element TK_WRITE
inserting element TK_RETURN
inserting element TK_CALL
inserting element TK_RECORD
inserting element TK_ENDRECORD
inserting element TK_ELSE
inserting element TK_DELIM
inserting element TK_EPS
inserting element TK_DOLLAR
inserting element all
inserting element allVar
inserting element arithmeticExpression
inserting element assignmentStmt
inserting element booleanExpression
inserting element conditionalStmt
inserting element constructedDatatype
inserting element dataType
inserting element declaration
inserting element declarations
inserting element elsePart
inserting element expPrime
inserting element factor
inserting element fieldDefinition
inserting element fieldDefinitions
inserting element funCallStmt
inserting element function
inserting element global_or_not
inserting element highPrecedenceOperators
inserting element idList
inserting element input_par
inserting element inputParameters
inserting element ioStmt
inserting element iterativeStmt
inserting element logicalOp
inserting element lowPrecedenceOperators
inserting element mainFunction
inserting element moreFields
inserting element more_ids
inserting element new24
inserting element newVar
inserting element optionalReturn
inserting element otherFunctions
inserting element otherStmts
inserting element output_par
inserting element outputParameters
inserting element parameter_list
inserting element primitiveDatatype
inserting element program
inserting element relationalOp
inserting element remaining_list
inserting element returnStmt
inserting element singleOrRecId
inserting element stmt
inserting element stmts
inserting element temp
inserting element term
inserting element termPrime
inserting element typeDefinition
inserting element typeDefinitions
inserting element var
--19188-- REDIR: 0x4ec3cd0 (libc.so.6:strcmp) redirected to 0x4a286f0 (_vgnU_ifunc_wrapper)
--19188-- REDIR: 0x4ed9570 (libc.so.6:__strcmp_sse2_unaligned) redirected to 0x4c31f90 (strcmp)
assigning all with key 0
assigning allVar with key 1
assigning arithmeticExpression with key 2
assigning assignmentStmt with key 3
assigning booleanExpression with key 4
assigning conditionalStmt with key 5
assigning constructedDatatype with key 6
assigning dataType with key 7
assigning declaration with key 8
assigning declarations with key 9
assigning elsePart with key 10
assigning expPrime with key 11
assigning factor with key 12
assigning fieldDefinition with key 13
assigning fieldDefinitions with key 14
assigning funCallStmt with key 15
assigning function with key 16
assigning global_or_not with key 17
assigning highPrecedenceOperators with key 18
assigning idList with key 19
assigning input_par with key 20
assigning inputParameters with key 21
assigning ioStmt with key 22
assigning iterativeStmt with key 23
assigning logicalOp with key 24
assigning lowPrecedenceOperators with key 25
assigning mainFunction with key 26
assigning moreFields with key 27
assigning more_ids with key 28
assigning new24 with key 29
assigning newVar with key 30
assigning optionalReturn with key 31
assigning otherFunctions with key 32
assigning otherStmts with key 33
assigning output_par with key 34
assigning outputParameters with key 35
assigning parameter_list with key 36
assigning primitiveDatatype with key 37
assigning program with key 38
assigning relationalOp with key 39
assigning remaining_list with key 40
assigning returnStmt with key 41
assigning singleOrRecId with key 42
assigning stmt with key 43
assigning stmts with key 44
assigning temp with key 45
assigning term with key 46
assigning termPrime with key 47
assigning typeDefinition with key 48
assigning typeDefinitions with key 49
assigning var with key 50
assigning terminal (null) with key -1
assigning terminal (null) with key -1
assigning terminal (null) with key -1
assigning terminal (null) with key -1
assigning terminal TK_ASSIGNOP with key 4
assigning terminal TK_LE with key 5
assigning terminal TK_LT with key 6
assigning terminal (null) with key -1
assigning terminal TK_GE with key 8
assigning terminal TK_GT with key 9
assigning terminal (null) with key -1
assigning terminal TK_COMMENT with key 11
assigning terminal TK_SQR with key 12
assigning terminal (null) with key -1
assigning terminal (null) with key -1
assigning terminal (null) with key -1
assigning terminal TK_ID with key 16
assigning terminal (null) with key -1
assigning terminal TK_FIELDID with key 18
assigning terminal TK_SQL with key 19
assigning terminal TK_DOT with key 20
assigning terminal TK_SEM with key 21
assigning terminal TK_COLON with key 22
assigning terminal TK_CL with key 23
assigning terminal TK_OP with key 24
assigning terminal (null) with key -1
assigning terminal (null) with key -1
assigning terminal (null) with key -1
assigning terminal TK_RNUM with key 28
assigning terminal TK_NUM with key 29
assigning terminal TK_COMMA with key 30
assigning terminal TK_PLUS with key 31
assigning terminal TK_MINUS with key 32
assigning terminal TK_MUL with key 33
assigning terminal TK_DIV with key 34
assigning terminal (null) with key -1
assigning terminal (null) with key -1
assigning terminal TK_AND with key 37
assigning terminal (null) with key -1
assigning terminal (null) with key -1
assigning terminal TK_OR with key 40
assigning terminal (null) with key -1
assigning terminal TK_EQ with key 42
assigning terminal (null) with key -1
assigning terminal TK_NE with key 44
assigning terminal (null) with key -1
assigning terminal (null) with key -1
assigning terminal (null) with key -1
assigning terminal TK_FUNID with key 48
assigning terminal (null) with key -1
assigning terminal (null) with key -1
assigning terminal TK_RECORDID with key 51
assigning terminal TK_NOT with key 52
assigning terminal TK_DELIM with key 53
assigning terminal (null) with key -1
assigning terminal TK_WITH with key 55
assigning terminal TK_PARAMETERS with key 56
assigning terminal TK_END with key 57
assigning terminal TK_WHILE with key 58
assigning terminal TK_TYPE with key 59
assigning terminal TK_MAIN with key 60
assigning terminal TK_GLOBAL with key 61
assigning terminal TK_PARAMETER with key 62
assigning terminal TK_LIST with key 63
assigning terminal TK_INPUT with key 64
assigning terminal TK_OUTPUT with key 65
assigning terminal TK_INT with key 66
assigning terminal TK_REAL with key 67
assigning terminal TK_ENDWHILE with key 68
assigning terminal TK_IF with key 69
assigning terminal TK_THEN with key 70
assigning terminal TK_ENDIF with key 71
assigning terminal TK_READ with key 72
assigning terminal TK_WRITE with key 73
assigning terminal TK_RETURN with key 74
assigning terminal TK_CALL with key 75
assigning terminal TK_RECORD with key 76
assigning terminal TK_ENDRECORD with key 77
assigning terminal TK_ELSE with key 78
assigning terminal TK_EPS with key 79
assigning terminal TK_DOLLAR with key 80
assigning terminal (null) with key -1
assigning terminal (null) with key -1
assigning terminal (null) with key -1
assigning terminal (null) with key -1
assigning terminal (null) with key -1
assigning terminal (null) with key -1
assigning terminal (null) with key -1
assigning terminal (null) with key -1
assigning terminal (null) with key -1
assigning terminal (null) with key -1
assigning terminal (null) with key -1
assigning terminal (null) with key -1
assigning terminal (null) with key -1
assigning terminal (null) with key -1
assigning terminal (null) with key -1
assigning terminal (null) with key -1
assigning terminal (null) with key -1
assigning terminal (null) with key -1
assigning terminal (null) with key -1

grammer
for line program ===> otherFunctions mainFunction

n:38:program ===> n:32:otherFunctions n:26:mainFunction 
for line mainFunction ===> TK_MAIN stmts TK_END

n:26:mainFunction ===> t:60:TK_MAIN n:44:stmts t:57:TK_END 
for line otherFunctions ===> function otherFunctions

n:32:otherFunctions ===> n:16:function n:32:otherFunctions 
for line otherFunctions ===> TK_EPS

n:32:otherFunctions ===> t:79:TK_EPS 
for line function ===> TK_FUNID input_par output_par TK_SEM stmts TK_END

n:16:function ===> t:48:TK_FUNID n:20:input_par n:34:output_par t:21:TK_SEM n:44:stmts t:57:TK_END 
for line input_par ===> TK_INPUT TK_PARAMETER TK_LIST TK_SQL parameter_list TK_SQR

n:20:input_par ===> t:64:TK_INPUT t:62:TK_PARAMETER t:63:TK_LIST t:19:TK_SQL n:36:parameter_list t:12:TK_SQR 
for line output_par ===> TK_OUTPUT TK_PARAMETER TK_LIST TK_SQL parameter_list TK_SQR

n:34:output_par ===> t:65:TK_OUTPUT t:62:TK_PARAMETER t:63:TK_LIST t:19:TK_SQL n:36:parameter_list t:12:TK_SQR 
for line output_par ===> TK_EPS

n:34:output_par ===> t:79:TK_EPS 
for line parameter_list ===> dataType TK_ID remaining_list

n:36:parameter_list ===> n:7:dataType t:16:TK_ID n:40:remaining_list 
for line dataType ===> primitiveDatatype

n:7:dataType ===> n:37:primitiveDatatype 
for line dataType ===> constructedDatatype

n:7:dataType ===> n:6:constructedDatatype 
for line primitiveDatatype ===> TK_INT

n:37:primitiveDatatype ===> t:66:TK_INT 
for line primitiveDatatype ===> TK_REAL

n:37:primitiveDatatype ===> t:67:TK_REAL 
for line constructedDatatype ===> TK_RECORD TK_RECORDID

n:6:constructedDatatype ===> t:76:TK_RECORD t:51:TK_RECORDID 
for line remaining_list ===> TK_COMMA parameter_list

n:40:remaining_list ===> t:30:TK_COMMA n:36:parameter_list 
for line remaining_list ===> TK_EPS

n:40:remaining_list ===> t:79:TK_EPS 
for line stmts ===> typeDefinitions declarations otherStmts returnStmt

n:44:stmts ===> n:49:typeDefinitions n:9:declarations n:33:otherStmts n:41:returnStmt 
for line typeDefinitions ===> typeDefinition typeDefinitions

n:49:typeDefinitions ===> n:48:typeDefinition n:49:typeDefinitions 
for line typeDefinitions ===> TK_EPS

n:49:typeDefinitions ===> t:79:TK_EPS 
for line typeDefinition ===> TK_RECORD TK_RECORDID fieldDefinitions TK_ENDRECORD TK_SEM

n:48:typeDefinition ===> t:76:TK_RECORD t:51:TK_RECORDID n:14:fieldDefinitions t:77:TK_ENDRECORD t:21:TK_SEM 
for line fieldDefinitions ===> fieldDefinition fieldDefinition moreFields

n:14:fieldDefinitions ===> n:13:fieldDefinition n:13:fieldDefinition n:27:moreFields 
for line fieldDefinition ===> TK_TYPE primitiveDatatype TK_COLON TK_FIELDID TK_SEM

n:13:fieldDefinition ===> t:59:TK_TYPE n:37:primitiveDatatype t:22:TK_COLON t:18:TK_FIELDID t:21:TK_SEM 
for line moreFields ===> fieldDefinition moreFields

n:27:moreFields ===> n:13:fieldDefinition n:27:moreFields 
for line moreFields ===> TK_EPS

n:27:moreFields ===> t:79:TK_EPS 
for line declarations ===> declaration declarations

n:9:declarations ===> n:8:declaration n:9:declarations 
for line declarations ===> TK_EPS

n:9:declarations ===> t:79:TK_EPS 
for line declaration ===> TK_TYPE dataType TK_COLON TK_ID global_or_not TK_SEM

n:8:declaration ===> t:59:TK_TYPE n:7:dataType t:22:TK_COLON t:16:TK_ID n:17:global_or_not t:21:TK_SEM 
for line global_or_not ===> TK_COLON TK_GLOBAL

n:17:global_or_not ===> t:22:TK_COLON t:61:TK_GLOBAL 
for line global_or_not ===> TK_EPS

n:17:global_or_not ===> t:79:TK_EPS 
for line otherStmts ===> stmt otherStmts

n:33:otherStmts ===> n:43:stmt n:33:otherStmts 
for line otherStmts ===> TK_EPS

n:33:otherStmts ===> t:79:TK_EPS 
for line stmt ===> assignmentStmt

n:43:stmt ===> n:3:assignmentStmt 
for line stmt ===> iterativeStmt

n:43:stmt ===> n:23:iterativeStmt 
for line stmt ===> conditionalStmt

n:43:stmt ===> n:5:conditionalStmt 
for line stmt ===> ioStmt

n:43:stmt ===> n:22:ioStmt 
for line stmt ===> funCallStmt

n:43:stmt ===> n:15:funCallStmt 
for line assignmentStmt ===> singleOrRecId TK_ASSIGNOP arithmeticExpression TK_SEM

n:3:assignmentStmt ===> n:42:singleOrRecId t:4:TK_ASSIGNOP n:2:arithmeticExpression t:21:TK_SEM 
for line singleOrRecId ===> TK_ID new24

n:42:singleOrRecId ===> t:16:TK_ID n:29:new24 
for line new24 ===> TK_DOT TK_FIELDID

n:29:new24 ===> t:20:TK_DOT t:18:TK_FIELDID 
for line new24 ===> TK_EPS

n:29:new24 ===> t:79:TK_EPS 
for line funCallStmt ===> outputParameters TK_CALL TK_FUNID TK_WITH TK_PARAMETERS inputParameters TK_SEM

n:15:funCallStmt ===> n:35:outputParameters t:75:TK_CALL t:48:TK_FUNID t:55:TK_WITH t:56:TK_PARAMETERS n:21:inputParameters t:21:TK_SEM 
for line outputParameters ===> TK_SQL idList TK_SQR TK_ASSIGNOP

n:35:outputParameters ===> t:19:TK_SQL n:19:idList t:12:TK_SQR t:4:TK_ASSIGNOP 
for line outputParameters ===> TK_EPS

n:35:outputParameters ===> t:79:TK_EPS 
for line inputParameters ===> TK_SQL idList TK_SQR

n:21:inputParameters ===> t:19:TK_SQL n:19:idList t:12:TK_SQR 
for line iterativeStmt ===> TK_WHILE TK_OP booleanExpression TK_CL stmt otherStmts TK_ENDWHILE

n:23:iterativeStmt ===> t:58:TK_WHILE t:24:TK_OP n:4:booleanExpression t:23:TK_CL n:43:stmt n:33:otherStmts t:68:TK_ENDWHILE 
for line conditionalStmt ===> TK_IF TK_OP booleanExpression TK_CL TK_THEN stmt otherStmts elsePart

n:5:conditionalStmt ===> t:69:TK_IF t:24:TK_OP n:4:booleanExpression t:23:TK_CL t:70:TK_THEN n:43:stmt n:33:otherStmts n:10:elsePart 
for line elsePart ===> TK_ELSE stmt otherStmts TK_ENDIF

n:10:elsePart ===> t:78:TK_ELSE n:43:stmt n:33:otherStmts t:71:TK_ENDIF 
for line elsePart ===> TK_ENDIF

n:10:elsePart ===> t:71:TK_ENDIF 
for line ioStmt ===> TK_READ TK_OP singleOrRecId TK_CL TK_SEM

n:22:ioStmt ===> t:72:TK_READ t:24:TK_OP n:42:singleOrRecId t:23:TK_CL t:21:TK_SEM 
for line ioStmt ===> TK_WRITE TK_OP allVar TK_CL TK_SEM

n:22:ioStmt ===> t:73:TK_WRITE t:24:TK_OP n:1:allVar t:23:TK_CL t:21:TK_SEM 
for line allVar ===> TK_ID newVar

n:1:allVar ===> t:16:TK_ID n:30:newVar 
for line allVar ===> TK_NUM

n:1:allVar ===> t:29:TK_NUM 
for line allVar ===> TK_RNUM

n:1:allVar ===> t:28:TK_RNUM 
for line newVar ===> TK_DOT TK_FIELDID

n:30:newVar ===> t:20:TK_DOT t:18:TK_FIELDID 
for line newVar ===> TK_EPS

n:30:newVar ===> t:79:TK_EPS 
for line arithmeticExpression ===> term expPrime

n:2:arithmeticExpression ===> n:46:term n:11:expPrime 
for line expPrime ===> lowPrecedenceOperators term expPrime

n:11:expPrime ===> n:25:lowPrecedenceOperators n:46:term n:11:expPrime 
for line expPrime ===> TK_EPS

n:11:expPrime ===> t:79:TK_EPS 
for line term ===> factor termPrime

n:46:term ===> n:12:factor n:47:termPrime 
for line termPrime ===> highPrecedenceOperators factor termPrime

n:47:termPrime ===> n:18:highPrecedenceOperators n:12:factor n:47:termPrime 
for line termPrime ===> TK_EPS

n:47:termPrime ===> t:79:TK_EPS 
for line factor ===> TK_OP arithmeticExpression TK_CL

n:12:factor ===> t:24:TK_OP n:2:arithmeticExpression t:23:TK_CL 
for line factor ===> all

n:12:factor ===> n:0:all 
for line highPrecedenceOperators ===> TK_MUL

n:18:highPrecedenceOperators ===> t:33:TK_MUL 
for line highPrecedenceOperators ===> TK_DIV

n:18:highPrecedenceOperators ===> t:34:TK_DIV 
for line lowPrecedenceOperators ===> TK_PLUS

n:25:lowPrecedenceOperators ===> t:31:TK_PLUS 
for line lowPrecedenceOperators ===> TK_MINUS

n:25:lowPrecedenceOperators ===> t:32:TK_MINUS 
for line all ===> TK_NUM

n:0:all ===> t:29:TK_NUM 
for line all ===> TK_RNUM

n:0:all ===> t:28:TK_RNUM 
for line all ===> TK_ID temp

n:0:all ===> t:16:TK_ID n:45:temp 
for line temp ===> TK_DOT TK_FIELDID

n:45:temp ===> t:20:TK_DOT t:18:TK_FIELDID 
for line temp ===> TK_EPS

n:45:temp ===> t:79:TK_EPS 
for line booleanExpression ===> TK_OP booleanExpression TK_CL logicalOp TK_OP booleanExpression TK_CL

n:4:booleanExpression ===> t:24:TK_OP n:4:booleanExpression t:23:TK_CL n:24:logicalOp t:24:TK_OP n:4:booleanExpression t:23:TK_CL 
for line booleanExpression ===> var relationalOp var

n:4:booleanExpression ===> n:50:var n:39:relationalOp n:50:var 
for line booleanExpression ===> TK_NOT TK_OP booleanExpression TK_CL

n:4:booleanExpression ===> t:52:TK_NOT t:24:TK_OP n:4:booleanExpression t:23:TK_CL 
for line var ===> TK_ID

n:50:var ===> t:16:TK_ID 
for line var ===> TK_NUM

n:50:var ===> t:29:TK_NUM 
for line var ===> TK_RNUM

n:50:var ===> t:28:TK_RNUM 
for line logicalOp ===> TK_AND

n:24:logicalOp ===> t:37:TK_AND 
for line logicalOp ===> TK_OR

n:24:logicalOp ===> t:40:TK_OR 
for line relationalOp ===> TK_LT

n:39:relationalOp ===> t:6:TK_LT 
for line relationalOp ===> TK_LE

n:39:relationalOp ===> t:5:TK_LE 
for line relationalOp ===> TK_EQ

n:39:relationalOp ===> t:42:TK_EQ 
for line relationalOp ===> TK_GT

n:39:relationalOp ===> t:9:TK_GT 
for line relationalOp ===> TK_GE

n:39:relationalOp ===> t:8:TK_GE 
for line relationalOp ===> TK_NE

n:39:relationalOp ===> t:44:TK_NE 
for line returnStmt ===> TK_RETURN optionalReturn TK_SEM

n:41:returnStmt ===> t:74:TK_RETURN n:31:optionalReturn t:21:TK_SEM 
for line optionalReturn ===> TK_SQL idList TK_SQR

n:31:optionalReturn ===> t:19:TK_SQL n:19:idList t:12:TK_SQR 
for line optionalReturn ===> TK_EPS

n:31:optionalReturn ===> t:79:TK_EPS 
for line idList ===> TK_ID more_ids

n:19:idList ===> t:16:TK_ID n:28:more_ids 
for line more_ids ===> TK_COMMA idList

n:28:more_ids ===> t:30:TK_COMMA n:19:idList 
for line more_ids ===> TK_EPS
n:28:more_ids ===> t:79:TK_EPS 
calculating firsts
adding TK_NUM:29 to firsts of all:0
adding TK_RNUM:28 to firsts of all:0
adding TK_ID:16 to firsts of all:0
adding TK_ID:16 to firsts of allVar:1
adding TK_NUM:29 to firsts of allVar:1
adding TK_RNUM:28 to firsts of allVar:1
finding firsts of term:46 for firsts of arithmeticExpression:2
finding firsts of factor:12 for firsts of term:46
adding TK_OP:24 to firsts of factor:12
finding firsts of all:0 for firsts of factor:12
finding firsts of singleOrRecId:42 for firsts of assignmentStmt:3
adding TK_ID:16 to firsts of singleOrRecId:42
adding TK_OP:24 to firsts of booleanExpression:4
finding firsts of var:50 for firsts of booleanExpression:4
adding TK_ID:16 to firsts of var:50
adding TK_NUM:29 to firsts of var:50
adding TK_RNUM:28 to firsts of var:50
adding TK_NOT:52 to firsts of booleanExpression:4
adding TK_IF:69 to firsts of conditionalStmt:5
adding TK_RECORD:76 to firsts of constructedDatatype:6
finding firsts of primitiveDatatype:37 for firsts of dataType:7
adding TK_INT:66 to firsts of primitiveDatatype:37
adding TK_REAL:67 to firsts of primitiveDatatype:37
finding firsts of constructedDatatype:6 for firsts of dataType:7
adding TK_TYPE:59 to firsts of declaration:8
finding firsts of declaration:8 for firsts of declarations:9
adding TK_EPS:79 to firsts of declarations:9
adding TK_ELSE:78 to firsts of elsePart:10
adding TK_ENDIF:71 to firsts of elsePart:10
finding firsts of lowPrecedenceOperators:25 for firsts of expPrime:11
adding TK_PLUS:31 to firsts of lowPrecedenceOperators:25
adding TK_MINUS:32 to firsts of lowPrecedenceOperators:25
adding TK_EPS:79 to firsts of expPrime:11
adding TK_TYPE:59 to firsts of fieldDefinition:13
finding firsts of fieldDefinition:13 for firsts of fieldDefinitions:14
finding firsts of outputParameters:35 for firsts of funCallStmt:15
adding TK_SQL:19 to firsts of outputParameters:35
adding TK_EPS:79 to firsts of outputParameters:35
outputParameters:35 is nullable
adding TK_CALL:75 to firsts of funCallStmt:15
adding TK_FUNID:48 to firsts of function:16
adding TK_COLON:22 to firsts of global_or_not:17
adding TK_EPS:79 to firsts of global_or_not:17
adding TK_MUL:33 to firsts of highPrecedenceOperators:18
adding TK_DIV:34 to firsts of highPrecedenceOperators:18
adding TK_ID:16 to firsts of idList:19
adding TK_INPUT:64 to firsts of input_par:20
adding TK_SQL:19 to firsts of inputParameters:21
adding TK_READ:72 to firsts of ioStmt:22
adding TK_WRITE:73 to firsts of ioStmt:22
adding TK_WHILE:58 to firsts of iterativeStmt:23
adding TK_AND:37 to firsts of logicalOp:24
adding TK_OR:40 to firsts of logicalOp:24
adding TK_MAIN:60 to firsts of mainFunction:26
finding firsts of fieldDefinition:13 for firsts of moreFields:27
adding TK_EPS:79 to firsts of moreFields:27
adding TK_COMMA:30 to firsts of more_ids:28
adding TK_EPS:79 to firsts of more_ids:28
adding TK_DOT:20 to firsts of new24:29
adding TK_EPS:79 to firsts of new24:29
adding TK_DOT:20 to firsts of newVar:30
adding TK_EPS:79 to firsts of newVar:30
adding TK_SQL:19 to firsts of optionalReturn:31
adding TK_EPS:79 to firsts of optionalReturn:31
finding firsts of function:16 for firsts of otherFunctions:32
adding TK_EPS:79 to firsts of otherFunctions:32
finding firsts of stmt:43 for firsts of otherStmts:33
finding firsts of assignmentStmt:3 for firsts of stmt:43
finding firsts of iterativeStmt:23 for firsts of stmt:43
finding firsts of conditionalStmt:5 for firsts of stmt:43
finding firsts of ioStmt:22 for firsts of stmt:43
finding firsts of funCallStmt:15 for firsts of stmt:43
adding TK_EPS:79 to firsts of otherStmts:33
adding TK_OUTPUT:65 to firsts of output_par:34
adding TK_EPS:79 to firsts of output_par:34
finding firsts of dataType:7 for firsts of parameter_list:36
finding firsts of otherFunctions:32 for firsts of program:38
otherFunctions:32 is nullable
finding firsts of mainFunction:26 for firsts of program:38
adding TK_LT:6 to firsts of relationalOp:39
adding TK_LE:5 to firsts of relationalOp:39
adding TK_EQ:42 to firsts of relationalOp:39
adding TK_GT:9 to firsts of relationalOp:39
adding TK_GE:8 to firsts of relationalOp:39
adding TK_NE:44 to firsts of relationalOp:39
adding TK_COMMA:30 to firsts of remaining_list:40
adding TK_EPS:79 to firsts of remaining_list:40
adding TK_RETURN:74 to firsts of returnStmt:41
finding firsts of typeDefinitions:49 for firsts of stmts:44
finding firsts of typeDefinition:48 for firsts of typeDefinitions:49
adding TK_RECORD:76 to firsts of typeDefinition:48
adding TK_EPS:79 to firsts of typeDefinitions:49
typeDefinitions:49 is nullable
finding firsts of declarations:9 for firsts of stmts:44
declarations:9 is nullable
finding firsts of otherStmts:33 for firsts of stmts:44
otherStmts:33 is nullable
finding firsts of returnStmt:41 for firsts of stmts:44
adding TK_DOT:20 to firsts of temp:45
adding TK_EPS:79 to firsts of temp:45
finding firsts of highPrecedenceOperators:18 for firsts of termPrime:47
adding TK_EPS:79 to firsts of termPrime:47
calculating follows
finding follows of factor:12 for follows of all:0
finding firsts of termPrime:47 for follows of factor:12
termPrime:47 is nullable
finding follows of term:46 for follows of factor:12
finding firsts of expPrime:11 for follows of term:46
expPrime:11 is nullable
finding follows of arithmeticExpression:2 for follows of term:46
adding TK_SEM:21 to follow of arithmeticExpression:2
adding TK_CL:23 to follow of arithmeticExpression:2
finding firsts of expPrime:11 for follows of term:46
expPrime:11 is nullable
finding follows of expPrime:11 for follows of term:46
finding follows of arithmeticExpression:2 for follows of expPrime:11
finding follows of expPrime:11 for follows of expPrime:11
finding firsts of termPrime:47 for follows of factor:12
termPrime:47 is nullable
finding follows of termPrime:47 for follows of factor:12
finding follows of term:46 for follows of termPrime:47
finding follows of termPrime:47 for follows of termPrime:47
adding TK_CL:23 to follow of allVar:1
finding follows of stmt:43 for follows of assignmentStmt:3
finding firsts of otherStmts:33 for follows of stmt:43
otherStmts:33 is nullable
finding follows of otherStmts:33 for follows of stmt:43
finding firsts of returnStmt:41 for follows of otherStmts:33
finding follows of otherStmts:33 for follows of otherStmts:33
adding TK_ENDWHILE:68 to follow of otherStmts:33
finding firsts of elsePart:10 for follows of otherStmts:33
finding firsts of otherStmts:33 for follows of stmt:43
otherStmts:33 is nullable
finding firsts of otherStmts:33 for follows of stmt:43
otherStmts:33 is nullable
finding firsts of elsePart:10 for follows of stmt:43
finding firsts of otherStmts:33 for follows of stmt:43
otherStmts:33 is nullable
adding TK_CL:23 to follow of booleanExpression:4
finding follows of stmt:43 for follows of conditionalStmt:5
finding follows of dataType:7 for follows of constructedDatatype:6
adding TK_ID:16 to follow of dataType:7
adding TK_COLON:22 to follow of dataType:7
finding firsts of declarations:9 for follows of declaration:8
declarations:9 is nullable
finding follows of declarations:9 for follows of declaration:8
finding firsts of otherStmts:33 for follows of declarations:9
otherStmts:33 is nullable
finding firsts of returnStmt:41 for follows of declarations:9
finding follows of declarations:9 for follows of declarations:9
finding follows of conditionalStmt:5 for follows of elsePart:10
finding firsts of fieldDefinition:13 for follows of fieldDefinition:13
finding firsts of moreFields:27 for follows of fieldDefinition:13
moreFields:27 is nullable
finding follows of moreFields:27 for follows of fieldDefinition:13
finding follows of fieldDefinitions:14 for follows of moreFields:27
adding TK_ENDRECORD:77 to follow of fieldDefinitions:14
finding follows of moreFields:27 for follows of moreFields:27
finding follows of stmt:43 for follows of funCallStmt:15
finding firsts of otherFunctions:32 for follows of function:16
otherFunctions:32 is nullable
finding follows of otherFunctions:32 for follows of function:16
finding firsts of mainFunction:26 for follows of otherFunctions:32
finding follows of otherFunctions:32 for follows of otherFunctions:32
adding TK_SEM:21 to follow of global_or_not:17
finding firsts of factor:12 for follows of highPrecedenceOperators:18
adding TK_SQR:12 to follow of idList:19
finding follows of more_ids:28 for follows of idList:19
finding follows of idList:19 for follows of more_ids:28
finding firsts of output_par:34 for follows of input_par:20
output_par:34 is nullable
adding TK_SEM:21 to follow of input_par:20
adding TK_SEM:21 to follow of inputParameters:21
finding follows of stmt:43 for follows of ioStmt:22
finding follows of stmt:43 for follows of iterativeStmt:23
adding TK_OP:24 to follow of logicalOp:24
finding firsts of term:46 for follows of lowPrecedenceOperators:25
finding follows of program:38 for follows of mainFunction:26
finding follows of singleOrRecId:42 for follows of new24:29
adding TK_ASSIGNOP:4 to follow of singleOrRecId:42
adding TK_CL:23 to follow of singleOrRecId:42
finding follows of allVar:1 for follows of newVar:30
adding TK_SEM:21 to follow of optionalReturn:31
adding TK_SEM:21 to follow of output_par:34
adding TK_CALL:75 to follow of outputParameters:35
adding TK_SQR:12 to follow of parameter_list:36
finding follows of remaining_list:40 for follows of parameter_list:36
finding follows of parameter_list:36 for follows of remaining_list:40
finding follows of dataType:7 for follows of primitiveDatatype:37
finding firsts of var:50 for follows of relationalOp:39
finding follows of stmts:44 for follows of returnStmt:41
adding TK_END:57 to follow of stmts:44
finding follows of all:0 for follows of temp:45
finding firsts of typeDefinitions:49 for follows of typeDefinition:48
typeDefinitions:49 is nullable
finding follows of typeDefinitions:49 for follows of typeDefinition:48
finding firsts of declarations:9 for follows of typeDefinitions:49
declarations:9 is nullable
finding firsts of otherStmts:33 for follows of typeDefinitions:49
otherStmts:33 is nullable
finding firsts of returnStmt:41 for follows of typeDefinitions:49
finding follows of typeDefinitions:49 for follows of typeDefinitions:49
finding firsts of relationalOp:39 for follows of var:50
finding follows of booleanExpression:4 for follows of var:50
printing firsts
all:	TK_NUM,TK_RNUM,TK_ID,
allVar:	TK_ID,TK_NUM,TK_RNUM,
arithmeticExpression:	TK_OP,TK_NUM,TK_RNUM,TK_ID,
assignmentStmt:	TK_ID,
booleanExpression:	TK_OP,TK_ID,TK_NUM,TK_RNUM,TK_NOT,
conditionalStmt:	TK_IF,
constructedDatatype:	TK_RECORD,
dataType:	TK_INT,TK_REAL,TK_RECORD,
declaration:	TK_TYPE,
declarations:	TK_TYPE,TK_EPS,
elsePart:	TK_ELSE,TK_ENDIF,
expPrime:	TK_PLUS,TK_MINUS,TK_EPS,
factor:	TK_OP,TK_NUM,TK_RNUM,TK_ID,
fieldDefinition:	TK_TYPE,
fieldDefinitions:	TK_TYPE,
funCallStmt:	TK_SQL,TK_CALL,
function:	TK_FUNID,
global_or_not:	TK_COLON,TK_EPS,
highPrecedenceOperators:	TK_MUL,TK_DIV,
idList:	TK_ID,
input_par:	TK_INPUT,
inputParameters:	TK_SQL,
ioStmt:	TK_READ,TK_WRITE,
iterativeStmt:	TK_WHILE,
logicalOp:	TK_AND,TK_OR,
lowPrecedenceOperators:	TK_PLUS,TK_MINUS,
mainFunction:	TK_MAIN,
moreFields:	TK_TYPE,TK_EPS,
more_ids:	TK_COMMA,TK_EPS,
new24:	TK_DOT,TK_EPS,
newVar:	TK_DOT,TK_EPS,
optionalReturn:	TK_SQL,TK_EPS,
otherFunctions:	TK_FUNID,TK_EPS,
otherStmts:	TK_ID,TK_WHILE,TK_IF,TK_READ,TK_WRITE,TK_SQL,TK_CALL,TK_EPS,
output_par:	TK_OUTPUT,TK_EPS,
outputParameters:	TK_SQL,TK_EPS,
parameter_list:	TK_INT,TK_REAL,TK_RECORD,
primitiveDatatype:	TK_INT,TK_REAL,
program:	TK_FUNID,TK_MAIN,
relationalOp:	TK_LT,TK_LE,TK_EQ,TK_GT,TK_GE,TK_NE,
remaining_list:	TK_COMMA,TK_EPS,
returnStmt:	TK_RETURN,
singleOrRecId:	TK_ID,
stmt:	TK_ID,TK_WHILE,TK_IF,TK_READ,TK_WRITE,TK_SQL,TK_CALL,
stmts:	TK_RECORD,TK_TYPE,TK_ID,TK_WHILE,TK_IF,TK_READ,TK_WRITE,TK_SQL,TK_CALL,TK_RETURN,
temp:	TK_DOT,TK_EPS,
term:	TK_OP,TK_NUM,TK_RNUM,TK_ID,
termPrime:	TK_MUL,TK_DIV,TK_EPS,
typeDefinition:	TK_RECORD,
typeDefinitions:	TK_RECORD,TK_EPS,
var:	TK_ID,TK_NUM,TK_RNUM,
__________

printing follows
all:	TK_MUL,TK_DIV,TK_PLUS,TK_MINUS,TK_SEM,TK_CL,
allVar:	TK_CL,
arithmeticExpression:	TK_SEM,TK_CL,
assignmentStmt:	TK_ID,TK_WHILE,TK_IF,TK_READ,TK_WRITE,TK_SQL,TK_CALL,TK_RETURN,TK_ENDWHILE,TK_ELSE,TK_ENDIF,
booleanExpression:	TK_CL,
conditionalStmt:	TK_ID,TK_WHILE,TK_IF,TK_READ,TK_WRITE,TK_SQL,TK_CALL,TK_RETURN,TK_ENDWHILE,TK_ELSE,TK_ENDIF,
constructedDatatype:	TK_ID,TK_COLON,
dataType:	TK_ID,TK_COLON,
declaration:	TK_TYPE,TK_ID,TK_WHILE,TK_IF,TK_READ,TK_WRITE,TK_SQL,TK_CALL,TK_RETURN,
declarations:	TK_ID,TK_WHILE,TK_IF,TK_READ,TK_WRITE,TK_SQL,TK_CALL,TK_RETURN,
elsePart:	TK_ID,TK_WHILE,TK_IF,TK_READ,TK_WRITE,TK_SQL,TK_CALL,TK_RETURN,TK_ENDWHILE,TK_ELSE,TK_ENDIF,
expPrime:	TK_SEM,TK_CL,
factor:	TK_MUL,TK_DIV,TK_PLUS,TK_MINUS,TK_SEM,TK_CL,
fieldDefinition:	TK_TYPE,TK_ENDRECORD,
fieldDefinitions:	TK_ENDRECORD,
funCallStmt:	TK_ID,TK_WHILE,TK_IF,TK_READ,TK_WRITE,TK_SQL,TK_CALL,TK_RETURN,TK_ENDWHILE,TK_ELSE,TK_ENDIF,
function:	TK_FUNID,TK_MAIN,
global_or_not:	TK_SEM,
highPrecedenceOperators:	TK_OP,TK_NUM,TK_RNUM,TK_ID,
idList:	TK_SQR,
input_par:	TK_OUTPUT,TK_SEM,
inputParameters:	TK_SEM,
ioStmt:	TK_ID,TK_WHILE,TK_IF,TK_READ,TK_WRITE,TK_SQL,TK_CALL,TK_RETURN,TK_ENDWHILE,TK_ELSE,TK_ENDIF,
iterativeStmt:	TK_ID,TK_WHILE,TK_IF,TK_READ,TK_WRITE,TK_SQL,TK_CALL,TK_RETURN,TK_ENDWHILE,TK_ELSE,TK_ENDIF,
logicalOp:	TK_OP,
lowPrecedenceOperators:	TK_OP,TK_NUM,TK_RNUM,TK_ID,
mainFunction:	TK_DOLLAR,
moreFields:	TK_ENDRECORD,
more_ids:	TK_SQR,
new24:	TK_ASSIGNOP,TK_CL,
newVar:	TK_CL,
optionalReturn:	TK_SEM,
otherFunctions:	TK_MAIN,
otherStmts:	TK_RETURN,TK_ENDWHILE,TK_ELSE,TK_ENDIF,
output_par:	TK_SEM,
outputParameters:	TK_CALL,
parameter_list:	TK_SQR,
primitiveDatatype:	TK_ID,TK_COLON,
program:	TK_DOLLAR,
relationalOp:	TK_ID,TK_NUM,TK_RNUM,
remaining_list:	TK_SQR,
returnStmt:	TK_END,
singleOrRecId:	TK_ASSIGNOP,TK_CL,
stmt:	TK_ID,TK_WHILE,TK_IF,TK_READ,TK_WRITE,TK_SQL,TK_CALL,TK_RETURN,TK_ENDWHILE,TK_ELSE,TK_ENDIF,
stmts:	TK_END,
temp:	TK_MUL,TK_DIV,TK_PLUS,TK_MINUS,TK_SEM,TK_CL,
term:	TK_PLUS,TK_MINUS,TK_SEM,TK_CL,
termPrime:	TK_PLUS,TK_MINUS,TK_SEM,TK_CL,
typeDefinition:	TK_RECORD,TK_TYPE,TK_ID,TK_WHILE,TK_IF,TK_READ,TK_WRITE,TK_SQL,TK_CALL,TK_RETURN,
typeDefinitions:	TK_TYPE,TK_ID,TK_WHILE,TK_IF,TK_READ,TK_WRITE,TK_SQL,TK_CALL,TK_RETURN,
var:	TK_LT,TK_LE,TK_EQ,TK_GT,TK_GE,TK_NE,TK_CL,

creating parse table


rules from using grammer rule: 0 program:38 --> otherFunctions:32 mainFunction:26 
with lhs firsts size 2	with lhs follow size 1
adding rule for program:38 TK_FUNID:48
using grammer rule: 0 program:38 --> otherFunctions:32 mainFunction:26 



rules from using grammer rule: 1 mainFunction:26 --> TK_MAIN:60 stmts:44 TK_END:57 
with lhs firsts size 1	with lhs follow size 1
adding rule for mainFunction:26 TK_MAIN:60
using grammer rule: 1 mainFunction:26 --> TK_MAIN:60 stmts:44 TK_END:57 



rules from using grammer rule: 2 otherFunctions:32 --> function:16 otherFunctions:32 
with lhs firsts size 2	with lhs follow size 1
adding rule for otherFunctions:32 TK_FUNID:48
using grammer rule: 2 otherFunctions:32 --> function:16 otherFunctions:32 



rules from using grammer rule: 3 otherFunctions:32 --> TK_EPS:79 
with lhs firsts size 2	with lhs follow size 1
adding rule for otherFunctions:32 TK_EPS:79
using grammer rule: 3 otherFunctions:32 --> TK_EPS:79 

adding rule for otherFunctions:32 TK_MAIN:60
using grammer rule: 3 otherFunctions:32 --> TK_EPS:79 


rules from using grammer rule: 4 function:16 --> TK_FUNID:48 input_par:20 output_par:34 TK_SEM:21 stmts:44 TK_END:57 
with lhs firsts size 1	with lhs follow size 2
adding rule for function:16 TK_FUNID:48
using grammer rule: 4 function:16 --> TK_FUNID:48 input_par:20 output_par:34 TK_SEM:21 stmts:44 TK_END:57 



rules from using grammer rule: 5 input_par:20 --> TK_INPUT:64 TK_PARAMETER:62 TK_LIST:63 TK_SQL:19 parameter_list:36 TK_SQR:12 
with lhs firsts size 1	with lhs follow size 2
adding rule for input_par:20 TK_INPUT:64
using grammer rule: 5 input_par:20 --> TK_INPUT:64 TK_PARAMETER:62 TK_LIST:63 TK_SQL:19 parameter_list:36 TK_SQR:12 



rules from using grammer rule: 6 output_par:34 --> TK_OUTPUT:65 TK_PARAMETER:62 TK_LIST:63 TK_SQL:19 parameter_list:36 TK_SQR:12 
with lhs firsts size 2	with lhs follow size 1
adding rule for output_par:34 TK_OUTPUT:65
using grammer rule: 6 output_par:34 --> TK_OUTPUT:65 TK_PARAMETER:62 TK_LIST:63 TK_SQL:19 parameter_list:36 TK_SQR:12 



rules from using grammer rule: 7 output_par:34 --> TK_EPS:79 
with lhs firsts size 2	with lhs follow size 1
adding rule for output_par:34 TK_EPS:79
using grammer rule: 7 output_par:34 --> TK_EPS:79 

adding rule for output_par:34 TK_SEM:21
using grammer rule: 7 output_par:34 --> TK_EPS:79 


rules from using grammer rule: 8 parameter_list:36 --> dataType:7 TK_ID:16 remaining_list:40 
with lhs firsts size 3	with lhs follow size 1
adding rule for parameter_list:36 TK_INT:66
using grammer rule: 8 parameter_list:36 --> dataType:7 TK_ID:16 remaining_list:40 

adding rule for parameter_list:36 TK_REAL:67
using grammer rule: 8 parameter_list:36 --> dataType:7 TK_ID:16 remaining_list:40 

adding rule for parameter_list:36 TK_RECORD:76
using grammer rule: 8 parameter_list:36 --> dataType:7 TK_ID:16 remaining_list:40 



rules from using grammer rule: 9 dataType:7 --> primitiveDatatype:37 
with lhs firsts size 3	with lhs follow size 2
adding rule for dataType:7 TK_INT:66
using grammer rule: 9 dataType:7 --> primitiveDatatype:37 

adding rule for dataType:7 TK_REAL:67
using grammer rule: 9 dataType:7 --> primitiveDatatype:37 



rules from using grammer rule: 10 dataType:7 --> constructedDatatype:6 
with lhs firsts size 3	with lhs follow size 2
adding rule for dataType:7 TK_RECORD:76
using grammer rule: 10 dataType:7 --> constructedDatatype:6 



rules from using grammer rule: 11 primitiveDatatype:37 --> TK_INT:66 
with lhs firsts size 2	with lhs follow size 2
adding rule for primitiveDatatype:37 TK_INT:66
using grammer rule: 11 primitiveDatatype:37 --> TK_INT:66 



rules from using grammer rule: 12 primitiveDatatype:37 --> TK_REAL:67 
with lhs firsts size 2	with lhs follow size 2
adding rule for primitiveDatatype:37 TK_REAL:67
using grammer rule: 12 primitiveDatatype:37 --> TK_REAL:67 



rules from using grammer rule: 13 constructedDatatype:6 --> TK_RECORD:76 TK_RECORDID:51 
with lhs firsts size 1	with lhs follow size 2
adding rule for constructedDatatype:6 TK_RECORD:76
using grammer rule: 13 constructedDatatype:6 --> TK_RECORD:76 TK_RECORDID:51 



rules from using grammer rule: 14 remaining_list:40 --> TK_COMMA:30 parameter_list:36 
with lhs firsts size 2	with lhs follow size 1
adding rule for remaining_list:40 TK_COMMA:30
using grammer rule: 14 remaining_list:40 --> TK_COMMA:30 parameter_list:36 



rules from using grammer rule: 15 remaining_list:40 --> TK_EPS:79 
with lhs firsts size 2	with lhs follow size 1
adding rule for remaining_list:40 TK_EPS:79
using grammer rule: 15 remaining_list:40 --> TK_EPS:79 

adding rule for remaining_list:40 TK_SQR:12
using grammer rule: 15 remaining_list:40 --> TK_EPS:79 


rules from using grammer rule: 16 stmts:44 --> typeDefinitions:49 declarations:9 otherStmts:33 returnStmt:41 
with lhs firsts size 10	with lhs follow size 1
adding rule for stmts:44 TK_RECORD:76
using grammer rule: 16 stmts:44 --> typeDefinitions:49 declarations:9 otherStmts:33 returnStmt:41 



rules from using grammer rule: 17 typeDefinitions:49 --> typeDefinition:48 typeDefinitions:49 
with lhs firsts size 2	with lhs follow size 9
adding rule for typeDefinitions:49 TK_RECORD:76
using grammer rule: 17 typeDefinitions:49 --> typeDefinition:48 typeDefinitions:49 



rules from using grammer rule: 18 typeDefinitions:49 --> TK_EPS:79 
with lhs firsts size 2	with lhs follow size 9
adding rule for typeDefinitions:49 TK_EPS:79
using grammer rule: 18 typeDefinitions:49 --> TK_EPS:79 

adding rule for typeDefinitions:49 TK_TYPE:59
using grammer rule: 18 typeDefinitions:49 --> TK_EPS:79 
adding rule for typeDefinitions:49 TK_ID:16
using grammer rule: 18 typeDefinitions:49 --> TK_EPS:79 
adding rule for typeDefinitions:49 TK_WHILE:58
using grammer rule: 18 typeDefinitions:49 --> TK_EPS:79 
adding rule for typeDefinitions:49 TK_IF:69
using grammer rule: 18 typeDefinitions:49 --> TK_EPS:79 
adding rule for typeDefinitions:49 TK_READ:72
using grammer rule: 18 typeDefinitions:49 --> TK_EPS:79 
adding rule for typeDefinitions:49 TK_WRITE:73
using grammer rule: 18 typeDefinitions:49 --> TK_EPS:79 
adding rule for typeDefinitions:49 TK_SQL:19
using grammer rule: 18 typeDefinitions:49 --> TK_EPS:79 
adding rule for typeDefinitions:49 TK_CALL:75
using grammer rule: 18 typeDefinitions:49 --> TK_EPS:79 
adding rule for typeDefinitions:49 TK_RETURN:74
using grammer rule: 18 typeDefinitions:49 --> TK_EPS:79 


rules from using grammer rule: 19 typeDefinition:48 --> TK_RECORD:76 TK_RECORDID:51 fieldDefinitions:14 TK_ENDRECORD:77 TK_SEM:21 
with lhs firsts size 1	with lhs follow size 10
adding rule for typeDefinition:48 TK_RECORD:76
using grammer rule: 19 typeDefinition:48 --> TK_RECORD:76 TK_RECORDID:51 fieldDefinitions:14 TK_ENDRECORD:77 TK_SEM:21 



rules from using grammer rule: 20 fieldDefinitions:14 --> fieldDefinition:13 fieldDefinition:13 moreFields:27 
with lhs firsts size 1	with lhs follow size 1
adding rule for fieldDefinitions:14 TK_TYPE:59
using grammer rule: 20 fieldDefinitions:14 --> fieldDefinition:13 fieldDefinition:13 moreFields:27 



rules from using grammer rule: 21 fieldDefinition:13 --> TK_TYPE:59 primitiveDatatype:37 TK_COLON:22 TK_FIELDID:18 TK_SEM:21 
with lhs firsts size 1	with lhs follow size 2
adding rule for fieldDefinition:13 TK_TYPE:59
using grammer rule: 21 fieldDefinition:13 --> TK_TYPE:59 primitiveDatatype:37 TK_COLON:22 TK_FIELDID:18 TK_SEM:21 



rules from using grammer rule: 22 moreFields:27 --> fieldDefinition:13 moreFields:27 
with lhs firsts size 2	with lhs follow size 1
adding rule for moreFields:27 TK_TYPE:59
using grammer rule: 22 moreFields:27 --> fieldDefinition:13 moreFields:27 



rules from using grammer rule: 23 moreFields:27 --> TK_EPS:79 
with lhs firsts size 2	with lhs follow size 1
adding rule for moreFields:27 TK_EPS:79
using grammer rule: 23 moreFields:27 --> TK_EPS:79 

adding rule for moreFields:27 TK_ENDRECORD:77
using grammer rule: 23 moreFields:27 --> TK_EPS:79 


rules from using grammer rule: 24 declarations:9 --> declaration:8 declarations:9 
with lhs firsts size 2	with lhs follow size 8
adding rule for declarations:9 TK_TYPE:59
using grammer rule: 24 declarations:9 --> declaration:8 declarations:9 



rules from using grammer rule: 25 declarations:9 --> TK_EPS:79 
with lhs firsts size 2	with lhs follow size 8
adding rule for declarations:9 TK_EPS:79
using grammer rule: 25 declarations:9 --> TK_EPS:79 

adding rule for declarations:9 TK_ID:16
using grammer rule: 25 declarations:9 --> TK_EPS:79 
adding rule for declarations:9 TK_WHILE:58
using grammer rule: 25 declarations:9 --> TK_EPS:79 
adding rule for declarations:9 TK_IF:69
using grammer rule: 25 declarations:9 --> TK_EPS:79 
adding rule for declarations:9 TK_READ:72
using grammer rule: 25 declarations:9 --> TK_EPS:79 
adding rule for declarations:9 TK_WRITE:73
using grammer rule: 25 declarations:9 --> TK_EPS:79 
adding rule for declarations:9 TK_SQL:19
using grammer rule: 25 declarations:9 --> TK_EPS:79 
adding rule for declarations:9 TK_CALL:75
using grammer rule: 25 declarations:9 --> TK_EPS:79 
adding rule for declarations:9 TK_RETURN:74
using grammer rule: 25 declarations:9 --> TK_EPS:79 


rules from using grammer rule: 26 declaration:8 --> TK_TYPE:59 dataType:7 TK_COLON:22 TK_ID:16 global_or_not:17 TK_SEM:21 
with lhs firsts size 1	with lhs follow size 9
adding rule for declaration:8 TK_TYPE:59
using grammer rule: 26 declaration:8 --> TK_TYPE:59 dataType:7 TK_COLON:22 TK_ID:16 global_or_not:17 TK_SEM:21 



rules from using grammer rule: 27 global_or_not:17 --> TK_COLON:22 TK_GLOBAL:61 
with lhs firsts size 2	with lhs follow size 1
adding rule for global_or_not:17 TK_COLON:22
using grammer rule: 27 global_or_not:17 --> TK_COLON:22 TK_GLOBAL:61 



rules from using grammer rule: 28 global_or_not:17 --> TK_EPS:79 
with lhs firsts size 2	with lhs follow size 1
adding rule for global_or_not:17 TK_EPS:79
using grammer rule: 28 global_or_not:17 --> TK_EPS:79 

adding rule for global_or_not:17 TK_SEM:21
using grammer rule: 28 global_or_not:17 --> TK_EPS:79 


rules from using grammer rule: 29 otherStmts:33 --> stmt:43 otherStmts:33 
with lhs firsts size 8	with lhs follow size 4
adding rule for otherStmts:33 TK_ID:16
using grammer rule: 29 otherStmts:33 --> stmt:43 otherStmts:33 

adding rule for otherStmts:33 TK_WHILE:58
using grammer rule: 29 otherStmts:33 --> stmt:43 otherStmts:33 

adding rule for otherStmts:33 TK_IF:69
using grammer rule: 29 otherStmts:33 --> stmt:43 otherStmts:33 

adding rule for otherStmts:33 TK_READ:72
using grammer rule: 29 otherStmts:33 --> stmt:43 otherStmts:33 

adding rule for otherStmts:33 TK_WRITE:73
using grammer rule: 29 otherStmts:33 --> stmt:43 otherStmts:33 

adding rule for otherStmts:33 TK_SQL:19
using grammer rule: 29 otherStmts:33 --> stmt:43 otherStmts:33 

adding rule for otherStmts:33 TK_CALL:75
using grammer rule: 29 otherStmts:33 --> stmt:43 otherStmts:33 



rules from using grammer rule: 30 otherStmts:33 --> TK_EPS:79 
with lhs firsts size 8	with lhs follow size 4
adding rule for otherStmts:33 TK_EPS:79
using grammer rule: 30 otherStmts:33 --> TK_EPS:79 

adding rule for otherStmts:33 TK_RETURN:74
using grammer rule: 30 otherStmts:33 --> TK_EPS:79 
adding rule for otherStmts:33 TK_ENDWHILE:68
using grammer rule: 30 otherStmts:33 --> TK_EPS:79 
adding rule for otherStmts:33 TK_ELSE:78
using grammer rule: 30 otherStmts:33 --> TK_EPS:79 
adding rule for otherStmts:33 TK_ENDIF:71
using grammer rule: 30 otherStmts:33 --> TK_EPS:79 


rules from using grammer rule: 31 stmt:43 --> assignmentStmt:3 
with lhs firsts size 7	with lhs follow size 11
adding rule for stmt:43 TK_ID:16
using grammer rule: 31 stmt:43 --> assignmentStmt:3 



rules from using grammer rule: 32 stmt:43 --> iterativeStmt:23 
with lhs firsts size 7	with lhs follow size 11
adding rule for stmt:43 TK_WHILE:58
using grammer rule: 32 stmt:43 --> iterativeStmt:23 



rules from using grammer rule: 33 stmt:43 --> conditionalStmt:5 
with lhs firsts size 7	with lhs follow size 11
adding rule for stmt:43 TK_IF:69
using grammer rule: 33 stmt:43 --> conditionalStmt:5 



rules from using grammer rule: 34 stmt:43 --> ioStmt:22 
with lhs firsts size 7	with lhs follow size 11
adding rule for stmt:43 TK_READ:72
using grammer rule: 34 stmt:43 --> ioStmt:22 

adding rule for stmt:43 TK_WRITE:73
using grammer rule: 34 stmt:43 --> ioStmt:22 



rules from using grammer rule: 35 stmt:43 --> funCallStmt:15 
with lhs firsts size 7	with lhs follow size 11
adding rule for stmt:43 TK_SQL:19
using grammer rule: 35 stmt:43 --> funCallStmt:15 

adding rule for stmt:43 TK_CALL:75
using grammer rule: 35 stmt:43 --> funCallStmt:15 



rules from using grammer rule: 36 assignmentStmt:3 --> singleOrRecId:42 TK_ASSIGNOP:4 arithmeticExpression:2 TK_SEM:21 
with lhs firsts size 1	with lhs follow size 11
adding rule for assignmentStmt:3 TK_ID:16
using grammer rule: 36 assignmentStmt:3 --> singleOrRecId:42 TK_ASSIGNOP:4 arithmeticExpression:2 TK_SEM:21 



rules from using grammer rule: 37 singleOrRecId:42 --> TK_ID:16 new24:29 
with lhs firsts size 1	with lhs follow size 2
adding rule for singleOrRecId:42 TK_ID:16
using grammer rule: 37 singleOrRecId:42 --> TK_ID:16 new24:29 



rules from using grammer rule: 38 new24:29 --> TK_DOT:20 TK_FIELDID:18 
with lhs firsts size 2	with lhs follow size 2
adding rule for new24:29 TK_DOT:20
using grammer rule: 38 new24:29 --> TK_DOT:20 TK_FIELDID:18 



rules from using grammer rule: 39 new24:29 --> TK_EPS:79 
with lhs firsts size 2	with lhs follow size 2
adding rule for new24:29 TK_EPS:79
using grammer rule: 39 new24:29 --> TK_EPS:79 

adding rule for new24:29 TK_ASSIGNOP:4
using grammer rule: 39 new24:29 --> TK_EPS:79 
adding rule for new24:29 TK_CL:23
using grammer rule: 39 new24:29 --> TK_EPS:79 


rules from using grammer rule: 40 funCallStmt:15 --> outputParameters:35 TK_CALL:75 TK_FUNID:48 TK_WITH:55 TK_PARAMETERS:56 inputParameters:21 TK_SEM:21 
with lhs firsts size 2	with lhs follow size 11
adding rule for funCallStmt:15 TK_SQL:19
using grammer rule: 40 funCallStmt:15 --> outputParameters:35 TK_CALL:75 TK_FUNID:48 TK_WITH:55 TK_PARAMETERS:56 inputParameters:21 TK_SEM:21 



rules from using grammer rule: 41 outputParameters:35 --> TK_SQL:19 idList:19 TK_SQR:12 TK_ASSIGNOP:4 
with lhs firsts size 2	with lhs follow size 1
adding rule for outputParameters:35 TK_SQL:19
using grammer rule: 41 outputParameters:35 --> TK_SQL:19 idList:19 TK_SQR:12 TK_ASSIGNOP:4 



rules from using grammer rule: 42 outputParameters:35 --> TK_EPS:79 
with lhs firsts size 2	with lhs follow size 1
adding rule for outputParameters:35 TK_EPS:79
using grammer rule: 42 outputParameters:35 --> TK_EPS:79 

adding rule for outputParameters:35 TK_CALL:75
using grammer rule: 42 outputParameters:35 --> TK_EPS:79 


rules from using grammer rule: 43 inputParameters:21 --> TK_SQL:19 idList:19 TK_SQR:12 
with lhs firsts size 1	with lhs follow size 1
adding rule for inputParameters:21 TK_SQL:19
using grammer rule: 43 inputParameters:21 --> TK_SQL:19 idList:19 TK_SQR:12 



rules from using grammer rule: 44 iterativeStmt:23 --> TK_WHILE:58 TK_OP:24 booleanExpression:4 TK_CL:23 stmt:43 otherStmts:33 TK_ENDWHILE:68 
with lhs firsts size 1	with lhs follow size 11
adding rule for iterativeStmt:23 TK_WHILE:58
using grammer rule: 44 iterativeStmt:23 --> TK_WHILE:58 TK_OP:24 booleanExpression:4 TK_CL:23 stmt:43 otherStmts:33 TK_ENDWHILE:68 



rules from using grammer rule: 45 conditionalStmt:5 --> TK_IF:69 TK_OP:24 booleanExpression:4 TK_CL:23 TK_THEN:70 stmt:43 otherStmts:33 elsePart:10 
with lhs firsts size 1	with lhs follow size 11
adding rule for conditionalStmt:5 TK_IF:69
using grammer rule: 45 conditionalStmt:5 --> TK_IF:69 TK_OP:24 booleanExpression:4 TK_CL:23 TK_THEN:70 stmt:43 otherStmts:33 elsePart:10 



rules from using grammer rule: 46 elsePart:10 --> TK_ELSE:78 stmt:43 otherStmts:33 TK_ENDIF:71 
with lhs firsts size 2	with lhs follow size 11
adding rule for elsePart:10 TK_ELSE:78
using grammer rule: 46 elsePart:10 --> TK_ELSE:78 stmt:43 otherStmts:33 TK_ENDIF:71 



rules from using grammer rule: 47 elsePart:10 --> TK_ENDIF:71 
with lhs firsts size 2	with lhs follow size 11
adding rule for elsePart:10 TK_ENDIF:71
using grammer rule: 47 elsePart:10 --> TK_ENDIF:71 



rules from using grammer rule: 48 ioStmt:22 --> TK_READ:72 TK_OP:24 singleOrRecId:42 TK_CL:23 TK_SEM:21 
with lhs firsts size 2	with lhs follow size 11
adding rule for ioStmt:22 TK_READ:72
using grammer rule: 48 ioStmt:22 --> TK_READ:72 TK_OP:24 singleOrRecId:42 TK_CL:23 TK_SEM:21 



rules from using grammer rule: 49 ioStmt:22 --> TK_WRITE:73 TK_OP:24 allVar:1 TK_CL:23 TK_SEM:21 
with lhs firsts size 2	with lhs follow size 11
adding rule for ioStmt:22 TK_WRITE:73
using grammer rule: 49 ioStmt:22 --> TK_WRITE:73 TK_OP:24 allVar:1 TK_CL:23 TK_SEM:21 



rules from using grammer rule: 50 allVar:1 --> TK_ID:16 newVar:30 
with lhs firsts size 3	with lhs follow size 1
adding rule for allVar:1 TK_ID:16
using grammer rule: 50 allVar:1 --> TK_ID:16 newVar:30 



rules from using grammer rule: 51 allVar:1 --> TK_NUM:29 
with lhs firsts size 3	with lhs follow size 1
adding rule for allVar:1 TK_NUM:29
using grammer rule: 51 allVar:1 --> TK_NUM:29 



rules from using grammer rule: 52 allVar:1 --> TK_RNUM:28 
with lhs firsts size 3	with lhs follow size 1
adding rule for allVar:1 TK_RNUM:28
using grammer rule: 52 allVar:1 --> TK_RNUM:28 



rules from using grammer rule: 53 newVar:30 --> TK_DOT:20 TK_FIELDID:18 
with lhs firsts size 2	with lhs follow size 1
adding rule for newVar:30 TK_DOT:20
using grammer rule: 53 newVar:30 --> TK_DOT:20 TK_FIELDID:18 



rules from using grammer rule: 54 newVar:30 --> TK_EPS:79 
with lhs firsts size 2	with lhs follow size 1
adding rule for newVar:30 TK_EPS:79
using grammer rule: 54 newVar:30 --> TK_EPS:79 

adding rule for newVar:30 TK_CL:23
using grammer rule: 54 newVar:30 --> TK_EPS:79 


rules from using grammer rule: 55 arithmeticExpression:2 --> term:46 expPrime:11 
with lhs firsts size 4	with lhs follow size 2
adding rule for arithmeticExpression:2 TK_OP:24
using grammer rule: 55 arithmeticExpression:2 --> term:46 expPrime:11 

adding rule for arithmeticExpression:2 TK_NUM:29
using grammer rule: 55 arithmeticExpression:2 --> term:46 expPrime:11 

adding rule for arithmeticExpression:2 TK_RNUM:28
using grammer rule: 55 arithmeticExpression:2 --> term:46 expPrime:11 

adding rule for arithmeticExpression:2 TK_ID:16
using grammer rule: 55 arithmeticExpression:2 --> term:46 expPrime:11 



rules from using grammer rule: 56 expPrime:11 --> lowPrecedenceOperators:25 term:46 expPrime:11 
with lhs firsts size 3	with lhs follow size 2
adding rule for expPrime:11 TK_PLUS:31
using grammer rule: 56 expPrime:11 --> lowPrecedenceOperators:25 term:46 expPrime:11 

adding rule for expPrime:11 TK_MINUS:32
using grammer rule: 56 expPrime:11 --> lowPrecedenceOperators:25 term:46 expPrime:11 



rules from using grammer rule: 57 expPrime:11 --> TK_EPS:79 
with lhs firsts size 3	with lhs follow size 2
adding rule for expPrime:11 TK_EPS:79
using grammer rule: 57 expPrime:11 --> TK_EPS:79 

adding rule for expPrime:11 TK_SEM:21
using grammer rule: 57 expPrime:11 --> TK_EPS:79 
adding rule for expPrime:11 TK_CL:23
using grammer rule: 57 expPrime:11 --> TK_EPS:79 


rules from using grammer rule: 58 term:46 --> factor:12 termPrime:47 
with lhs firsts size 4	with lhs follow size 4
adding rule for term:46 TK_OP:24
using grammer rule: 58 term:46 --> factor:12 termPrime:47 

adding rule for term:46 TK_NUM:29
using grammer rule: 58 term:46 --> factor:12 termPrime:47 

adding rule for term:46 TK_RNUM:28
using grammer rule: 58 term:46 --> factor:12 termPrime:47 

adding rule for term:46 TK_ID:16
using grammer rule: 58 term:46 --> factor:12 termPrime:47 



rules from using grammer rule: 59 termPrime:47 --> highPrecedenceOperators:18 factor:12 termPrime:47 
with lhs firsts size 3	with lhs follow size 4
adding rule for termPrime:47 TK_MUL:33
using grammer rule: 59 termPrime:47 --> highPrecedenceOperators:18 factor:12 termPrime:47 

adding rule for termPrime:47 TK_DIV:34
using grammer rule: 59 termPrime:47 --> highPrecedenceOperators:18 factor:12 termPrime:47 



rules from using grammer rule: 60 termPrime:47 --> TK_EPS:79 
with lhs firsts size 3	with lhs follow size 4
adding rule for termPrime:47 TK_EPS:79
using grammer rule: 60 termPrime:47 --> TK_EPS:79 

adding rule for termPrime:47 TK_PLUS:31
using grammer rule: 60 termPrime:47 --> TK_EPS:79 
adding rule for termPrime:47 TK_MINUS:32
using grammer rule: 60 termPrime:47 --> TK_EPS:79 
adding rule for termPrime:47 TK_SEM:21
using grammer rule: 60 termPrime:47 --> TK_EPS:79 
adding rule for termPrime:47 TK_CL:23
using grammer rule: 60 termPrime:47 --> TK_EPS:79 


rules from using grammer rule: 61 factor:12 --> TK_OP:24 arithmeticExpression:2 TK_CL:23 
with lhs firsts size 4	with lhs follow size 6
adding rule for factor:12 TK_OP:24
using grammer rule: 61 factor:12 --> TK_OP:24 arithmeticExpression:2 TK_CL:23 



rules from using grammer rule: 62 factor:12 --> all:0 
with lhs firsts size 4	with lhs follow size 6
adding rule for factor:12 TK_NUM:29
using grammer rule: 62 factor:12 --> all:0 

adding rule for factor:12 TK_RNUM:28
using grammer rule: 62 factor:12 --> all:0 

adding rule for factor:12 TK_ID:16
using grammer rule: 62 factor:12 --> all:0 



rules from using grammer rule: 63 highPrecedenceOperators:18 --> TK_MUL:33 
with lhs firsts size 2	with lhs follow size 4
adding rule for highPrecedenceOperators:18 TK_MUL:33
using grammer rule: 63 highPrecedenceOperators:18 --> TK_MUL:33 



rules from using grammer rule: 64 highPrecedenceOperators:18 --> TK_DIV:34 
with lhs firsts size 2	with lhs follow size 4
adding rule for highPrecedenceOperators:18 TK_DIV:34
using grammer rule: 64 highPrecedenceOperators:18 --> TK_DIV:34 



rules from using grammer rule: 65 lowPrecedenceOperators:25 --> TK_PLUS:31 
with lhs firsts size 2	with lhs follow size 4
adding rule for lowPrecedenceOperators:25 TK_PLUS:31
using grammer rule: 65 lowPrecedenceOperators:25 --> TK_PLUS:31 



rules from using grammer rule: 66 lowPrecedenceOperators:25 --> TK_MINUS:32 
with lhs firsts size 2	with lhs follow size 4
adding rule for lowPrecedenceOperators:25 TK_MINUS:32
using grammer rule: 66 lowPrecedenceOperators:25 --> TK_MINUS:32 



rules from using grammer rule: 67 all:0 --> TK_NUM:29 
with lhs firsts size 3	with lhs follow size 6
adding rule for all:0 TK_NUM:29
using grammer rule: 67 all:0 --> TK_NUM:29 



rules from using grammer rule: 68 all:0 --> TK_RNUM:28 
with lhs firsts size 3	with lhs follow size 6
adding rule for all:0 TK_RNUM:28
using grammer rule: 68 all:0 --> TK_RNUM:28 



rules from using grammer rule: 69 all:0 --> TK_ID:16 temp:45 
with lhs firsts size 3	with lhs follow size 6
adding rule for all:0 TK_ID:16
using grammer rule: 69 all:0 --> TK_ID:16 temp:45 



rules from using grammer rule: 70 temp:45 --> TK_DOT:20 TK_FIELDID:18 
with lhs firsts size 2	with lhs follow size 6
adding rule for temp:45 TK_DOT:20
using grammer rule: 70 temp:45 --> TK_DOT:20 TK_FIELDID:18 



rules from using grammer rule: 71 temp:45 --> TK_EPS:79 
with lhs firsts size 2	with lhs follow size 6
adding rule for temp:45 TK_EPS:79
using grammer rule: 71 temp:45 --> TK_EPS:79 

adding rule for temp:45 TK_MUL:33
using grammer rule: 71 temp:45 --> TK_EPS:79 
adding rule for temp:45 TK_DIV:34
using grammer rule: 71 temp:45 --> TK_EPS:79 
adding rule for temp:45 TK_PLUS:31
using grammer rule: 71 temp:45 --> TK_EPS:79 
adding rule for temp:45 TK_MINUS:32
using grammer rule: 71 temp:45 --> TK_EPS:79 
adding rule for temp:45 TK_SEM:21
using grammer rule: 71 temp:45 --> TK_EPS:79 
adding rule for temp:45 TK_CL:23
using grammer rule: 71 temp:45 --> TK_EPS:79 


rules from using grammer rule: 72 booleanExpression:4 --> TK_OP:24 booleanExpression:4 TK_CL:23 logicalOp:24 TK_OP:24 booleanExpression:4 TK_CL:23 
with lhs firsts size 5	with lhs follow size 1
adding rule for booleanExpression:4 TK_OP:24
using grammer rule: 72 booleanExpression:4 --> TK_OP:24 booleanExpression:4 TK_CL:23 logicalOp:24 TK_OP:24 booleanExpression:4 TK_CL:23 



rules from using grammer rule: 73 booleanExpression:4 --> var:50 relationalOp:39 var:50 
with lhs firsts size 5	with lhs follow size 1
adding rule for booleanExpression:4 TK_ID:16
using grammer rule: 73 booleanExpression:4 --> var:50 relationalOp:39 var:50 

adding rule for booleanExpression:4 TK_NUM:29
using grammer rule: 73 booleanExpression:4 --> var:50 relationalOp:39 var:50 

adding rule for booleanExpression:4 TK_RNUM:28
using grammer rule: 73 booleanExpression:4 --> var:50 relationalOp:39 var:50 



rules from using grammer rule: 74 booleanExpression:4 --> TK_NOT:52 TK_OP:24 booleanExpression:4 TK_CL:23 
with lhs firsts size 5	with lhs follow size 1
adding rule for booleanExpression:4 TK_NOT:52
using grammer rule: 74 booleanExpression:4 --> TK_NOT:52 TK_OP:24 booleanExpression:4 TK_CL:23 



rules from using grammer rule: 75 var:50 --> TK_ID:16 
with lhs firsts size 3	with lhs follow size 7
adding rule for var:50 TK_ID:16
using grammer rule: 75 var:50 --> TK_ID:16 



rules from using grammer rule: 76 var:50 --> TK_NUM:29 
with lhs firsts size 3	with lhs follow size 7
adding rule for var:50 TK_NUM:29
using grammer rule: 76 var:50 --> TK_NUM:29 



rules from using grammer rule: 77 var:50 --> TK_RNUM:28 
with lhs firsts size 3	with lhs follow size 7
adding rule for var:50 TK_RNUM:28
using grammer rule: 77 var:50 --> TK_RNUM:28 



rules from using grammer rule: 78 logicalOp:24 --> TK_AND:37 
with lhs firsts size 2	with lhs follow size 1
adding rule for logicalOp:24 TK_AND:37
using grammer rule: 78 logicalOp:24 --> TK_AND:37 



rules from using grammer rule: 79 logicalOp:24 --> TK_OR:40 
with lhs firsts size 2	with lhs follow size 1
adding rule for logicalOp:24 TK_OR:40
using grammer rule: 79 logicalOp:24 --> TK_OR:40 



rules from using grammer rule: 80 relationalOp:39 --> TK_LT:6 
with lhs firsts size 6	with lhs follow size 3
adding rule for relationalOp:39 TK_LT:6
using grammer rule: 80 relationalOp:39 --> TK_LT:6 



rules from using grammer rule: 81 relationalOp:39 --> TK_LE:5 
with lhs firsts size 6	with lhs follow size 3
adding rule for relationalOp:39 TK_LE:5
using grammer rule: 81 relationalOp:39 --> TK_LE:5 



rules from using grammer rule: 82 relationalOp:39 --> TK_EQ:42 
with lhs firsts size 6	with lhs follow size 3
adding rule for relationalOp:39 TK_EQ:42
using grammer rule: 82 relationalOp:39 --> TK_EQ:42 



rules from using grammer rule: 83 relationalOp:39 --> TK_GT:9 
with lhs firsts size 6	with lhs follow size 3
adding rule for relationalOp:39 TK_GT:9
using grammer rule: 83 relationalOp:39 --> TK_GT:9 



rules from using grammer rule: 84 relationalOp:39 --> TK_GE:8 
with lhs firsts size 6	with lhs follow size 3
adding rule for relationalOp:39 TK_GE:8
using grammer rule: 84 relationalOp:39 --> TK_GE:8 



rules from using grammer rule: 85 relationalOp:39 --> TK_NE:44 
with lhs firsts size 6	with lhs follow size 3
adding rule for relationalOp:39 TK_NE:44
using grammer rule: 85 relationalOp:39 --> TK_NE:44 



rules from using grammer rule: 86 returnStmt:41 --> TK_RETURN:74 optionalReturn:31 TK_SEM:21 
with lhs firsts size 1	with lhs follow size 1
adding rule for returnStmt:41 TK_RETURN:74
using grammer rule: 86 returnStmt:41 --> TK_RETURN:74 optionalReturn:31 TK_SEM:21 



rules from using grammer rule: 87 optionalReturn:31 --> TK_SQL:19 idList:19 TK_SQR:12 
with lhs firsts size 2	with lhs follow size 1
adding rule for optionalReturn:31 TK_SQL:19
using grammer rule: 87 optionalReturn:31 --> TK_SQL:19 idList:19 TK_SQR:12 



rules from using grammer rule: 88 optionalReturn:31 --> TK_EPS:79 
with lhs firsts size 2	with lhs follow size 1
adding rule for optionalReturn:31 TK_EPS:79
using grammer rule: 88 optionalReturn:31 --> TK_EPS:79 

adding rule for optionalReturn:31 TK_SEM:21
using grammer rule: 88 optionalReturn:31 --> TK_EPS:79 


rules from using grammer rule: 89 idList:19 --> TK_ID:16 more_ids:28 
with lhs firsts size 1	with lhs follow size 1
adding rule for idList:19 TK_ID:16
using grammer rule: 89 idList:19 --> TK_ID:16 more_ids:28 



rules from using grammer rule: 90 more_ids:28 --> TK_COMMA:30 idList:19 
with lhs firsts size 2	with lhs follow size 1
adding rule for more_ids:28 TK_COMMA:30
using grammer rule: 90 more_ids:28 --> TK_COMMA:30 idList:19 



rules from using grammer rule: 91 more_ids:28 --> TK_EPS:79 
with lhs firsts size 2	with lhs follow size 1
adding rule for more_ids:28 TK_EPS:79
using grammer rule: 91 more_ids:28 --> TK_EPS:79 

adding rule for more_ids:28 TK_SQR:12
using grammer rule: 91 more_ids:28 --> TK_EPS:79 
--19188-- REDIR: 0x4ec91b0 (libc.so.6:memset) redirected to 0x4a286f0 (_vgnU_ifunc_wrapper)
--19188-- REDIR: 0x4ec9240 (libc.so.6:__GI_memset) redirected to 0x4c344c0 (memset)
inserting element TK_ASSIGNOP
inserting element TK_COMMENT
inserting element TK_FIELDID
inserting element TK_ID
inserting element TK_NUM
inserting element TK_RNUM
inserting element TK_FUNID
inserting element TK_RECORDID
inserting element TK_SQL
inserting element TK_SQR
inserting element TK_COMMA
inserting element TK_SEM
inserting element TK_COLON
inserting element TK_DOT
inserting element TK_OP
inserting element TK_CL
inserting element TK_PLUS
inserting element TK_MINUS
inserting element TK_MUL
inserting element TK_DIV
inserting element TK_AND
inserting element TK_OR
inserting element TK_NOT
inserting element TK_LT
inserting element TK_LE
inserting element TK_EQ
inserting element TK_GT
inserting element TK_GE
inserting element TK_LE
inserting element TK_NE
inserting element TK_WITH
inserting element TK_PARAMETERS
inserting element TK_END
inserting element TK_WHILE
inserting element TK_TYPE
inserting element TK_MAIN
inserting element TK_GLOBAL
inserting element TK_PARAMETER
inserting element TK_LIST
inserting element TK_INPUT
inserting element TK_OUTPUT
inserting element TK_INT
inserting element TK_REAL
inserting element TK_ENDWHILE
inserting element TK_IF
inserting element TK_THEN
inserting element TK_ENDIF
inserting element TK_READ
inserting element TK_WRITE
inserting element TK_RETURN
inserting element TK_CALL
inserting element TK_RECORD
inserting element TK_ENDRECORD
inserting element TK_ELSE
inserting element TK_DELIM
inserting element TK_EPS
inserting element TK_DOLLAR
inserting element with
inserting element parameters
inserting element parameter
inserting element list
inserting element input
inserting element output
inserting element int
inserting element real
inserting element endwhile
inserting element if
inserting element then
inserting element endif
inserting element read
inserting element write
inserting element return
inserting element call
inserting element endrecord
inserting element else
inserting element _main
inserting element type
inserting element while
inserting element end
inserting element global
inserting element record
using grammer rule: 0 program:38 --> otherFunctions:32 mainFunction:26 
assigning semantic actions to program
using grammer rule: 2 otherFunctions:32 --> function:16 otherFunctions:32 
assigning semantic actions to otherFunctions
using grammer rule: 4 function:16 --> TK_FUNID:48 input_par:20 output_par:34 TK_SEM:21 stmts:44 TK_END:57 
assigning semantic actions to function
using grammer rule: 5 input_par:20 --> TK_INPUT:64 TK_PARAMETER:62 TK_LIST:63 TK_SQL:19 parameter_list:36 TK_SQR:12 
assigning semantic actions to input_par
using grammer rule: 8 parameter_list:36 --> dataType:7 TK_ID:16 remaining_list:40 
assigning semantic actions to parameter_list
using grammer rule: 9 dataType:7 --> primitiveDatatype:37 
assigning semantic actions to dataType
using grammer rule: 11 primitiveDatatype:37 --> TK_INT:66 
assigning semantic actions to primitiveDatatype
using grammer rule: 15 remaining_list:40 --> TK_EPS:79 
assigning semantic actions to remaining_list
using grammer rule: 6 output_par:34 --> TK_OUTPUT:65 TK_PARAMETER:62 TK_LIST:63 TK_SQL:19 parameter_list:36 TK_SQR:12 
assigning semantic actions to output_par
using grammer rule: 8 parameter_list:36 --> dataType:7 TK_ID:16 remaining_list:40 
assigning semantic actions to parameter_list
using grammer rule: 9 dataType:7 --> primitiveDatatype:37 
assigning semantic actions to dataType
using grammer rule: 12 primitiveDatatype:37 --> TK_REAL:67 
assigning semantic actions to primitiveDatatype
using grammer rule: 15 remaining_list:40 --> TK_EPS:79 
assigning semantic actions to remaining_list
using grammer rule: 16 stmts:44 --> typeDefinitions:49 declarations:9 otherStmts:33 returnStmt:41 
assigning semantic actions to stmts
using grammer rule: 18 typeDefinitions:49 --> TK_EPS:79 
assigning semantic actions to typeDefinitions
using grammer rule: 24 declarations:9 --> declaration:8 declarations:9 
assigning semantic actions to declarations
using grammer rule: 26 declaration:8 --> TK_TYPE:59 dataType:7 TK_COLON:22 TK_ID:16 global_or_not:17 TK_SEM:21 
assigning semantic actions to declaration
using grammer rule: 9 dataType:7 --> primitiveDatatype:37 
assigning semantic actions to dataType
using grammer rule: 11 primitiveDatatype:37 --> TK_INT:66 
assigning semantic actions to primitiveDatatype
using grammer rule: 28 global_or_not:17 --> TK_EPS:79 
assigning semantic actions to global_or_not
using grammer rule: 25 declarations:9 --> TK_EPS:79 
assigning semantic actions to declarations
using grammer rule: 29 otherStmts:33 --> stmt:43 otherStmts:33 
assigning semantic actions to otherStmts
using grammer rule: 31 stmt:43 --> assignmentStmt:3 
assigning semantic actions to stmt
using grammer rule: 36 assignmentStmt:3 --> singleOrRecId:42 TK_ASSIGNOP:4 arithmeticExpression:2 TK_SEM:21 
assigning semantic actions to assignmentStmt
using grammer rule: 37 singleOrRecId:42 --> TK_ID:16 new24:29 
assigning semantic actions to singleOrRecId
using grammer rule: 39 new24:29 --> TK_EPS:79 
assigning semantic actions to new24
using grammer rule: 55 arithmeticExpression:2 --> term:46 expPrime:11 
assigning semantic actions to arithmeticExpression
using grammer rule: 58 term:46 --> factor:12 termPrime:47 
assigning semantic actions to term
using grammer rule: 62 factor:12 --> all:0 
assigning semantic actions to factor
using grammer rule: 67 all:0 --> TK_NUM:29 
assigning semantic actions to all
using grammer rule: 60 termPrime:47 --> TK_EPS:79 
assigning semantic actions to termPrime
using grammer rule: 57 expPrime:11 --> TK_EPS:79 
assigning semantic actions to expPrime
using grammer rule: 29 otherStmts:33 --> stmt:43 otherStmts:33 
assigning semantic actions to otherStmts
using grammer rule: 31 stmt:43 --> assignmentStmt:3 
assigning semantic actions to stmt
using grammer rule: 36 assignmentStmt:3 --> singleOrRecId:42 TK_ASSIGNOP:4 arithmeticExpression:2 TK_SEM:21 
assigning semantic actions to assignmentStmt
using grammer rule: 37 singleOrRecId:42 --> TK_ID:16 new24:29 
assigning semantic actions to singleOrRecId
using grammer rule: 39 new24:29 --> TK_EPS:79 
assigning semantic actions to new24
using grammer rule: 55 arithmeticExpression:2 --> term:46 expPrime:11 
assigning semantic actions to arithmeticExpression
using grammer rule: 58 term:46 --> factor:12 termPrime:47 
assigning semantic actions to term
using grammer rule: 62 factor:12 --> all:0 
assigning semantic actions to factor
using grammer rule: 68 all:0 --> TK_RNUM:28 
assigning semantic actions to all
using grammer rule: 60 termPrime:47 --> TK_EPS:79 
assigning semantic actions to termPrime
using grammer rule: 57 expPrime:11 --> TK_EPS:79 
assigning semantic actions to expPrime
using grammer rule: 29 otherStmts:33 --> stmt:43 otherStmts:33 
assigning semantic actions to otherStmts
using grammer rule: 32 stmt:43 --> iterativeStmt:23 
assigning semantic actions to stmt
using grammer rule: 44 iterativeStmt:23 --> TK_WHILE:58 TK_OP:24 booleanExpression:4 TK_CL:23 stmt:43 otherStmts:33 TK_ENDWHILE:68 
assigning semantic actions to iterativeStmt
using grammer rule: 73 booleanExpression:4 --> var:50 relationalOp:39 var:50 
assigning semantic actions to booleanExpression
using grammer rule: 75 var:50 --> TK_ID:16 
assigning semantic actions to var
using grammer rule: 81 relationalOp:39 --> TK_LE:5 
assigning semantic actions to relationalOp
using grammer rule: 75 var:50 --> TK_ID:16 
assigning semantic actions to var
using grammer rule: 34 stmt:43 --> ioStmt:22 
assigning semantic actions to stmt
using grammer rule: 48 ioStmt:22 --> TK_READ:72 TK_OP:24 singleOrRecId:42 TK_CL:23 TK_SEM:21 
assigning semantic actions to ioStmt
using grammer rule: 37 singleOrRecId:42 --> TK_ID:16 new24:29 
assigning semantic actions to singleOrRecId
using grammer rule: 39 new24:29 --> TK_EPS:79 
assigning semantic actions to new24
using grammer rule: 29 otherStmts:33 --> stmt:43 otherStmts:33 
assigning semantic actions to otherStmts
using grammer rule: 31 stmt:43 --> assignmentStmt:3 
assigning semantic actions to stmt
using grammer rule: 36 assignmentStmt:3 --> singleOrRecId:42 TK_ASSIGNOP:4 arithmeticExpression:2 TK_SEM:21 
assigning semantic actions to assignmentStmt
using grammer rule: 37 singleOrRecId:42 --> TK_ID:16 new24:29 
assigning semantic actions to singleOrRecId
using grammer rule: 39 new24:29 --> TK_EPS:79 
assigning semantic actions to new24
using grammer rule: 55 arithmeticExpression:2 --> term:46 expPrime:11 
assigning semantic actions to arithmeticExpression
using grammer rule: 58 term:46 --> factor:12 termPrime:47 
assigning semantic actions to term
using grammer rule: 62 factor:12 --> all:0 
assigning semantic actions to factor
using grammer rule: 69 all:0 --> TK_ID:16 temp:45 
assigning semantic actions to all
using grammer rule: 71 temp:45 --> TK_EPS:79 
assigning semantic actions to temp
using grammer rule: 60 termPrime:47 --> TK_EPS:79 
assigning semantic actions to termPrime
using grammer rule: 56 expPrime:11 --> lowPrecedenceOperators:25 term:46 expPrime:11 
assigning semantic actions to expPrime
using grammer rule: 65 lowPrecedenceOperators:25 --> TK_PLUS:31 
assigning semantic actions to lowPrecedenceOperators
using grammer rule: 58 term:46 --> factor:12 termPrime:47 
assigning semantic actions to term
using grammer rule: 62 factor:12 --> all:0 
assigning semantic actions to factor
using grammer rule: 69 all:0 --> TK_ID:16 temp:45 
assigning semantic actions to all
using grammer rule: 71 temp:45 --> TK_EPS:79 
assigning semantic actions to temp
using grammer rule: 60 termPrime:47 --> TK_EPS:79 
assigning semantic actions to termPrime
using grammer rule: 57 expPrime:11 --> TK_EPS:79 
assigning semantic actions to expPrime
using grammer rule: 29 otherStmts:33 --> stmt:43 otherStmts:33 
assigning semantic actions to otherStmts
using grammer rule: 31 stmt:43 --> assignmentStmt:3 
assigning semantic actions to stmt
using grammer rule: 36 assignmentStmt:3 --> singleOrRecId:42 TK_ASSIGNOP:4 arithmeticExpression:2 TK_SEM:21 
assigning semantic actions to assignmentStmt
using grammer rule: 37 singleOrRecId:42 --> TK_ID:16 new24:29 
assigning semantic actions to singleOrRecId
using grammer rule: 39 new24:29 --> TK_EPS:79 
assigning semantic actions to new24
using grammer rule: 55 arithmeticExpression:2 --> term:46 expPrime:11 
assigning semantic actions to arithmeticExpression
using grammer rule: 58 term:46 --> factor:12 termPrime:47 
assigning semantic actions to term
using grammer rule: 62 factor:12 --> all:0 
assigning semantic actions to factor
using grammer rule: 69 all:0 --> TK_ID:16 temp:45 
assigning semantic actions to all
using grammer rule: 71 temp:45 --> TK_EPS:79 
assigning semantic actions to temp
using grammer rule: 60 termPrime:47 --> TK_EPS:79 
assigning semantic actions to termPrime
using grammer rule: 56 expPrime:11 --> lowPrecedenceOperators:25 term:46 expPrime:11 
assigning semantic actions to expPrime
using grammer rule: 65 lowPrecedenceOperators:25 --> TK_PLUS:31 
assigning semantic actions to lowPrecedenceOperators
using grammer rule: 58 term:46 --> factor:12 termPrime:47 
assigning semantic actions to term
using grammer rule: 62 factor:12 --> all:0 
assigning semantic actions to factor
using grammer rule: 67 all:0 --> TK_NUM:29 
assigning semantic actions to all
using grammer rule: 60 termPrime:47 --> TK_EPS:79 
assigning semantic actions to termPrime
using grammer rule: 57 expPrime:11 --> TK_EPS:79 
assigning semantic actions to expPrime
using grammer rule: 30 otherStmts:33 --> TK_EPS:79 
assigning semantic actions to otherStmts
using grammer rule: 30 otherStmts:33 --> TK_EPS:79 
assigning semantic actions to otherStmts
using grammer rule: 86 returnStmt:41 --> TK_RETURN:74 optionalReturn:31 TK_SEM:21 
assigning semantic actions to returnStmt
using grammer rule: 87 optionalReturn:31 --> TK_SQL:19 idList:19 TK_SQR:12 
assigning semantic actions to optionalReturn
using grammer rule: 89 idList:19 --> TK_ID:16 more_ids:28 
assigning semantic actions to idList
using grammer rule: 91 more_ids:28 --> TK_EPS:79 
assigning semantic actions to more_ids
using grammer rule: 2 otherFunctions:32 --> function:16 otherFunctions:32 
assigning semantic actions to otherFunctions
using grammer rule: 4 function:16 --> TK_FUNID:48 input_par:20 output_par:34 TK_SEM:21 stmts:44 TK_END:57 
assigning semantic actions to function
using grammer rule: 5 input_par:20 --> TK_INPUT:64 TK_PARAMETER:62 TK_LIST:63 TK_SQL:19 parameter_list:36 TK_SQR:12 
assigning semantic actions to input_par
using grammer rule: 8 parameter_list:36 --> dataType:7 TK_ID:16 remaining_list:40 
assigning semantic actions to parameter_list
using grammer rule: 9 dataType:7 --> primitiveDatatype:37 
assigning semantic actions to dataType
using grammer rule: 11 primitiveDatatype:37 --> TK_INT:66 
assigning semantic actions to primitiveDatatype
using grammer rule: 15 remaining_list:40 --> TK_EPS:79 
assigning semantic actions to remaining_list
using grammer rule: 6 output_par:34 --> TK_OUTPUT:65 TK_PARAMETER:62 TK_LIST:63 TK_SQL:19 parameter_list:36 TK_SQR:12 
assigning semantic actions to output_par
using grammer rule: 8 parameter_list:36 --> dataType:7 TK_ID:16 remaining_list:40 
assigning semantic actions to parameter_list
using grammer rule: 9 dataType:7 --> primitiveDatatype:37 
assigning semantic actions to dataType
using grammer rule: 12 primitiveDatatype:37 --> TK_REAL:67 
assigning semantic actions to primitiveDatatype
using grammer rule: 15 remaining_list:40 --> TK_EPS:79 
assigning semantic actions to remaining_list
using grammer rule: 16 stmts:44 --> typeDefinitions:49 declarations:9 otherStmts:33 returnStmt:41 
assigning semantic actions to stmts
using grammer rule: 18 typeDefinitions:49 --> TK_EPS:79 
assigning semantic actions to typeDefinitions
using grammer rule: 24 declarations:9 --> declaration:8 declarations:9 
assigning semantic actions to declarations
using grammer rule: 26 declaration:8 --> TK_TYPE:59 dataType:7 TK_COLON:22 TK_ID:16 global_or_not:17 TK_SEM:21 
assigning semantic actions to declaration
using grammer rule: 9 dataType:7 --> primitiveDatatype:37 
assigning semantic actions to dataType
using grammer rule: 11 primitiveDatatype:37 --> TK_INT:66 
assigning semantic actions to primitiveDatatype
using grammer rule: 28 global_or_not:17 --> TK_EPS:79 
assigning semantic actions to global_or_not
using grammer rule: 25 declarations:9 --> TK_EPS:79 
assigning semantic actions to declarations
using grammer rule: 29 otherStmts:33 --> stmt:43 otherStmts:33 
assigning semantic actions to otherStmts
using grammer rule: 31 stmt:43 --> assignmentStmt:3 
assigning semantic actions to stmt
using grammer rule: 36 assignmentStmt:3 --> singleOrRecId:42 TK_ASSIGNOP:4 arithmeticExpression:2 TK_SEM:21 
assigning semantic actions to assignmentStmt
using grammer rule: 37 singleOrRecId:42 --> TK_ID:16 new24:29 
assigning semantic actions to singleOrRecId
using grammer rule: 39 new24:29 --> TK_EPS:79 
assigning semantic actions to new24
using grammer rule: 55 arithmeticExpression:2 --> term:46 expPrime:11 
assigning semantic actions to arithmeticExpression
using grammer rule: 58 term:46 --> factor:12 termPrime:47 
assigning semantic actions to term
using grammer rule: 62 factor:12 --> all:0 
assigning semantic actions to factor
using grammer rule: 67 all:0 --> TK_NUM:29 
assigning semantic actions to all
using grammer rule: 60 termPrime:47 --> TK_EPS:79 
assigning semantic actions to termPrime
using grammer rule: 57 expPrime:11 --> TK_EPS:79 
assigning semantic actions to expPrime
using grammer rule: 29 otherStmts:33 --> stmt:43 otherStmts:33 
assigning semantic actions to otherStmts
using grammer rule: 31 stmt:43 --> assignmentStmt:3 
assigning semantic actions to stmt
using grammer rule: 36 assignmentStmt:3 --> singleOrRecId:42 TK_ASSIGNOP:4 arithmeticExpression:2 TK_SEM:21 
assigning semantic actions to assignmentStmt
using grammer rule: 37 singleOrRecId:42 --> TK_ID:16 new24:29 
assigning semantic actions to singleOrRecId
using grammer rule: 39 new24:29 --> TK_EPS:79 
assigning semantic actions to new24
using grammer rule: 55 arithmeticExpression:2 --> term:46 expPrime:11 
assigning semantic actions to arithmeticExpression
using grammer rule: 58 term:46 --> factor:12 termPrime:47 
assigning semantic actions to term
using grammer rule: 62 factor:12 --> all:0 
assigning semantic actions to factor
using grammer rule: 68 all:0 --> TK_RNUM:28 
assigning semantic actions to all
using grammer rule: 60 termPrime:47 --> TK_EPS:79 
assigning semantic actions to termPrime
using grammer rule: 57 expPrime:11 --> TK_EPS:79 
assigning semantic actions to expPrime
using grammer rule: 29 otherStmts:33 --> stmt:43 otherStmts:33 
assigning semantic actions to otherStmts
using grammer rule: 32 stmt:43 --> iterativeStmt:23 
assigning semantic actions to stmt
using grammer rule: 44 iterativeStmt:23 --> TK_WHILE:58 TK_OP:24 booleanExpression:4 TK_CL:23 stmt:43 otherStmts:33 TK_ENDWHILE:68 
assigning semantic actions to iterativeStmt
using grammer rule: 73 booleanExpression:4 --> var:50 relationalOp:39 var:50 
assigning semantic actions to booleanExpression
using grammer rule: 75 var:50 --> TK_ID:16 
assigning semantic actions to var
using grammer rule: 81 relationalOp:39 --> TK_LE:5 
assigning semantic actions to relationalOp
using grammer rule: 75 var:50 --> TK_ID:16 
assigning semantic actions to var
using grammer rule: 34 stmt:43 --> ioStmt:22 
assigning semantic actions to stmt
using grammer rule: 48 ioStmt:22 --> TK_READ:72 TK_OP:24 singleOrRecId:42 TK_CL:23 TK_SEM:21 
assigning semantic actions to ioStmt
using grammer rule: 37 singleOrRecId:42 --> TK_ID:16 new24:29 
assigning semantic actions to singleOrRecId
using grammer rule: 39 new24:29 --> TK_EPS:79 
assigning semantic actions to new24
using grammer rule: 29 otherStmts:33 --> stmt:43 otherStmts:33 
assigning semantic actions to otherStmts
using grammer rule: 31 stmt:43 --> assignmentStmt:3 
assigning semantic actions to stmt
using grammer rule: 36 assignmentStmt:3 --> singleOrRecId:42 TK_ASSIGNOP:4 arithmeticExpression:2 TK_SEM:21 
assigning semantic actions to assignmentStmt
using grammer rule: 37 singleOrRecId:42 --> TK_ID:16 new24:29 
assigning semantic actions to singleOrRecId
using grammer rule: 39 new24:29 --> TK_EPS:79 
assigning semantic actions to new24
using grammer rule: 55 arithmeticExpression:2 --> term:46 expPrime:11 
assigning semantic actions to arithmeticExpression
using grammer rule: 58 term:46 --> factor:12 termPrime:47 
assigning semantic actions to term
using grammer rule: 62 factor:12 --> all:0 
assigning semantic actions to factor
using grammer rule: 69 all:0 --> TK_ID:16 temp:45 
assigning semantic actions to all
using grammer rule: 71 temp:45 --> TK_EPS:79 
assigning semantic actions to temp
using grammer rule: 60 termPrime:47 --> TK_EPS:79 
assigning semantic actions to termPrime
using grammer rule: 56 expPrime:11 --> lowPrecedenceOperators:25 term:46 expPrime:11 
assigning semantic actions to expPrime
using grammer rule: 65 lowPrecedenceOperators:25 --> TK_PLUS:31 
assigning semantic actions to lowPrecedenceOperators
using grammer rule: 58 term:46 --> factor:12 termPrime:47 
assigning semantic actions to term
using grammer rule: 62 factor:12 --> all:0 
assigning semantic actions to factor
using grammer rule: 69 all:0 --> TK_ID:16 temp:45 
assigning semantic actions to all
using grammer rule: 71 temp:45 --> TK_EPS:79 
assigning semantic actions to temp
using grammer rule: 60 termPrime:47 --> TK_EPS:79 
assigning semantic actions to termPrime
using grammer rule: 57 expPrime:11 --> TK_EPS:79 
assigning semantic actions to expPrime
using grammer rule: 29 otherStmts:33 --> stmt:43 otherStmts:33 
assigning semantic actions to otherStmts
using grammer rule: 31 stmt:43 --> assignmentStmt:3 
assigning semantic actions to stmt
using grammer rule: 36 assignmentStmt:3 --> singleOrRecId:42 TK_ASSIGNOP:4 arithmeticExpression:2 TK_SEM:21 
assigning semantic actions to assignmentStmt
using grammer rule: 37 singleOrRecId:42 --> TK_ID:16 new24:29 
assigning semantic actions to singleOrRecId
using grammer rule: 39 new24:29 --> TK_EPS:79 
assigning semantic actions to new24
using grammer rule: 55 arithmeticExpression:2 --> term:46 expPrime:11 
assigning semantic actions to arithmeticExpression
using grammer rule: 58 term:46 --> factor:12 termPrime:47 
assigning semantic actions to term
using grammer rule: 62 factor:12 --> all:0 
assigning semantic actions to factor
using grammer rule: 69 all:0 --> TK_ID:16 temp:45 
assigning semantic actions to all
using grammer rule: 71 temp:45 --> TK_EPS:79 
assigning semantic actions to temp
using grammer rule: 60 termPrime:47 --> TK_EPS:79 
assigning semantic actions to termPrime
using grammer rule: 56 expPrime:11 --> lowPrecedenceOperators:25 term:46 expPrime:11 
assigning semantic actions to expPrime
using grammer rule: 65 lowPrecedenceOperators:25 --> TK_PLUS:31 
assigning semantic actions to lowPrecedenceOperators
using grammer rule: 58 term:46 --> factor:12 termPrime:47 
assigning semantic actions to term
using grammer rule: 62 factor:12 --> all:0 
assigning semantic actions to factor
using grammer rule: 67 all:0 --> TK_NUM:29 
assigning semantic actions to all
using grammer rule: 60 termPrime:47 --> TK_EPS:79 
assigning semantic actions to termPrime
using grammer rule: 57 expPrime:11 --> TK_EPS:79 
assigning semantic actions to expPrime
using grammer rule: 30 otherStmts:33 --> TK_EPS:79 
assigning semantic actions to otherStmts
using grammer rule: 30 otherStmts:33 --> TK_EPS:79 
assigning semantic actions to otherStmts
using grammer rule: 86 returnStmt:41 --> TK_RETURN:74 optionalReturn:31 TK_SEM:21 
assigning semantic actions to returnStmt
using grammer rule: 87 optionalReturn:31 --> TK_SQL:19 idList:19 TK_SQR:12 
assigning semantic actions to optionalReturn
using grammer rule: 89 idList:19 --> TK_ID:16 more_ids:28 
assigning semantic actions to idList
using grammer rule: 91 more_ids:28 --> TK_EPS:79 
assigning semantic actions to more_ids
using grammer rule: 3 otherFunctions:32 --> TK_EPS:79 
assigning semantic actions to otherFunctions
using grammer rule: 1 mainFunction:26 --> TK_MAIN:60 stmts:44 TK_END:57 
assigning semantic actions to mainFunction
using grammer rule: 16 stmts:44 --> typeDefinitions:49 declarations:9 otherStmts:33 returnStmt:41 
assigning semantic actions to stmts
using grammer rule: 18 typeDefinitions:49 --> TK_EPS:79 
assigning semantic actions to typeDefinitions
using grammer rule: 24 declarations:9 --> declaration:8 declarations:9 
assigning semantic actions to declarations
using grammer rule: 26 declaration:8 --> TK_TYPE:59 dataType:7 TK_COLON:22 TK_ID:16 global_or_not:17 TK_SEM:21 
assigning semantic actions to declaration
using grammer rule: 9 dataType:7 --> primitiveDatatype:37 
assigning semantic actions to dataType
using grammer rule: 11 primitiveDatatype:37 --> TK_INT:66 
assigning semantic actions to primitiveDatatype
using grammer rule: 28 global_or_not:17 --> TK_EPS:79 
assigning semantic actions to global_or_not
using grammer rule: 24 declarations:9 --> declaration:8 declarations:9 
assigning semantic actions to declarations
using grammer rule: 26 declaration:8 --> TK_TYPE:59 dataType:7 TK_COLON:22 TK_ID:16 global_or_not:17 TK_SEM:21 
assigning semantic actions to declaration
using grammer rule: 9 dataType:7 --> primitiveDatatype:37 
assigning semantic actions to dataType
using grammer rule: 12 primitiveDatatype:37 --> TK_REAL:67 
assigning semantic actions to primitiveDatatype
using grammer rule: 28 global_or_not:17 --> TK_EPS:79 
assigning semantic actions to global_or_not
using grammer rule: 25 declarations:9 --> TK_EPS:79 
assigning semantic actions to declarations
using grammer rule: 29 otherStmts:33 --> stmt:43 otherStmts:33 
assigning semantic actions to otherStmts
using grammer rule: 31 stmt:43 --> assignmentStmt:3 
assigning semantic actions to stmt
using grammer rule: 36 assignmentStmt:3 --> singleOrRecId:42 TK_ASSIGNOP:4 arithmeticExpression:2 TK_SEM:21 
assigning semantic actions to assignmentStmt
using grammer rule: 37 singleOrRecId:42 --> TK_ID:16 new24:29 
assigning semantic actions to singleOrRecId
using grammer rule: 39 new24:29 --> TK_EPS:79 
assigning semantic actions to new24
using grammer rule: 55 arithmeticExpression:2 --> term:46 expPrime:11 
assigning semantic actions to arithmeticExpression
using grammer rule: 58 term:46 --> factor:12 termPrime:47 
assigning semantic actions to term
using grammer rule: 62 factor:12 --> all:0 
assigning semantic actions to factor
using grammer rule: 67 all:0 --> TK_NUM:29 
assigning semantic actions to all
using grammer rule: 60 termPrime:47 --> TK_EPS:79 
assigning semantic actions to termPrime
using grammer rule: 57 expPrime:11 --> TK_EPS:79 
assigning semantic actions to expPrime
using grammer rule: 29 otherStmts:33 --> stmt:43 otherStmts:33 
assigning semantic actions to otherStmts
using grammer rule: 35 stmt:43 --> funCallStmt:15 
assigning semantic actions to stmt
using grammer rule: 40 funCallStmt:15 --> outputParameters:35 TK_CALL:75 TK_FUNID:48 TK_WITH:55 TK_PARAMETERS:56 inputParameters:21 TK_SEM:21 
assigning semantic actions to funCallStmt
using grammer rule: 41 outputParameters:35 --> TK_SQL:19 idList:19 TK_SQR:12 TK_ASSIGNOP:4 
assigning semantic actions to outputParameters
using grammer rule: 89 idList:19 --> TK_ID:16 more_ids:28 
assigning semantic actions to idList
using grammer rule: 91 more_ids:28 --> TK_EPS:79 
assigning semantic actions to more_ids
using grammer rule: 43 inputParameters:21 --> TK_SQL:19 idList:19 TK_SQR:12 
assigning semantic actions to inputParameters
using grammer rule: 89 idList:19 --> TK_ID:16 more_ids:28 
assigning semantic actions to idList
using grammer rule: 91 more_ids:28 --> TK_EPS:79 
assigning semantic actions to more_ids
using grammer rule: 29 otherStmts:33 --> stmt:43 otherStmts:33 
assigning semantic actions to otherStmts
using grammer rule: 34 stmt:43 --> ioStmt:22 
assigning semantic actions to stmt
using grammer rule: 49 ioStmt:22 --> TK_WRITE:73 TK_OP:24 allVar:1 TK_CL:23 TK_SEM:21 
assigning semantic actions to ioStmt
using grammer rule: 50 allVar:1 --> TK_ID:16 newVar:30 
assigning semantic actions to allVar
using grammer rule: 54 newVar:30 --> TK_EPS:79 
assigning semantic actions to newVar
using grammer rule: 30 otherStmts:33 --> TK_EPS:79 
assigning semantic actions to otherStmts
using grammer rule: 86 returnStmt:41 --> TK_RETURN:74 optionalReturn:31 TK_SEM:21 
assigning semantic actions to returnStmt
using grammer rule: 88 optionalReturn:31 --> TK_EPS:79 
assigning semantic actions to optionalReturn
[32mCompilation Successful
[0mtraversing program
traversing otherFunctions
traversing function
traversing input_par
traversing parameter_list
traversing dataType
traversing primitiveDatatype
traversing back primitiveDatatype
traversing back dataType
traversing remaining_list
traversing back remaining_list
traversing back parameter_list
traversing back input_par
traversing output_par
traversing parameter_list
traversing dataType
traversing primitiveDatatype
traversing back primitiveDatatype
traversing back dataType
traversing remaining_list
traversing back remaining_list
traversing back parameter_list
traversing back output_par
traversing stmts
traversing typeDefinitions
traversing back typeDefinitions
traversing declarations
traversing declaration
traversing dataType
traversing primitiveDatatype
traversing back primitiveDatatype
traversing back dataType
traversing global_or_not
traversing back global_or_not
traversing back declaration
**assigning TK_INT to dataType**
**assigning (null) to global_or_not**
ignoring: TK_TYPE	TK_COLON	NULL	TK_SEM	count 2
traversing declarations
traversing back declarations
traversing back declarations
traversing otherStmts
traversing stmt
traversing assignmentStmt
traversing singleOrRecId
traversing new24
traversing back new24
traversing back singleOrRecId
**assigning (null) to new24**
ignoring: NULL	count 1
traversing arithmeticExpression
traversing term
traversing factor
traversing all
traversing back all
traversing back factor
**assigning TK_NUM to all**
traversing termPrime
traversing back termPrime
traversing back term
**assigning TK_NUM to factor**
**assigning (null) to termPrime**
ignoring: NULL	count 1
traversing expPrime
traversing back expPrime
traversing back arithmeticExpression
**assigning TK_NUM to term**
**assigning (null) to expPrime**
ignoring: NULL	count 1
traversing back assignmentStmt
**assigning TK_ID to singleOrRecId**
**assigning TK_NUM to arithmeticExpression**
ignoring: TK_ASSIGNOP	TK_SEM	count 2
traversing back stmt
traversing otherStmts
traversing stmt
traversing assignmentStmt
traversing singleOrRecId
traversing new24
traversing back new24
traversing back singleOrRecId
**assigning (null) to new24**
ignoring: NULL	count 1
traversing arithmeticExpression
traversing term
traversing factor
traversing all
traversing back all
traversing back factor
**assigning TK_RNUM to all**
traversing termPrime
traversing back termPrime
traversing back term
**assigning TK_RNUM to factor**
**assigning (null) to termPrime**
ignoring: NULL	count 1
traversing expPrime
traversing back expPrime
traversing back arithmeticExpression
**assigning TK_RNUM to term**
**assigning (null) to expPrime**
ignoring: NULL	count 1
traversing back assignmentStmt
**assigning TK_ID to singleOrRecId**
**assigning TK_RNUM to arithmeticExpression**
ignoring: TK_ASSIGNOP	TK_SEM	count 2
traversing back stmt
traversing otherStmts
traversing stmt
traversing iterativeStmt
traversing booleanExpression
traversing var
traversing back var
traversing relationalOp
traversing back relationalOp
traversing var
traversing back var
traversing back booleanExpression
**assigning TK_ID to var**
**assigning TK_LE to relationalOp**
**assigning TK_ID to var**
ignoring: count 3
traversing stmt
traversing ioStmt
traversing singleOrRecId
traversing new24
traversing back new24
traversing back singleOrRecId
**assigning (null) to new24**
ignoring: NULL	count 1
traversing back ioStmt
**assigning TK_ID to singleOrRecId**
ignoring: TK_OP	TK_CL	TK_SEM	count 2
traversing back stmt
traversing otherStmts
traversing stmt
traversing assignmentStmt
traversing singleOrRecId
traversing new24
traversing back new24
traversing back singleOrRecId
**assigning (null) to new24**
ignoring: NULL	count 1
traversing arithmeticExpression
traversing term
traversing factor
traversing all
traversing temp
traversing back temp
traversing back all
**assigning (null) to temp**
ignoring: NULL	count 1
traversing back factor
**assigning TK_ID to all**
traversing termPrime
traversing back termPrime
traversing back term
**assigning TK_ID to factor**
**assigning (null) to termPrime**
ignoring: NULL	count 1
traversing expPrime
traversing lowPrecedenceOperators
traversing back lowPrecedenceOperators
traversing term
traversing factor
traversing all
traversing temp
traversing back temp
traversing back all
**assigning (null) to temp**
ignoring: NULL	count 1
traversing back factor
**assigning TK_ID to all**
traversing termPrime
traversing back termPrime
traversing back term
**assigning TK_ID to factor**
**assigning (null) to termPrime**
ignoring: NULL	count 1
traversing expPrime
traversing back expPrime
traversing back expPrime
**assigning TK_PLUS to lowPrecedenceOperators**
**assigning TK_ID to term**
**assigning (null) to expPrime**
ignoring: NULL	count 2
traversing back arithmeticExpression
**assigning TK_ID to term**
ignoring: count 2
traversing back assignmentStmt
**assigning TK_ID to singleOrRecId**
ignoring: TK_ASSIGNOP	TK_SEM	count 2
traversing back stmt
traversing otherStmts
traversing stmt
traversing assignmentStmt
traversing singleOrRecId
traversing new24
traversing back new24
traversing back singleOrRecId
**assigning (null) to new24**
ignoring: NULL	count 1
traversing arithmeticExpression
traversing term
traversing factor
traversing all
traversing temp
traversing back temp
traversing back all
**assigning (null) to temp**
ignoring: NULL	count 1
traversing back factor
**assigning TK_ID to all**
traversing termPrime
traversing back termPrime
traversing back term
**assigning TK_ID to factor**
**assigning (null) to termPrime**
ignoring: NULL	count 1
traversing expPrime
traversing lowPrecedenceOperators
traversing back lowPrecedenceOperators
traversing term
traversing factor
traversing all
traversing back all
traversing back factor
**assigning TK_NUM to all**
traversing termPrime
traversing back termPrime
traversing back term
**assigning TK_NUM to factor**
**assigning (null) to termPrime**
ignoring: NULL	count 1
traversing expPrime
traversing back expPrime
traversing back expPrime
**assigning TK_PLUS to lowPrecedenceOperators**
**assigning TK_NUM to term**
**assigning (null) to expPrime**
ignoring: NULL	count 2
traversing back arithmeticExpression
**assigning TK_ID to term**
ignoring: count 2
traversing back assignmentStmt
**assigning TK_ID to singleOrRecId**
ignoring: TK_ASSIGNOP	TK_SEM	count 2
traversing back stmt
traversing otherStmts
traversing back otherStmts
traversing back otherStmts
traversing back otherStmts
traversing back iterativeStmt
**assigning ioStmt to stmt**
ignoring: TK_WHILE	TK_OP	TK_CL	TK_ENDWHILE	count 3
traversing back stmt
traversing otherStmts
traversing back otherStmts
traversing back otherStmts
traversing back otherStmts
traversing back otherStmts
traversing returnStmt
traversing optionalReturn
traversing idList
traversing more_ids
traversing back more_ids
traversing back idList
**assigning (null) to more_ids**
ignoring: NULL	count 1
traversing back optionalReturn
**assigning TK_ID to idList**
ignoring: TK_SQL	TK_SQR	count 1
traversing back returnStmt
**assigning TK_ID to optionalReturn**
ignoring: TK_SEM	count 2
traversing back stmts
traversing back function
traversing otherFunctions
traversing function
traversing input_par
traversing parameter_list
traversing dataType
traversing primitiveDatatype
traversing back primitiveDatatype
traversing back dataType
traversing remaining_list
traversing back remaining_list
traversing back parameter_list
traversing back input_par
traversing output_par
traversing parameter_list
traversing dataType
traversing primitiveDatatype
traversing back primitiveDatatype
traversing back dataType
traversing remaining_list
traversing back remaining_list
traversing back parameter_list
traversing back output_par
traversing stmts
traversing typeDefinitions
traversing back typeDefinitions
traversing declarations
traversing declaration
traversing dataType
traversing primitiveDatatype
traversing back primitiveDatatype
traversing back dataType
traversing global_or_not
traversing back global_or_not
traversing back declaration
**assigning TK_INT to dataType**
**assigning (null) to global_or_not**
ignoring: TK_TYPE	TK_COLON	NULL	TK_SEM	count 2
traversing declarations
traversing back declarations
traversing back declarations
traversing otherStmts
traversing stmt
traversing assignmentStmt
traversing singleOrRecId
traversing new24
traversing back new24
traversing back singleOrRecId
**assigning (null) to new24**
ignoring: NULL	count 1
traversing arithmeticExpression
traversing term
traversing factor
traversing all
traversing back all
traversing back factor
**assigning TK_NUM to all**
traversing termPrime
traversing back termPrime
traversing back term
**assigning TK_NUM to factor**
**assigning (null) to termPrime**
ignoring: NULL	count 1
traversing expPrime
traversing back expPrime
traversing back arithmeticExpression
**assigning TK_NUM to term**
**assigning (null) to expPrime**
ignoring: NULL	count 1
traversing back assignmentStmt
**assigning TK_ID to singleOrRecId**
**assigning TK_NUM to arithmeticExpression**
ignoring: TK_ASSIGNOP	TK_SEM	count 2
traversing back stmt
traversing otherStmts
traversing stmt
traversing assignmentStmt
traversing singleOrRecId
traversing new24
traversing back new24
traversing back singleOrRecId
**assigning (null) to new24**
ignoring: NULL	count 1
traversing arithmeticExpression
traversing term
traversing factor
traversing all
traversing back all
traversing back factor
**assigning TK_RNUM to all**
traversing termPrime
traversing back termPrime
traversing back term
**assigning TK_RNUM to factor**
**assigning (null) to termPrime**
ignoring: NULL	count 1
traversing expPrime
traversing back expPrime
traversing back arithmeticExpression
**assigning TK_RNUM to term**
**assigning (null) to expPrime**
ignoring: NULL	count 1
traversing back assignmentStmt
**assigning TK_ID to singleOrRecId**
**assigning TK_RNUM to arithmeticExpression**
ignoring: TK_ASSIGNOP	TK_SEM	count 2
traversing back stmt
traversing otherStmts
traversing stmt
traversing iterativeStmt
traversing booleanExpression
traversing var
traversing back var
traversing relationalOp
traversing back relationalOp
traversing var
traversing back var
traversing back booleanExpression
**assigning TK_ID to var**
**assigning TK_LE to relationalOp**
**assigning TK_ID to var**
ignoring: count 3
traversing stmt
traversing ioStmt
traversing singleOrRecId
traversing new24
traversing back new24
traversing back singleOrRecId
**assigning (null) to new24**
ignoring: NULL	count 1
traversing back ioStmt
**assigning TK_ID to singleOrRecId**
ignoring: TK_OP	TK_CL	TK_SEM	count 2
traversing back stmt
traversing otherStmts
traversing stmt
traversing assignmentStmt
traversing singleOrRecId
traversing new24
traversing back new24
traversing back singleOrRecId
**assigning (null) to new24**
ignoring: NULL	count 1
traversing arithmeticExpression
traversing term
traversing factor
traversing all
traversing temp
traversing back temp
traversing back all
**assigning (null) to temp**
ignoring: NULL	count 1
traversing back factor
**assigning TK_ID to all**
traversing termPrime
traversing back termPrime
traversing back term
**assigning TK_ID to factor**
**assigning (null) to termPrime**
ignoring: NULL	count 1
traversing expPrime
traversing lowPrecedenceOperators
traversing back lowPrecedenceOperators
traversing term
traversing factor
traversing all
traversing temp
traversing back temp
traversing back all
**assigning (null) to temp**
ignoring: NULL	count 1
traversing back factor
**assigning TK_ID to all**
traversing termPrime
traversing back termPrime
traversing back term
**assigning TK_ID to factor**
**assigning (null) to termPrime**
ignoring: NULL	count 1
traversing expPrime
traversing back expPrime
traversing back expPrime
**assigning TK_PLUS to lowPrecedenceOperators**
**assigning TK_ID to term**
**assigning (null) to expPrime**
ignoring: NULL	count 2
traversing back arithmeticExpression
**assigning TK_ID to term**
ignoring: count 2
traversing back assignmentStmt
**assigning TK_ID to singleOrRecId**
ignoring: TK_ASSIGNOP	TK_SEM	count 2
traversing back stmt
traversing otherStmts
traversing stmt
traversing assignmentStmt
traversing singleOrRecId
traversing new24
traversing back new24
traversing back singleOrRecId
**assigning (null) to new24**
ignoring: NULL	count 1
traversing arithmeticExpression
traversing term
traversing factor
traversing all
traversing temp
traversing back temp
traversing back all
**assigning (null) to temp**
ignoring: NULL	count 1
traversing back factor
**assigning TK_ID to all**
traversing termPrime
traversing back termPrime
traversing back term
**assigning TK_ID to factor**
**assigning (null) to termPrime**
ignoring: NULL	count 1
traversing expPrime
traversing lowPrecedenceOperators
traversing back lowPrecedenceOperators
traversing term
traversing factor
traversing all
traversing back all
traversing back factor
**assigning TK_NUM to all**
traversing termPrime
traversing back termPrime
traversing back term
**assigning TK_NUM to factor**
**assigning (null) to termPrime**
ignoring: NULL	count 1
traversing expPrime
traversing back expPrime
traversing back expPrime
**assigning TK_PLUS to lowPrecedenceOperators**
**assigning TK_NUM to term**
**assigning (null) to expPrime**
ignoring: NULL	count 2
traversing back arithmeticExpression
**assigning TK_ID to term**
ignoring: count 2
traversing back assignmentStmt
**assigning TK_ID to singleOrRecId**
ignoring: TK_ASSIGNOP	TK_SEM	count 2
traversing back stmt
traversing otherStmts
traversing back otherStmts
traversing back otherStmts
traversing back otherStmts
traversing back iterativeStmt
**assigning ioStmt to stmt**
ignoring: TK_WHILE	TK_OP	TK_CL	TK_ENDWHILE	count 3
traversing back stmt
traversing otherStmts
traversing back otherStmts
traversing back otherStmts
traversing back otherStmts
traversing back otherStmts
traversing returnStmt
traversing optionalReturn
traversing idList
traversing more_ids
traversing back more_ids
traversing back idList
**assigning (null) to more_ids**
ignoring: NULL	count 1
traversing back optionalReturn
**assigning TK_ID to idList**
ignoring: TK_SQL	TK_SQR	count 1
traversing back returnStmt
**assigning TK_ID to optionalReturn**
ignoring: TK_SEM	count 2
traversing back stmts
traversing back function
traversing otherFunctions
traversing back otherFunctions
traversing back otherFunctions
traversing back otherFunctions
traversing mainFunction
traversing stmts
traversing typeDefinitions
traversing back typeDefinitions
traversing declarations
traversing declaration
traversing dataType
traversing primitiveDatatype
traversing back primitiveDatatype
traversing back dataType
traversing global_or_not
traversing back global_or_not
traversing back declaration
**assigning TK_INT to dataType**
**assigning (null) to global_or_not**
ignoring: TK_TYPE	TK_COLON	NULL	TK_SEM	count 2
traversing declarations
traversing declaration
traversing dataType
traversing primitiveDatatype
traversing back primitiveDatatype
traversing back dataType
traversing global_or_not
traversing back global_or_not
traversing back declaration
**assigning TK_REAL to dataType**
**assigning (null) to global_or_not**
ignoring: TK_TYPE	TK_COLON	NULL	TK_SEM	count 2
traversing declarations
traversing back declarations
traversing back declarations
traversing back declarations
traversing otherStmts
traversing stmt
traversing assignmentStmt
traversing singleOrRecId
traversing new24
traversing back new24
traversing back singleOrRecId
**assigning (null) to new24**
ignoring: NULL	count 1
traversing arithmeticExpression
traversing term
traversing factor
traversing all
traversing back all
traversing back factor
**assigning TK_NUM to all**
traversing termPrime
traversing back termPrime
traversing back term
**assigning TK_NUM to factor**
**assigning (null) to termPrime**
ignoring: NULL	count 1
traversing expPrime
traversing back expPrime
traversing back arithmeticExpression
**assigning TK_NUM to term**
**assigning (null) to expPrime**
ignoring: NULL	count 1
traversing back assignmentStmt
**assigning TK_ID to singleOrRecId**
**assigning TK_NUM to arithmeticExpression**
ignoring: TK_ASSIGNOP	TK_SEM	count 2
traversing back stmt
traversing otherStmts
traversing stmt
traversing funCallStmt
traversing outputParameters
traversing idList
traversing more_ids
traversing back more_ids
traversing back idList
**assigning (null) to more_ids**
ignoring: NULL	count 1
traversing back outputParameters
**assigning TK_ID to idList**
ignoring: TK_SQL	TK_SQR	TK_ASSIGNOP	count 1
traversing inputParameters
traversing idList
traversing more_ids
traversing back more_ids
traversing back idList
**assigning (null) to more_ids**
ignoring: NULL	count 1
traversing back inputParameters
**assigning TK_ID to idList**
ignoring: TK_SQL	TK_SQR	count 1
traversing back funCallStmt
**assigning TK_ID to outputParameters**
**assigning TK_ID to inputParameters**
ignoring: TK_CALL	TK_WITH	TK_PARAMETERS	TK_SEM	count 3
traversing back stmt
traversing otherStmts
traversing stmt
traversing ioStmt
traversing allVar
traversing newVar
traversing back newVar
traversing back allVar
**assigning (null) to newVar**
ignoring: NULL	count 1
traversing back ioStmt
**assigning TK_ID to allVar**
ignoring: TK_OP	TK_CL	TK_SEM	count 2
traversing back stmt
traversing otherStmts
traversing back otherStmts
traversing back otherStmts
traversing back otherStmts
traversing back otherStmts
traversing returnStmt
traversing optionalReturn
traversing back optionalReturn
traversing back returnStmt
**assigning (null) to optionalReturn**
ignoring: NULL	TK_SEM	count 1
traversing back stmts
traversing back mainFunction
traversing back program
==19188== 
==19188== HEAP SUMMARY:
==19188==     in use at exit: 561,947 bytes in 6,301 blocks
==19188==   total heap usage: 7,217 allocs, 916 frees, 639,201 bytes allocated
==19188== 
==19188== Searching for pointers to 6,301 not-freed blocks
==19188== Checked 127,152 bytes
==19188== 
==19188== 4 bytes in 1 blocks are still reachable in loss record 1 of 917
==19188==    at 0x4C2DB8F: malloc (in /usr/lib/valgrind/vgpreload_memcheck-amd64-linux.so)
==19188==    by 0x40457A: createElementInt (hash.c:54)
==19188==    by 0x40475E: insertInt (hash.c:94)
==19188==    by 0x403CF0: get_token_hasht (token.c:140)
==19188==    by 0x4013C1: populate_dfa (populate_dfa.c:145)
==19188==    by 0x404E4D: createDFA (lexer.c:10)
==19188==    by 0x404EE1: getNextToken (lexer.c:23)
==19188==    by 0x406264: parseTree (parser.c:102)
==19188==    by 0x406EA2: printParseTreeForHTML (parser.c:396)
==19188==    by 0x400CB5: main (visualize.c:15)
==19188== 
==19188== 4 bytes in 1 blocks are still reachable in loss record 2 of 917
==19188==    at 0x4C2DB8F: malloc (in /usr/lib/valgrind/vgpreload_memcheck-amd64-linux.so)
==19188==    by 0x40457A: createElementInt (hash.c:54)
==19188==    by 0x40475E: insertInt (hash.c:94)
==19188==    by 0x403D06: get_token_hasht (token.c:141)
==19188==    by 0x4013C1: populate_dfa (populate_dfa.c:145)
==19188==    by 0x404E4D: createDFA (lexer.c:10)
==19188==    by 0x404EE1: getNextToken (lexer.c:23)
==19188==    by 0x406264: parseTree (parser.c:102)
==19188==    by 0x406EA2: printParseTreeForHTML (parser.c:396)
==19188==    by 0x400CB5: main (visualize.c:15)
==19188== 
==19188== 4 bytes in 1 blocks are still reachable in loss record 3 of 917
==19188==    at 0x4C2DB8F: malloc (in /usr/lib/valgrind/vgpreload_memcheck-amd64-linux.so)
==19188==    by 0x40457A: createElementInt (hash.c:54)
==19188==    by 0x40475E: insertInt (hash.c:94)
==19188==    by 0x403D1C: get_token_hasht (token.c:142)
==19188==    by 0x4013C1: populate_dfa (populate_dfa.c:145)
==19188==    by 0x404E4D: createDFA (lexer.c:10)
==19188==    by 0x404EE1: getNextToken (lexer.c:23)
==19188==    by 0x406264: parseTree (parser.c:102)
==19188==    by 0x406EA2: printParseTreeForHTML (parser.c:396)
==19188==    by 0x400CB5: main (visualize.c:15)
==19188== 
==19188== 4 bytes in 1 blocks are still reachable in loss record 4 of 917
==19188==    at 0x4C2DB8F: malloc (in /usr/lib/valgrind/vgpreload_memcheck-amd64-linux.so)
==19188==    by 0x40457A: createElementInt (hash.c:54)
==19188==    by 0x40475E: insertInt (hash.c:94)
==19188==    by 0x403D32: get_token_hasht (token.c:143)
==19188==    by 0x4013C1: populate_dfa (populate_dfa.c:145)
==19188==    by 0x404E4D: createDFA (lexer.c:10)
==19188==    by 0x404EE1: getNextToken (lexer.c:23)
==19188==    by 0x406264: parseTree (parser.c:102)
==19188==    by 0x406EA2: printParseTreeForHTML (parser.c:396)
==19188==    by 0x400CB5: main (visualize.c:15)
==19188== 
==19188== 4 bytes in 1 blocks are still reachable in loss record 5 of 917
==19188==    at 0x4C2DB8F: malloc (in /usr/lib/valgrind/vgpreload_memcheck-amd64-linux.so)
==19188==    by 0x40457A: createElementInt (hash.c:54)
==19188==    by 0x40475E: insertInt (hash.c:94)
==19188==    by 0x403D48: get_token_hasht (token.c:144)
==19188==    by 0x4013C1: populate_dfa (populate_dfa.c:145)
==19188==    by 0x404E4D: createDFA (lexer.c:10)
==19188==    by 0x404EE1: getNextToken (lexer.c:23)
==19188==    by 0x406264: parseTree (parser.c:102)
==19188==    by 0x406EA2: printParseTreeForHTML (parser.c:396)
==19188==    by 0x400CB5: main (visualize.c:15)
==19188== 
==19188== 4 bytes in 1 blocks are still reachable in loss record 6 of 917
==19188==    at 0x4C2DB8F: malloc (in /usr/lib/valgrind/vgpreload_memcheck-amd64-linux.so)
==19188==    by 0x40457A: createElementInt (hash.c:54)
==19188==    by 0x40475E: insertInt (hash.c:94)
==19188==    by 0x403D5E: get_token_hasht (token.c:145)
==19188==    by 0x4013C1: populate_dfa (populate_dfa.c:145)
==19188==    by 0x404E4D: createDFA (lexer.c:10)
==19188==    by 0x404EE1: getNextToken (lexer.c:23)
==19188==    by 0x406264: parseTree (parser.c:102)
==19188==    by 0x406EA2: printParseTreeForHTML (parser.c:396)
==19188==    by 0x400CB5: main (visualize.c:15)
==19188== 
==19188== 4 bytes in 1 blocks are still reachable in loss record 7 of 917
==19188==    at 0x4C2DB8F: malloc (in /usr/lib/valgrind/vgpreload_memcheck-amd64-linux.so)
==19188==    by 0x40457A: createElementInt (hash.c:54)
==19188==    by 0x40475E: insertInt (hash.c:94)
==19188==    by 0x403D74: get_token_hasht (token.c:146)
==19188==    by 0x4013C1: populate_dfa (populate_dfa.c:145)
==19188==    by 0x404E4D: createDFA (lexer.c:10)
==19188==    by 0x404EE1: getNextToken (lexer.c:23)
==19188==    by 0x406264: parseTree (parser.c:102)
==19188==    by 0x406EA2: printParseTreeForHTML (parser.c:396)
==19188==    by 0x400CB5: main (visualize.c:15)
==19188== 
==19188== 4 bytes in 1 blocks are still reachable in loss record 8 of 917
==19188==    at 0x4C2DB8F: malloc (in /usr/lib/valgrind/vgpreload_memcheck-amd64-linux.so)
==19188==    by 0x40457A: createElementInt (hash.c:54)
==19188==    by 0x40475E: insertInt (hash.c:94)
==19188==    by 0x403D8A: get_token_hasht (token.c:147)
==19188==    by 0x4013C1: populate_dfa (populate_dfa.c:145)
==19188==    by 0x404E4D: createDFA (lexer.c:10)
==19188==    by 0x404EE1: getNextToken (lexer.c:23)
==19188==    by 0x406264: parseTree (parser.c:102)
==19188==    by 0x406EA2: printParseTreeForHTML (parser.c:396)
==19188==    by 0x400CB5: main (visualize.c:15)
==19188== 
==19188== 4 bytes in 1 blocks are still reachable in loss record 9 of 917
==19188==    at 0x4C2DB8F: malloc (in /usr/lib/valgrind/vgpreload_memcheck-amd64-linux.so)
==19188==    by 0x40457A: createElementInt (hash.c:54)
==19188==    by 0x40475E: insertInt (hash.c:94)
==19188==    by 0x403DA0: get_token_hasht (token.c:148)
==19188==    by 0x4013C1: populate_dfa (populate_dfa.c:145)
==19188==    by 0x404E4D: createDFA (lexer.c:10)
==19188==    by 0x404EE1: getNextToken (lexer.c:23)
==19188==    by 0x406264: parseTree (parser.c:102)
==19188==    by 0x406EA2: printParseTreeForHTML (parser.c:396)
==19188==    by 0x400CB5: main (visualize.c:15)
==19188== 
==19188== 4 bytes in 1 blocks are still reachable in loss record 10 of 917
==19188==    at 0x4C2DB8F: malloc (in /usr/lib/valgrind/vgpreload_memcheck-amd64-linux.so)
==19188==    by 0x40457A: createElementInt (hash.c:54)
==19188==    by 0x40475E: insertInt (hash.c:94)
==19188==    by 0x403DB6: get_token_hasht (token.c:149)
==19188==    by 0x4013C1: populate_dfa (populate_dfa.c:145)
==19188==    by 0x404E4D: createDFA (lexer.c:10)
==19188==    by 0x404EE1: getNextToken (lexer.c:23)
==19188==    by 0x406264: parseTree (parser.c:102)
==19188==    by 0x406EA2: printParseTreeForHTML (parser.c:396)
==19188==    by 0x400CB5: main (visualize.c:15)
==19188== 
==19188== 4 bytes in 1 blocks are still reachable in loss record 11 of 917
==19188==    at 0x4C2DB8F: malloc (in /usr/lib/valgrind/vgpreload_memcheck-amd64-linux.so)
==19188==    by 0x40457A: createElementInt (hash.c:54)
==19188==    by 0x40475E: insertInt (hash.c:94)
==19188==    by 0x403DCC: get_token_hasht (token.c:150)
==19188==    by 0x4013C1: populate_dfa (populate_dfa.c:145)
==19188==    by 0x404E4D: createDFA (lexer.c:10)
==19188==    by 0x404EE1: getNextToken (lexer.c:23)
==19188==    by 0x406264: parseTree (parser.c:102)
==19188==    by 0x406EA2: printParseTreeForHTML (parser.c:396)
==19188==    by 0x400CB5: main (visualize.c:15)
==19188== 
==19188== 4 bytes in 1 blocks are still reachable in loss record 12 of 917
==19188==    at 0x4C2DB8F: malloc (in /usr/lib/valgrind/vgpreload_memcheck-amd64-linux.so)
==19188==    by 0x40457A: createElementInt (hash.c:54)
==19188==    by 0x40475E: insertInt (hash.c:94)
==19188==    by 0x403DE2: get_token_hasht (token.c:151)
==19188==    by 0x4013C1: populate_dfa (populate_dfa.c:145)
==19188==    by 0x404E4D: createDFA (lexer.c:10)
==19188==    by 0x404EE1: getNextToken (lexer.c:23)
==19188==    by 0x406264: parseTree (parser.c:102)
==19188==    by 0x406EA2: printParseTreeForHTML (parser.c:396)
==19188==    by 0x400CB5: main (visualize.c:15)
==19188== 
==19188== 4 bytes in 1 blocks are still reachable in loss record 13 of 917
==19188==    at 0x4C2DB8F: malloc (in /usr/lib/valgrind/vgpreload_memcheck-amd64-linux.so)
==19188==    by 0x40457A: createElementInt (hash.c:54)
==19188==    by 0x40475E: insertInt (hash.c:94)
==19188==    by 0x403DF8: get_token_hasht (token.c:152)
==19188==    by 0x4013C1: populate_dfa (populate_dfa.c:145)
==19188==    by 0x404E4D: createDFA (lexer.c:10)
==19188==    by 0x404EE1: getNextToken (lexer.c:23)
==19188==    by 0x406264: parseTree (parser.c:102)
==19188==    by 0x406EA2: printParseTreeForHTML (parser.c:396)
==19188==    by 0x400CB5: main (visualize.c:15)
==19188== 
==19188== 4 bytes in 1 blocks are still reachable in loss record 14 of 917
==19188==    at 0x4C2DB8F: malloc (in /usr/lib/valgrind/vgpreload_memcheck-amd64-linux.so)
==19188==    by 0x40457A: createElementInt (hash.c:54)
==19188==    by 0x40475E: insertInt (hash.c:94)
==19188==    by 0x403E0E: get_token_hasht (token.c:153)
==19188==    by 0x4013C1: populate_dfa (populate_dfa.c:145)
==19188==    by 0x404E4D: createDFA (lexer.c:10)
==19188==    by 0x404EE1: getNextToken (lexer.c:23)
==19188==    by 0x406264: parseTree (parser.c:102)
==19188==    by 0x406EA2: printParseTreeForHTML (parser.c:396)
==19188==    by 0x400CB5: main (visualize.c:15)
==19188== 
==19188== 4 bytes in 1 blocks are still reachable in loss record 15 of 917
==19188==    at 0x4C2DB8F: malloc (in /usr/lib/valgrind/vgpreload_memcheck-amd64-linux.so)
==19188==    by 0x40457A: createElementInt (hash.c:54)
==19188==    by 0x40475E: insertInt (hash.c:94)
==19188==    by 0x403E24: get_token_hasht (token.c:154)
==19188==    by 0x4013C1: populate_dfa (populate_dfa.c:145)
==19188==    by 0x404E4D: createDFA (lexer.c:10)
==19188==    by 0x404EE1: getNextToken (lexer.c:23)
==19188==    by 0x406264: parseTree (parser.c:102)
==19188==    by 0x406EA2: printParseTreeForHTML (parser.c:396)
==19188==    by 0x400CB5: main (visualize.c:15)
==19188== 
==19188== 4 bytes in 1 blocks are still reachable in loss record 16 of 917
==19188==    at 0x4C2DB8F: malloc (in /usr/lib/valgrind/vgpreload_memcheck-amd64-linux.so)
==19188==    by 0x40457A: createElementInt (hash.c:54)
==19188==    by 0x40475E: insertInt (hash.c:94)
==19188==    by 0x403E3A: get_token_hasht (token.c:155)
==19188==    by 0x4013C1: populate_dfa (populate_dfa.c:145)
==19188==    by 0x404E4D: createDFA (lexer.c:10)
==19188==    by 0x404EE1: getNextToken (lexer.c:23)
==19188==    by 0x406264: parseTree (parser.c:102)
==19188==    by 0x406EA2: printParseTreeForHTML (parser.c:396)
==19188==    by 0x400CB5: main (visualize.c:15)
==19188== 
==19188== 4 bytes in 1 blocks are still reachable in loss record 17 of 917
==19188==    at 0x4C2DB8F: malloc (in /usr/lib/valgrind/vgpreload_memcheck-amd64-linux.so)
==19188==    by 0x40457A: createElementInt (hash.c:54)
==19188==    by 0x40475E: insertInt (hash.c:94)
==19188==    by 0x403E50: get_token_hasht (token.c:156)
==19188==    by 0x4013C1: populate_dfa (populate_dfa.c:145)
==19188==    by 0x404E4D: createDFA (lexer.c:10)
==19188==    by 0x404EE1: getNextToken (lexer.c:23)
==19188==    by 0x406264: parseTree (parser.c:102)
==19188==    by 0x406EA2: printParseTreeForHTML (parser.c:396)
==19188==    by 0x400CB5: main (visualize.c:15)
==19188== 
==19188== 4 bytes in 1 blocks are still reachable in loss record 18 of 917
==19188==    at 0x4C2DB8F: malloc (in /usr/lib/valgrind/vgpreload_memcheck-amd64-linux.so)
==19188==    by 0x40457A: createElementInt (hash.c:54)
==19188==    by 0x40475E: insertInt (hash.c:94)
==19188==    by 0x403E66: get_token_hasht (token.c:157)
==19188==    by 0x4013C1: populate_dfa (populate_dfa.c:145)
==19188==    by 0x404E4D: createDFA (lexer.c:10)
==19188==    by 0x404EE1: getNextToken (lexer.c:23)
==19188==    by 0x406264: parseTree (parser.c:102)
==19188==    by 0x406EA2: printParseTreeForHTML (parser.c:396)
==19188==    by 0x400CB5: main (visualize.c:15)
==19188== 
==19188== 4 bytes in 1 blocks are still reachable in loss record 19 of 917
==19188==    at 0x4C2DB8F: malloc (in /usr/lib/valgrind/vgpreload_memcheck-amd64-linux.so)
==19188==    by 0x40457A: createElementInt (hash.c:54)
==19188==    by 0x40475E: insertInt (hash.c:94)
==19188==    by 0x403E7C: get_token_hasht (token.c:158)
==19188==    by 0x4013C1: populate_dfa (populate_dfa.c:145)
==19188==    by 0x404E4D: createDFA (lexer.c:10)
==19188==    by 0x404EE1: getNextToken (lexer.c:23)
==19188==    by 0x406264: parseTree (parser.c:102)
==19188==    by 0x406EA2: printParseTreeForHTML (parser.c:396)
==19188==    by 0x400CB5: main (visualize.c:15)
==19188== 
==19188== 4 bytes in 1 blocks are still reachable in loss record 20 of 917
==19188==    at 0x4C2DB8F: malloc (in /usr/lib/valgrind/vgpreload_memcheck-amd64-linux.so)
==19188==    by 0x40457A: createElementInt (hash.c:54)
==19188==    by 0x40475E: insertInt (hash.c:94)
==19188==    by 0x403E92: get_token_hasht (token.c:159)
==19188==    by 0x4013C1: populate_dfa (populate_dfa.c:145)
==19188==    by 0x404E4D: createDFA (lexer.c:10)
==19188==    by 0x404EE1: getNextToken (lexer.c:23)
==19188==    by 0x406264: parseTree (parser.c:102)
==19188==    by 0x406EA2: printParseTreeForHTML (parser.c:396)
==19188==    by 0x400CB5: main (visualize.c:15)
==19188== 
==19188== 4 bytes in 1 blocks are still reachable in loss record 21 of 917
==19188==    at 0x4C2DB8F: malloc (in /usr/lib/valgrind/vgpreload_memcheck-amd64-linux.so)
==19188==    by 0x40457A: createElementInt (hash.c:54)
==19188==    by 0x40475E: insertInt (hash.c:94)
==19188==    by 0x403EA8: get_token_hasht (token.c:160)
==19188==    by 0x4013C1: populate_dfa (populate_dfa.c:145)
==19188==    by 0x404E4D: createDFA (lexer.c:10)
==19188==    by 0x404EE1: getNextToken (lexer.c:23)
==19188==    by 0x406264: parseTree (parser.c:102)
==19188==    by 0x406EA2: printParseTreeForHTML (parser.c:396)
==19188==    by 0x400CB5: main (visualize.c:15)
==19188== 
==19188== 4 bytes in 1 blocks are still reachable in loss record 22 of 917
==19188==    at 0x4C2DB8F: malloc (in /usr/lib/valgrind/vgpreload_memcheck-amd64-linux.so)
==19188==    by 0x40457A: createElementInt (hash.c:54)
==19188==    by 0x40475E: insertInt (hash.c:94)
==19188==    by 0x403EBE: get_token_hasht (token.c:161)
==19188==    by 0x4013C1: populate_dfa (populate_dfa.c:145)
==19188==    by 0x404E4D: createDFA (lexer.c:10)
==19188==    by 0x404EE1: getNextToken (lexer.c:23)
==19188==    by 0x406264: parseTree (parser.c:102)
==19188==    by 0x406EA2: printParseTreeForHTML (parser.c:396)
==19188==    by 0x400CB5: main (visualize.c:15)
==19188== 
==19188== 4 bytes in 1 blocks are still reachable in loss record 23 of 917
==19188==    at 0x4C2DB8F: malloc (in /usr/lib/valgrind/vgpreload_memcheck-amd64-linux.so)
==19188==    by 0x40457A: createElementInt (hash.c:54)
==19188==    by 0x40475E: insertInt (hash.c:94)
==19188==    by 0x403ED4: get_token_hasht (token.c:162)
==19188==    by 0x4013C1: populate_dfa (populate_dfa.c:145)
==19188==    by 0x404E4D: createDFA (lexer.c:10)
==19188==    by 0x404EE1: getNextToken (lexer.c:23)
==19188==    by 0x406264: parseTree (parser.c:102)
==19188==    by 0x406EA2: printParseTreeForHTML (parser.c:396)
==19188==    by 0x400CB5: main (visualize.c:15)
==19188== 
==19188== 4 bytes in 1 blocks are still reachable in loss record 24 of 917
==19188==    at 0x4C2DB8F: malloc (in /usr/lib/valgrind/vgpreload_memcheck-amd64-linux.so)
==19188==    by 0x40457A: createElementInt (hash.c:54)
==19188==    by 0x40475E: insertInt (hash.c:94)
==19188==    by 0x403EEA: get_token_hasht (token.c:163)
==19188==    by 0x4013C1: populate_dfa (populate_dfa.c:145)
==19188==    by 0x404E4D: createDFA (lexer.c:10)
==19188==    by 0x404EE1: getNextToken (lexer.c:23)
==19188==    by 0x406264: parseTree (parser.c:102)
==19188==    by 0x406EA2: printParseTreeForHTML (parser.c:396)
==19188==    by 0x400CB5: main (visualize.c:15)
==19188== 
==19188== 4 bytes in 1 blocks are still reachable in loss record 25 of 917
==19188==    at 0x4C2DB8F: malloc (in /usr/lib/valgrind/vgpreload_memcheck-amd64-linux.so)
==19188==    by 0x40457A: createElementInt (hash.c:54)
==19188==    by 0x40475E: insertInt (hash.c:94)
==19188==    by 0x403F00: get_token_hasht (token.c:164)
==19188==    by 0x4013C1: populate_dfa (populate_dfa.c:145)
==19188==    by 0x404E4D: createDFA (lexer.c:10)
==19188==    by 0x404EE1: getNextToken (lexer.c:23)
==19188==    by 0x406264: parseTree (parser.c:102)
==19188==    by 0x406EA2: printParseTreeForHTML (parser.c:396)
==19188==    by 0x400CB5: main (visualize.c:15)
==19188== 
==19188== 4 bytes in 1 blocks are still reachable in loss record 26 of 917
==19188==    at 0x4C2DB8F: malloc (in /usr/lib/valgrind/vgpreload_memcheck-amd64-linux.so)
==19188==    by 0x40457A: createElementInt (hash.c:54)
==19188==    by 0x40475E: insertInt (hash.c:94)
==19188==    by 0x403F16: get_token_hasht (token.c:165)
==19188==    by 0x4013C1: populate_dfa (populate_dfa.c:145)
==19188==    by 0x404E4D: createDFA (lexer.c:10)
==19188==    by 0x404EE1: getNextToken (lexer.c:23)
==19188==    by 0x406264: parseTree (parser.c:102)
==19188==    by 0x406EA2: printParseTreeForHTML (parser.c:396)
==19188==    by 0x400CB5: main (visualize.c:15)
==19188== 
==19188== 4 bytes in 1 blocks are still reachable in loss record 27 of 917
==19188==    at 0x4C2DB8F: malloc (in /usr/lib/valgrind/vgpreload_memcheck-amd64-linux.so)
==19188==    by 0x40457A: createElementInt (hash.c:54)
==19188==    by 0x40475E: insertInt (hash.c:94)
==19188==    by 0x403F2C: get_token_hasht (token.c:166)
==19188==    by 0x4013C1: populate_dfa (populate_dfa.c:145)
==19188==    by 0x404E4D: createDFA (lexer.c:10)
==19188==    by 0x404EE1: getNextToken (lexer.c:23)
==19188==    by 0x406264: parseTree (parser.c:102)
==19188==    by 0x406EA2: printParseTreeForHTML (parser.c:396)
==19188==    by 0x400CB5: main (visualize.c:15)
==19188== 
==19188== 4 bytes in 1 blocks are still reachable in loss record 28 of 917
==19188==    at 0x4C2DB8F: malloc (in /usr/lib/valgrind/vgpreload_memcheck-amd64-linux.so)
==19188==    by 0x40457A: createElementInt (hash.c:54)
==19188==    by 0x40475E: insertInt (hash.c:94)
==19188==    by 0x403F42: get_token_hasht (token.c:167)
==19188==    by 0x4013C1: populate_dfa (populate_dfa.c:145)
==19188==    by 0x404E4D: createDFA (lexer.c:10)
==19188==    by 0x404EE1: getNextToken (lexer.c:23)
==19188==    by 0x406264: parseTree (parser.c:102)
==19188==    by 0x406EA2: printParseTreeForHTML (parser.c:396)
==19188==    by 0x400CB5: main (visualize.c:15)
==19188== 
==19188== 4 bytes in 1 blocks are still reachable in loss record 29 of 917
==19188==    at 0x4C2DB8F: malloc (in /usr/lib/valgrind/vgpreload_memcheck-amd64-linux.so)
==19188==    by 0x40457A: createElementInt (hash.c:54)
==19188==    by 0x40475E: insertInt (hash.c:94)
==19188==    by 0x403F58: get_token_hasht (token.c:168)
==19188==    by 0x4013C1: populate_dfa (populate_dfa.c:145)
==19188==    by 0x404E4D: createDFA (lexer.c:10)
==19188==    by 0x404EE1: getNextToken (lexer.c:23)
==19188==    by 0x406264: parseTree (parser.c:102)
==19188==    by 0x406EA2: printParseTreeForHTML (parser.c:396)
==19188==    by 0x400CB5: main (visualize.c:15)
==19188== 
==19188== 4 bytes in 1 blocks are still reachable in loss record 30 of 917
==19188==    at 0x4C2DB8F: malloc (in /usr/lib/valgrind/vgpreload_memcheck-amd64-linux.so)
==19188==    by 0x40457A: createElementInt (hash.c:54)
==19188==    by 0x40475E: insertInt (hash.c:94)
==19188==    by 0x403F6E: get_token_hasht (token.c:169)
==19188==    by 0x4013C1: populate_dfa (populate_dfa.c:145)
==19188==    by 0x404E4D: createDFA (lexer.c:10)
==19188==    by 0x404EE1: getNextToken (lexer.c:23)
==19188==    by 0x406264: parseTree (parser.c:102)
==19188==    by 0x406EA2: printParseTreeForHTML (parser.c:396)
==19188==    by 0x400CB5: main (visualize.c:15)
==19188== 
==19188== 4 bytes in 1 blocks are still reachable in loss record 31 of 917
==19188==    at 0x4C2DB8F: malloc (in /usr/lib/valgrind/vgpreload_memcheck-amd64-linux.so)
==19188==    by 0x40457A: createElementInt (hash.c:54)
==19188==    by 0x40475E: insertInt (hash.c:94)
==19188==    by 0x403F84: get_token_hasht (token.c:170)
==19188==    by 0x4013C1: populate_dfa (populate_dfa.c:145)
==19188==    by 0x404E4D: createDFA (lexer.c:10)
==19188==    by 0x404EE1: getNextToken (lexer.c:23)
==19188==    by 0x406264: parseTree (parser.c:102)
==19188==    by 0x406EA2: printParseTreeForHTML (parser.c:396)
==19188==    by 0x400CB5: main (visualize.c:15)
==19188== 
==19188== 4 bytes in 1 blocks are still reachable in loss record 32 of 917
==19188==    at 0x4C2DB8F: malloc (in /usr/lib/valgrind/vgpreload_memcheck-amd64-linux.so)
==19188==    by 0x40457A: createElementInt (hash.c:54)
==19188==    by 0x40475E: insertInt (hash.c:94)
==19188==    by 0x403F9A: get_token_hasht (token.c:171)
==19188==    by 0x4013C1: populate_dfa (populate_dfa.c:145)
==19188==    by 0x404E4D: createDFA (lexer.c:10)
==19188==    by 0x404EE1: getNextToken (lexer.c:23)
==19188==    by 0x406264: parseTree (parser.c:102)
==19188==    by 0x406EA2: printParseTreeForHTML (parser.c:396)
==19188==    by 0x400CB5: main (visualize.c:15)
==19188== 
==19188== 4 bytes in 1 blocks are still reachable in loss record 33 of 917
==19188==    at 0x4C2DB8F: malloc (in /usr/lib/valgrind/vgpreload_memcheck-amd64-linux.so)
==19188==    by 0x40457A: createElementInt (hash.c:54)
==19188==    by 0x40475E: insertInt (hash.c:94)
==19188==    by 0x403FB0: get_token_hasht (token.c:172)
==19188==    by 0x4013C1: populate_dfa (populate_dfa.c:145)
==19188==    by 0x404E4D: createDFA (lexer.c:10)
==19188==    by 0x404EE1: getNextToken (lexer.c:23)
==19188==    by 0x406264: parseTree (parser.c:102)
==19188==    by 0x406EA2: printParseTreeForHTML (parser.c:396)
==19188==    by 0x400CB5: main (visualize.c:15)
==19188== 
==19188== 4 bytes in 1 blocks are still reachable in loss record 34 of 917
==19188==    at 0x4C2DB8F: malloc (in /usr/lib/valgrind/vgpreload_memcheck-amd64-linux.so)
==19188==    by 0x40457A: createElementInt (hash.c:54)
==19188==    by 0x40475E: insertInt (hash.c:94)
==19188==    by 0x403FC6: get_token_hasht (token.c:173)
==19188==    by 0x4013C1: populate_dfa (populate_dfa.c:145)
==19188==    by 0x404E4D: createDFA (lexer.c:10)
==19188==    by 0x404EE1: getNextToken (lexer.c:23)
==19188==    by 0x406264: parseTree (parser.c:102)
==19188==    by 0x406EA2: printParseTreeForHTML (parser.c:396)
==19188==    by 0x400CB5: main (visualize.c:15)
==19188== 
==19188== 4 bytes in 1 blocks are still reachable in loss record 35 of 917
==19188==    at 0x4C2DB8F: malloc (in /usr/lib/valgrind/vgpreload_memcheck-amd64-linux.so)
==19188==    by 0x40457A: createElementInt (hash.c:54)
==19188==    by 0x40475E: insertInt (hash.c:94)
==19188==    by 0x403FDC: get_token_hasht (token.c:174)
==19188==    by 0x4013C1: populate_dfa (populate_dfa.c:145)
==19188==    by 0x404E4D: createDFA (lexer.c:10)
==19188==    by 0x404EE1: getNextToken (lexer.c:23)
==19188==    by 0x406264: parseTree (parser.c:102)
==19188==    by 0x406EA2: printParseTreeForHTML (parser.c:396)
==19188==    by 0x400CB5: main (visualize.c:15)
==19188== 
==19188== 4 bytes in 1 blocks are still reachable in loss record 36 of 917
==19188==    at 0x4C2DB8F: malloc (in /usr/lib/valgrind/vgpreload_memcheck-amd64-linux.so)
==19188==    by 0x40457A: createElementInt (hash.c:54)
==19188==    by 0x40475E: insertInt (hash.c:94)
==19188==    by 0x403FF2: get_token_hasht (token.c:175)
==19188==    by 0x4013C1: populate_dfa (populate_dfa.c:145)
==19188==    by 0x404E4D: createDFA (lexer.c:10)
==19188==    by 0x404EE1: getNextToken (lexer.c:23)
==19188==    by 0x406264: parseTree (parser.c:102)
==19188==    by 0x406EA2: printParseTreeForHTML (parser.c:396)
==19188==    by 0x400CB5: main (visualize.c:15)
==19188== 
==19188== 4 bytes in 1 blocks are still reachable in loss record 37 of 917
==19188==    at 0x4C2DB8F: malloc (in /usr/lib/valgrind/vgpreload_memcheck-amd64-linux.so)
==19188==    by 0x40457A: createElementInt (hash.c:54)
==19188==    by 0x40475E: insertInt (hash.c:94)
==19188==    by 0x404008: get_token_hasht (token.c:176)
==19188==    by 0x4013C1: populate_dfa (populate_dfa.c:145)
==19188==    by 0x404E4D: createDFA (lexer.c:10)
==19188==    by 0x404EE1: getNextToken (lexer.c:23)
==19188==    by 0x406264: parseTree (parser.c:102)
==19188==    by 0x406EA2: printParseTreeForHTML (parser.c:396)
==19188==    by 0x400CB5: main (visualize.c:15)
==19188== 
==19188== 4 bytes in 1 blocks are still reachable in loss record 38 of 917
==19188==    at 0x4C2DB8F: malloc (in /usr/lib/valgrind/vgpreload_memcheck-amd64-linux.so)
==19188==    by 0x40457A: createElementInt (hash.c:54)
==19188==    by 0x40475E: insertInt (hash.c:94)
==19188==    by 0x40401E: get_token_hasht (token.c:177)
==19188==    by 0x4013C1: populate_dfa (populate_dfa.c:145)
==19188==    by 0x404E4D: createDFA (lexer.c:10)
==19188==    by 0x404EE1: getNextToken (lexer.c:23)
==19188==    by 0x406264: parseTree (parser.c:102)
==19188==    by 0x406EA2: printParseTreeForHTML (parser.c:396)
==19188==    by 0x400CB5: main (visualize.c:15)
==19188== 
==19188== 4 bytes in 1 blocks are still reachable in loss record 39 of 917
==19188==    at 0x4C2DB8F: malloc (in /usr/lib/valgrind/vgpreload_memcheck-amd64-linux.so)
==19188==    by 0x40457A: createElementInt (hash.c:54)
==19188==    by 0x40475E: insertInt (hash.c:94)
==19188==    by 0x404034: get_token_hasht (token.c:178)
==19188==    by 0x4013C1: populate_dfa (populate_dfa.c:145)
==19188==    by 0x404E4D: createDFA (lexer.c:10)
==19188==    by 0x404EE1: getNextToken (lexer.c:23)
==19188==    by 0x406264: parseTree (parser.c:102)
==19188==    by 0x406EA2: printParseTreeForHTML (parser.c:396)
==19188==    by 0x400CB5: main (visualize.c:15)
==19188== 
==19188== 4 bytes in 1 blocks are still reachable in loss record 40 of 917
==19188==    at 0x4C2DB8F: malloc (in /usr/lib/valgrind/vgpreload_memcheck-amd64-linux.so)
==19188==    by 0x40457A: createElementInt (hash.c:54)
==19188==    by 0x40475E: insertInt (hash.c:94)
==19188==    by 0x40404A: get_token_hasht (token.c:179)
==19188==    by 0x4013C1: populate_dfa (populate_dfa.c:145)
==19188==    by 0x404E4D: createDFA (lexer.c:10)
==19188==    by 0x404EE1: getNextToken (lexer.c:23)
==19188==    by 0x406264: parseTree (parser.c:102)
==19188==    by 0x406EA2: printParseTreeForHTML (parser.c:396)
==19188==    by 0x400CB5: main (visualize.c:15)
==19188== 
==19188== 4 bytes in 1 blocks are still reachable in loss record 41 of 917
==19188==    at 0x4C2DB8F: malloc (in /usr/lib/valgrind/vgpreload_memcheck-amd64-linux.so)
==19188==    by 0x40457A: createElementInt (hash.c:54)
==19188==    by 0x40475E: insertInt (hash.c:94)
==19188==    by 0x404060: get_token_hasht (token.c:180)
==19188==    by 0x4013C1: populate_dfa (populate_dfa.c:145)
==19188==    by 0x404E4D: createDFA (lexer.c:10)
==19188==    by 0x404EE1: getNextToken (lexer.c:23)
==19188==    by 0x406264: parseTree (parser.c:102)
==19188==    by 0x406EA2: printParseTreeForHTML (parser.c:396)
==19188==    by 0x400CB5: main (visualize.c:15)
==19188== 
==19188== 4 bytes in 1 blocks are still reachable in loss record 42 of 917
==19188==    at 0x4C2DB8F: malloc (in /usr/lib/valgrind/vgpreload_memcheck-amd64-linux.so)
==19188==    by 0x40457A: createElementInt (hash.c:54)
==19188==    by 0x40475E: insertInt (hash.c:94)
==19188==    by 0x404076: get_token_hasht (token.c:181)
==19188==    by 0x4013C1: populate_dfa (populate_dfa.c:145)
==19188==    by 0x404E4D: createDFA (lexer.c:10)
==19188==    by 0x404EE1: getNextToken (lexer.c:23)
==19188==    by 0x406264: parseTree (parser.c:102)
==19188==    by 0x406EA2: printParseTreeForHTML (parser.c:396)
==19188==    by 0x400CB5: main (visualize.c:15)
==19188== 
==19188== 4 bytes in 1 blocks are still reachable in loss record 43 of 917
==19188==    at 0x4C2DB8F: malloc (in /usr/lib/valgrind/vgpreload_memcheck-amd64-linux.so)
==19188==    by 0x40457A: createElementInt (hash.c:54)
==19188==    by 0x40475E: insertInt (hash.c:94)
==19188==    by 0x40408C: get_token_hasht (token.c:182)
==19188==    by 0x4013C1: populate_dfa (populate_dfa.c:145)
==19188==    by 0x404E4D: createDFA (lexer.c:10)
==19188==    by 0x404EE1: getNextToken (lexer.c:23)
==19188==    by 0x406264: parseTree (parser.c:102)
==19188==    by 0x406EA2: printParseTreeForHTML (parser.c:396)
==19188==    by 0x400CB5: main (visualize.c:15)
==19188== 
==19188== 4 bytes in 1 blocks are still reachable in loss record 44 of 917
==19188==    at 0x4C2DB8F: malloc (in /usr/lib/valgrind/vgpreload_memcheck-amd64-linux.so)
==19188==    by 0x40457A: createElementInt (hash.c:54)
==19188==    by 0x40475E: insertInt (hash.c:94)
==19188==    by 0x4040A2: get_token_hasht (token.c:183)
==19188==    by 0x4013C1: populate_dfa (populate_dfa.c:145)
==19188==    by 0x404E4D: createDFA (lexer.c:10)
==19188==    by 0x404EE1: getNextToken (lexer.c:23)
==19188==    by 0x406264: parseTree (parser.c:102)
==19188==    by 0x406EA2: printParseTreeForHTML (parser.c:396)
==19188==    by 0x400CB5: main (visualize.c:15)
==19188== 
==19188== 4 bytes in 1 blocks are still reachable in loss record 45 of 917
==19188==    at 0x4C2DB8F: malloc (in /usr/lib/valgrind/vgpreload_memcheck-amd64-linux.so)
==19188==    by 0x40457A: createElementInt (hash.c:54)
==19188==    by 0x40475E: insertInt (hash.c:94)
==19188==    by 0x4040B8: get_token_hasht (token.c:184)
==19188==    by 0x4013C1: populate_dfa (populate_dfa.c:145)
==19188==    by 0x404E4D: createDFA (lexer.c:10)
==19188==    by 0x404EE1: getNextToken (lexer.c:23)
==19188==    by 0x406264: parseTree (parser.c:102)
==19188==    by 0x406EA2: printParseTreeForHTML (parser.c:396)
==19188==    by 0x400CB5: main (visualize.c:15)
==19188== 
==19188== 4 bytes in 1 blocks are still reachable in loss record 46 of 917
==19188==    at 0x4C2DB8F: malloc (in /usr/lib/valgrind/vgpreload_memcheck-amd64-linux.so)
==19188==    by 0x40457A: createElementInt (hash.c:54)
==19188==    by 0x40475E: insertInt (hash.c:94)
==19188==    by 0x4040CE: get_token_hasht (token.c:185)
==19188==    by 0x4013C1: populate_dfa (populate_dfa.c:145)
==19188==    by 0x404E4D: createDFA (lexer.c:10)
==19188==    by 0x404EE1: getNextToken (lexer.c:23)
==19188==    by 0x406264: parseTree (parser.c:102)
==19188==    by 0x406EA2: printParseTreeForHTML (parser.c:396)
==19188==    by 0x400CB5: main (visualize.c:15)
==19188== 
==19188== 4 bytes in 1 blocks are still reachable in loss record 47 of 917
==19188==    at 0x4C2DB8F: malloc (in /usr/lib/valgrind/vgpreload_memcheck-amd64-linux.so)
==19188==    by 0x40457A: createElementInt (hash.c:54)
==19188==    by 0x40475E: insertInt (hash.c:94)
==19188==    by 0x4040E4: get_token_hasht (token.c:186)
==19188==    by 0x4013C1: populate_dfa (populate_dfa.c:145)
==19188==    by 0x404E4D: createDFA (lexer.c:10)
==19188==    by 0x404EE1: getNextToken (lexer.c:23)
==19188==    by 0x406264: parseTree (parser.c:102)
==19188==    by 0x406EA2: printParseTreeForHTML (parser.c:396)
==19188==    by 0x400CB5: main (visualize.c:15)
==19188== 
==19188== 4 bytes in 1 blocks are still reachable in loss record 48 of 917
==19188==    at 0x4C2DB8F: malloc (in /usr/lib/valgrind/vgpreload_memcheck-amd64-linux.so)
==19188==    by 0x40457A: createElementInt (hash.c:54)
==19188==    by 0x40475E: insertInt (hash.c:94)
==19188==    by 0x4040FA: get_token_hasht (token.c:187)
==19188==    by 0x4013C1: populate_dfa (populate_dfa.c:145)
==19188==    by 0x404E4D: createDFA (lexer.c:10)
==19188==    by 0x404EE1: getNextToken (lexer.c:23)
==19188==    by 0x406264: parseTree (parser.c:102)
==19188==    by 0x406EA2: printParseTreeForHTML (parser.c:396)
==19188==    by 0x400CB5: main (visualize.c:15)
==19188== 
==19188== 4 bytes in 1 blocks are still reachable in loss record 49 of 917
==19188==    at 0x4C2DB8F: malloc (in /usr/lib/valgrind/vgpreload_memcheck-amd64-linux.so)
==19188==    by 0x40457A: createElementInt (hash.c:54)
==19188==    by 0x40475E: insertInt (hash.c:94)
==19188==    by 0x404110: get_token_hasht (token.c:188)
==19188==    by 0x4013C1: populate_dfa (populate_dfa.c:145)
==19188==    by 0x404E4D: createDFA (lexer.c:10)
==19188==    by 0x404EE1: getNextToken (lexer.c:23)
==19188==    by 0x406264: parseTree (parser.c:102)
==19188==    by 0x406EA2: printParseTreeForHTML (parser.c:396)
==19188==    by 0x400CB5: main (visualize.c:15)
==19188== 
==19188== 4 bytes in 1 blocks are still reachable in loss record 50 of 917
==19188==    at 0x4C2DB8F: malloc (in /usr/lib/valgrind/vgpreload_memcheck-amd64-linux.so)
==19188==    by 0x40457A: createElementInt (hash.c:54)
==19188==    by 0x40475E: insertInt (hash.c:94)
==19188==    by 0x404126: get_token_hasht (token.c:189)
==19188==    by 0x4013C1: populate_dfa (populate_dfa.c:145)
==19188==    by 0x404E4D: createDFA (lexer.c:10)
==19188==    by 0x404EE1: getNextToken (lexer.c:23)
==19188==    by 0x406264: parseTree (parser.c:102)
==19188==    by 0x406EA2: printParseTreeForHTML (parser.c:396)
==19188==    by 0x400CB5: main (visualize.c:15)
==19188== 
==19188== 4 bytes in 1 blocks are still reachable in loss record 51 of 917
==19188==    at 0x4C2DB8F: malloc (in /usr/lib/valgrind/vgpreload_memcheck-amd64-linux.so)
==19188==    by 0x40457A: createElementInt (hash.c:54)
==19188==    by 0x40475E: insertInt (hash.c:94)
==19188==    by 0x40413C: get_token_hasht (token.c:190)
==19188==    by 0x4013C1: populate_dfa (populate_dfa.c:145)
==19188==    by 0x404E4D: createDFA (lexer.c:10)
==19188==    by 0x404EE1: getNextToken (lexer.c:23)
==19188==    by 0x406264: parseTree (parser.c:102)
==19188==    by 0x406EA2: printParseTreeForHTML (parser.c:396)
==19188==    by 0x400CB5: main (visualize.c:15)
==19188== 
==19188== 4 bytes in 1 blocks are still reachable in loss record 52 of 917
==19188==    at 0x4C2DB8F: malloc (in /usr/lib/valgrind/vgpreload_memcheck-amd64-linux.so)
==19188==    by 0x40457A: createElementInt (hash.c:54)
==19188==    by 0x40475E: insertInt (hash.c:94)
==19188==    by 0x404152: get_token_hasht (token.c:191)
==19188==    by 0x4013C1: populate_dfa (populate_dfa.c:145)
==19188==    by 0x404E4D: createDFA (lexer.c:10)
==19188==    by 0x404EE1: getNextToken (lexer.c:23)
==19188==    by 0x406264: parseTree (parser.c:102)
==19188==    by 0x406EA2: printParseTreeForHTML (parser.c:396)
==19188==    by 0x400CB5: main (visualize.c:15)
==19188== 
==19188== 4 bytes in 1 blocks are still reachable in loss record 53 of 917
==19188==    at 0x4C2DB8F: malloc (in /usr/lib/valgrind/vgpreload_memcheck-amd64-linux.so)
==19188==    by 0x40457A: createElementInt (hash.c:54)
==19188==    by 0x40475E: insertInt (hash.c:94)
==19188==    by 0x404168: get_token_hasht (token.c:192)
==19188==    by 0x4013C1: populate_dfa (populate_dfa.c:145)
==19188==    by 0x404E4D: createDFA (lexer.c:10)
==19188==    by 0x404EE1: getNextToken (lexer.c:23)
==19188==    by 0x406264: parseTree (parser.c:102)
==19188==    by 0x406EA2: printParseTreeForHTML (parser.c:396)
==19188==    by 0x400CB5: main (visualize.c:15)
==19188== 
==19188== 4 bytes in 1 blocks are still reachable in loss record 54 of 917
==19188==    at 0x4C2DB8F: malloc (in /usr/lib/valgrind/vgpreload_memcheck-amd64-linux.so)
==19188==    by 0x40457A: createElementInt (hash.c:54)
==19188==    by 0x40475E: insertInt (hash.c:94)
==19188==    by 0x40417E: get_token_hasht (token.c:193)
==19188==    by 0x4013C1: populate_dfa (populate_dfa.c:145)
==19188==    by 0x404E4D: createDFA (lexer.c:10)
==19188==    by 0x404EE1: getNextToken (lexer.c:23)
==19188==    by 0x406264: parseTree (parser.c:102)
==19188==    by 0x406EA2: printParseTreeForHTML (parser.c:396)
==19188==    by 0x400CB5: main (visualize.c:15)
==19188== 
==19188== 4 bytes in 1 blocks are still reachable in loss record 55 of 917
==19188==    at 0x4C2DB8F: malloc (in /usr/lib/valgrind/vgpreload_memcheck-amd64-linux.so)
==19188==    by 0x40457A: createElementInt (hash.c:54)
==19188==    by 0x40475E: insertInt (hash.c:94)
==19188==    by 0x404194: get_token_hasht (token.c:195)
==19188==    by 0x4013C1: populate_dfa (populate_dfa.c:145)
==19188==    by 0x404E4D: createDFA (lexer.c:10)
==19188==    by 0x404EE1: getNextToken (lexer.c:23)
==19188==    by 0x406264: parseTree (parser.c:102)
==19188==    by 0x406EA2: printParseTreeForHTML (parser.c:396)
==19188==    by 0x400CB5: main (visualize.c:15)
==19188== 
==19188== 4 bytes in 1 blocks are still reachable in loss record 56 of 917
==19188==    at 0x4C2DB8F: malloc (in /usr/lib/valgrind/vgpreload_memcheck-amd64-linux.so)
==19188==    by 0x40457A: createElementInt (hash.c:54)
==19188==    by 0x40475E: insertInt (hash.c:94)
==19188==    by 0x4041AA: get_token_hasht (token.c:196)
==19188==    by 0x4013C1: populate_dfa (populate_dfa.c:145)
==19188==    by 0x404E4D: createDFA (lexer.c:10)
==19188==    by 0x404EE1: getNextToken (lexer.c:23)
==19188==    by 0x406264: parseTree (parser.c:102)
==19188==    by 0x406EA2: printParseTreeForHTML (parser.c:396)
==19188==    by 0x400CB5: main (visualize.c:15)
==19188== 
==19188== 4 bytes in 1 blocks are still reachable in loss record 57 of 917
==19188==    at 0x4C2DB8F: malloc (in /usr/lib/valgrind/vgpreload_memcheck-amd64-linux.so)
==19188==    by 0x40457A: createElementInt (hash.c:54)
==19188==    by 0x40475E: insertInt (hash.c:94)
==19188==    by 0x4041C0: get_token_hasht (token.c:197)
==19188==    by 0x4013C1: populate_dfa (populate_dfa.c:145)
==19188==    by 0x404E4D: createDFA (lexer.c:10)
==19188==    by 0x404EE1: getNextToken (lexer.c:23)
==19188==    by 0x406264: parseTree (parser.c:102)
==19188==    by 0x406EA2: printParseTreeForHTML (parser.c:396)
==19188==    by 0x400CB5: main (visualize.c:15)
==19188== 
==19188== 4 bytes in 1 blocks are still reachable in loss record 58 of 917
==19188==    at 0x4C2DB8F: malloc (in /usr/lib/valgrind/vgpreload_memcheck-amd64-linux.so)
==19188==    by 0x40457A: createElementInt (hash.c:54)
==19188==    by 0x40475E: insertInt (hash.c:94)
==19188==    by 0x404207: get_keyword_hasht (token.c:208)
==19188==    by 0x404FB1: getNextToken (lexer.c:36)
==19188==    by 0x406264: parseTree (parser.c:102)
==19188==    by 0x406EA2: printParseTreeForHTML (parser.c:396)
==19188==    by 0x400CB5: main (visualize.c:15)
==19188== 
==19188== 4 bytes in 1 blocks are still reachable in loss record 59 of 917
==19188==    at 0x4C2DB8F: malloc (in /usr/lib/valgrind/vgpreload_memcheck-amd64-linux.so)
==19188==    by 0x40457A: createElementInt (hash.c:54)
==19188==    by 0x40475E: insertInt (hash.c:94)
==19188==    by 0x40421D: get_keyword_hasht (token.c:209)
==19188==    by 0x404FB1: getNextToken (lexer.c:36)
==19188==    by 0x406264: parseTree (parser.c:102)
==19188==    by 0x406EA2: printParseTreeForHTML (parser.c:396)
==19188==    by 0x400CB5: main (visualize.c:15)
==19188== 
==19188== 4 bytes in 1 blocks are still reachable in loss record 60 of 917
==19188==    at 0x4C2DB8F: malloc (in /usr/lib/valgrind/vgpreload_memcheck-amd64-linux.so)
==19188==    by 0x40457A: createElementInt (hash.c:54)
==19188==    by 0x40475E: insertInt (hash.c:94)
==19188==    by 0x404233: get_keyword_hasht (token.c:210)
==19188==    by 0x404FB1: getNextToken (lexer.c:36)
==19188==    by 0x406264: parseTree (parser.c:102)
==19188==    by 0x406EA2: printParseTreeForHTML (parser.c:396)
==19188==    by 0x400CB5: main (visualize.c:15)
==19188== 
==19188== 4 bytes in 1 blocks are still reachable in loss record 61 of 917
==19188==    at 0x4C2DB8F: malloc (in /usr/lib/valgrind/vgpreload_memcheck-amd64-linux.so)
==19188==    by 0x40457A: createElementInt (hash.c:54)
==19188==    by 0x40475E: insertInt (hash.c:94)
==19188==    by 0x404249: get_keyword_hasht (token.c:211)
==19188==    by 0x404FB1: getNextToken (lexer.c:36)
==19188==    by 0x406264: parseTree (parser.c:102)
==19188==    by 0x406EA2: printParseTreeForHTML (parser.c:396)
==19188==    by 0x400CB5: main (visualize.c:15)
==19188== 
==19188== 4 bytes in 1 blocks are still reachable in loss record 62 of 917
==19188==    at 0x4C2DB8F: malloc (in /usr/lib/valgrind/vgpreload_memcheck-amd64-linux.so)
==19188==    by 0x40457A: createElementInt (hash.c:54)
==19188==    by 0x40475E: insertInt (hash.c:94)
==19188==    by 0x40425F: get_keyword_hasht (token.c:212)
==19188==    by 0x404FB1: getNextToken (lexer.c:36)
==19188==    by 0x406264: parseTree (parser.c:102)
==19188==    by 0x406EA2: printParseTreeForHTML (parser.c:396)
==19188==    by 0x400CB5: main (visualize.c:15)
==19188== 
==19188== 4 bytes in 1 blocks are still reachable in loss record 63 of 917
==19188==    at 0x4C2DB8F: malloc (in /usr/lib/valgrind/vgpreload_memcheck-amd64-linux.so)
==19188==    by 0x40457A: createElementInt (hash.c:54)
==19188==    by 0x40475E: insertInt (hash.c:94)
==19188==    by 0x404275: get_keyword_hasht (token.c:213)
==19188==    by 0x404FB1: getNextToken (lexer.c:36)
==19188==    by 0x406264: parseTree (parser.c:102)
==19188==    by 0x406EA2: printParseTreeForHTML (parser.c:396)
==19188==    by 0x400CB5: main (visualize.c:15)
==19188== 
==19188== 4 bytes in 1 blocks are still reachable in loss record 64 of 917
==19188==    at 0x4C2DB8F: malloc (in /usr/lib/valgrind/vgpreload_memcheck-amd64-linux.so)
==19188==    by 0x40457A: createElementInt (hash.c:54)
==19188==    by 0x40475E: insertInt (hash.c:94)
==19188==    by 0x40428B: get_keyword_hasht (token.c:214)
==19188==    by 0x404FB1: getNextToken (lexer.c:36)
==19188==    by 0x406264: parseTree (parser.c:102)
==19188==    by 0x406EA2: printParseTreeForHTML (parser.c:396)
==19188==    by 0x400CB5: main (visualize.c:15)
==19188== 
==19188== 4 bytes in 1 blocks are still reachable in loss record 65 of 917
==19188==    at 0x4C2DB8F: malloc (in /usr/lib/valgrind/vgpreload_memcheck-amd64-linux.so)
==19188==    by 0x40457A: createElementInt (hash.c:54)
==19188==    by 0x40475E: insertInt (hash.c:94)
==19188==    by 0x4042A1: get_keyword_hasht (token.c:215)
==19188==    by 0x404FB1: getNextToken (lexer.c:36)
==19188==    by 0x406264: parseTree (parser.c:102)
==19188==    by 0x406EA2: printParseTreeForHTML (parser.c:396)
==19188==    by 0x400CB5: main (visualize.c:15)
==19188== 
==19188== 4 bytes in 1 blocks are still reachable in loss record 66 of 917
==19188==    at 0x4C2DB8F: malloc (in /usr/lib/valgrind/vgpreload_memcheck-amd64-linux.so)
==19188==    by 0x40457A: createElementInt (hash.c:54)
==19188==    by 0x40475E: insertInt (hash.c:94)
==19188==    by 0x4042B7: get_keyword_hasht (token.c:216)
==19188==    by 0x404FB1: getNextToken (lexer.c:36)
==19188==    by 0x406264: parseTree (parser.c:102)
==19188==    by 0x406EA2: printParseTreeForHTML (parser.c:396)
==19188==    by 0x400CB5: main (visualize.c:15)
==19188== 
==19188== 4 bytes in 1 blocks are still reachable in loss record 67 of 917
==19188==    at 0x4C2DB8F: malloc (in /usr/lib/valgrind/vgpreload_memcheck-amd64-linux.so)
==19188==    by 0x40457A: createElementInt (hash.c:54)
==19188==    by 0x40475E: insertInt (hash.c:94)
==19188==    by 0x4042CD: get_keyword_hasht (token.c:217)
==19188==    by 0x404FB1: getNextToken (lexer.c:36)
==19188==    by 0x406264: parseTree (parser.c:102)
==19188==    by 0x406EA2: printParseTreeForHTML (parser.c:396)
==19188==    by 0x400CB5: main (visualize.c:15)
==19188== 
==19188== 4 bytes in 1 blocks are still reachable in loss record 68 of 917
==19188==    at 0x4C2DB8F: malloc (in /usr/lib/valgrind/vgpreload_memcheck-amd64-linux.so)
==19188==    by 0x40457A: createElementInt (hash.c:54)
==19188==    by 0x40475E: insertInt (hash.c:94)
==19188==    by 0x4042E3: get_keyword_hasht (token.c:218)
==19188==    by 0x404FB1: getNextToken (lexer.c:36)
==19188==    by 0x406264: parseTree (parser.c:102)
==19188==    by 0x406EA2: printParseTreeForHTML (parser.c:396)
==19188==    by 0x400CB5: main (visualize.c:15)
==19188== 
==19188== 4 bytes in 1 blocks are still reachable in loss record 69 of 917
==19188==    at 0x4C2DB8F: malloc (in /usr/lib/valgrind/vgpreload_memcheck-amd64-linux.so)
==19188==    by 0x40457A: createElementInt (hash.c:54)
==19188==    by 0x40475E: insertInt (hash.c:94)
==19188==    by 0x4042F9: get_keyword_hasht (token.c:219)
==19188==    by 0x404FB1: getNextToken (lexer.c:36)
==19188==    by 0x406264: parseTree (parser.c:102)
==19188==    by 0x406EA2: printParseTreeForHTML (parser.c:396)
==19188==    by 0x400CB5: main (visualize.c:15)
==19188== 
==19188== 4 bytes in 1 blocks are still reachable in loss record 70 of 917
==19188==    at 0x4C2DB8F: malloc (in /usr/lib/valgrind/vgpreload_memcheck-amd64-linux.so)
==19188==    by 0x40457A: createElementInt (hash.c:54)
==19188==    by 0x40475E: insertInt (hash.c:94)
==19188==    by 0x40430F: get_keyword_hasht (token.c:220)
==19188==    by 0x404FB1: getNextToken (lexer.c:36)
==19188==    by 0x406264: parseTree (parser.c:102)
==19188==    by 0x406EA2: printParseTreeForHTML (parser.c:396)
==19188==    by 0x400CB5: main (visualize.c:15)
==19188== 
==19188== 4 bytes in 1 blocks are still reachable in loss record 71 of 917
==19188==    at 0x4C2DB8F: malloc (in /usr/lib/valgrind/vgpreload_memcheck-amd64-linux.so)
==19188==    by 0x40457A: createElementInt (hash.c:54)
==19188==    by 0x40475E: insertInt (hash.c:94)
==19188==    by 0x404325: get_keyword_hasht (token.c:221)
==19188==    by 0x404FB1: getNextToken (lexer.c:36)
==19188==    by 0x406264: parseTree (parser.c:102)
==19188==    by 0x406EA2: printParseTreeForHTML (parser.c:396)
==19188==    by 0x400CB5: main (visualize.c:15)
==19188== 
==19188== 4 bytes in 1 blocks are still reachable in loss record 72 of 917
==19188==    at 0x4C2DB8F: malloc (in /usr/lib/valgrind/vgpreload_memcheck-amd64-linux.so)
==19188==    by 0x40457A: createElementInt (hash.c:54)
==19188==    by 0x40475E: insertInt (hash.c:94)
==19188==    by 0x40433B: get_keyword_hasht (token.c:222)
==19188==    by 0x404FB1: getNextToken (lexer.c:36)
==19188==    by 0x406264: parseTree (parser.c:102)
==19188==    by 0x406EA2: printParseTreeForHTML (parser.c:396)
==19188==    by 0x400CB5: main (visualize.c:15)
==19188== 
==19188== 4 bytes in 1 blocks are still reachable in loss record 73 of 917
==19188==    at 0x4C2DB8F: malloc (in /usr/lib/valgrind/vgpreload_memcheck-amd64-linux.so)
==19188==    by 0x40457A: createElementInt (hash.c:54)
==19188==    by 0x40475E: insertInt (hash.c:94)
==19188==    by 0x404351: get_keyword_hasht (token.c:223)
==19188==    by 0x404FB1: getNextToken (lexer.c:36)
==19188==    by 0x406264: parseTree (parser.c:102)
==19188==    by 0x406EA2: printParseTreeForHTML (parser.c:396)
==19188==    by 0x400CB5: main (visualize.c:15)
==19188== 
==19188== 4 bytes in 1 blocks are still reachable in loss record 74 of 917
==19188==    at 0x4C2DB8F: malloc (in /usr/lib/valgrind/vgpreload_memcheck-amd64-linux.so)
==19188==    by 0x40457A: createElementInt (hash.c:54)
==19188==    by 0x40475E: insertInt (hash.c:94)
==19188==    by 0x404367: get_keyword_hasht (token.c:224)
==19188==    by 0x404FB1: getNextToken (lexer.c:36)
==19188==    by 0x406264: parseTree (parser.c:102)
==19188==    by 0x406EA2: printParseTreeForHTML (parser.c:396)
==19188==    by 0x400CB5: main (visualize.c:15)
==19188== 
==19188== 4 bytes in 1 blocks are still reachable in loss record 75 of 917
==19188==    at 0x4C2DB8F: malloc (in /usr/lib/valgrind/vgpreload_memcheck-amd64-linux.so)
==19188==    by 0x40457A: createElementInt (hash.c:54)
==19188==    by 0x40475E: insertInt (hash.c:94)
==19188==    by 0x40437D: get_keyword_hasht (token.c:225)
==19188==    by 0x404FB1: getNextToken (lexer.c:36)
==19188==    by 0x406264: parseTree (parser.c:102)
==19188==    by 0x406EA2: printParseTreeForHTML (parser.c:396)
==19188==    by 0x400CB5: main (visualize.c:15)
==19188== 
==19188== 4 bytes in 1 blocks are still reachable in loss record 76 of 917
==19188==    at 0x4C2DB8F: malloc (in /usr/lib/valgrind/vgpreload_memcheck-amd64-linux.so)
==19188==    by 0x40457A: createElementInt (hash.c:54)
==19188==    by 0x40475E: insertInt (hash.c:94)
==19188==    by 0x404393: get_keyword_hasht (token.c:226)
==19188==    by 0x404FB1: getNextToken (lexer.c:36)
==19188==    by 0x406264: parseTree (parser.c:102)
==19188==    by 0x406EA2: printParseTreeForHTML (parser.c:396)
==19188==    by 0x400CB5: main (visualize.c:15)
==19188== 
==19188== 4 bytes in 1 blocks are still reachable in loss record 77 of 917
==19188==    at 0x4C2DB8F: malloc (in /usr/lib/valgrind/vgpreload_memcheck-amd64-linux.so)
==19188==    by 0x40457A: createElementInt (hash.c:54)
==19188==    by 0x40475E: insertInt (hash.c:94)
==19188==    by 0x4043A9: get_keyword_hasht (token.c:227)
==19188==    by 0x404FB1: getNextToken (lexer.c:36)
==19188==    by 0x406264: parseTree (parser.c:102)
==19188==    by 0x406EA2: printParseTreeForHTML (parser.c:396)
==19188==    by 0x400CB5: main (visualize.c:15)
==19188== 
==19188== 4 bytes in 1 blocks are still reachable in loss record 78 of 917
==19188==    at 0x4C2DB8F: malloc (in /usr/lib/valgrind/vgpreload_memcheck-amd64-linux.so)
==19188==    by 0x40457A: createElementInt (hash.c:54)
==19188==    by 0x40475E: insertInt (hash.c:94)
==19188==    by 0x4043BF: get_keyword_hasht (token.c:228)
==19188==    by 0x404FB1: getNextToken (lexer.c:36)
==19188==    by 0x406264: parseTree (parser.c:102)
==19188==    by 0x406EA2: printParseTreeForHTML (parser.c:396)
==19188==    by 0x400CB5: main (visualize.c:15)
==19188== 
==19188== 4 bytes in 1 blocks are still reachable in loss record 79 of 917
==19188==    at 0x4C2DB8F: malloc (in /usr/lib/valgrind/vgpreload_memcheck-amd64-linux.so)
==19188==    by 0x40457A: createElementInt (hash.c:54)
==19188==    by 0x40475E: insertInt (hash.c:94)
==19188==    by 0x4043D5: get_keyword_hasht (token.c:229)
==19188==    by 0x404FB1: getNextToken (lexer.c:36)
==19188==    by 0x406264: parseTree (parser.c:102)
==19188==    by 0x406EA2: printParseTreeForHTML (parser.c:396)
==19188==    by 0x400CB5: main (visualize.c:15)
==19188== 
==19188== 4 bytes in 1 blocks are still reachable in loss record 80 of 917
==19188==    at 0x4C2DB8F: malloc (in /usr/lib/valgrind/vgpreload_memcheck-amd64-linux.so)
==19188==    by 0x40457A: createElementInt (hash.c:54)
==19188==    by 0x40475E: insertInt (hash.c:94)
==19188==    by 0x4043EB: get_keyword_hasht (token.c:230)
==19188==    by 0x404FB1: getNextToken (lexer.c:36)
==19188==    by 0x406264: parseTree (parser.c:102)
==19188==    by 0x406EA2: printParseTreeForHTML (parser.c:396)
==19188==    by 0x400CB5: main (visualize.c:15)
==19188== 
==19188== 4 bytes in 1 blocks are still reachable in loss record 81 of 917
==19188==    at 0x4C2DB8F: malloc (in /usr/lib/valgrind/vgpreload_memcheck-amd64-linux.so)
==19188==    by 0x40457A: createElementInt (hash.c:54)
==19188==    by 0x40475E: insertInt (hash.c:94)
==19188==    by 0x404401: get_keyword_hasht (token.c:231)
==19188==    by 0x404FB1: getNextToken (lexer.c:36)
==19188==    by 0x406264: parseTree (parser.c:102)
==19188==    by 0x406EA2: printParseTreeForHTML (parser.c:396)
==19188==    by 0x400CB5: main (visualize.c:15)
==19188== 
==19188== 4 bytes in 1 blocks are indirectly lost in loss record 82 of 917
==19188==    at 0x4C2DB8F: malloc (in /usr/lib/valgrind/vgpreload_memcheck-amd64-linux.so)
==19188==    by 0x40457A: createElementInt (hash.c:54)
==19188==    by 0x40475E: insertInt (hash.c:94)
==19188==    by 0x403CF0: get_token_hasht (token.c:140)
==19188==    by 0x4069D7: printParseTreeForHTML (parser.c:342)
==19188==    by 0x400CB5: main (visualize.c:15)
==19188== 
==19188== 4 bytes in 1 blocks are indirectly lost in loss record 83 of 917
==19188==    at 0x4C2DB8F: malloc (in /usr/lib/valgrind/vgpreload_memcheck-amd64-linux.so)
==19188==    by 0x40457A: createElementInt (hash.c:54)
==19188==    by 0x40475E: insertInt (hash.c:94)
==19188==    by 0x403D06: get_token_hasht (token.c:141)
==19188==    by 0x4069D7: printParseTreeForHTML (parser.c:342)
==19188==    by 0x400CB5: main (visualize.c:15)
==19188== 
==19188== 4 bytes in 1 blocks are indirectly lost in loss record 84 of 917
==19188==    at 0x4C2DB8F: malloc (in /usr/lib/valgrind/vgpreload_memcheck-amd64-linux.so)
==19188==    by 0x40457A: createElementInt (hash.c:54)
==19188==    by 0x40475E: insertInt (hash.c:94)
==19188==    by 0x403D1C: get_token_hasht (token.c:142)
==19188==    by 0x4069D7: printParseTreeForHTML (parser.c:342)
==19188==    by 0x400CB5: main (visualize.c:15)
==19188== 
==19188== 4 bytes in 1 blocks are indirectly lost in loss record 85 of 917
==19188==    at 0x4C2DB8F: malloc (in /usr/lib/valgrind/vgpreload_memcheck-amd64-linux.so)
==19188==    by 0x40457A: createElementInt (hash.c:54)
==19188==    by 0x40475E: insertInt (hash.c:94)
==19188==    by 0x403D32: get_token_hasht (token.c:143)
==19188==    by 0x4069D7: printParseTreeForHTML (parser.c:342)
==19188==    by 0x400CB5: main (visualize.c:15)
==19188== 
==19188== 4 bytes in 1 blocks are indirectly lost in loss record 86 of 917
==19188==    at 0x4C2DB8F: malloc (in /usr/lib/valgrind/vgpreload_memcheck-amd64-linux.so)
==19188==    by 0x40457A: createElementInt (hash.c:54)
==19188==    by 0x40475E: insertInt (hash.c:94)
==19188==    by 0x403D48: get_token_hasht (token.c:144)
==19188==    by 0x4069D7: printParseTreeForHTML (parser.c:342)
==19188==    by 0x400CB5: main (visualize.c:15)
==19188== 
==19188== 4 bytes in 1 blocks are indirectly lost in loss record 87 of 917
==19188==    at 0x4C2DB8F: malloc (in /usr/lib/valgrind/vgpreload_memcheck-amd64-linux.so)
==19188==    by 0x40457A: createElementInt (hash.c:54)
==19188==    by 0x40475E: insertInt (hash.c:94)
==19188==    by 0x403D5E: get_token_hasht (token.c:145)
==19188==    by 0x4069D7: printParseTreeForHTML (parser.c:342)
==19188==    by 0x400CB5: main (visualize.c:15)
==19188== 
==19188== 4 bytes in 1 blocks are indirectly lost in loss record 88 of 917
==19188==    at 0x4C2DB8F: malloc (in /usr/lib/valgrind/vgpreload_memcheck-amd64-linux.so)
==19188==    by 0x40457A: createElementInt (hash.c:54)
==19188==    by 0x40475E: insertInt (hash.c:94)
==19188==    by 0x403D74: get_token_hasht (token.c:146)
==19188==    by 0x4069D7: printParseTreeForHTML (parser.c:342)
==19188==    by 0x400CB5: main (visualize.c:15)
==19188== 
==19188== 4 bytes in 1 blocks are indirectly lost in loss record 89 of 917
==19188==    at 0x4C2DB8F: malloc (in /usr/lib/valgrind/vgpreload_memcheck-amd64-linux.so)
==19188==    by 0x40457A: createElementInt (hash.c:54)
==19188==    by 0x40475E: insertInt (hash.c:94)
==19188==    by 0x403D8A: get_token_hasht (token.c:147)
==19188==    by 0x4069D7: printParseTreeForHTML (parser.c:342)
==19188==    by 0x400CB5: main (visualize.c:15)
==19188== 
==19188== 4 bytes in 1 blocks are indirectly lost in loss record 90 of 917
==19188==    at 0x4C2DB8F: malloc (in /usr/lib/valgrind/vgpreload_memcheck-amd64-linux.so)
==19188==    by 0x40457A: createElementInt (hash.c:54)
==19188==    by 0x40475E: insertInt (hash.c:94)
==19188==    by 0x403DA0: get_token_hasht (token.c:148)
==19188==    by 0x4069D7: printParseTreeForHTML (parser.c:342)
==19188==    by 0x400CB5: main (visualize.c:15)
==19188== 
==19188== 4 bytes in 1 blocks are indirectly lost in loss record 91 of 917
==19188==    at 0x4C2DB8F: malloc (in /usr/lib/valgrind/vgpreload_memcheck-amd64-linux.so)
==19188==    by 0x40457A: createElementInt (hash.c:54)
==19188==    by 0x40475E: insertInt (hash.c:94)
==19188==    by 0x403DB6: get_token_hasht (token.c:149)
==19188==    by 0x4069D7: printParseTreeForHTML (parser.c:342)
==19188==    by 0x400CB5: main (visualize.c:15)
==19188== 
==19188== 4 bytes in 1 blocks are indirectly lost in loss record 92 of 917
==19188==    at 0x4C2DB8F: malloc (in /usr/lib/valgrind/vgpreload_memcheck-amd64-linux.so)
==19188==    by 0x40457A: createElementInt (hash.c:54)
==19188==    by 0x40475E: insertInt (hash.c:94)
==19188==    by 0x403DCC: get_token_hasht (token.c:150)
==19188==    by 0x4069D7: printParseTreeForHTML (parser.c:342)
==19188==    by 0x400CB5: main (visualize.c:15)
==19188== 
==19188== 4 bytes in 1 blocks are indirectly lost in loss record 93 of 917
==19188==    at 0x4C2DB8F: malloc (in /usr/lib/valgrind/vgpreload_memcheck-amd64-linux.so)
==19188==    by 0x40457A: createElementInt (hash.c:54)
==19188==    by 0x40475E: insertInt (hash.c:94)
==19188==    by 0x403DE2: get_token_hasht (token.c:151)
==19188==    by 0x4069D7: printParseTreeForHTML (parser.c:342)
==19188==    by 0x400CB5: main (visualize.c:15)
==19188== 
==19188== 4 bytes in 1 blocks are indirectly lost in loss record 94 of 917
==19188==    at 0x4C2DB8F: malloc (in /usr/lib/valgrind/vgpreload_memcheck-amd64-linux.so)
==19188==    by 0x40457A: createElementInt (hash.c:54)
==19188==    by 0x40475E: insertInt (hash.c:94)
==19188==    by 0x403DF8: get_token_hasht (token.c:152)
==19188==    by 0x4069D7: printParseTreeForHTML (parser.c:342)
==19188==    by 0x400CB5: main (visualize.c:15)
==19188== 
==19188== 4 bytes in 1 blocks are indirectly lost in loss record 95 of 917
==19188==    at 0x4C2DB8F: malloc (in /usr/lib/valgrind/vgpreload_memcheck-amd64-linux.so)
==19188==    by 0x40457A: createElementInt (hash.c:54)
==19188==    by 0x40475E: insertInt (hash.c:94)
==19188==    by 0x403E0E: get_token_hasht (token.c:153)
==19188==    by 0x4069D7: printParseTreeForHTML (parser.c:342)
==19188==    by 0x400CB5: main (visualize.c:15)
==19188== 
==19188== 4 bytes in 1 blocks are indirectly lost in loss record 96 of 917
==19188==    at 0x4C2DB8F: malloc (in /usr/lib/valgrind/vgpreload_memcheck-amd64-linux.so)
==19188==    by 0x40457A: createElementInt (hash.c:54)
==19188==    by 0x40475E: insertInt (hash.c:94)
==19188==    by 0x403E24: get_token_hasht (token.c:154)
==19188==    by 0x4069D7: printParseTreeForHTML (parser.c:342)
==19188==    by 0x400CB5: main (visualize.c:15)
==19188== 
==19188== 4 bytes in 1 blocks are indirectly lost in loss record 97 of 917
==19188==    at 0x4C2DB8F: malloc (in /usr/lib/valgrind/vgpreload_memcheck-amd64-linux.so)
==19188==    by 0x40457A: createElementInt (hash.c:54)
==19188==    by 0x40475E: insertInt (hash.c:94)
==19188==    by 0x403E3A: get_token_hasht (token.c:155)
==19188==    by 0x4069D7: printParseTreeForHTML (parser.c:342)
==19188==    by 0x400CB5: main (visualize.c:15)
==19188== 
==19188== 4 bytes in 1 blocks are indirectly lost in loss record 98 of 917
==19188==    at 0x4C2DB8F: malloc (in /usr/lib/valgrind/vgpreload_memcheck-amd64-linux.so)
==19188==    by 0x40457A: createElementInt (hash.c:54)
==19188==    by 0x40475E: insertInt (hash.c:94)
==19188==    by 0x403E50: get_token_hasht (token.c:156)
==19188==    by 0x4069D7: printParseTreeForHTML (parser.c:342)
==19188==    by 0x400CB5: main (visualize.c:15)
==19188== 
==19188== 4 bytes in 1 blocks are indirectly lost in loss record 99 of 917
==19188==    at 0x4C2DB8F: malloc (in /usr/lib/valgrind/vgpreload_memcheck-amd64-linux.so)
==19188==    by 0x40457A: createElementInt (hash.c:54)
==19188==    by 0x40475E: insertInt (hash.c:94)
==19188==    by 0x403E66: get_token_hasht (token.c:157)
==19188==    by 0x4069D7: printParseTreeForHTML (parser.c:342)
==19188==    by 0x400CB5: main (visualize.c:15)
==19188== 
==19188== 4 bytes in 1 blocks are indirectly lost in loss record 100 of 917
==19188==    at 0x4C2DB8F: malloc (in /usr/lib/valgrind/vgpreload_memcheck-amd64-linux.so)
==19188==    by 0x40457A: createElementInt (hash.c:54)
==19188==    by 0x40475E: insertInt (hash.c:94)
==19188==    by 0x403E7C: get_token_hasht (token.c:158)
==19188==    by 0x4069D7: printParseTreeForHTML (parser.c:342)
==19188==    by 0x400CB5: main (visualize.c:15)
==19188== 
==19188== 4 bytes in 1 blocks are indirectly lost in loss record 101 of 917
==19188==    at 0x4C2DB8F: malloc (in /usr/lib/valgrind/vgpreload_memcheck-amd64-linux.so)
==19188==    by 0x40457A: createElementInt (hash.c:54)
==19188==    by 0x40475E: insertInt (hash.c:94)
==19188==    by 0x403E92: get_token_hasht (token.c:159)
==19188==    by 0x4069D7: printParseTreeForHTML (parser.c:342)
==19188==    by 0x400CB5: main (visualize.c:15)
==19188== 
==19188== 4 bytes in 1 blocks are indirectly lost in loss record 102 of 917
==19188==    at 0x4C2DB8F: malloc (in /usr/lib/valgrind/vgpreload_memcheck-amd64-linux.so)
==19188==    by 0x40457A: createElementInt (hash.c:54)
==19188==    by 0x40475E: insertInt (hash.c:94)
==19188==    by 0x403EA8: get_token_hasht (token.c:160)
==19188==    by 0x4069D7: printParseTreeForHTML (parser.c:342)
==19188==    by 0x400CB5: main (visualize.c:15)
==19188== 
==19188== 4 bytes in 1 blocks are indirectly lost in loss record 103 of 917
==19188==    at 0x4C2DB8F: malloc (in /usr/lib/valgrind/vgpreload_memcheck-amd64-linux.so)
==19188==    by 0x40457A: createElementInt (hash.c:54)
==19188==    by 0x40475E: insertInt (hash.c:94)
==19188==    by 0x403EBE: get_token_hasht (token.c:161)
==19188==    by 0x4069D7: printParseTreeForHTML (parser.c:342)
==19188==    by 0x400CB5: main (visualize.c:15)
==19188== 
==19188== 4 bytes in 1 blocks are indirectly lost in loss record 104 of 917
==19188==    at 0x4C2DB8F: malloc (in /usr/lib/valgrind/vgpreload_memcheck-amd64-linux.so)
==19188==    by 0x40457A: createElementInt (hash.c:54)
==19188==    by 0x40475E: insertInt (hash.c:94)
==19188==    by 0x403ED4: get_token_hasht (token.c:162)
==19188==    by 0x4069D7: printParseTreeForHTML (parser.c:342)
==19188==    by 0x400CB5: main (visualize.c:15)
==19188== 
==19188== 4 bytes in 1 blocks are indirectly lost in loss record 105 of 917
==19188==    at 0x4C2DB8F: malloc (in /usr/lib/valgrind/vgpreload_memcheck-amd64-linux.so)
==19188==    by 0x40457A: createElementInt (hash.c:54)
==19188==    by 0x40475E: insertInt (hash.c:94)
==19188==    by 0x403EEA: get_token_hasht (token.c:163)
==19188==    by 0x4069D7: printParseTreeForHTML (parser.c:342)
==19188==    by 0x400CB5: main (visualize.c:15)
==19188== 
==19188== 4 bytes in 1 blocks are indirectly lost in loss record 106 of 917
==19188==    at 0x4C2DB8F: malloc (in /usr/lib/valgrind/vgpreload_memcheck-amd64-linux.so)
==19188==    by 0x40457A: createElementInt (hash.c:54)
==19188==    by 0x40475E: insertInt (hash.c:94)
==19188==    by 0x403F00: get_token_hasht (token.c:164)
==19188==    by 0x4069D7: printParseTreeForHTML (parser.c:342)
==19188==    by 0x400CB5: main (visualize.c:15)
==19188== 
==19188== 4 bytes in 1 blocks are indirectly lost in loss record 107 of 917
==19188==    at 0x4C2DB8F: malloc (in /usr/lib/valgrind/vgpreload_memcheck-amd64-linux.so)
==19188==    by 0x40457A: createElementInt (hash.c:54)
==19188==    by 0x40475E: insertInt (hash.c:94)
==19188==    by 0x403F16: get_token_hasht (token.c:165)
==19188==    by 0x4069D7: printParseTreeForHTML (parser.c:342)
==19188==    by 0x400CB5: main (visualize.c:15)
==19188== 
==19188== 4 bytes in 1 blocks are indirectly lost in loss record 108 of 917
==19188==    at 0x4C2DB8F: malloc (in /usr/lib/valgrind/vgpreload_memcheck-amd64-linux.so)
==19188==    by 0x40457A: createElementInt (hash.c:54)
==19188==    by 0x40475E: insertInt (hash.c:94)
==19188==    by 0x403F2C: get_token_hasht (token.c:166)
==19188==    by 0x4069D7: printParseTreeForHTML (parser.c:342)
==19188==    by 0x400CB5: main (visualize.c:15)
==19188== 
==19188== 4 bytes in 1 blocks are indirectly lost in loss record 109 of 917
==19188==    at 0x4C2DB8F: malloc (in /usr/lib/valgrind/vgpreload_memcheck-amd64-linux.so)
==19188==    by 0x40457A: createElementInt (hash.c:54)
==19188==    by 0x40475E: insertInt (hash.c:94)
==19188==    by 0x403F42: get_token_hasht (token.c:167)
==19188==    by 0x4069D7: printParseTreeForHTML (parser.c:342)
==19188==    by 0x400CB5: main (visualize.c:15)
==19188== 
==19188== 4 bytes in 1 blocks are indirectly lost in loss record 110 of 917
==19188==    at 0x4C2DB8F: malloc (in /usr/lib/valgrind/vgpreload_memcheck-amd64-linux.so)
==19188==    by 0x40457A: createElementInt (hash.c:54)
==19188==    by 0x40475E: insertInt (hash.c:94)
==19188==    by 0x403F58: get_token_hasht (token.c:168)
==19188==    by 0x4069D7: printParseTreeForHTML (parser.c:342)
==19188==    by 0x400CB5: main (visualize.c:15)
==19188== 
==19188== 4 bytes in 1 blocks are indirectly lost in loss record 111 of 917
==19188==    at 0x4C2DB8F: malloc (in /usr/lib/valgrind/vgpreload_memcheck-amd64-linux.so)
==19188==    by 0x40457A: createElementInt (hash.c:54)
==19188==    by 0x40475E: insertInt (hash.c:94)
==19188==    by 0x403F6E: get_token_hasht (token.c:169)
==19188==    by 0x4069D7: printParseTreeForHTML (parser.c:342)
==19188==    by 0x400CB5: main (visualize.c:15)
==19188== 
==19188== 4 bytes in 1 blocks are indirectly lost in loss record 112 of 917
==19188==    at 0x4C2DB8F: malloc (in /usr/lib/valgrind/vgpreload_memcheck-amd64-linux.so)
==19188==    by 0x40457A: createElementInt (hash.c:54)
==19188==    by 0x40475E: insertInt (hash.c:94)
==19188==    by 0x403F84: get_token_hasht (token.c:170)
==19188==    by 0x4069D7: printParseTreeForHTML (parser.c:342)
==19188==    by 0x400CB5: main (visualize.c:15)
==19188== 
==19188== 4 bytes in 1 blocks are indirectly lost in loss record 113 of 917
==19188==    at 0x4C2DB8F: malloc (in /usr/lib/valgrind/vgpreload_memcheck-amd64-linux.so)
==19188==    by 0x40457A: createElementInt (hash.c:54)
==19188==    by 0x40475E: insertInt (hash.c:94)
==19188==    by 0x403F9A: get_token_hasht (token.c:171)
==19188==    by 0x4069D7: printParseTreeForHTML (parser.c:342)
==19188==    by 0x400CB5: main (visualize.c:15)
==19188== 
==19188== 4 bytes in 1 blocks are indirectly lost in loss record 114 of 917
==19188==    at 0x4C2DB8F: malloc (in /usr/lib/valgrind/vgpreload_memcheck-amd64-linux.so)
==19188==    by 0x40457A: createElementInt (hash.c:54)
==19188==    by 0x40475E: insertInt (hash.c:94)
==19188==    by 0x403FB0: get_token_hasht (token.c:172)
==19188==    by 0x4069D7: printParseTreeForHTML (parser.c:342)
==19188==    by 0x400CB5: main (visualize.c:15)
==19188== 
==19188== 4 bytes in 1 blocks are indirectly lost in loss record 115 of 917
==19188==    at 0x4C2DB8F: malloc (in /usr/lib/valgrind/vgpreload_memcheck-amd64-linux.so)
==19188==    by 0x40457A: createElementInt (hash.c:54)
==19188==    by 0x40475E: insertInt (hash.c:94)
==19188==    by 0x403FC6: get_token_hasht (token.c:173)
==19188==    by 0x4069D7: printParseTreeForHTML (parser.c:342)
==19188==    by 0x400CB5: main (visualize.c:15)
==19188== 
==19188== 4 bytes in 1 blocks are indirectly lost in loss record 116 of 917
==19188==    at 0x4C2DB8F: malloc (in /usr/lib/valgrind/vgpreload_memcheck-amd64-linux.so)
==19188==    by 0x40457A: createElementInt (hash.c:54)
==19188==    by 0x40475E: insertInt (hash.c:94)
==19188==    by 0x403FDC: get_token_hasht (token.c:174)
==19188==    by 0x4069D7: printParseTreeForHTML (parser.c:342)
==19188==    by 0x400CB5: main (visualize.c:15)
==19188== 
==19188== 4 bytes in 1 blocks are indirectly lost in loss record 117 of 917
==19188==    at 0x4C2DB8F: malloc (in /usr/lib/valgrind/vgpreload_memcheck-amd64-linux.so)
==19188==    by 0x40457A: createElementInt (hash.c:54)
==19188==    by 0x40475E: insertInt (hash.c:94)
==19188==    by 0x403FF2: get_token_hasht (token.c:175)
==19188==    by 0x4069D7: printParseTreeForHTML (parser.c:342)
==19188==    by 0x400CB5: main (visualize.c:15)
==19188== 
==19188== 4 bytes in 1 blocks are indirectly lost in loss record 118 of 917
==19188==    at 0x4C2DB8F: malloc (in /usr/lib/valgrind/vgpreload_memcheck-amd64-linux.so)
==19188==    by 0x40457A: createElementInt (hash.c:54)
==19188==    by 0x40475E: insertInt (hash.c:94)
==19188==    by 0x404008: get_token_hasht (token.c:176)
==19188==    by 0x4069D7: printParseTreeForHTML (parser.c:342)
==19188==    by 0x400CB5: main (visualize.c:15)
==19188== 
==19188== 4 bytes in 1 blocks are indirectly lost in loss record 119 of 917
==19188==    at 0x4C2DB8F: malloc (in /usr/lib/valgrind/vgpreload_memcheck-amd64-linux.so)
==19188==    by 0x40457A: createElementInt (hash.c:54)
==19188==    by 0x40475E: insertInt (hash.c:94)
==19188==    by 0x40401E: get_token_hasht (token.c:177)
==19188==    by 0x4069D7: printParseTreeForHTML (parser.c:342)
==19188==    by 0x400CB5: main (visualize.c:15)
==19188== 
==19188== 4 bytes in 1 blocks are indirectly lost in loss record 120 of 917
==19188==    at 0x4C2DB8F: malloc (in /usr/lib/valgrind/vgpreload_memcheck-amd64-linux.so)
==19188==    by 0x40457A: createElementInt (hash.c:54)
==19188==    by 0x40475E: insertInt (hash.c:94)
==19188==    by 0x404034: get_token_hasht (token.c:178)
==19188==    by 0x4069D7: printParseTreeForHTML (parser.c:342)
==19188==    by 0x400CB5: main (visualize.c:15)
==19188== 
==19188== 4 bytes in 1 blocks are indirectly lost in loss record 121 of 917
==19188==    at 0x4C2DB8F: malloc (in /usr/lib/valgrind/vgpreload_memcheck-amd64-linux.so)
==19188==    by 0x40457A: createElementInt (hash.c:54)
==19188==    by 0x40475E: insertInt (hash.c:94)
==19188==    by 0x40404A: get_token_hasht (token.c:179)
==19188==    by 0x4069D7: printParseTreeForHTML (parser.c:342)
==19188==    by 0x400CB5: main (visualize.c:15)
==19188== 
==19188== 4 bytes in 1 blocks are indirectly lost in loss record 122 of 917
==19188==    at 0x4C2DB8F: malloc (in /usr/lib/valgrind/vgpreload_memcheck-amd64-linux.so)
==19188==    by 0x40457A: createElementInt (hash.c:54)
==19188==    by 0x40475E: insertInt (hash.c:94)
==19188==    by 0x404060: get_token_hasht (token.c:180)
==19188==    by 0x4069D7: printParseTreeForHTML (parser.c:342)
==19188==    by 0x400CB5: main (visualize.c:15)
==19188== 
==19188== 4 bytes in 1 blocks are indirectly lost in loss record 123 of 917
==19188==    at 0x4C2DB8F: malloc (in /usr/lib/valgrind/vgpreload_memcheck-amd64-linux.so)
==19188==    by 0x40457A: createElementInt (hash.c:54)
==19188==    by 0x40475E: insertInt (hash.c:94)
==19188==    by 0x404076: get_token_hasht (token.c:181)
==19188==    by 0x4069D7: printParseTreeForHTML (parser.c:342)
==19188==    by 0x400CB5: main (visualize.c:15)
==19188== 
==19188== 4 bytes in 1 blocks are indirectly lost in loss record 124 of 917
==19188==    at 0x4C2DB8F: malloc (in /usr/lib/valgrind/vgpreload_memcheck-amd64-linux.so)
==19188==    by 0x40457A: createElementInt (hash.c:54)
==19188==    by 0x40475E: insertInt (hash.c:94)
==19188==    by 0x40408C: get_token_hasht (token.c:182)
==19188==    by 0x4069D7: printParseTreeForHTML (parser.c:342)
==19188==    by 0x400CB5: main (visualize.c:15)
==19188== 
==19188== 4 bytes in 1 blocks are indirectly lost in loss record 125 of 917
==19188==    at 0x4C2DB8F: malloc (in /usr/lib/valgrind/vgpreload_memcheck-amd64-linux.so)
==19188==    by 0x40457A: createElementInt (hash.c:54)
==19188==    by 0x40475E: insertInt (hash.c:94)
==19188==    by 0x4040A2: get_token_hasht (token.c:183)
==19188==    by 0x4069D7: printParseTreeForHTML (parser.c:342)
==19188==    by 0x400CB5: main (visualize.c:15)
==19188== 
==19188== 4 bytes in 1 blocks are indirectly lost in loss record 126 of 917
==19188==    at 0x4C2DB8F: malloc (in /usr/lib/valgrind/vgpreload_memcheck-amd64-linux.so)
==19188==    by 0x40457A: createElementInt (hash.c:54)
==19188==    by 0x40475E: insertInt (hash.c:94)
==19188==    by 0x4040B8: get_token_hasht (token.c:184)
==19188==    by 0x4069D7: printParseTreeForHTML (parser.c:342)
==19188==    by 0x400CB5: main (visualize.c:15)
==19188== 
==19188== 4 bytes in 1 blocks are indirectly lost in loss record 127 of 917
==19188==    at 0x4C2DB8F: malloc (in /usr/lib/valgrind/vgpreload_memcheck-amd64-linux.so)
==19188==    by 0x40457A: createElementInt (hash.c:54)
==19188==    by 0x40475E: insertInt (hash.c:94)
==19188==    by 0x4040CE: get_token_hasht (token.c:185)
==19188==    by 0x4069D7: printParseTreeForHTML (parser.c:342)
==19188==    by 0x400CB5: main (visualize.c:15)
==19188== 
==19188== 4 bytes in 1 blocks are indirectly lost in loss record 128 of 917
==19188==    at 0x4C2DB8F: malloc (in /usr/lib/valgrind/vgpreload_memcheck-amd64-linux.so)
==19188==    by 0x40457A: createElementInt (hash.c:54)
==19188==    by 0x40475E: insertInt (hash.c:94)
==19188==    by 0x4040E4: get_token_hasht (token.c:186)
==19188==    by 0x4069D7: printParseTreeForHTML (parser.c:342)
==19188==    by 0x400CB5: main (visualize.c:15)
==19188== 
==19188== 4 bytes in 1 blocks are indirectly lost in loss record 129 of 917
==19188==    at 0x4C2DB8F: malloc (in /usr/lib/valgrind/vgpreload_memcheck-amd64-linux.so)
==19188==    by 0x40457A: createElementInt (hash.c:54)
==19188==    by 0x40475E: insertInt (hash.c:94)
==19188==    by 0x4040FA: get_token_hasht (token.c:187)
==19188==    by 0x4069D7: printParseTreeForHTML (parser.c:342)
==19188==    by 0x400CB5: main (visualize.c:15)
==19188== 
==19188== 4 bytes in 1 blocks are indirectly lost in loss record 130 of 917
==19188==    at 0x4C2DB8F: malloc (in /usr/lib/valgrind/vgpreload_memcheck-amd64-linux.so)
==19188==    by 0x40457A: createElementInt (hash.c:54)
==19188==    by 0x40475E: insertInt (hash.c:94)
==19188==    by 0x404110: get_token_hasht (token.c:188)
==19188==    by 0x4069D7: printParseTreeForHTML (parser.c:342)
==19188==    by 0x400CB5: main (visualize.c:15)
==19188== 
==19188== 4 bytes in 1 blocks are indirectly lost in loss record 131 of 917
==19188==    at 0x4C2DB8F: malloc (in /usr/lib/valgrind/vgpreload_memcheck-amd64-linux.so)
==19188==    by 0x40457A: createElementInt (hash.c:54)
==19188==    by 0x40475E: insertInt (hash.c:94)
==19188==    by 0x404126: get_token_hasht (token.c:189)
==19188==    by 0x4069D7: printParseTreeForHTML (parser.c:342)
==19188==    by 0x400CB5: main (visualize.c:15)
==19188== 
==19188== 4 bytes in 1 blocks are indirectly lost in loss record 132 of 917
==19188==    at 0x4C2DB8F: malloc (in /usr/lib/valgrind/vgpreload_memcheck-amd64-linux.so)
==19188==    by 0x40457A: createElementInt (hash.c:54)
==19188==    by 0x40475E: insertInt (hash.c:94)
==19188==    by 0x40413C: get_token_hasht (token.c:190)
==19188==    by 0x4069D7: printParseTreeForHTML (parser.c:342)
==19188==    by 0x400CB5: main (visualize.c:15)
==19188== 
==19188== 4 bytes in 1 blocks are indirectly lost in loss record 133 of 917
==19188==    at 0x4C2DB8F: malloc (in /usr/lib/valgrind/vgpreload_memcheck-amd64-linux.so)
==19188==    by 0x40457A: createElementInt (hash.c:54)
==19188==    by 0x40475E: insertInt (hash.c:94)
==19188==    by 0x404152: get_token_hasht (token.c:191)
==19188==    by 0x4069D7: printParseTreeForHTML (parser.c:342)
==19188==    by 0x400CB5: main (visualize.c:15)
==19188== 
==19188== 4 bytes in 1 blocks are indirectly lost in loss record 134 of 917
==19188==    at 0x4C2DB8F: malloc (in /usr/lib/valgrind/vgpreload_memcheck-amd64-linux.so)
==19188==    by 0x40457A: createElementInt (hash.c:54)
==19188==    by 0x40475E: insertInt (hash.c:94)
==19188==    by 0x404168: get_token_hasht (token.c:192)
==19188==    by 0x4069D7: printParseTreeForHTML (parser.c:342)
==19188==    by 0x400CB5: main (visualize.c:15)
==19188== 
==19188== 4 bytes in 1 blocks are indirectly lost in loss record 135 of 917
==19188==    at 0x4C2DB8F: malloc (in /usr/lib/valgrind/vgpreload_memcheck-amd64-linux.so)
==19188==    by 0x40457A: createElementInt (hash.c:54)
==19188==    by 0x40475E: insertInt (hash.c:94)
==19188==    by 0x40417E: get_token_hasht (token.c:193)
==19188==    by 0x4069D7: printParseTreeForHTML (parser.c:342)
==19188==    by 0x400CB5: main (visualize.c:15)
==19188== 
==19188== 4 bytes in 1 blocks are indirectly lost in loss record 136 of 917
==19188==    at 0x4C2DB8F: malloc (in /usr/lib/valgrind/vgpreload_memcheck-amd64-linux.so)
==19188==    by 0x40457A: createElementInt (hash.c:54)
==19188==    by 0x40475E: insertInt (hash.c:94)
==19188==    by 0x404194: get_token_hasht (token.c:195)
==19188==    by 0x4069D7: printParseTreeForHTML (parser.c:342)
==19188==    by 0x400CB5: main (visualize.c:15)
==19188== 
==19188== 4 bytes in 1 blocks are indirectly lost in loss record 137 of 917
==19188==    at 0x4C2DB8F: malloc (in /usr/lib/valgrind/vgpreload_memcheck-amd64-linux.so)
==19188==    by 0x40457A: createElementInt (hash.c:54)
==19188==    by 0x40475E: insertInt (hash.c:94)
==19188==    by 0x4041AA: get_token_hasht (token.c:196)
==19188==    by 0x4069D7: printParseTreeForHTML (parser.c:342)
==19188==    by 0x400CB5: main (visualize.c:15)
==19188== 
==19188== 4 bytes in 1 blocks are indirectly lost in loss record 138 of 917
==19188==    at 0x4C2DB8F: malloc (in /usr/lib/valgrind/vgpreload_memcheck-amd64-linux.so)
==19188==    by 0x40457A: createElementInt (hash.c:54)
==19188==    by 0x40475E: insertInt (hash.c:94)
==19188==    by 0x4041C0: get_token_hasht (token.c:197)
==19188==    by 0x4069D7: printParseTreeForHTML (parser.c:342)
==19188==    by 0x400CB5: main (visualize.c:15)
==19188== 
==19188== 8 bytes in 1 blocks are still reachable in loss record 139 of 917
==19188==    at 0x4C2DB8F: malloc (in /usr/lib/valgrind/vgpreload_memcheck-amd64-linux.so)
==19188==    by 0x404F99: getNextToken (lexer.c:35)
==19188==    by 0x406264: parseTree (parser.c:102)
==19188==    by 0x406EA2: printParseTreeForHTML (parser.c:396)
==19188==    by 0x400CB5: main (visualize.c:15)
==19188== 
==19188== 8 bytes in 1 blocks are definitely lost in loss record 140 of 917
==19188==    at 0x4C2DB8F: malloc (in /usr/lib/valgrind/vgpreload_memcheck-amd64-linux.so)
==19188==    by 0x40860F: a_gives_b_a_reduce (semantic_functions.c:308)
==19188==    by 0x4088F9: post_order_traversal (traversal.c:15)
==19188==    by 0x408876: post_order_traversal (traversal.c:10)
==19188==    by 0x408876: post_order_traversal (traversal.c:10)
==19188==    by 0x408876: post_order_traversal (traversal.c:10)
==19188==    by 0x408876: post_order_traversal (traversal.c:10)
==19188==    by 0x408876: post_order_traversal (traversal.c:10)
==19188==    by 0x406EB2: printParseTreeForHTML (parser.c:397)
==19188==    by 0x400CB5: main (visualize.c:15)
==19188== 
==19188== 8 bytes in 1 blocks are definitely lost in loss record 141 of 917
==19188==    at 0x4C2DB8F: malloc (in /usr/lib/valgrind/vgpreload_memcheck-amd64-linux.so)
==19188==    by 0x40873A: a_gives_b_a_reduce_with_both (semantic_functions.c:332)
==19188==    by 0x4088F9: post_order_traversal (traversal.c:15)
==19188==    by 0x408876: post_order_traversal (traversal.c:10)
==19188==    by 0x408876: post_order_traversal (traversal.c:10)
==19188==    by 0x408876: post_order_traversal (traversal.c:10)
==19188==    by 0x408876: post_order_traversal (traversal.c:10)
==19188==    by 0x408876: post_order_traversal (traversal.c:10)
==19188==    by 0x408876: post_order_traversal (traversal.c:10)
==19188==    by 0x408876: post_order_traversal (traversal.c:10)
==19188==    by 0x406EB2: printParseTreeForHTML (parser.c:397)
==19188==    by 0x400CB5: main (visualize.c:15)
==19188== 
==19188== 16 bytes in 1 blocks are still reachable in loss record 142 of 917
==19188==    at 0x4C2DB8F: malloc (in /usr/lib/valgrind/vgpreload_memcheck-amd64-linux.so)
==19188==    by 0x40456C: createElementInt (hash.c:53)
==19188==    by 0x40475E: insertInt (hash.c:94)
==19188==    by 0x403CF0: get_token_hasht (token.c:140)
==19188==    by 0x4013C1: populate_dfa (populate_dfa.c:145)
==19188==    by 0x404E4D: createDFA (lexer.c:10)
==19188==    by 0x404EE1: getNextToken (lexer.c:23)
==19188==    by 0x406264: parseTree (parser.c:102)
==19188==    by 0x406EA2: printParseTreeForHTML (parser.c:396)
==19188==    by 0x400CB5: main (visualize.c:15)
==19188== 
==19188== 16 bytes in 1 blocks are still reachable in loss record 143 of 917
==19188==    at 0x4C2DB8F: malloc (in /usr/lib/valgrind/vgpreload_memcheck-amd64-linux.so)
==19188==    by 0x404B47: insertBefore (SeqList.c:78)
==19188==    by 0x404DD0: insertAtEnd (SeqList.c:185)
==19188==    by 0x4047E4: insertInt (hash.c:99)
==19188==    by 0x403CF0: get_token_hasht (token.c:140)
==19188==    by 0x4013C1: populate_dfa (populate_dfa.c:145)
==19188==    by 0x404E4D: createDFA (lexer.c:10)
==19188==    by 0x404EE1: getNextToken (lexer.c:23)
==19188==    by 0x406264: parseTree (parser.c:102)
==19188==    by 0x406EA2: printParseTreeForHTML (parser.c:396)
==19188==    by 0x400CB5: main (visualize.c:15)
==19188== 
==19188== 16 bytes in 1 blocks are still reachable in loss record 144 of 917
==19188==    at 0x4C2DB8F: malloc (in /usr/lib/valgrind/vgpreload_memcheck-amd64-linux.so)
==19188==    by 0x40456C: createElementInt (hash.c:53)
==19188==    by 0x40475E: insertInt (hash.c:94)
==19188==    by 0x403D06: get_token_hasht (token.c:141)
==19188==    by 0x4013C1: populate_dfa (populate_dfa.c:145)
==19188==    by 0x404E4D: createDFA (lexer.c:10)
==19188==    by 0x404EE1: getNextToken (lexer.c:23)
==19188==    by 0x406264: parseTree (parser.c:102)
==19188==    by 0x406EA2: printParseTreeForHTML (parser.c:396)
==19188==    by 0x400CB5: main (visualize.c:15)
==19188== 
==19188== 16 bytes in 1 blocks are still reachable in loss record 145 of 917
==19188==    at 0x4C2DB8F: malloc (in /usr/lib/valgrind/vgpreload_memcheck-amd64-linux.so)
==19188==    by 0x404B47: insertBefore (SeqList.c:78)
==19188==    by 0x404DD0: insertAtEnd (SeqList.c:185)
==19188==    by 0x4047E4: insertInt (hash.c:99)
==19188==    by 0x403D06: get_token_hasht (token.c:141)
==19188==    by 0x4013C1: populate_dfa (populate_dfa.c:145)
==19188==    by 0x404E4D: createDFA (lexer.c:10)
==19188==    by 0x404EE1: getNextToken (lexer.c:23)
==19188==    by 0x406264: parseTree (parser.c:102)
==19188==    by 0x406EA2: printParseTreeForHTML (parser.c:396)
==19188==    by 0x400CB5: main (visualize.c:15)
==19188== 
==19188== 16 bytes in 1 blocks are still reachable in loss record 146 of 917
==19188==    at 0x4C2DB8F: malloc (in /usr/lib/valgrind/vgpreload_memcheck-amd64-linux.so)
==19188==    by 0x40456C: createElementInt (hash.c:53)
==19188==    by 0x40475E: insertInt (hash.c:94)
==19188==    by 0x403D1C: get_token_hasht (token.c:142)
==19188==    by 0x4013C1: populate_dfa (populate_dfa.c:145)
==19188==    by 0x404E4D: createDFA (lexer.c:10)
==19188==    by 0x404EE1: getNextToken (lexer.c:23)
==19188==    by 0x406264: parseTree (parser.c:102)
==19188==    by 0x406EA2: printParseTreeForHTML (parser.c:396)
==19188==    by 0x400CB5: main (visualize.c:15)
==19188== 
==19188== 16 bytes in 1 blocks are still reachable in loss record 147 of 917
==19188==    at 0x4C2DB8F: malloc (in /usr/lib/valgrind/vgpreload_memcheck-amd64-linux.so)
==19188==    by 0x404B47: insertBefore (SeqList.c:78)
==19188==    by 0x404DD0: insertAtEnd (SeqList.c:185)
==19188==    by 0x4047E4: insertInt (hash.c:99)
==19188==    by 0x403D1C: get_token_hasht (token.c:142)
==19188==    by 0x4013C1: populate_dfa (populate_dfa.c:145)
==19188==    by 0x404E4D: createDFA (lexer.c:10)
==19188==    by 0x404EE1: getNextToken (lexer.c:23)
==19188==    by 0x406264: parseTree (parser.c:102)
==19188==    by 0x406EA2: printParseTreeForHTML (parser.c:396)
==19188==    by 0x400CB5: main (visualize.c:15)
==19188== 
==19188== 16 bytes in 1 blocks are still reachable in loss record 148 of 917
==19188==    at 0x4C2DB8F: malloc (in /usr/lib/valgrind/vgpreload_memcheck-amd64-linux.so)
==19188==    by 0x40456C: createElementInt (hash.c:53)
==19188==    by 0x40475E: insertInt (hash.c:94)
==19188==    by 0x403D32: get_token_hasht (token.c:143)
==19188==    by 0x4013C1: populate_dfa (populate_dfa.c:145)
==19188==    by 0x404E4D: createDFA (lexer.c:10)
==19188==    by 0x404EE1: getNextToken (lexer.c:23)
==19188==    by 0x406264: parseTree (parser.c:102)
==19188==    by 0x406EA2: printParseTreeForHTML (parser.c:396)
==19188==    by 0x400CB5: main (visualize.c:15)
==19188== 
==19188== 16 bytes in 1 blocks are still reachable in loss record 149 of 917
==19188==    at 0x4C2DB8F: malloc (in /usr/lib/valgrind/vgpreload_memcheck-amd64-linux.so)
==19188==    by 0x404B47: insertBefore (SeqList.c:78)
==19188==    by 0x404DD0: insertAtEnd (SeqList.c:185)
==19188==    by 0x4047E4: insertInt (hash.c:99)
==19188==    by 0x403D32: get_token_hasht (token.c:143)
==19188==    by 0x4013C1: populate_dfa (populate_dfa.c:145)
==19188==    by 0x404E4D: createDFA (lexer.c:10)
==19188==    by 0x404EE1: getNextToken (lexer.c:23)
==19188==    by 0x406264: parseTree (parser.c:102)
==19188==    by 0x406EA2: printParseTreeForHTML (parser.c:396)
==19188==    by 0x400CB5: main (visualize.c:15)
==19188== 
==19188== 16 bytes in 1 blocks are still reachable in loss record 150 of 917
==19188==    at 0x4C2DB8F: malloc (in /usr/lib/valgrind/vgpreload_memcheck-amd64-linux.so)
==19188==    by 0x40456C: createElementInt (hash.c:53)
==19188==    by 0x40475E: insertInt (hash.c:94)
==19188==    by 0x403D48: get_token_hasht (token.c:144)
==19188==    by 0x4013C1: populate_dfa (populate_dfa.c:145)
==19188==    by 0x404E4D: createDFA (lexer.c:10)
==19188==    by 0x404EE1: getNextToken (lexer.c:23)
==19188==    by 0x406264: parseTree (parser.c:102)
==19188==    by 0x406EA2: printParseTreeForHTML (parser.c:396)
==19188==    by 0x400CB5: main (visualize.c:15)
==19188== 
==19188== 16 bytes in 1 blocks are still reachable in loss record 151 of 917
==19188==    at 0x4C2DB8F: malloc (in /usr/lib/valgrind/vgpreload_memcheck-amd64-linux.so)
==19188==    by 0x404B47: insertBefore (SeqList.c:78)
==19188==    by 0x404DD0: insertAtEnd (SeqList.c:185)
==19188==    by 0x4047E4: insertInt (hash.c:99)
==19188==    by 0x403D48: get_token_hasht (token.c:144)
==19188==    by 0x4013C1: populate_dfa (populate_dfa.c:145)
==19188==    by 0x404E4D: createDFA (lexer.c:10)
==19188==    by 0x404EE1: getNextToken (lexer.c:23)
==19188==    by 0x406264: parseTree (parser.c:102)
==19188==    by 0x406EA2: printParseTreeForHTML (parser.c:396)
==19188==    by 0x400CB5: main (visualize.c:15)
==19188== 
==19188== 16 bytes in 1 blocks are still reachable in loss record 152 of 917
==19188==    at 0x4C2DB8F: malloc (in /usr/lib/valgrind/vgpreload_memcheck-amd64-linux.so)
==19188==    by 0x40456C: createElementInt (hash.c:53)
==19188==    by 0x40475E: insertInt (hash.c:94)
==19188==    by 0x403D5E: get_token_hasht (token.c:145)
==19188==    by 0x4013C1: populate_dfa (populate_dfa.c:145)
==19188==    by 0x404E4D: createDFA (lexer.c:10)
==19188==    by 0x404EE1: getNextToken (lexer.c:23)
==19188==    by 0x406264: parseTree (parser.c:102)
==19188==    by 0x406EA2: printParseTreeForHTML (parser.c:396)
==19188==    by 0x400CB5: main (visualize.c:15)
==19188== 
==19188== 16 bytes in 1 blocks are still reachable in loss record 153 of 917
==19188==    at 0x4C2DB8F: malloc (in /usr/lib/valgrind/vgpreload_memcheck-amd64-linux.so)
==19188==    by 0x404B47: insertBefore (SeqList.c:78)
==19188==    by 0x404DD0: insertAtEnd (SeqList.c:185)
==19188==    by 0x4047E4: insertInt (hash.c:99)
==19188==    by 0x403D5E: get_token_hasht (token.c:145)
==19188==    by 0x4013C1: populate_dfa (populate_dfa.c:145)
==19188==    by 0x404E4D: createDFA (lexer.c:10)
==19188==    by 0x404EE1: getNextToken (lexer.c:23)
==19188==    by 0x406264: parseTree (parser.c:102)
==19188==    by 0x406EA2: printParseTreeForHTML (parser.c:396)
==19188==    by 0x400CB5: main (visualize.c:15)
==19188== 
==19188== 16 bytes in 1 blocks are still reachable in loss record 154 of 917
==19188==    at 0x4C2DB8F: malloc (in /usr/lib/valgrind/vgpreload_memcheck-amd64-linux.so)
==19188==    by 0x40456C: createElementInt (hash.c:53)
==19188==    by 0x40475E: insertInt (hash.c:94)
==19188==    by 0x403D74: get_token_hasht (token.c:146)
==19188==    by 0x4013C1: populate_dfa (populate_dfa.c:145)
==19188==    by 0x404E4D: createDFA (lexer.c:10)
==19188==    by 0x404EE1: getNextToken (lexer.c:23)
==19188==    by 0x406264: parseTree (parser.c:102)
==19188==    by 0x406EA2: printParseTreeForHTML (parser.c:396)
==19188==    by 0x400CB5: main (visualize.c:15)
==19188== 
==19188== 16 bytes in 1 blocks are still reachable in loss record 155 of 917
==19188==    at 0x4C2DB8F: malloc (in /usr/lib/valgrind/vgpreload_memcheck-amd64-linux.so)
==19188==    by 0x404B47: insertBefore (SeqList.c:78)
==19188==    by 0x404DD0: insertAtEnd (SeqList.c:185)
==19188==    by 0x4047E4: insertInt (hash.c:99)
==19188==    by 0x403D74: get_token_hasht (token.c:146)
==19188==    by 0x4013C1: populate_dfa (populate_dfa.c:145)
==19188==    by 0x404E4D: createDFA (lexer.c:10)
==19188==    by 0x404EE1: getNextToken (lexer.c:23)
==19188==    by 0x406264: parseTree (parser.c:102)
==19188==    by 0x406EA2: printParseTreeForHTML (parser.c:396)
==19188==    by 0x400CB5: main (visualize.c:15)
==19188== 
==19188== 16 bytes in 1 blocks are still reachable in loss record 156 of 917
==19188==    at 0x4C2DB8F: malloc (in /usr/lib/valgrind/vgpreload_memcheck-amd64-linux.so)
==19188==    by 0x40456C: createElementInt (hash.c:53)
==19188==    by 0x40475E: insertInt (hash.c:94)
==19188==    by 0x403D8A: get_token_hasht (token.c:147)
==19188==    by 0x4013C1: populate_dfa (populate_dfa.c:145)
==19188==    by 0x404E4D: createDFA (lexer.c:10)
==19188==    by 0x404EE1: getNextToken (lexer.c:23)
==19188==    by 0x406264: parseTree (parser.c:102)
==19188==    by 0x406EA2: printParseTreeForHTML (parser.c:396)
==19188==    by 0x400CB5: main (visualize.c:15)
==19188== 
==19188== 16 bytes in 1 blocks are still reachable in loss record 157 of 917
==19188==    at 0x4C2DB8F: malloc (in /usr/lib/valgrind/vgpreload_memcheck-amd64-linux.so)
==19188==    by 0x404B47: insertBefore (SeqList.c:78)
==19188==    by 0x404DD0: insertAtEnd (SeqList.c:185)
==19188==    by 0x4047E4: insertInt (hash.c:99)
==19188==    by 0x403D8A: get_token_hasht (token.c:147)
==19188==    by 0x4013C1: populate_dfa (populate_dfa.c:145)
==19188==    by 0x404E4D: createDFA (lexer.c:10)
==19188==    by 0x404EE1: getNextToken (lexer.c:23)
==19188==    by 0x406264: parseTree (parser.c:102)
==19188==    by 0x406EA2: printParseTreeForHTML (parser.c:396)
==19188==    by 0x400CB5: main (visualize.c:15)
==19188== 
==19188== 16 bytes in 1 blocks are still reachable in loss record 158 of 917
==19188==    at 0x4C2DB8F: malloc (in /usr/lib/valgrind/vgpreload_memcheck-amd64-linux.so)
==19188==    by 0x40456C: createElementInt (hash.c:53)
==19188==    by 0x40475E: insertInt (hash.c:94)
==19188==    by 0x403DA0: get_token_hasht (token.c:148)
==19188==    by 0x4013C1: populate_dfa (populate_dfa.c:145)
==19188==    by 0x404E4D: createDFA (lexer.c:10)
==19188==    by 0x404EE1: getNextToken (lexer.c:23)
==19188==    by 0x406264: parseTree (parser.c:102)
==19188==    by 0x406EA2: printParseTreeForHTML (parser.c:396)
==19188==    by 0x400CB5: main (visualize.c:15)
==19188== 
==19188== 16 bytes in 1 blocks are still reachable in loss record 159 of 917
==19188==    at 0x4C2DB8F: malloc (in /usr/lib/valgrind/vgpreload_memcheck-amd64-linux.so)
==19188==    by 0x404B47: insertBefore (SeqList.c:78)
==19188==    by 0x404DD0: insertAtEnd (SeqList.c:185)
==19188==    by 0x4047E4: insertInt (hash.c:99)
==19188==    by 0x403DA0: get_token_hasht (token.c:148)
==19188==    by 0x4013C1: populate_dfa (populate_dfa.c:145)
==19188==    by 0x404E4D: createDFA (lexer.c:10)
==19188==    by 0x404EE1: getNextToken (lexer.c:23)
==19188==    by 0x406264: parseTree (parser.c:102)
==19188==    by 0x406EA2: printParseTreeForHTML (parser.c:396)
==19188==    by 0x400CB5: main (visualize.c:15)
==19188== 
==19188== 16 bytes in 1 blocks are still reachable in loss record 160 of 917
==19188==    at 0x4C2DB8F: malloc (in /usr/lib/valgrind/vgpreload_memcheck-amd64-linux.so)
==19188==    by 0x40456C: createElementInt (hash.c:53)
==19188==    by 0x40475E: insertInt (hash.c:94)
==19188==    by 0x403DB6: get_token_hasht (token.c:149)
==19188==    by 0x4013C1: populate_dfa (populate_dfa.c:145)
==19188==    by 0x404E4D: createDFA (lexer.c:10)
==19188==    by 0x404EE1: getNextToken (lexer.c:23)
==19188==    by 0x406264: parseTree (parser.c:102)
==19188==    by 0x406EA2: printParseTreeForHTML (parser.c:396)
==19188==    by 0x400CB5: main (visualize.c:15)
==19188== 
==19188== 16 bytes in 1 blocks are still reachable in loss record 161 of 917
==19188==    at 0x4C2DB8F: malloc (in /usr/lib/valgrind/vgpreload_memcheck-amd64-linux.so)
==19188==    by 0x404B47: insertBefore (SeqList.c:78)
==19188==    by 0x404DD0: insertAtEnd (SeqList.c:185)
==19188==    by 0x4047E4: insertInt (hash.c:99)
==19188==    by 0x403DB6: get_token_hasht (token.c:149)
==19188==    by 0x4013C1: populate_dfa (populate_dfa.c:145)
==19188==    by 0x404E4D: createDFA (lexer.c:10)
==19188==    by 0x404EE1: getNextToken (lexer.c:23)
==19188==    by 0x406264: parseTree (parser.c:102)
==19188==    by 0x406EA2: printParseTreeForHTML (parser.c:396)
==19188==    by 0x400CB5: main (visualize.c:15)
==19188== 
==19188== 16 bytes in 1 blocks are still reachable in loss record 162 of 917
==19188==    at 0x4C2DB8F: malloc (in /usr/lib/valgrind/vgpreload_memcheck-amd64-linux.so)
==19188==    by 0x40456C: createElementInt (hash.c:53)
==19188==    by 0x40475E: insertInt (hash.c:94)
==19188==    by 0x403DCC: get_token_hasht (token.c:150)
==19188==    by 0x4013C1: populate_dfa (populate_dfa.c:145)
==19188==    by 0x404E4D: createDFA (lexer.c:10)
==19188==    by 0x404EE1: getNextToken (lexer.c:23)
==19188==    by 0x406264: parseTree (parser.c:102)
==19188==    by 0x406EA2: printParseTreeForHTML (parser.c:396)
==19188==    by 0x400CB5: main (visualize.c:15)
==19188== 
==19188== 16 bytes in 1 blocks are still reachable in loss record 163 of 917
==19188==    at 0x4C2DB8F: malloc (in /usr/lib/valgrind/vgpreload_memcheck-amd64-linux.so)
==19188==    by 0x404B47: insertBefore (SeqList.c:78)
==19188==    by 0x404DD0: insertAtEnd (SeqList.c:185)
==19188==    by 0x4047E4: insertInt (hash.c:99)
==19188==    by 0x403DCC: get_token_hasht (token.c:150)
==19188==    by 0x4013C1: populate_dfa (populate_dfa.c:145)
==19188==    by 0x404E4D: createDFA (lexer.c:10)
==19188==    by 0x404EE1: getNextToken (lexer.c:23)
==19188==    by 0x406264: parseTree (parser.c:102)
==19188==    by 0x406EA2: printParseTreeForHTML (parser.c:396)
==19188==    by 0x400CB5: main (visualize.c:15)
==19188== 
==19188== 16 bytes in 1 blocks are still reachable in loss record 164 of 917
==19188==    at 0x4C2DB8F: malloc (in /usr/lib/valgrind/vgpreload_memcheck-amd64-linux.so)
==19188==    by 0x40456C: createElementInt (hash.c:53)
==19188==    by 0x40475E: insertInt (hash.c:94)
==19188==    by 0x403DE2: get_token_hasht (token.c:151)
==19188==    by 0x4013C1: populate_dfa (populate_dfa.c:145)
==19188==    by 0x404E4D: createDFA (lexer.c:10)
==19188==    by 0x404EE1: getNextToken (lexer.c:23)
==19188==    by 0x406264: parseTree (parser.c:102)
==19188==    by 0x406EA2: printParseTreeForHTML (parser.c:396)
==19188==    by 0x400CB5: main (visualize.c:15)
==19188== 
==19188== 16 bytes in 1 blocks are still reachable in loss record 165 of 917
==19188==    at 0x4C2DB8F: malloc (in /usr/lib/valgrind/vgpreload_memcheck-amd64-linux.so)
==19188==    by 0x404B47: insertBefore (SeqList.c:78)
==19188==    by 0x404DD0: insertAtEnd (SeqList.c:185)
==19188==    by 0x4047E4: insertInt (hash.c:99)
==19188==    by 0x403DE2: get_token_hasht (token.c:151)
==19188==    by 0x4013C1: populate_dfa (populate_dfa.c:145)
==19188==    by 0x404E4D: createDFA (lexer.c:10)
==19188==    by 0x404EE1: getNextToken (lexer.c:23)
==19188==    by 0x406264: parseTree (parser.c:102)
==19188==    by 0x406EA2: printParseTreeForHTML (parser.c:396)
==19188==    by 0x400CB5: main (visualize.c:15)
==19188== 
==19188== 16 bytes in 1 blocks are still reachable in loss record 166 of 917
==19188==    at 0x4C2DB8F: malloc (in /usr/lib/valgrind/vgpreload_memcheck-amd64-linux.so)
==19188==    by 0x40456C: createElementInt (hash.c:53)
==19188==    by 0x40475E: insertInt (hash.c:94)
==19188==    by 0x403DF8: get_token_hasht (token.c:152)
==19188==    by 0x4013C1: populate_dfa (populate_dfa.c:145)
==19188==    by 0x404E4D: createDFA (lexer.c:10)
==19188==    by 0x404EE1: getNextToken (lexer.c:23)
==19188==    by 0x406264: parseTree (parser.c:102)
==19188==    by 0x406EA2: printParseTreeForHTML (parser.c:396)
==19188==    by 0x400CB5: main (visualize.c:15)
==19188== 
==19188== 16 bytes in 1 blocks are still reachable in loss record 167 of 917
==19188==    at 0x4C2DB8F: malloc (in /usr/lib/valgrind/vgpreload_memcheck-amd64-linux.so)
==19188==    by 0x404B47: insertBefore (SeqList.c:78)
==19188==    by 0x404DD0: insertAtEnd (SeqList.c:185)
==19188==    by 0x4047E4: insertInt (hash.c:99)
==19188==    by 0x403DF8: get_token_hasht (token.c:152)
==19188==    by 0x4013C1: populate_dfa (populate_dfa.c:145)
==19188==    by 0x404E4D: createDFA (lexer.c:10)
==19188==    by 0x404EE1: getNextToken (lexer.c:23)
==19188==    by 0x406264: parseTree (parser.c:102)
==19188==    by 0x406EA2: printParseTreeForHTML (parser.c:396)
==19188==    by 0x400CB5: main (visualize.c:15)
==19188== 
==19188== 16 bytes in 1 blocks are still reachable in loss record 168 of 917
==19188==    at 0x4C2DB8F: malloc (in /usr/lib/valgrind/vgpreload_memcheck-amd64-linux.so)
==19188==    by 0x40456C: createElementInt (hash.c:53)
==19188==    by 0x40475E: insertInt (hash.c:94)
==19188==    by 0x403E0E: get_token_hasht (token.c:153)
==19188==    by 0x4013C1: populate_dfa (populate_dfa.c:145)
==19188==    by 0x404E4D: createDFA (lexer.c:10)
==19188==    by 0x404EE1: getNextToken (lexer.c:23)
==19188==    by 0x406264: parseTree (parser.c:102)
==19188==    by 0x406EA2: printParseTreeForHTML (parser.c:396)
==19188==    by 0x400CB5: main (visualize.c:15)
==19188== 
==19188== 16 bytes in 1 blocks are still reachable in loss record 169 of 917
==19188==    at 0x4C2DB8F: malloc (in /usr/lib/valgrind/vgpreload_memcheck-amd64-linux.so)
==19188==    by 0x404B47: insertBefore (SeqList.c:78)
==19188==    by 0x404DD0: insertAtEnd (SeqList.c:185)
==19188==    by 0x4047E4: insertInt (hash.c:99)
==19188==    by 0x403E0E: get_token_hasht (token.c:153)
==19188==    by 0x4013C1: populate_dfa (populate_dfa.c:145)
==19188==    by 0x404E4D: createDFA (lexer.c:10)
==19188==    by 0x404EE1: getNextToken (lexer.c:23)
==19188==    by 0x406264: parseTree (parser.c:102)
==19188==    by 0x406EA2: printParseTreeForHTML (parser.c:396)
==19188==    by 0x400CB5: main (visualize.c:15)
==19188== 
==19188== 16 bytes in 1 blocks are still reachable in loss record 170 of 917
==19188==    at 0x4C2DB8F: malloc (in /usr/lib/valgrind/vgpreload_memcheck-amd64-linux.so)
==19188==    by 0x40456C: createElementInt (hash.c:53)
==19188==    by 0x40475E: insertInt (hash.c:94)
==19188==    by 0x403E24: get_token_hasht (token.c:154)
==19188==    by 0x4013C1: populate_dfa (populate_dfa.c:145)
==19188==    by 0x404E4D: createDFA (lexer.c:10)
==19188==    by 0x404EE1: getNextToken (lexer.c:23)
==19188==    by 0x406264: parseTree (parser.c:102)
==19188==    by 0x406EA2: printParseTreeForHTML (parser.c:396)
==19188==    by 0x400CB5: main (visualize.c:15)
==19188== 
==19188== 16 bytes in 1 blocks are still reachable in loss record 171 of 917
==19188==    at 0x4C2DB8F: malloc (in /usr/lib/valgrind/vgpreload_memcheck-amd64-linux.so)
==19188==    by 0x404B47: insertBefore (SeqList.c:78)
==19188==    by 0x404DD0: insertAtEnd (SeqList.c:185)
==19188==    by 0x4047E4: insertInt (hash.c:99)
==19188==    by 0x403E24: get_token_hasht (token.c:154)
==19188==    by 0x4013C1: populate_dfa (populate_dfa.c:145)
==19188==    by 0x404E4D: createDFA (lexer.c:10)
==19188==    by 0x404EE1: getNextToken (lexer.c:23)
==19188==    by 0x406264: parseTree (parser.c:102)
==19188==    by 0x406EA2: printParseTreeForHTML (parser.c:396)
==19188==    by 0x400CB5: main (visualize.c:15)
==19188== 
==19188== 16 bytes in 1 blocks are still reachable in loss record 172 of 917
==19188==    at 0x4C2DB8F: malloc (in /usr/lib/valgrind/vgpreload_memcheck-amd64-linux.so)
==19188==    by 0x40456C: createElementInt (hash.c:53)
==19188==    by 0x40475E: insertInt (hash.c:94)
==19188==    by 0x403E3A: get_token_hasht (token.c:155)
==19188==    by 0x4013C1: populate_dfa (populate_dfa.c:145)
==19188==    by 0x404E4D: createDFA (lexer.c:10)
==19188==    by 0x404EE1: getNextToken (lexer.c:23)
==19188==    by 0x406264: parseTree (parser.c:102)
==19188==    by 0x406EA2: printParseTreeForHTML (parser.c:396)
==19188==    by 0x400CB5: main (visualize.c:15)
==19188== 
==19188== 16 bytes in 1 blocks are still reachable in loss record 173 of 917
==19188==    at 0x4C2DB8F: malloc (in /usr/lib/valgrind/vgpreload_memcheck-amd64-linux.so)
==19188==    by 0x404B47: insertBefore (SeqList.c:78)
==19188==    by 0x404DD0: insertAtEnd (SeqList.c:185)
==19188==    by 0x4047E4: insertInt (hash.c:99)
==19188==    by 0x403E3A: get_token_hasht (token.c:155)
==19188==    by 0x4013C1: populate_dfa (populate_dfa.c:145)
==19188==    by 0x404E4D: createDFA (lexer.c:10)
==19188==    by 0x404EE1: getNextToken (lexer.c:23)
==19188==    by 0x406264: parseTree (parser.c:102)
==19188==    by 0x406EA2: printParseTreeForHTML (parser.c:396)
==19188==    by 0x400CB5: main (visualize.c:15)
==19188== 
==19188== 16 bytes in 1 blocks are still reachable in loss record 174 of 917
==19188==    at 0x4C2DB8F: malloc (in /usr/lib/valgrind/vgpreload_memcheck-amd64-linux.so)
==19188==    by 0x40456C: createElementInt (hash.c:53)
==19188==    by 0x40475E: insertInt (hash.c:94)
==19188==    by 0x403E50: get_token_hasht (token.c:156)
==19188==    by 0x4013C1: populate_dfa (populate_dfa.c:145)
==19188==    by 0x404E4D: createDFA (lexer.c:10)
==19188==    by 0x404EE1: getNextToken (lexer.c:23)
==19188==    by 0x406264: parseTree (parser.c:102)
==19188==    by 0x406EA2: printParseTreeForHTML (parser.c:396)
==19188==    by 0x400CB5: main (visualize.c:15)
==19188== 
==19188== 16 bytes in 1 blocks are still reachable in loss record 175 of 917
==19188==    at 0x4C2DB8F: malloc (in /usr/lib/valgrind/vgpreload_memcheck-amd64-linux.so)
==19188==    by 0x404B47: insertBefore (SeqList.c:78)
==19188==    by 0x404DD0: insertAtEnd (SeqList.c:185)
==19188==    by 0x4047E4: insertInt (hash.c:99)
==19188==    by 0x403E50: get_token_hasht (token.c:156)
==19188==    by 0x4013C1: populate_dfa (populate_dfa.c:145)
==19188==    by 0x404E4D: createDFA (lexer.c:10)
==19188==    by 0x404EE1: getNextToken (lexer.c:23)
==19188==    by 0x406264: parseTree (parser.c:102)
==19188==    by 0x406EA2: printParseTreeForHTML (parser.c:396)
==19188==    by 0x400CB5: main (visualize.c:15)
==19188== 
==19188== 16 bytes in 1 blocks are still reachable in loss record 176 of 917
==19188==    at 0x4C2DB8F: malloc (in /usr/lib/valgrind/vgpreload_memcheck-amd64-linux.so)
==19188==    by 0x40456C: createElementInt (hash.c:53)
==19188==    by 0x40475E: insertInt (hash.c:94)
==19188==    by 0x403E66: get_token_hasht (token.c:157)
==19188==    by 0x4013C1: populate_dfa (populate_dfa.c:145)
==19188==    by 0x404E4D: createDFA (lexer.c:10)
==19188==    by 0x404EE1: getNextToken (lexer.c:23)
==19188==    by 0x406264: parseTree (parser.c:102)
==19188==    by 0x406EA2: printParseTreeForHTML (parser.c:396)
==19188==    by 0x400CB5: main (visualize.c:15)
==19188== 
==19188== 16 bytes in 1 blocks are still reachable in loss record 177 of 917
==19188==    at 0x4C2DB8F: malloc (in /usr/lib/valgrind/vgpreload_memcheck-amd64-linux.so)
==19188==    by 0x404B47: insertBefore (SeqList.c:78)
==19188==    by 0x404DD0: insertAtEnd (SeqList.c:185)
==19188==    by 0x4047E4: insertInt (hash.c:99)
==19188==    by 0x403E66: get_token_hasht (token.c:157)
==19188==    by 0x4013C1: populate_dfa (populate_dfa.c:145)
==19188==    by 0x404E4D: createDFA (lexer.c:10)
==19188==    by 0x404EE1: getNextToken (lexer.c:23)
==19188==    by 0x406264: parseTree (parser.c:102)
==19188==    by 0x406EA2: printParseTreeForHTML (parser.c:396)
==19188==    by 0x400CB5: main (visualize.c:15)
==19188== 
==19188== 16 bytes in 1 blocks are still reachable in loss record 178 of 917
==19188==    at 0x4C2DB8F: malloc (in /usr/lib/valgrind/vgpreload_memcheck-amd64-linux.so)
==19188==    by 0x40456C: createElementInt (hash.c:53)
==19188==    by 0x40475E: insertInt (hash.c:94)
==19188==    by 0x403E7C: get_token_hasht (token.c:158)
==19188==    by 0x4013C1: populate_dfa (populate_dfa.c:145)
==19188==    by 0x404E4D: createDFA (lexer.c:10)
==19188==    by 0x404EE1: getNextToken (lexer.c:23)
==19188==    by 0x406264: parseTree (parser.c:102)
==19188==    by 0x406EA2: printParseTreeForHTML (parser.c:396)
==19188==    by 0x400CB5: main (visualize.c:15)
==19188== 
==19188== 16 bytes in 1 blocks are still reachable in loss record 179 of 917
==19188==    at 0x4C2DB8F: malloc (in /usr/lib/valgrind/vgpreload_memcheck-amd64-linux.so)
==19188==    by 0x404B47: insertBefore (SeqList.c:78)
==19188==    by 0x404DD0: insertAtEnd (SeqList.c:185)
==19188==    by 0x4047E4: insertInt (hash.c:99)
==19188==    by 0x403E7C: get_token_hasht (token.c:158)
==19188==    by 0x4013C1: populate_dfa (populate_dfa.c:145)
==19188==    by 0x404E4D: createDFA (lexer.c:10)
==19188==    by 0x404EE1: getNextToken (lexer.c:23)
==19188==    by 0x406264: parseTree (parser.c:102)
==19188==    by 0x406EA2: printParseTreeForHTML (parser.c:396)
==19188==    by 0x400CB5: main (visualize.c:15)
==19188== 
==19188== 16 bytes in 1 blocks are still reachable in loss record 180 of 917
==19188==    at 0x4C2DB8F: malloc (in /usr/lib/valgrind/vgpreload_memcheck-amd64-linux.so)
==19188==    by 0x40456C: createElementInt (hash.c:53)
==19188==    by 0x40475E: insertInt (hash.c:94)
==19188==    by 0x403E92: get_token_hasht (token.c:159)
==19188==    by 0x4013C1: populate_dfa (populate_dfa.c:145)
==19188==    by 0x404E4D: createDFA (lexer.c:10)
==19188==    by 0x404EE1: getNextToken (lexer.c:23)
==19188==    by 0x406264: parseTree (parser.c:102)
==19188==    by 0x406EA2: printParseTreeForHTML (parser.c:396)
==19188==    by 0x400CB5: main (visualize.c:15)
==19188== 
==19188== 16 bytes in 1 blocks are still reachable in loss record 181 of 917
==19188==    at 0x4C2DB8F: malloc (in /usr/lib/valgrind/vgpreload_memcheck-amd64-linux.so)
==19188==    by 0x404B47: insertBefore (SeqList.c:78)
==19188==    by 0x404DD0: insertAtEnd (SeqList.c:185)
==19188==    by 0x4047E4: insertInt (hash.c:99)
==19188==    by 0x403E92: get_token_hasht (token.c:159)
==19188==    by 0x4013C1: populate_dfa (populate_dfa.c:145)
==19188==    by 0x404E4D: createDFA (lexer.c:10)
==19188==    by 0x404EE1: getNextToken (lexer.c:23)
==19188==    by 0x406264: parseTree (parser.c:102)
==19188==    by 0x406EA2: printParseTreeForHTML (parser.c:396)
==19188==    by 0x400CB5: main (visualize.c:15)
==19188== 
==19188== 16 bytes in 1 blocks are still reachable in loss record 182 of 917
==19188==    at 0x4C2DB8F: malloc (in /usr/lib/valgrind/vgpreload_memcheck-amd64-linux.so)
==19188==    by 0x40456C: createElementInt (hash.c:53)
==19188==    by 0x40475E: insertInt (hash.c:94)
==19188==    by 0x403EA8: get_token_hasht (token.c:160)
==19188==    by 0x4013C1: populate_dfa (populate_dfa.c:145)
==19188==    by 0x404E4D: createDFA (lexer.c:10)
==19188==    by 0x404EE1: getNextToken (lexer.c:23)
==19188==    by 0x406264: parseTree (parser.c:102)
==19188==    by 0x406EA2: printParseTreeForHTML (parser.c:396)
==19188==    by 0x400CB5: main (visualize.c:15)
==19188== 
==19188== 16 bytes in 1 blocks are still reachable in loss record 183 of 917
==19188==    at 0x4C2DB8F: malloc (in /usr/lib/valgrind/vgpreload_memcheck-amd64-linux.so)
==19188==    by 0x404B47: insertBefore (SeqList.c:78)
==19188==    by 0x404DD0: insertAtEnd (SeqList.c:185)
==19188==    by 0x4047E4: insertInt (hash.c:99)
==19188==    by 0x403EA8: get_token_hasht (token.c:160)
==19188==    by 0x4013C1: populate_dfa (populate_dfa.c:145)
==19188==    by 0x404E4D: createDFA (lexer.c:10)
==19188==    by 0x404EE1: getNextToken (lexer.c:23)
==19188==    by 0x406264: parseTree (parser.c:102)
==19188==    by 0x406EA2: printParseTreeForHTML (parser.c:396)
==19188==    by 0x400CB5: main (visualize.c:15)
==19188== 
==19188== 16 bytes in 1 blocks are still reachable in loss record 184 of 917
==19188==    at 0x4C2DB8F: malloc (in /usr/lib/valgrind/vgpreload_memcheck-amd64-linux.so)
==19188==    by 0x40456C: createElementInt (hash.c:53)
==19188==    by 0x40475E: insertInt (hash.c:94)
==19188==    by 0x403EBE: get_token_hasht (token.c:161)
==19188==    by 0x4013C1: populate_dfa (populate_dfa.c:145)
==19188==    by 0x404E4D: createDFA (lexer.c:10)
==19188==    by 0x404EE1: getNextToken (lexer.c:23)
==19188==    by 0x406264: parseTree (parser.c:102)
==19188==    by 0x406EA2: printParseTreeForHTML (parser.c:396)
==19188==    by 0x400CB5: main (visualize.c:15)
==19188== 
==19188== 16 bytes in 1 blocks are still reachable in loss record 185 of 917
==19188==    at 0x4C2DB8F: malloc (in /usr/lib/valgrind/vgpreload_memcheck-amd64-linux.so)
==19188==    by 0x404B47: insertBefore (SeqList.c:78)
==19188==    by 0x404DD0: insertAtEnd (SeqList.c:185)
==19188==    by 0x4047E4: insertInt (hash.c:99)
==19188==    by 0x403EBE: get_token_hasht (token.c:161)
==19188==    by 0x4013C1: populate_dfa (populate_dfa.c:145)
==19188==    by 0x404E4D: createDFA (lexer.c:10)
==19188==    by 0x404EE1: getNextToken (lexer.c:23)
==19188==    by 0x406264: parseTree (parser.c:102)
==19188==    by 0x406EA2: printParseTreeForHTML (parser.c:396)
==19188==    by 0x400CB5: main (visualize.c:15)
==19188== 
==19188== 16 bytes in 1 blocks are still reachable in loss record 186 of 917
==19188==    at 0x4C2DB8F: malloc (in /usr/lib/valgrind/vgpreload_memcheck-amd64-linux.so)
==19188==    by 0x40456C: createElementInt (hash.c:53)
==19188==    by 0x40475E: insertInt (hash.c:94)
==19188==    by 0x403ED4: get_token_hasht (token.c:162)
==19188==    by 0x4013C1: populate_dfa (populate_dfa.c:145)
==19188==    by 0x404E4D: createDFA (lexer.c:10)
==19188==    by 0x404EE1: getNextToken (lexer.c:23)
==19188==    by 0x406264: parseTree (parser.c:102)
==19188==    by 0x406EA2: printParseTreeForHTML (parser.c:396)
==19188==    by 0x400CB5: main (visualize.c:15)
==19188== 
==19188== 16 bytes in 1 blocks are still reachable in loss record 187 of 917
==19188==    at 0x4C2DB8F: malloc (in /usr/lib/valgrind/vgpreload_memcheck-amd64-linux.so)
==19188==    by 0x404B47: insertBefore (SeqList.c:78)
==19188==    by 0x404DD0: insertAtEnd (SeqList.c:185)
==19188==    by 0x4047E4: insertInt (hash.c:99)
==19188==    by 0x403ED4: get_token_hasht (token.c:162)
==19188==    by 0x4013C1: populate_dfa (populate_dfa.c:145)
==19188==    by 0x404E4D: createDFA (lexer.c:10)
==19188==    by 0x404EE1: getNextToken (lexer.c:23)
==19188==    by 0x406264: parseTree (parser.c:102)
==19188==    by 0x406EA2: printParseTreeForHTML (parser.c:396)
==19188==    by 0x400CB5: main (visualize.c:15)
==19188== 
==19188== 16 bytes in 1 blocks are still reachable in loss record 188 of 917
==19188==    at 0x4C2DB8F: malloc (in /usr/lib/valgrind/vgpreload_memcheck-amd64-linux.so)
==19188==    by 0x40456C: createElementInt (hash.c:53)
==19188==    by 0x40475E: insertInt (hash.c:94)
==19188==    by 0x403EEA: get_token_hasht (token.c:163)
==19188==    by 0x4013C1: populate_dfa (populate_dfa.c:145)
==19188==    by 0x404E4D: createDFA (lexer.c:10)
==19188==    by 0x404EE1: getNextToken (lexer.c:23)
==19188==    by 0x406264: parseTree (parser.c:102)
==19188==    by 0x406EA2: printParseTreeForHTML (parser.c:396)
==19188==    by 0x400CB5: main (visualize.c:15)
==19188== 
==19188== 16 bytes in 1 blocks are still reachable in loss record 189 of 917
==19188==    at 0x4C2DB8F: malloc (in /usr/lib/valgrind/vgpreload_memcheck-amd64-linux.so)
==19188==    by 0x404B47: insertBefore (SeqList.c:78)
==19188==    by 0x404DD0: insertAtEnd (SeqList.c:185)
==19188==    by 0x4047E4: insertInt (hash.c:99)
==19188==    by 0x403EEA: get_token_hasht (token.c:163)
==19188==    by 0x4013C1: populate_dfa (populate_dfa.c:145)
==19188==    by 0x404E4D: createDFA (lexer.c:10)
==19188==    by 0x404EE1: getNextToken (lexer.c:23)
==19188==    by 0x406264: parseTree (parser.c:102)
==19188==    by 0x406EA2: printParseTreeForHTML (parser.c:396)
==19188==    by 0x400CB5: main (visualize.c:15)
==19188== 
==19188== 16 bytes in 1 blocks are still reachable in loss record 190 of 917
==19188==    at 0x4C2DB8F: malloc (in /usr/lib/valgrind/vgpreload_memcheck-amd64-linux.so)
==19188==    by 0x40456C: createElementInt (hash.c:53)
==19188==    by 0x40475E: insertInt (hash.c:94)
==19188==    by 0x403F00: get_token_hasht (token.c:164)
==19188==    by 0x4013C1: populate_dfa (populate_dfa.c:145)
==19188==    by 0x404E4D: createDFA (lexer.c:10)
==19188==    by 0x404EE1: getNextToken (lexer.c:23)
==19188==    by 0x406264: parseTree (parser.c:102)
==19188==    by 0x406EA2: printParseTreeForHTML (parser.c:396)
==19188==    by 0x400CB5: main (visualize.c:15)
==19188== 
==19188== 16 bytes in 1 blocks are still reachable in loss record 191 of 917
==19188==    at 0x4C2DB8F: malloc (in /usr/lib/valgrind/vgpreload_memcheck-amd64-linux.so)
==19188==    by 0x404B47: insertBefore (SeqList.c:78)
==19188==    by 0x404DD0: insertAtEnd (SeqList.c:185)
==19188==    by 0x4047E4: insertInt (hash.c:99)
==19188==    by 0x403F00: get_token_hasht (token.c:164)
==19188==    by 0x4013C1: populate_dfa (populate_dfa.c:145)
==19188==    by 0x404E4D: createDFA (lexer.c:10)
==19188==    by 0x404EE1: getNextToken (lexer.c:23)
==19188==    by 0x406264: parseTree (parser.c:102)
==19188==    by 0x406EA2: printParseTreeForHTML (parser.c:396)
==19188==    by 0x400CB5: main (visualize.c:15)
==19188== 
==19188== 16 bytes in 1 blocks are still reachable in loss record 192 of 917
==19188==    at 0x4C2DB8F: malloc (in /usr/lib/valgrind/vgpreload_memcheck-amd64-linux.so)
==19188==    by 0x40456C: createElementInt (hash.c:53)
==19188==    by 0x40475E: insertInt (hash.c:94)
==19188==    by 0x403F16: get_token_hasht (token.c:165)
==19188==    by 0x4013C1: populate_dfa (populate_dfa.c:145)
==19188==    by 0x404E4D: createDFA (lexer.c:10)
==19188==    by 0x404EE1: getNextToken (lexer.c:23)
==19188==    by 0x406264: parseTree (parser.c:102)
==19188==    by 0x406EA2: printParseTreeForHTML (parser.c:396)
==19188==    by 0x400CB5: main (visualize.c:15)
==19188== 
==19188== 16 bytes in 1 blocks are still reachable in loss record 193 of 917
==19188==    at 0x4C2DB8F: malloc (in /usr/lib/valgrind/vgpreload_memcheck-amd64-linux.so)
==19188==    by 0x404B47: insertBefore (SeqList.c:78)
==19188==    by 0x404DD0: insertAtEnd (SeqList.c:185)
==19188==    by 0x4047E4: insertInt (hash.c:99)
==19188==    by 0x403F16: get_token_hasht (token.c:165)
==19188==    by 0x4013C1: populate_dfa (populate_dfa.c:145)
==19188==    by 0x404E4D: createDFA (lexer.c:10)
==19188==    by 0x404EE1: getNextToken (lexer.c:23)
==19188==    by 0x406264: parseTree (parser.c:102)
==19188==    by 0x406EA2: printParseTreeForHTML (parser.c:396)
==19188==    by 0x400CB5: main (visualize.c:15)
==19188== 
==19188== 16 bytes in 1 blocks are still reachable in loss record 194 of 917
==19188==    at 0x4C2DB8F: malloc (in /usr/lib/valgrind/vgpreload_memcheck-amd64-linux.so)
==19188==    by 0x40456C: createElementInt (hash.c:53)
==19188==    by 0x40475E: insertInt (hash.c:94)
==19188==    by 0x403F2C: get_token_hasht (token.c:166)
==19188==    by 0x4013C1: populate_dfa (populate_dfa.c:145)
==19188==    by 0x404E4D: createDFA (lexer.c:10)
==19188==    by 0x404EE1: getNextToken (lexer.c:23)
==19188==    by 0x406264: parseTree (parser.c:102)
==19188==    by 0x406EA2: printParseTreeForHTML (parser.c:396)
==19188==    by 0x400CB5: main (visualize.c:15)
==19188== 
==19188== 16 bytes in 1 blocks are still reachable in loss record 195 of 917
==19188==    at 0x4C2DB8F: malloc (in /usr/lib/valgrind/vgpreload_memcheck-amd64-linux.so)
==19188==    by 0x404B47: insertBefore (SeqList.c:78)
==19188==    by 0x404DD0: insertAtEnd (SeqList.c:185)
==19188==    by 0x4047E4: insertInt (hash.c:99)
==19188==    by 0x403F2C: get_token_hasht (token.c:166)
==19188==    by 0x4013C1: populate_dfa (populate_dfa.c:145)
==19188==    by 0x404E4D: createDFA (lexer.c:10)
==19188==    by 0x404EE1: getNextToken (lexer.c:23)
==19188==    by 0x406264: parseTree (parser.c:102)
==19188==    by 0x406EA2: printParseTreeForHTML (parser.c:396)
==19188==    by 0x400CB5: main (visualize.c:15)
==19188== 
==19188== 16 bytes in 1 blocks are still reachable in loss record 196 of 917
==19188==    at 0x4C2DB8F: malloc (in /usr/lib/valgrind/vgpreload_memcheck-amd64-linux.so)
==19188==    by 0x40456C: createElementInt (hash.c:53)
==19188==    by 0x40475E: insertInt (hash.c:94)
==19188==    by 0x403F42: get_token_hasht (token.c:167)
==19188==    by 0x4013C1: populate_dfa (populate_dfa.c:145)
==19188==    by 0x404E4D: createDFA (lexer.c:10)
==19188==    by 0x404EE1: getNextToken (lexer.c:23)
==19188==    by 0x406264: parseTree (parser.c:102)
==19188==    by 0x406EA2: printParseTreeForHTML (parser.c:396)
==19188==    by 0x400CB5: main (visualize.c:15)
==19188== 
==19188== 16 bytes in 1 blocks are still reachable in loss record 197 of 917
==19188==    at 0x4C2DB8F: malloc (in /usr/lib/valgrind/vgpreload_memcheck-amd64-linux.so)
==19188==    by 0x404B47: insertBefore (SeqList.c:78)
==19188==    by 0x404DD0: insertAtEnd (SeqList.c:185)
==19188==    by 0x4047E4: insertInt (hash.c:99)
==19188==    by 0x403F42: get_token_hasht (token.c:167)
==19188==    by 0x4013C1: populate_dfa (populate_dfa.c:145)
==19188==    by 0x404E4D: createDFA (lexer.c:10)
==19188==    by 0x404EE1: getNextToken (lexer.c:23)
==19188==    by 0x406264: parseTree (parser.c:102)
==19188==    by 0x406EA2: printParseTreeForHTML (parser.c:396)
==19188==    by 0x400CB5: main (visualize.c:15)
==19188== 
==19188== 16 bytes in 1 blocks are still reachable in loss record 198 of 917
==19188==    at 0x4C2DB8F: malloc (in /usr/lib/valgrind/vgpreload_memcheck-amd64-linux.so)
==19188==    by 0x40456C: createElementInt (hash.c:53)
==19188==    by 0x40475E: insertInt (hash.c:94)
==19188==    by 0x403F58: get_token_hasht (token.c:168)
==19188==    by 0x4013C1: populate_dfa (populate_dfa.c:145)
==19188==    by 0x404E4D: createDFA (lexer.c:10)
==19188==    by 0x404EE1: getNextToken (lexer.c:23)
==19188==    by 0x406264: parseTree (parser.c:102)
==19188==    by 0x406EA2: printParseTreeForHTML (parser.c:396)
==19188==    by 0x400CB5: main (visualize.c:15)
==19188== 
==19188== 16 bytes in 1 blocks are still reachable in loss record 199 of 917
==19188==    at 0x4C2DB8F: malloc (in /usr/lib/valgrind/vgpreload_memcheck-amd64-linux.so)
==19188==    by 0x404B47: insertBefore (SeqList.c:78)
==19188==    by 0x404DD0: insertAtEnd (SeqList.c:185)
==19188==    by 0x4047E4: insertInt (hash.c:99)
==19188==    by 0x403F58: get_token_hasht (token.c:168)
==19188==    by 0x4013C1: populate_dfa (populate_dfa.c:145)
==19188==    by 0x404E4D: createDFA (lexer.c:10)
==19188==    by 0x404EE1: getNextToken (lexer.c:23)
==19188==    by 0x406264: parseTree (parser.c:102)
==19188==    by 0x406EA2: printParseTreeForHTML (parser.c:396)
==19188==    by 0x400CB5: main (visualize.c:15)
==19188== 
==19188== 16 bytes in 1 blocks are still reachable in loss record 200 of 917
==19188==    at 0x4C2DB8F: malloc (in /usr/lib/valgrind/vgpreload_memcheck-amd64-linux.so)
==19188==    by 0x40456C: createElementInt (hash.c:53)
==19188==    by 0x40475E: insertInt (hash.c:94)
==19188==    by 0x403F6E: get_token_hasht (token.c:169)
==19188==    by 0x4013C1: populate_dfa (populate_dfa.c:145)
==19188==    by 0x404E4D: createDFA (lexer.c:10)
==19188==    by 0x404EE1: getNextToken (lexer.c:23)
==19188==    by 0x406264: parseTree (parser.c:102)
==19188==    by 0x406EA2: printParseTreeForHTML (parser.c:396)
==19188==    by 0x400CB5: main (visualize.c:15)
==19188== 
==19188== 16 bytes in 1 blocks are still reachable in loss record 201 of 917
==19188==    at 0x4C2DB8F: malloc (in /usr/lib/valgrind/vgpreload_memcheck-amd64-linux.so)
==19188==    by 0x404B47: insertBefore (SeqList.c:78)
==19188==    by 0x404DD0: insertAtEnd (SeqList.c:185)
==19188==    by 0x4047E4: insertInt (hash.c:99)
==19188==    by 0x403F6E: get_token_hasht (token.c:169)
==19188==    by 0x4013C1: populate_dfa (populate_dfa.c:145)
==19188==    by 0x404E4D: createDFA (lexer.c:10)
==19188==    by 0x404EE1: getNextToken (lexer.c:23)
==19188==    by 0x406264: parseTree (parser.c:102)
==19188==    by 0x406EA2: printParseTreeForHTML (parser.c:396)
==19188==    by 0x400CB5: main (visualize.c:15)
==19188== 
==19188== 16 bytes in 1 blocks are still reachable in loss record 202 of 917
==19188==    at 0x4C2DB8F: malloc (in /usr/lib/valgrind/vgpreload_memcheck-amd64-linux.so)
==19188==    by 0x40456C: createElementInt (hash.c:53)
==19188==    by 0x40475E: insertInt (hash.c:94)
==19188==    by 0x403F84: get_token_hasht (token.c:170)
==19188==    by 0x4013C1: populate_dfa (populate_dfa.c:145)
==19188==    by 0x404E4D: createDFA (lexer.c:10)
==19188==    by 0x404EE1: getNextToken (lexer.c:23)
==19188==    by 0x406264: parseTree (parser.c:102)
==19188==    by 0x406EA2: printParseTreeForHTML (parser.c:396)
==19188==    by 0x400CB5: main (visualize.c:15)
==19188== 
==19188== 16 bytes in 1 blocks are still reachable in loss record 203 of 917
==19188==    at 0x4C2DB8F: malloc (in /usr/lib/valgrind/vgpreload_memcheck-amd64-linux.so)
==19188==    by 0x404B47: insertBefore (SeqList.c:78)
==19188==    by 0x404DD0: insertAtEnd (SeqList.c:185)
==19188==    by 0x4047E4: insertInt (hash.c:99)
==19188==    by 0x403F84: get_token_hasht (token.c:170)
==19188==    by 0x4013C1: populate_dfa (populate_dfa.c:145)
==19188==    by 0x404E4D: createDFA (lexer.c:10)
==19188==    by 0x404EE1: getNextToken (lexer.c:23)
==19188==    by 0x406264: parseTree (parser.c:102)
==19188==    by 0x406EA2: printParseTreeForHTML (parser.c:396)
==19188==    by 0x400CB5: main (visualize.c:15)
==19188== 
==19188== 16 bytes in 1 blocks are still reachable in loss record 204 of 917
==19188==    at 0x4C2DB8F: malloc (in /usr/lib/valgrind/vgpreload_memcheck-amd64-linux.so)
==19188==    by 0x40456C: createElementInt (hash.c:53)
==19188==    by 0x40475E: insertInt (hash.c:94)
==19188==    by 0x403F9A: get_token_hasht (token.c:171)
==19188==    by 0x4013C1: populate_dfa (populate_dfa.c:145)
==19188==    by 0x404E4D: createDFA (lexer.c:10)
==19188==    by 0x404EE1: getNextToken (lexer.c:23)
==19188==    by 0x406264: parseTree (parser.c:102)
==19188==    by 0x406EA2: printParseTreeForHTML (parser.c:396)
==19188==    by 0x400CB5: main (visualize.c:15)
==19188== 
==19188== 16 bytes in 1 blocks are still reachable in loss record 205 of 917
==19188==    at 0x4C2DB8F: malloc (in /usr/lib/valgrind/vgpreload_memcheck-amd64-linux.so)
==19188==    by 0x404B47: insertBefore (SeqList.c:78)
==19188==    by 0x404DD0: insertAtEnd (SeqList.c:185)
==19188==    by 0x4047E4: insertInt (hash.c:99)
==19188==    by 0x403F9A: get_token_hasht (token.c:171)
==19188==    by 0x4013C1: populate_dfa (populate_dfa.c:145)
==19188==    by 0x404E4D: createDFA (lexer.c:10)
==19188==    by 0x404EE1: getNextToken (lexer.c:23)
==19188==    by 0x406264: parseTree (parser.c:102)
==19188==    by 0x406EA2: printParseTreeForHTML (parser.c:396)
==19188==    by 0x400CB5: main (visualize.c:15)
==19188== 
==19188== 16 bytes in 1 blocks are still reachable in loss record 206 of 917
==19188==    at 0x4C2DB8F: malloc (in /usr/lib/valgrind/vgpreload_memcheck-amd64-linux.so)
==19188==    by 0x40456C: createElementInt (hash.c:53)
==19188==    by 0x40475E: insertInt (hash.c:94)
==19188==    by 0x403FB0: get_token_hasht (token.c:172)
==19188==    by 0x4013C1: populate_dfa (populate_dfa.c:145)
==19188==    by 0x404E4D: createDFA (lexer.c:10)
==19188==    by 0x404EE1: getNextToken (lexer.c:23)
==19188==    by 0x406264: parseTree (parser.c:102)
==19188==    by 0x406EA2: printParseTreeForHTML (parser.c:396)
==19188==    by 0x400CB5: main (visualize.c:15)
==19188== 
==19188== 16 bytes in 1 blocks are still reachable in loss record 207 of 917
==19188==    at 0x4C2DB8F: malloc (in /usr/lib/valgrind/vgpreload_memcheck-amd64-linux.so)
==19188==    by 0x404B47: insertBefore (SeqList.c:78)
==19188==    by 0x404DD0: insertAtEnd (SeqList.c:185)
==19188==    by 0x4047E4: insertInt (hash.c:99)
==19188==    by 0x403FB0: get_token_hasht (token.c:172)
==19188==    by 0x4013C1: populate_dfa (populate_dfa.c:145)
==19188==    by 0x404E4D: createDFA (lexer.c:10)
==19188==    by 0x404EE1: getNextToken (lexer.c:23)
==19188==    by 0x406264: parseTree (parser.c:102)
==19188==    by 0x406EA2: printParseTreeForHTML (parser.c:396)
==19188==    by 0x400CB5: main (visualize.c:15)
==19188== 
==19188== 16 bytes in 1 blocks are still reachable in loss record 208 of 917
==19188==    at 0x4C2DB8F: malloc (in /usr/lib/valgrind/vgpreload_memcheck-amd64-linux.so)
==19188==    by 0x40456C: createElementInt (hash.c:53)
==19188==    by 0x40475E: insertInt (hash.c:94)
==19188==    by 0x403FC6: get_token_hasht (token.c:173)
==19188==    by 0x4013C1: populate_dfa (populate_dfa.c:145)
==19188==    by 0x404E4D: createDFA (lexer.c:10)
==19188==    by 0x404EE1: getNextToken (lexer.c:23)
==19188==    by 0x406264: parseTree (parser.c:102)
==19188==    by 0x406EA2: printParseTreeForHTML (parser.c:396)
==19188==    by 0x400CB5: main (visualize.c:15)
==19188== 
==19188== 16 bytes in 1 blocks are still reachable in loss record 209 of 917
==19188==    at 0x4C2DB8F: malloc (in /usr/lib/valgrind/vgpreload_memcheck-amd64-linux.so)
==19188==    by 0x404B47: insertBefore (SeqList.c:78)
==19188==    by 0x404DD0: insertAtEnd (SeqList.c:185)
==19188==    by 0x4047E4: insertInt (hash.c:99)
==19188==    by 0x403FC6: get_token_hasht (token.c:173)
==19188==    by 0x4013C1: populate_dfa (populate_dfa.c:145)
==19188==    by 0x404E4D: createDFA (lexer.c:10)
==19188==    by 0x404EE1: getNextToken (lexer.c:23)
==19188==    by 0x406264: parseTree (parser.c:102)
==19188==    by 0x406EA2: printParseTreeForHTML (parser.c:396)
==19188==    by 0x400CB5: main (visualize.c:15)
==19188== 
==19188== 16 bytes in 1 blocks are still reachable in loss record 210 of 917
==19188==    at 0x4C2DB8F: malloc (in /usr/lib/valgrind/vgpreload_memcheck-amd64-linux.so)
==19188==    by 0x40456C: createElementInt (hash.c:53)
==19188==    by 0x40475E: insertInt (hash.c:94)
==19188==    by 0x403FDC: get_token_hasht (token.c:174)
==19188==    by 0x4013C1: populate_dfa (populate_dfa.c:145)
==19188==    by 0x404E4D: createDFA (lexer.c:10)
==19188==    by 0x404EE1: getNextToken (lexer.c:23)
==19188==    by 0x406264: parseTree (parser.c:102)
==19188==    by 0x406EA2: printParseTreeForHTML (parser.c:396)
==19188==    by 0x400CB5: main (visualize.c:15)
==19188== 
==19188== 16 bytes in 1 blocks are still reachable in loss record 211 of 917
==19188==    at 0x4C2DB8F: malloc (in /usr/lib/valgrind/vgpreload_memcheck-amd64-linux.so)
==19188==    by 0x404B47: insertBefore (SeqList.c:78)
==19188==    by 0x404DD0: insertAtEnd (SeqList.c:185)
==19188==    by 0x4047E4: insertInt (hash.c:99)
==19188==    by 0x403FDC: get_token_hasht (token.c:174)
==19188==    by 0x4013C1: populate_dfa (populate_dfa.c:145)
==19188==    by 0x404E4D: createDFA (lexer.c:10)
==19188==    by 0x404EE1: getNextToken (lexer.c:23)
==19188==    by 0x406264: parseTree (parser.c:102)
==19188==    by 0x406EA2: printParseTreeForHTML (parser.c:396)
==19188==    by 0x400CB5: main (visualize.c:15)
==19188== 
==19188== 16 bytes in 1 blocks are still reachable in loss record 212 of 917
==19188==    at 0x4C2DB8F: malloc (in /usr/lib/valgrind/vgpreload_memcheck-amd64-linux.so)
==19188==    by 0x40456C: createElementInt (hash.c:53)
==19188==    by 0x40475E: insertInt (hash.c:94)
==19188==    by 0x403FF2: get_token_hasht (token.c:175)
==19188==    by 0x4013C1: populate_dfa (populate_dfa.c:145)
==19188==    by 0x404E4D: createDFA (lexer.c:10)
==19188==    by 0x404EE1: getNextToken (lexer.c:23)
==19188==    by 0x406264: parseTree (parser.c:102)
==19188==    by 0x406EA2: printParseTreeForHTML (parser.c:396)
==19188==    by 0x400CB5: main (visualize.c:15)
==19188== 
==19188== 16 bytes in 1 blocks are still reachable in loss record 213 of 917
==19188==    at 0x4C2DB8F: malloc (in /usr/lib/valgrind/vgpreload_memcheck-amd64-linux.so)
==19188==    by 0x404B47: insertBefore (SeqList.c:78)
==19188==    by 0x404DD0: insertAtEnd (SeqList.c:185)
==19188==    by 0x4047E4: insertInt (hash.c:99)
==19188==    by 0x403FF2: get_token_hasht (token.c:175)
==19188==    by 0x4013C1: populate_dfa (populate_dfa.c:145)
==19188==    by 0x404E4D: createDFA (lexer.c:10)
==19188==    by 0x404EE1: getNextToken (lexer.c:23)
==19188==    by 0x406264: parseTree (parser.c:102)
==19188==    by 0x406EA2: printParseTreeForHTML (parser.c:396)
==19188==    by 0x400CB5: main (visualize.c:15)
==19188== 
==19188== 16 bytes in 1 blocks are still reachable in loss record 214 of 917
==19188==    at 0x4C2DB8F: malloc (in /usr/lib/valgrind/vgpreload_memcheck-amd64-linux.so)
==19188==    by 0x40456C: createElementInt (hash.c:53)
==19188==    by 0x40475E: insertInt (hash.c:94)
==19188==    by 0x404008: get_token_hasht (token.c:176)
==19188==    by 0x4013C1: populate_dfa (populate_dfa.c:145)
==19188==    by 0x404E4D: createDFA (lexer.c:10)
==19188==    by 0x404EE1: getNextToken (lexer.c:23)
==19188==    by 0x406264: parseTree (parser.c:102)
==19188==    by 0x406EA2: printParseTreeForHTML (parser.c:396)
==19188==    by 0x400CB5: main (visualize.c:15)
==19188== 
==19188== 16 bytes in 1 blocks are still reachable in loss record 215 of 917
==19188==    at 0x4C2DB8F: malloc (in /usr/lib/valgrind/vgpreload_memcheck-amd64-linux.so)
==19188==    by 0x404B47: insertBefore (SeqList.c:78)
==19188==    by 0x404DD0: insertAtEnd (SeqList.c:185)
==19188==    by 0x4047E4: insertInt (hash.c:99)
==19188==    by 0x404008: get_token_hasht (token.c:176)
==19188==    by 0x4013C1: populate_dfa (populate_dfa.c:145)
==19188==    by 0x404E4D: createDFA (lexer.c:10)
==19188==    by 0x404EE1: getNextToken (lexer.c:23)
==19188==    by 0x406264: parseTree (parser.c:102)
==19188==    by 0x406EA2: printParseTreeForHTML (parser.c:396)
==19188==    by 0x400CB5: main (visualize.c:15)
==19188== 
==19188== 16 bytes in 1 blocks are still reachable in loss record 216 of 917
==19188==    at 0x4C2DB8F: malloc (in /usr/lib/valgrind/vgpreload_memcheck-amd64-linux.so)
==19188==    by 0x40456C: createElementInt (hash.c:53)
==19188==    by 0x40475E: insertInt (hash.c:94)
==19188==    by 0x40401E: get_token_hasht (token.c:177)
==19188==    by 0x4013C1: populate_dfa (populate_dfa.c:145)
==19188==    by 0x404E4D: createDFA (lexer.c:10)
==19188==    by 0x404EE1: getNextToken (lexer.c:23)
==19188==    by 0x406264: parseTree (parser.c:102)
==19188==    by 0x406EA2: printParseTreeForHTML (parser.c:396)
==19188==    by 0x400CB5: main (visualize.c:15)
==19188== 
==19188== 16 bytes in 1 blocks are still reachable in loss record 217 of 917
==19188==    at 0x4C2DB8F: malloc (in /usr/lib/valgrind/vgpreload_memcheck-amd64-linux.so)
==19188==    by 0x404B47: insertBefore (SeqList.c:78)
==19188==    by 0x404DD0: insertAtEnd (SeqList.c:185)
==19188==    by 0x4047E4: insertInt (hash.c:99)
==19188==    by 0x40401E: get_token_hasht (token.c:177)
==19188==    by 0x4013C1: populate_dfa (populate_dfa.c:145)
==19188==    by 0x404E4D: createDFA (lexer.c:10)
==19188==    by 0x404EE1: getNextToken (lexer.c:23)
==19188==    by 0x406264: parseTree (parser.c:102)
==19188==    by 0x406EA2: printParseTreeForHTML (parser.c:396)
==19188==    by 0x400CB5: main (visualize.c:15)
==19188== 
==19188== 16 bytes in 1 blocks are still reachable in loss record 218 of 917
==19188==    at 0x4C2DB8F: malloc (in /usr/lib/valgrind/vgpreload_memcheck-amd64-linux.so)
==19188==    by 0x40456C: createElementInt (hash.c:53)
==19188==    by 0x40475E: insertInt (hash.c:94)
==19188==    by 0x404034: get_token_hasht (token.c:178)
==19188==    by 0x4013C1: populate_dfa (populate_dfa.c:145)
==19188==    by 0x404E4D: createDFA (lexer.c:10)
==19188==    by 0x404EE1: getNextToken (lexer.c:23)
==19188==    by 0x406264: parseTree (parser.c:102)
==19188==    by 0x406EA2: printParseTreeForHTML (parser.c:396)
==19188==    by 0x400CB5: main (visualize.c:15)
==19188== 
==19188== 16 bytes in 1 blocks are still reachable in loss record 219 of 917
==19188==    at 0x4C2DB8F: malloc (in /usr/lib/valgrind/vgpreload_memcheck-amd64-linux.so)
==19188==    by 0x404B47: insertBefore (SeqList.c:78)
==19188==    by 0x404DD0: insertAtEnd (SeqList.c:185)
==19188==    by 0x4047E4: insertInt (hash.c:99)
==19188==    by 0x404034: get_token_hasht (token.c:178)
==19188==    by 0x4013C1: populate_dfa (populate_dfa.c:145)
==19188==    by 0x404E4D: createDFA (lexer.c:10)
==19188==    by 0x404EE1: getNextToken (lexer.c:23)
==19188==    by 0x406264: parseTree (parser.c:102)
==19188==    by 0x406EA2: printParseTreeForHTML (parser.c:396)
==19188==    by 0x400CB5: main (visualize.c:15)
==19188== 
==19188== 16 bytes in 1 blocks are still reachable in loss record 220 of 917
==19188==    at 0x4C2DB8F: malloc (in /usr/lib/valgrind/vgpreload_memcheck-amd64-linux.so)
==19188==    by 0x40456C: createElementInt (hash.c:53)
==19188==    by 0x40475E: insertInt (hash.c:94)
==19188==    by 0x40404A: get_token_hasht (token.c:179)
==19188==    by 0x4013C1: populate_dfa (populate_dfa.c:145)
==19188==    by 0x404E4D: createDFA (lexer.c:10)
==19188==    by 0x404EE1: getNextToken (lexer.c:23)
==19188==    by 0x406264: parseTree (parser.c:102)
==19188==    by 0x406EA2: printParseTreeForHTML (parser.c:396)
==19188==    by 0x400CB5: main (visualize.c:15)
==19188== 
==19188== 16 bytes in 1 blocks are still reachable in loss record 221 of 917
==19188==    at 0x4C2DB8F: malloc (in /usr/lib/valgrind/vgpreload_memcheck-amd64-linux.so)
==19188==    by 0x404B47: insertBefore (SeqList.c:78)
==19188==    by 0x404DD0: insertAtEnd (SeqList.c:185)
==19188==    by 0x4047E4: insertInt (hash.c:99)
==19188==    by 0x40404A: get_token_hasht (token.c:179)
==19188==    by 0x4013C1: populate_dfa (populate_dfa.c:145)
==19188==    by 0x404E4D: createDFA (lexer.c:10)
==19188==    by 0x404EE1: getNextToken (lexer.c:23)
==19188==    by 0x406264: parseTree (parser.c:102)
==19188==    by 0x406EA2: printParseTreeForHTML (parser.c:396)
==19188==    by 0x400CB5: main (visualize.c:15)
==19188== 
==19188== 16 bytes in 1 blocks are still reachable in loss record 222 of 917
==19188==    at 0x4C2DB8F: malloc (in /usr/lib/valgrind/vgpreload_memcheck-amd64-linux.so)
==19188==    by 0x40456C: createElementInt (hash.c:53)
==19188==    by 0x40475E: insertInt (hash.c:94)
==19188==    by 0x404060: get_token_hasht (token.c:180)
==19188==    by 0x4013C1: populate_dfa (populate_dfa.c:145)
==19188==    by 0x404E4D: createDFA (lexer.c:10)
==19188==    by 0x404EE1: getNextToken (lexer.c:23)
==19188==    by 0x406264: parseTree (parser.c:102)
==19188==    by 0x406EA2: printParseTreeForHTML (parser.c:396)
==19188==    by 0x400CB5: main (visualize.c:15)
==19188== 
==19188== 16 bytes in 1 blocks are still reachable in loss record 223 of 917
==19188==    at 0x4C2DB8F: malloc (in /usr/lib/valgrind/vgpreload_memcheck-amd64-linux.so)
==19188==    by 0x404B47: insertBefore (SeqList.c:78)
==19188==    by 0x404DD0: insertAtEnd (SeqList.c:185)
==19188==    by 0x4047E4: insertInt (hash.c:99)
==19188==    by 0x404060: get_token_hasht (token.c:180)
==19188==    by 0x4013C1: populate_dfa (populate_dfa.c:145)
==19188==    by 0x404E4D: createDFA (lexer.c:10)
==19188==    by 0x404EE1: getNextToken (lexer.c:23)
==19188==    by 0x406264: parseTree (parser.c:102)
==19188==    by 0x406EA2: printParseTreeForHTML (parser.c:396)
==19188==    by 0x400CB5: main (visualize.c:15)
==19188== 
==19188== 16 bytes in 1 blocks are still reachable in loss record 224 of 917
==19188==    at 0x4C2DB8F: malloc (in /usr/lib/valgrind/vgpreload_memcheck-amd64-linux.so)
==19188==    by 0x40456C: createElementInt (hash.c:53)
==19188==    by 0x40475E: insertInt (hash.c:94)
==19188==    by 0x404076: get_token_hasht (token.c:181)
==19188==    by 0x4013C1: populate_dfa (populate_dfa.c:145)
==19188==    by 0x404E4D: createDFA (lexer.c:10)
==19188==    by 0x404EE1: getNextToken (lexer.c:23)
==19188==    by 0x406264: parseTree (parser.c:102)
==19188==    by 0x406EA2: printParseTreeForHTML (parser.c:396)
==19188==    by 0x400CB5: main (visualize.c:15)
==19188== 
==19188== 16 bytes in 1 blocks are still reachable in loss record 225 of 917
==19188==    at 0x4C2DB8F: malloc (in /usr/lib/valgrind/vgpreload_memcheck-amd64-linux.so)
==19188==    by 0x404B47: insertBefore (SeqList.c:78)
==19188==    by 0x404DD0: insertAtEnd (SeqList.c:185)
==19188==    by 0x4047E4: insertInt (hash.c:99)
==19188==    by 0x404076: get_token_hasht (token.c:181)
==19188==    by 0x4013C1: populate_dfa (populate_dfa.c:145)
==19188==    by 0x404E4D: createDFA (lexer.c:10)
==19188==    by 0x404EE1: getNextToken (lexer.c:23)
==19188==    by 0x406264: parseTree (parser.c:102)
==19188==    by 0x406EA2: printParseTreeForHTML (parser.c:396)
==19188==    by 0x400CB5: main (visualize.c:15)
==19188== 
==19188== 16 bytes in 1 blocks are still reachable in loss record 226 of 917
==19188==    at 0x4C2DB8F: malloc (in /usr/lib/valgrind/vgpreload_memcheck-amd64-linux.so)
==19188==    by 0x40456C: createElementInt (hash.c:53)
==19188==    by 0x40475E: insertInt (hash.c:94)
==19188==    by 0x40408C: get_token_hasht (token.c:182)
==19188==    by 0x4013C1: populate_dfa (populate_dfa.c:145)
==19188==    by 0x404E4D: createDFA (lexer.c:10)
==19188==    by 0x404EE1: getNextToken (lexer.c:23)
==19188==    by 0x406264: parseTree (parser.c:102)
==19188==    by 0x406EA2: printParseTreeForHTML (parser.c:396)
==19188==    by 0x400CB5: main (visualize.c:15)
==19188== 
==19188== 16 bytes in 1 blocks are still reachable in loss record 227 of 917
==19188==    at 0x4C2DB8F: malloc (in /usr/lib/valgrind/vgpreload_memcheck-amd64-linux.so)
==19188==    by 0x404B47: insertBefore (SeqList.c:78)
==19188==    by 0x404DD0: insertAtEnd (SeqList.c:185)
==19188==    by 0x4047E4: insertInt (hash.c:99)
==19188==    by 0x40408C: get_token_hasht (token.c:182)
==19188==    by 0x4013C1: populate_dfa (populate_dfa.c:145)
==19188==    by 0x404E4D: createDFA (lexer.c:10)
==19188==    by 0x404EE1: getNextToken (lexer.c:23)
==19188==    by 0x406264: parseTree (parser.c:102)
==19188==    by 0x406EA2: printParseTreeForHTML (parser.c:396)
==19188==    by 0x400CB5: main (visualize.c:15)
==19188== 
==19188== 16 bytes in 1 blocks are still reachable in loss record 228 of 917
==19188==    at 0x4C2DB8F: malloc (in /usr/lib/valgrind/vgpreload_memcheck-amd64-linux.so)
==19188==    by 0x40456C: createElementInt (hash.c:53)
==19188==    by 0x40475E: insertInt (hash.c:94)
==19188==    by 0x4040A2: get_token_hasht (token.c:183)
==19188==    by 0x4013C1: populate_dfa (populate_dfa.c:145)
==19188==    by 0x404E4D: createDFA (lexer.c:10)
==19188==    by 0x404EE1: getNextToken (lexer.c:23)
==19188==    by 0x406264: parseTree (parser.c:102)
==19188==    by 0x406EA2: printParseTreeForHTML (parser.c:396)
==19188==    by 0x400CB5: main (visualize.c:15)
==19188== 
==19188== 16 bytes in 1 blocks are still reachable in loss record 229 of 917
==19188==    at 0x4C2DB8F: malloc (in /usr/lib/valgrind/vgpreload_memcheck-amd64-linux.so)
==19188==    by 0x404B47: insertBefore (SeqList.c:78)
==19188==    by 0x404DD0: insertAtEnd (SeqList.c:185)
==19188==    by 0x4047E4: insertInt (hash.c:99)
==19188==    by 0x4040A2: get_token_hasht (token.c:183)
==19188==    by 0x4013C1: populate_dfa (populate_dfa.c:145)
==19188==    by 0x404E4D: createDFA (lexer.c:10)
==19188==    by 0x404EE1: getNextToken (lexer.c:23)
==19188==    by 0x406264: parseTree (parser.c:102)
==19188==    by 0x406EA2: printParseTreeForHTML (parser.c:396)
==19188==    by 0x400CB5: main (visualize.c:15)
==19188== 
==19188== 16 bytes in 1 blocks are still reachable in loss record 230 of 917
==19188==    at 0x4C2DB8F: malloc (in /usr/lib/valgrind/vgpreload_memcheck-amd64-linux.so)
==19188==    by 0x40456C: createElementInt (hash.c:53)
==19188==    by 0x40475E: insertInt (hash.c:94)
==19188==    by 0x4040B8: get_token_hasht (token.c:184)
==19188==    by 0x4013C1: populate_dfa (populate_dfa.c:145)
==19188==    by 0x404E4D: createDFA (lexer.c:10)
==19188==    by 0x404EE1: getNextToken (lexer.c:23)
==19188==    by 0x406264: parseTree (parser.c:102)
==19188==    by 0x406EA2: printParseTreeForHTML (parser.c:396)
==19188==    by 0x400CB5: main (visualize.c:15)
==19188== 
==19188== 16 bytes in 1 blocks are still reachable in loss record 231 of 917
==19188==    at 0x4C2DB8F: malloc (in /usr/lib/valgrind/vgpreload_memcheck-amd64-linux.so)
==19188==    by 0x404B47: insertBefore (SeqList.c:78)
==19188==    by 0x404DD0: insertAtEnd (SeqList.c:185)
==19188==    by 0x4047E4: insertInt (hash.c:99)
==19188==    by 0x4040B8: get_token_hasht (token.c:184)
==19188==    by 0x4013C1: populate_dfa (populate_dfa.c:145)
==19188==    by 0x404E4D: createDFA (lexer.c:10)
==19188==    by 0x404EE1: getNextToken (lexer.c:23)
==19188==    by 0x406264: parseTree (parser.c:102)
==19188==    by 0x406EA2: printParseTreeForHTML (parser.c:396)
==19188==    by 0x400CB5: main (visualize.c:15)
==19188== 
==19188== 16 bytes in 1 blocks are still reachable in loss record 232 of 917
==19188==    at 0x4C2DB8F: malloc (in /usr/lib/valgrind/vgpreload_memcheck-amd64-linux.so)
==19188==    by 0x40456C: createElementInt (hash.c:53)
==19188==    by 0x40475E: insertInt (hash.c:94)
==19188==    by 0x4040CE: get_token_hasht (token.c:185)
==19188==    by 0x4013C1: populate_dfa (populate_dfa.c:145)
==19188==    by 0x404E4D: createDFA (lexer.c:10)
==19188==    by 0x404EE1: getNextToken (lexer.c:23)
==19188==    by 0x406264: parseTree (parser.c:102)
==19188==    by 0x406EA2: printParseTreeForHTML (parser.c:396)
==19188==    by 0x400CB5: main (visualize.c:15)
==19188== 
==19188== 16 bytes in 1 blocks are still reachable in loss record 233 of 917
==19188==    at 0x4C2DB8F: malloc (in /usr/lib/valgrind/vgpreload_memcheck-amd64-linux.so)
==19188==    by 0x404B47: insertBefore (SeqList.c:78)
==19188==    by 0x404DD0: insertAtEnd (SeqList.c:185)
==19188==    by 0x4047E4: insertInt (hash.c:99)
==19188==    by 0x4040CE: get_token_hasht (token.c:185)
==19188==    by 0x4013C1: populate_dfa (populate_dfa.c:145)
==19188==    by 0x404E4D: createDFA (lexer.c:10)
==19188==    by 0x404EE1: getNextToken (lexer.c:23)
==19188==    by 0x406264: parseTree (parser.c:102)
==19188==    by 0x406EA2: printParseTreeForHTML (parser.c:396)
==19188==    by 0x400CB5: main (visualize.c:15)
==19188== 
==19188== 16 bytes in 1 blocks are still reachable in loss record 234 of 917
==19188==    at 0x4C2DB8F: malloc (in /usr/lib/valgrind/vgpreload_memcheck-amd64-linux.so)
==19188==    by 0x40456C: createElementInt (hash.c:53)
==19188==    by 0x40475E: insertInt (hash.c:94)
==19188==    by 0x4040E4: get_token_hasht (token.c:186)
==19188==    by 0x4013C1: populate_dfa (populate_dfa.c:145)
==19188==    by 0x404E4D: createDFA (lexer.c:10)
==19188==    by 0x404EE1: getNextToken (lexer.c:23)
==19188==    by 0x406264: parseTree (parser.c:102)
==19188==    by 0x406EA2: printParseTreeForHTML (parser.c:396)
==19188==    by 0x400CB5: main (visualize.c:15)
==19188== 
==19188== 16 bytes in 1 blocks are still reachable in loss record 235 of 917
==19188==    at 0x4C2DB8F: malloc (in /usr/lib/valgrind/vgpreload_memcheck-amd64-linux.so)
==19188==    by 0x404B47: insertBefore (SeqList.c:78)
==19188==    by 0x404DD0: insertAtEnd (SeqList.c:185)
==19188==    by 0x4047E4: insertInt (hash.c:99)
==19188==    by 0x4040E4: get_token_hasht (token.c:186)
==19188==    by 0x4013C1: populate_dfa (populate_dfa.c:145)
==19188==    by 0x404E4D: createDFA (lexer.c:10)
==19188==    by 0x404EE1: getNextToken (lexer.c:23)
==19188==    by 0x406264: parseTree (parser.c:102)
==19188==    by 0x406EA2: printParseTreeForHTML (parser.c:396)
==19188==    by 0x400CB5: main (visualize.c:15)
==19188== 
==19188== 16 bytes in 1 blocks are still reachable in loss record 236 of 917
==19188==    at 0x4C2DB8F: malloc (in /usr/lib/valgrind/vgpreload_memcheck-amd64-linux.so)
==19188==    by 0x40456C: createElementInt (hash.c:53)
==19188==    by 0x40475E: insertInt (hash.c:94)
==19188==    by 0x4040FA: get_token_hasht (token.c:187)
==19188==    by 0x4013C1: populate_dfa (populate_dfa.c:145)
==19188==    by 0x404E4D: createDFA (lexer.c:10)
==19188==    by 0x404EE1: getNextToken (lexer.c:23)
==19188==    by 0x406264: parseTree (parser.c:102)
==19188==    by 0x406EA2: printParseTreeForHTML (parser.c:396)
==19188==    by 0x400CB5: main (visualize.c:15)
==19188== 
==19188== 16 bytes in 1 blocks are still reachable in loss record 237 of 917
==19188==    at 0x4C2DB8F: malloc (in /usr/lib/valgrind/vgpreload_memcheck-amd64-linux.so)
==19188==    by 0x404B47: insertBefore (SeqList.c:78)
==19188==    by 0x404DD0: insertAtEnd (SeqList.c:185)
==19188==    by 0x4047E4: insertInt (hash.c:99)
==19188==    by 0x4040FA: get_token_hasht (token.c:187)
==19188==    by 0x4013C1: populate_dfa (populate_dfa.c:145)
==19188==    by 0x404E4D: createDFA (lexer.c:10)
==19188==    by 0x404EE1: getNextToken (lexer.c:23)
==19188==    by 0x406264: parseTree (parser.c:102)
==19188==    by 0x406EA2: printParseTreeForHTML (parser.c:396)
==19188==    by 0x400CB5: main (visualize.c:15)
==19188== 
==19188== 16 bytes in 1 blocks are still reachable in loss record 238 of 917
==19188==    at 0x4C2DB8F: malloc (in /usr/lib/valgrind/vgpreload_memcheck-amd64-linux.so)
==19188==    by 0x40456C: createElementInt (hash.c:53)
==19188==    by 0x40475E: insertInt (hash.c:94)
==19188==    by 0x404110: get_token_hasht (token.c:188)
==19188==    by 0x4013C1: populate_dfa (populate_dfa.c:145)
==19188==    by 0x404E4D: createDFA (lexer.c:10)
==19188==    by 0x404EE1: getNextToken (lexer.c:23)
==19188==    by 0x406264: parseTree (parser.c:102)
==19188==    by 0x406EA2: printParseTreeForHTML (parser.c:396)
==19188==    by 0x400CB5: main (visualize.c:15)
==19188== 
==19188== 16 bytes in 1 blocks are still reachable in loss record 239 of 917
==19188==    at 0x4C2DB8F: malloc (in /usr/lib/valgrind/vgpreload_memcheck-amd64-linux.so)
==19188==    by 0x404B47: insertBefore (SeqList.c:78)
==19188==    by 0x404DD0: insertAtEnd (SeqList.c:185)
==19188==    by 0x4047E4: insertInt (hash.c:99)
==19188==    by 0x404110: get_token_hasht (token.c:188)
==19188==    by 0x4013C1: populate_dfa (populate_dfa.c:145)
==19188==    by 0x404E4D: createDFA (lexer.c:10)
==19188==    by 0x404EE1: getNextToken (lexer.c:23)
==19188==    by 0x406264: parseTree (parser.c:102)
==19188==    by 0x406EA2: printParseTreeForHTML (parser.c:396)
==19188==    by 0x400CB5: main (visualize.c:15)
==19188== 
==19188== 16 bytes in 1 blocks are still reachable in loss record 240 of 917
==19188==    at 0x4C2DB8F: malloc (in /usr/lib/valgrind/vgpreload_memcheck-amd64-linux.so)
==19188==    by 0x40456C: createElementInt (hash.c:53)
==19188==    by 0x40475E: insertInt (hash.c:94)
==19188==    by 0x404126: get_token_hasht (token.c:189)
==19188==    by 0x4013C1: populate_dfa (populate_dfa.c:145)
==19188==    by 0x404E4D: createDFA (lexer.c:10)
==19188==    by 0x404EE1: getNextToken (lexer.c:23)
==19188==    by 0x406264: parseTree (parser.c:102)
==19188==    by 0x406EA2: printParseTreeForHTML (parser.c:396)
==19188==    by 0x400CB5: main (visualize.c:15)
==19188== 
==19188== 16 bytes in 1 blocks are still reachable in loss record 241 of 917
==19188==    at 0x4C2DB8F: malloc (in /usr/lib/valgrind/vgpreload_memcheck-amd64-linux.so)
==19188==    by 0x404B47: insertBefore (SeqList.c:78)
==19188==    by 0x404DD0: insertAtEnd (SeqList.c:185)
==19188==    by 0x4047E4: insertInt (hash.c:99)
==19188==    by 0x404126: get_token_hasht (token.c:189)
==19188==    by 0x4013C1: populate_dfa (populate_dfa.c:145)
==19188==    by 0x404E4D: createDFA (lexer.c:10)
==19188==    by 0x404EE1: getNextToken (lexer.c:23)
==19188==    by 0x406264: parseTree (parser.c:102)
==19188==    by 0x406EA2: printParseTreeForHTML (parser.c:396)
==19188==    by 0x400CB5: main (visualize.c:15)
==19188== 
==19188== 16 bytes in 1 blocks are still reachable in loss record 242 of 917
==19188==    at 0x4C2DB8F: malloc (in /usr/lib/valgrind/vgpreload_memcheck-amd64-linux.so)
==19188==    by 0x40456C: createElementInt (hash.c:53)
==19188==    by 0x40475E: insertInt (hash.c:94)
==19188==    by 0x40413C: get_token_hasht (token.c:190)
==19188==    by 0x4013C1: populate_dfa (populate_dfa.c:145)
==19188==    by 0x404E4D: createDFA (lexer.c:10)
==19188==    by 0x404EE1: getNextToken (lexer.c:23)
==19188==    by 0x406264: parseTree (parser.c:102)
==19188==    by 0x406EA2: printParseTreeForHTML (parser.c:396)
==19188==    by 0x400CB5: main (visualize.c:15)
==19188== 
==19188== 16 bytes in 1 blocks are still reachable in loss record 243 of 917
==19188==    at 0x4C2DB8F: malloc (in /usr/lib/valgrind/vgpreload_memcheck-amd64-linux.so)
==19188==    by 0x404B47: insertBefore (SeqList.c:78)
==19188==    by 0x404DD0: insertAtEnd (SeqList.c:185)
==19188==    by 0x4047E4: insertInt (hash.c:99)
==19188==    by 0x40413C: get_token_hasht (token.c:190)
==19188==    by 0x4013C1: populate_dfa (populate_dfa.c:145)
==19188==    by 0x404E4D: createDFA (lexer.c:10)
==19188==    by 0x404EE1: getNextToken (lexer.c:23)
==19188==    by 0x406264: parseTree (parser.c:102)
==19188==    by 0x406EA2: printParseTreeForHTML (parser.c:396)
==19188==    by 0x400CB5: main (visualize.c:15)
==19188== 
==19188== 16 bytes in 1 blocks are still reachable in loss record 244 of 917
==19188==    at 0x4C2DB8F: malloc (in /usr/lib/valgrind/vgpreload_memcheck-amd64-linux.so)
==19188==    by 0x40456C: createElementInt (hash.c:53)
==19188==    by 0x40475E: insertInt (hash.c:94)
==19188==    by 0x404152: get_token_hasht (token.c:191)
==19188==    by 0x4013C1: populate_dfa (populate_dfa.c:145)
==19188==    by 0x404E4D: createDFA (lexer.c:10)
==19188==    by 0x404EE1: getNextToken (lexer.c:23)
==19188==    by 0x406264: parseTree (parser.c:102)
==19188==    by 0x406EA2: printParseTreeForHTML (parser.c:396)
==19188==    by 0x400CB5: main (visualize.c:15)
==19188== 
==19188== 16 bytes in 1 blocks are still reachable in loss record 245 of 917
==19188==    at 0x4C2DB8F: malloc (in /usr/lib/valgrind/vgpreload_memcheck-amd64-linux.so)
==19188==    by 0x404B47: insertBefore (SeqList.c:78)
==19188==    by 0x404DD0: insertAtEnd (SeqList.c:185)
==19188==    by 0x4047E4: insertInt (hash.c:99)
==19188==    by 0x404152: get_token_hasht (token.c:191)
==19188==    by 0x4013C1: populate_dfa (populate_dfa.c:145)
==19188==    by 0x404E4D: createDFA (lexer.c:10)
==19188==    by 0x404EE1: getNextToken (lexer.c:23)
==19188==    by 0x406264: parseTree (parser.c:102)
==19188==    by 0x406EA2: printParseTreeForHTML (parser.c:396)
==19188==    by 0x400CB5: main (visualize.c:15)
==19188== 
==19188== 16 bytes in 1 blocks are still reachable in loss record 246 of 917
==19188==    at 0x4C2DB8F: malloc (in /usr/lib/valgrind/vgpreload_memcheck-amd64-linux.so)
==19188==    by 0x40456C: createElementInt (hash.c:53)
==19188==    by 0x40475E: insertInt (hash.c:94)
==19188==    by 0x404168: get_token_hasht (token.c:192)
==19188==    by 0x4013C1: populate_dfa (populate_dfa.c:145)
==19188==    by 0x404E4D: createDFA (lexer.c:10)
==19188==    by 0x404EE1: getNextToken (lexer.c:23)
==19188==    by 0x406264: parseTree (parser.c:102)
==19188==    by 0x406EA2: printParseTreeForHTML (parser.c:396)
==19188==    by 0x400CB5: main (visualize.c:15)
==19188== 
==19188== 16 bytes in 1 blocks are still reachable in loss record 247 of 917
==19188==    at 0x4C2DB8F: malloc (in /usr/lib/valgrind/vgpreload_memcheck-amd64-linux.so)
==19188==    by 0x404B47: insertBefore (SeqList.c:78)
==19188==    by 0x404DD0: insertAtEnd (SeqList.c:185)
==19188==    by 0x4047E4: insertInt (hash.c:99)
==19188==    by 0x404168: get_token_hasht (token.c:192)
==19188==    by 0x4013C1: populate_dfa (populate_dfa.c:145)
==19188==    by 0x404E4D: createDFA (lexer.c:10)
==19188==    by 0x404EE1: getNextToken (lexer.c:23)
==19188==    by 0x406264: parseTree (parser.c:102)
==19188==    by 0x406EA2: printParseTreeForHTML (parser.c:396)
==19188==    by 0x400CB5: main (visualize.c:15)
==19188== 
==19188== 16 bytes in 1 blocks are still reachable in loss record 248 of 917
==19188==    at 0x4C2DB8F: malloc (in /usr/lib/valgrind/vgpreload_memcheck-amd64-linux.so)
==19188==    by 0x40456C: createElementInt (hash.c:53)
==19188==    by 0x40475E: insertInt (hash.c:94)
==19188==    by 0x40417E: get_token_hasht (token.c:193)
==19188==    by 0x4013C1: populate_dfa (populate_dfa.c:145)
==19188==    by 0x404E4D: createDFA (lexer.c:10)
==19188==    by 0x404EE1: getNextToken (lexer.c:23)
==19188==    by 0x406264: parseTree (parser.c:102)
==19188==    by 0x406EA2: printParseTreeForHTML (parser.c:396)
==19188==    by 0x400CB5: main (visualize.c:15)
==19188== 
==19188== 16 bytes in 1 blocks are still reachable in loss record 249 of 917
==19188==    at 0x4C2DB8F: malloc (in /usr/lib/valgrind/vgpreload_memcheck-amd64-linux.so)
==19188==    by 0x404B47: insertBefore (SeqList.c:78)
==19188==    by 0x404DD0: insertAtEnd (SeqList.c:185)
==19188==    by 0x4047E4: insertInt (hash.c:99)
==19188==    by 0x40417E: get_token_hasht (token.c:193)
==19188==    by 0x4013C1: populate_dfa (populate_dfa.c:145)
==19188==    by 0x404E4D: createDFA (lexer.c:10)
==19188==    by 0x404EE1: getNextToken (lexer.c:23)
==19188==    by 0x406264: parseTree (parser.c:102)
==19188==    by 0x406EA2: printParseTreeForHTML (parser.c:396)
==19188==    by 0x400CB5: main (visualize.c:15)
==19188== 
==19188== 16 bytes in 1 blocks are still reachable in loss record 250 of 917
==19188==    at 0x4C2DB8F: malloc (in /usr/lib/valgrind/vgpreload_memcheck-amd64-linux.so)
==19188==    by 0x40456C: createElementInt (hash.c:53)
==19188==    by 0x40475E: insertInt (hash.c:94)
==19188==    by 0x404194: get_token_hasht (token.c:195)
==19188==    by 0x4013C1: populate_dfa (populate_dfa.c:145)
==19188==    by 0x404E4D: createDFA (lexer.c:10)
==19188==    by 0x404EE1: getNextToken (lexer.c:23)
==19188==    by 0x406264: parseTree (parser.c:102)
==19188==    by 0x406EA2: printParseTreeForHTML (parser.c:396)
==19188==    by 0x400CB5: main (visualize.c:15)
==19188== 
==19188== 16 bytes in 1 blocks are still reachable in loss record 251 of 917
==19188==    at 0x4C2DB8F: malloc (in /usr/lib/valgrind/vgpreload_memcheck-amd64-linux.so)
==19188==    by 0x404B47: insertBefore (SeqList.c:78)
==19188==    by 0x404DD0: insertAtEnd (SeqList.c:185)
==19188==    by 0x4047E4: insertInt (hash.c:99)
==19188==    by 0x404194: get_token_hasht (token.c:195)
==19188==    by 0x4013C1: populate_dfa (populate_dfa.c:145)
==19188==    by 0x404E4D: createDFA (lexer.c:10)
==19188==    by 0x404EE1: getNextToken (lexer.c:23)
==19188==    by 0x406264: parseTree (parser.c:102)
==19188==    by 0x406EA2: printParseTreeForHTML (parser.c:396)
==19188==    by 0x400CB5: main (visualize.c:15)
==19188== 
==19188== 16 bytes in 1 blocks are still reachable in loss record 252 of 917
==19188==    at 0x4C2DB8F: malloc (in /usr/lib/valgrind/vgpreload_memcheck-amd64-linux.so)
==19188==    by 0x40456C: createElementInt (hash.c:53)
==19188==    by 0x40475E: insertInt (hash.c:94)
==19188==    by 0x4041AA: get_token_hasht (token.c:196)
==19188==    by 0x4013C1: populate_dfa (populate_dfa.c:145)
==19188==    by 0x404E4D: createDFA (lexer.c:10)
==19188==    by 0x404EE1: getNextToken (lexer.c:23)
==19188==    by 0x406264: parseTree (parser.c:102)
==19188==    by 0x406EA2: printParseTreeForHTML (parser.c:396)
==19188==    by 0x400CB5: main (visualize.c:15)
==19188== 
==19188== 16 bytes in 1 blocks are still reachable in loss record 253 of 917
==19188==    at 0x4C2DB8F: malloc (in /usr/lib/valgrind/vgpreload_memcheck-amd64-linux.so)
==19188==    by 0x404B47: insertBefore (SeqList.c:78)
==19188==    by 0x404DD0: insertAtEnd (SeqList.c:185)
==19188==    by 0x4047E4: insertInt (hash.c:99)
==19188==    by 0x4041AA: get_token_hasht (token.c:196)
==19188==    by 0x4013C1: populate_dfa (populate_dfa.c:145)
==19188==    by 0x404E4D: createDFA (lexer.c:10)
==19188==    by 0x404EE1: getNextToken (lexer.c:23)
==19188==    by 0x406264: parseTree (parser.c:102)
==19188==    by 0x406EA2: printParseTreeForHTML (parser.c:396)
==19188==    by 0x400CB5: main (visualize.c:15)
==19188== 
==19188== 16 bytes in 1 blocks are still reachable in loss record 254 of 917
==19188==    at 0x4C2DB8F: malloc (in /usr/lib/valgrind/vgpreload_memcheck-amd64-linux.so)
==19188==    by 0x40456C: createElementInt (hash.c:53)
==19188==    by 0x40475E: insertInt (hash.c:94)
==19188==    by 0x4041C0: get_token_hasht (token.c:197)
==19188==    by 0x4013C1: populate_dfa (populate_dfa.c:145)
==19188==    by 0x404E4D: createDFA (lexer.c:10)
==19188==    by 0x404EE1: getNextToken (lexer.c:23)
==19188==    by 0x406264: parseTree (parser.c:102)
==19188==    by 0x406EA2: printParseTreeForHTML (parser.c:396)
==19188==    by 0x400CB5: main (visualize.c:15)
==19188== 
==19188== 16 bytes in 1 blocks are still reachable in loss record 255 of 917
==19188==    at 0x4C2DB8F: malloc (in /usr/lib/valgrind/vgpreload_memcheck-amd64-linux.so)
==19188==    by 0x404B47: insertBefore (SeqList.c:78)
==19188==    by 0x404DD0: insertAtEnd (SeqList.c:185)
==19188==    by 0x4047E4: insertInt (hash.c:99)
==19188==    by 0x4041C0: get_token_hasht (token.c:197)
==19188==    by 0x4013C1: populate_dfa (populate_dfa.c:145)
==19188==    by 0x404E4D: createDFA (lexer.c:10)
==19188==    by 0x404EE1: getNextToken (lexer.c:23)
==19188==    by 0x406264: parseTree (parser.c:102)
==19188==    by 0x406EA2: printParseTreeForHTML (parser.c:396)
==19188==    by 0x400CB5: main (visualize.c:15)
==19188== 
==19188== 16 bytes in 1 blocks are still reachable in loss record 256 of 917
==19188==    at 0x4C2DB8F: malloc (in /usr/lib/valgrind/vgpreload_memcheck-amd64-linux.so)
==19188==    by 0x40456C: createElementInt (hash.c:53)
==19188==    by 0x40475E: insertInt (hash.c:94)
==19188==    by 0x404207: get_keyword_hasht (token.c:208)
==19188==    by 0x404FB1: getNextToken (lexer.c:36)
==19188==    by 0x406264: parseTree (parser.c:102)
==19188==    by 0x406EA2: printParseTreeForHTML (parser.c:396)
==19188==    by 0x400CB5: main (visualize.c:15)
==19188== 
==19188== 16 bytes in 1 blocks are still reachable in loss record 257 of 917
==19188==    at 0x4C2DB8F: malloc (in /usr/lib/valgrind/vgpreload_memcheck-amd64-linux.so)
==19188==    by 0x404B47: insertBefore (SeqList.c:78)
==19188==    by 0x404DD0: insertAtEnd (SeqList.c:185)
==19188==    by 0x4047E4: insertInt (hash.c:99)
==19188==    by 0x404207: get_keyword_hasht (token.c:208)
==19188==    by 0x404FB1: getNextToken (lexer.c:36)
==19188==    by 0x406264: parseTree (parser.c:102)
==19188==    by 0x406EA2: printParseTreeForHTML (parser.c:396)
==19188==    by 0x400CB5: main (visualize.c:15)
==19188== 
==19188== 16 bytes in 1 blocks are still reachable in loss record 258 of 917
==19188==    at 0x4C2DB8F: malloc (in /usr/lib/valgrind/vgpreload_memcheck-amd64-linux.so)
==19188==    by 0x40456C: createElementInt (hash.c:53)
==19188==    by 0x40475E: insertInt (hash.c:94)
==19188==    by 0x40421D: get_keyword_hasht (token.c:209)
==19188==    by 0x404FB1: getNextToken (lexer.c:36)
==19188==    by 0x406264: parseTree (parser.c:102)
==19188==    by 0x406EA2: printParseTreeForHTML (parser.c:396)
==19188==    by 0x400CB5: main (visualize.c:15)
==19188== 
==19188== 16 bytes in 1 blocks are still reachable in loss record 259 of 917
==19188==    at 0x4C2DB8F: malloc (in /usr/lib/valgrind/vgpreload_memcheck-amd64-linux.so)
==19188==    by 0x404B47: insertBefore (SeqList.c:78)
==19188==    by 0x404DD0: insertAtEnd (SeqList.c:185)
==19188==    by 0x4047E4: insertInt (hash.c:99)
==19188==    by 0x40421D: get_keyword_hasht (token.c:209)
==19188==    by 0x404FB1: getNextToken (lexer.c:36)
==19188==    by 0x406264: parseTree (parser.c:102)
==19188==    by 0x406EA2: printParseTreeForHTML (parser.c:396)
==19188==    by 0x400CB5: main (visualize.c:15)
==19188== 
==19188== 16 bytes in 1 blocks are still reachable in loss record 260 of 917
==19188==    at 0x4C2DB8F: malloc (in /usr/lib/valgrind/vgpreload_memcheck-amd64-linux.so)
==19188==    by 0x40456C: createElementInt (hash.c:53)
==19188==    by 0x40475E: insertInt (hash.c:94)
==19188==    by 0x404233: get_keyword_hasht (token.c:210)
==19188==    by 0x404FB1: getNextToken (lexer.c:36)
==19188==    by 0x406264: parseTree (parser.c:102)
==19188==    by 0x406EA2: printParseTreeForHTML (parser.c:396)
==19188==    by 0x400CB5: main (visualize.c:15)
==19188== 
==19188== 16 bytes in 1 blocks are still reachable in loss record 261 of 917
==19188==    at 0x4C2DB8F: malloc (in /usr/lib/valgrind/vgpreload_memcheck-amd64-linux.so)
==19188==    by 0x404B47: insertBefore (SeqList.c:78)
==19188==    by 0x404DD0: insertAtEnd (SeqList.c:185)
==19188==    by 0x4047E4: insertInt (hash.c:99)
==19188==    by 0x404233: get_keyword_hasht (token.c:210)
==19188==    by 0x404FB1: getNextToken (lexer.c:36)
==19188==    by 0x406264: parseTree (parser.c:102)
==19188==    by 0x406EA2: printParseTreeForHTML (parser.c:396)
==19188==    by 0x400CB5: main (visualize.c:15)
==19188== 
==19188== 16 bytes in 1 blocks are still reachable in loss record 262 of 917
==19188==    at 0x4C2DB8F: malloc (in /usr/lib/valgrind/vgpreload_memcheck-amd64-linux.so)
==19188==    by 0x40456C: createElementInt (hash.c:53)
==19188==    by 0x40475E: insertInt (hash.c:94)
==19188==    by 0x404249: get_keyword_hasht (token.c:211)
==19188==    by 0x404FB1: getNextToken (lexer.c:36)
==19188==    by 0x406264: parseTree (parser.c:102)
==19188==    by 0x406EA2: printParseTreeForHTML (parser.c:396)
==19188==    by 0x400CB5: main (visualize.c:15)
==19188== 
==19188== 16 bytes in 1 blocks are still reachable in loss record 263 of 917
==19188==    at 0x4C2DB8F: malloc (in /usr/lib/valgrind/vgpreload_memcheck-amd64-linux.so)
==19188==    by 0x404B47: insertBefore (SeqList.c:78)
==19188==    by 0x404DD0: insertAtEnd (SeqList.c:185)
==19188==    by 0x4047E4: insertInt (hash.c:99)
==19188==    by 0x404249: get_keyword_hasht (token.c:211)
==19188==    by 0x404FB1: getNextToken (lexer.c:36)
==19188==    by 0x406264: parseTree (parser.c:102)
==19188==    by 0x406EA2: printParseTreeForHTML (parser.c:396)
==19188==    by 0x400CB5: main (visualize.c:15)
==19188== 
==19188== 16 bytes in 1 blocks are still reachable in loss record 264 of 917
==19188==    at 0x4C2DB8F: malloc (in /usr/lib/valgrind/vgpreload_memcheck-amd64-linux.so)
==19188==    by 0x40456C: createElementInt (hash.c:53)
==19188==    by 0x40475E: insertInt (hash.c:94)
==19188==    by 0x40425F: get_keyword_hasht (token.c:212)
==19188==    by 0x404FB1: getNextToken (lexer.c:36)
==19188==    by 0x406264: parseTree (parser.c:102)
==19188==    by 0x406EA2: printParseTreeForHTML (parser.c:396)
==19188==    by 0x400CB5: main (visualize.c:15)
==19188== 
==19188== 16 bytes in 1 blocks are still reachable in loss record 265 of 917
==19188==    at 0x4C2DB8F: malloc (in /usr/lib/valgrind/vgpreload_memcheck-amd64-linux.so)
==19188==    by 0x404B47: insertBefore (SeqList.c:78)
==19188==    by 0x404DD0: insertAtEnd (SeqList.c:185)
==19188==    by 0x4047E4: insertInt (hash.c:99)
==19188==    by 0x40425F: get_keyword_hasht (token.c:212)
==19188==    by 0x404FB1: getNextToken (lexer.c:36)
==19188==    by 0x406264: parseTree (parser.c:102)
==19188==    by 0x406EA2: printParseTreeForHTML (parser.c:396)
==19188==    by 0x400CB5: main (visualize.c:15)
==19188== 
==19188== 16 bytes in 1 blocks are still reachable in loss record 266 of 917
==19188==    at 0x4C2DB8F: malloc (in /usr/lib/valgrind/vgpreload_memcheck-amd64-linux.so)
==19188==    by 0x40456C: createElementInt (hash.c:53)
==19188==    by 0x40475E: insertInt (hash.c:94)
==19188==    by 0x404275: get_keyword_hasht (token.c:213)
==19188==    by 0x404FB1: getNextToken (lexer.c:36)
==19188==    by 0x406264: parseTree (parser.c:102)
==19188==    by 0x406EA2: printParseTreeForHTML (parser.c:396)
==19188==    by 0x400CB5: main (visualize.c:15)
==19188== 
==19188== 16 bytes in 1 blocks are still reachable in loss record 267 of 917
==19188==    at 0x4C2DB8F: malloc (in /usr/lib/valgrind/vgpreload_memcheck-amd64-linux.so)
==19188==    by 0x404B47: insertBefore (SeqList.c:78)
==19188==    by 0x404DD0: insertAtEnd (SeqList.c:185)
==19188==    by 0x4047E4: insertInt (hash.c:99)
==19188==    by 0x404275: get_keyword_hasht (token.c:213)
==19188==    by 0x404FB1: getNextToken (lexer.c:36)
==19188==    by 0x406264: parseTree (parser.c:102)
==19188==    by 0x406EA2: printParseTreeForHTML (parser.c:396)
==19188==    by 0x400CB5: main (visualize.c:15)
==19188== 
==19188== 16 bytes in 1 blocks are still reachable in loss record 268 of 917
==19188==    at 0x4C2DB8F: malloc (in /usr/lib/valgrind/vgpreload_memcheck-amd64-linux.so)
==19188==    by 0x40456C: createElementInt (hash.c:53)
==19188==    by 0x40475E: insertInt (hash.c:94)
==19188==    by 0x40428B: get_keyword_hasht (token.c:214)
==19188==    by 0x404FB1: getNextToken (lexer.c:36)
==19188==    by 0x406264: parseTree (parser.c:102)
==19188==    by 0x406EA2: printParseTreeForHTML (parser.c:396)
==19188==    by 0x400CB5: main (visualize.c:15)
==19188== 
==19188== 16 bytes in 1 blocks are still reachable in loss record 269 of 917
==19188==    at 0x4C2DB8F: malloc (in /usr/lib/valgrind/vgpreload_memcheck-amd64-linux.so)
==19188==    by 0x404B47: insertBefore (SeqList.c:78)
==19188==    by 0x404DD0: insertAtEnd (SeqList.c:185)
==19188==    by 0x4047E4: insertInt (hash.c:99)
==19188==    by 0x40428B: get_keyword_hasht (token.c:214)
==19188==    by 0x404FB1: getNextToken (lexer.c:36)
==19188==    by 0x406264: parseTree (parser.c:102)
==19188==    by 0x406EA2: printParseTreeForHTML (parser.c:396)
==19188==    by 0x400CB5: main (visualize.c:15)
==19188== 
==19188== 16 bytes in 1 blocks are still reachable in loss record 270 of 917
==19188==    at 0x4C2DB8F: malloc (in /usr/lib/valgrind/vgpreload_memcheck-amd64-linux.so)
==19188==    by 0x40456C: createElementInt (hash.c:53)
==19188==    by 0x40475E: insertInt (hash.c:94)
==19188==    by 0x4042A1: get_keyword_hasht (token.c:215)
==19188==    by 0x404FB1: getNextToken (lexer.c:36)
==19188==    by 0x406264: parseTree (parser.c:102)
==19188==    by 0x406EA2: printParseTreeForHTML (parser.c:396)
==19188==    by 0x400CB5: main (visualize.c:15)
==19188== 
==19188== 16 bytes in 1 blocks are still reachable in loss record 271 of 917
==19188==    at 0x4C2DB8F: malloc (in /usr/lib/valgrind/vgpreload_memcheck-amd64-linux.so)
==19188==    by 0x404B47: insertBefore (SeqList.c:78)
==19188==    by 0x404DD0: insertAtEnd (SeqList.c:185)
==19188==    by 0x4047E4: insertInt (hash.c:99)
==19188==    by 0x4042A1: get_keyword_hasht (token.c:215)
==19188==    by 0x404FB1: getNextToken (lexer.c:36)
==19188==    by 0x406264: parseTree (parser.c:102)
==19188==    by 0x406EA2: printParseTreeForHTML (parser.c:396)
==19188==    by 0x400CB5: main (visualize.c:15)
==19188== 
==19188== 16 bytes in 1 blocks are still reachable in loss record 272 of 917
==19188==    at 0x4C2DB8F: malloc (in /usr/lib/valgrind/vgpreload_memcheck-amd64-linux.so)
==19188==    by 0x40456C: createElementInt (hash.c:53)
==19188==    by 0x40475E: insertInt (hash.c:94)
==19188==    by 0x4042B7: get_keyword_hasht (token.c:216)
==19188==    by 0x404FB1: getNextToken (lexer.c:36)
==19188==    by 0x406264: parseTree (parser.c:102)
==19188==    by 0x406EA2: printParseTreeForHTML (parser.c:396)
==19188==    by 0x400CB5: main (visualize.c:15)
==19188== 
==19188== 16 bytes in 1 blocks are still reachable in loss record 273 of 917
==19188==    at 0x4C2DB8F: malloc (in /usr/lib/valgrind/vgpreload_memcheck-amd64-linux.so)
==19188==    by 0x404B47: insertBefore (SeqList.c:78)
==19188==    by 0x404DD0: insertAtEnd (SeqList.c:185)
==19188==    by 0x4047E4: insertInt (hash.c:99)
==19188==    by 0x4042B7: get_keyword_hasht (token.c:216)
==19188==    by 0x404FB1: getNextToken (lexer.c:36)
==19188==    by 0x406264: parseTree (parser.c:102)
==19188==    by 0x406EA2: printParseTreeForHTML (parser.c:396)
==19188==    by 0x400CB5: main (visualize.c:15)
==19188== 
==19188== 16 bytes in 1 blocks are still reachable in loss record 274 of 917
==19188==    at 0x4C2DB8F: malloc (in /usr/lib/valgrind/vgpreload_memcheck-amd64-linux.so)
==19188==    by 0x40456C: createElementInt (hash.c:53)
==19188==    by 0x40475E: insertInt (hash.c:94)
==19188==    by 0x4042CD: get_keyword_hasht (token.c:217)
==19188==    by 0x404FB1: getNextToken (lexer.c:36)
==19188==    by 0x406264: parseTree (parser.c:102)
==19188==    by 0x406EA2: printParseTreeForHTML (parser.c:396)
==19188==    by 0x400CB5: main (visualize.c:15)
==19188== 
==19188== 16 bytes in 1 blocks are still reachable in loss record 275 of 917
==19188==    at 0x4C2DB8F: malloc (in /usr/lib/valgrind/vgpreload_memcheck-amd64-linux.so)
==19188==    by 0x404B47: insertBefore (SeqList.c:78)
==19188==    by 0x404DD0: insertAtEnd (SeqList.c:185)
==19188==    by 0x4047E4: insertInt (hash.c:99)
==19188==    by 0x4042CD: get_keyword_hasht (token.c:217)
==19188==    by 0x404FB1: getNextToken (lexer.c:36)
==19188==    by 0x406264: parseTree (parser.c:102)
==19188==    by 0x406EA2: printParseTreeForHTML (parser.c:396)
==19188==    by 0x400CB5: main (visualize.c:15)
==19188== 
==19188== 16 bytes in 1 blocks are still reachable in loss record 276 of 917
==19188==    at 0x4C2DB8F: malloc (in /usr/lib/valgrind/vgpreload_memcheck-amd64-linux.so)
==19188==    by 0x40456C: createElementInt (hash.c:53)
==19188==    by 0x40475E: insertInt (hash.c:94)
==19188==    by 0x4042E3: get_keyword_hasht (token.c:218)
==19188==    by 0x404FB1: getNextToken (lexer.c:36)
==19188==    by 0x406264: parseTree (parser.c:102)
==19188==    by 0x406EA2: printParseTreeForHTML (parser.c:396)
==19188==    by 0x400CB5: main (visualize.c:15)
==19188== 
==19188== 16 bytes in 1 blocks are still reachable in loss record 277 of 917
==19188==    at 0x4C2DB8F: malloc (in /usr/lib/valgrind/vgpreload_memcheck-amd64-linux.so)
==19188==    by 0x404B47: insertBefore (SeqList.c:78)
==19188==    by 0x404DD0: insertAtEnd (SeqList.c:185)
==19188==    by 0x4047E4: insertInt (hash.c:99)
==19188==    by 0x4042E3: get_keyword_hasht (token.c:218)
==19188==    by 0x404FB1: getNextToken (lexer.c:36)
==19188==    by 0x406264: parseTree (parser.c:102)
==19188==    by 0x406EA2: printParseTreeForHTML (parser.c:396)
==19188==    by 0x400CB5: main (visualize.c:15)
==19188== 
==19188== 16 bytes in 1 blocks are still reachable in loss record 278 of 917
==19188==    at 0x4C2DB8F: malloc (in /usr/lib/valgrind/vgpreload_memcheck-amd64-linux.so)
==19188==    by 0x40456C: createElementInt (hash.c:53)
==19188==    by 0x40475E: insertInt (hash.c:94)
==19188==    by 0x4042F9: get_keyword_hasht (token.c:219)
==19188==    by 0x404FB1: getNextToken (lexer.c:36)
==19188==    by 0x406264: parseTree (parser.c:102)
==19188==    by 0x406EA2: printParseTreeForHTML (parser.c:396)
==19188==    by 0x400CB5: main (visualize.c:15)
==19188== 
==19188== 16 bytes in 1 blocks are still reachable in loss record 279 of 917
==19188==    at 0x4C2DB8F: malloc (in /usr/lib/valgrind/vgpreload_memcheck-amd64-linux.so)
==19188==    by 0x404B47: insertBefore (SeqList.c:78)
==19188==    by 0x404DD0: insertAtEnd (SeqList.c:185)
==19188==    by 0x4047E4: insertInt (hash.c:99)
==19188==    by 0x4042F9: get_keyword_hasht (token.c:219)
==19188==    by 0x404FB1: getNextToken (lexer.c:36)
==19188==    by 0x406264: parseTree (parser.c:102)
==19188==    by 0x406EA2: printParseTreeForHTML (parser.c:396)
==19188==    by 0x400CB5: main (visualize.c:15)
==19188== 
==19188== 16 bytes in 1 blocks are still reachable in loss record 280 of 917
==19188==    at 0x4C2DB8F: malloc (in /usr/lib/valgrind/vgpreload_memcheck-amd64-linux.so)
==19188==    by 0x40456C: createElementInt (hash.c:53)
==19188==    by 0x40475E: insertInt (hash.c:94)
==19188==    by 0x40430F: get_keyword_hasht (token.c:220)
==19188==    by 0x404FB1: getNextToken (lexer.c:36)
==19188==    by 0x406264: parseTree (parser.c:102)
==19188==    by 0x406EA2: printParseTreeForHTML (parser.c:396)
==19188==    by 0x400CB5: main (visualize.c:15)
==19188== 
==19188== 16 bytes in 1 blocks are still reachable in loss record 281 of 917
==19188==    at 0x4C2DB8F: malloc (in /usr/lib/valgrind/vgpreload_memcheck-amd64-linux.so)
==19188==    by 0x404B47: insertBefore (SeqList.c:78)
==19188==    by 0x404DD0: insertAtEnd (SeqList.c:185)
==19188==    by 0x4047E4: insertInt (hash.c:99)
==19188==    by 0x40430F: get_keyword_hasht (token.c:220)
==19188==    by 0x404FB1: getNextToken (lexer.c:36)
==19188==    by 0x406264: parseTree (parser.c:102)
==19188==    by 0x406EA2: printParseTreeForHTML (parser.c:396)
==19188==    by 0x400CB5: main (visualize.c:15)
==19188== 
==19188== 16 bytes in 1 blocks are still reachable in loss record 282 of 917
==19188==    at 0x4C2DB8F: malloc (in /usr/lib/valgrind/vgpreload_memcheck-amd64-linux.so)
==19188==    by 0x40456C: createElementInt (hash.c:53)
==19188==    by 0x40475E: insertInt (hash.c:94)
==19188==    by 0x404325: get_keyword_hasht (token.c:221)
==19188==    by 0x404FB1: getNextToken (lexer.c:36)
==19188==    by 0x406264: parseTree (parser.c:102)
==19188==    by 0x406EA2: printParseTreeForHTML (parser.c:396)
==19188==    by 0x400CB5: main (visualize.c:15)
==19188== 
==19188== 16 bytes in 1 blocks are still reachable in loss record 283 of 917
==19188==    at 0x4C2DB8F: malloc (in /usr/lib/valgrind/vgpreload_memcheck-amd64-linux.so)
==19188==    by 0x404B47: insertBefore (SeqList.c:78)
==19188==    by 0x404DD0: insertAtEnd (SeqList.c:185)
==19188==    by 0x4047E4: insertInt (hash.c:99)
==19188==    by 0x404325: get_keyword_hasht (token.c:221)
==19188==    by 0x404FB1: getNextToken (lexer.c:36)
==19188==    by 0x406264: parseTree (parser.c:102)
==19188==    by 0x406EA2: printParseTreeForHTML (parser.c:396)
==19188==    by 0x400CB5: main (visualize.c:15)
==19188== 
==19188== 16 bytes in 1 blocks are still reachable in loss record 284 of 917
==19188==    at 0x4C2DB8F: malloc (in /usr/lib/valgrind/vgpreload_memcheck-amd64-linux.so)
==19188==    by 0x40456C: createElementInt (hash.c:53)
==19188==    by 0x40475E: insertInt (hash.c:94)
==19188==    by 0x40433B: get_keyword_hasht (token.c:222)
==19188==    by 0x404FB1: getNextToken (lexer.c:36)
==19188==    by 0x406264: parseTree (parser.c:102)
==19188==    by 0x406EA2: printParseTreeForHTML (parser.c:396)
==19188==    by 0x400CB5: main (visualize.c:15)
==19188== 
==19188== 16 bytes in 1 blocks are still reachable in loss record 285 of 917
==19188==    at 0x4C2DB8F: malloc (in /usr/lib/valgrind/vgpreload_memcheck-amd64-linux.so)
==19188==    by 0x404B47: insertBefore (SeqList.c:78)
==19188==    by 0x404DD0: insertAtEnd (SeqList.c:185)
==19188==    by 0x4047E4: insertInt (hash.c:99)
==19188==    by 0x40433B: get_keyword_hasht (token.c:222)
==19188==    by 0x404FB1: getNextToken (lexer.c:36)
==19188==    by 0x406264: parseTree (parser.c:102)
==19188==    by 0x406EA2: printParseTreeForHTML (parser.c:396)
==19188==    by 0x400CB5: main (visualize.c:15)
==19188== 
==19188== 16 bytes in 1 blocks are still reachable in loss record 286 of 917
==19188==    at 0x4C2DB8F: malloc (in /usr/lib/valgrind/vgpreload_memcheck-amd64-linux.so)
==19188==    by 0x40456C: createElementInt (hash.c:53)
==19188==    by 0x40475E: insertInt (hash.c:94)
==19188==    by 0x404351: get_keyword_hasht (token.c:223)
==19188==    by 0x404FB1: getNextToken (lexer.c:36)
==19188==    by 0x406264: parseTree (parser.c:102)
==19188==    by 0x406EA2: printParseTreeForHTML (parser.c:396)
==19188==    by 0x400CB5: main (visualize.c:15)
==19188== 
==19188== 16 bytes in 1 blocks are still reachable in loss record 287 of 917
==19188==    at 0x4C2DB8F: malloc (in /usr/lib/valgrind/vgpreload_memcheck-amd64-linux.so)
==19188==    by 0x404B47: insertBefore (SeqList.c:78)
==19188==    by 0x404DD0: insertAtEnd (SeqList.c:185)
==19188==    by 0x4047E4: insertInt (hash.c:99)
==19188==    by 0x404351: get_keyword_hasht (token.c:223)
==19188==    by 0x404FB1: getNextToken (lexer.c:36)
==19188==    by 0x406264: parseTree (parser.c:102)
==19188==    by 0x406EA2: printParseTreeForHTML (parser.c:396)
==19188==    by 0x400CB5: main (visualize.c:15)
==19188== 
==19188== 16 bytes in 1 blocks are still reachable in loss record 288 of 917
==19188==    at 0x4C2DB8F: malloc (in /usr/lib/valgrind/vgpreload_memcheck-amd64-linux.so)
==19188==    by 0x40456C: createElementInt (hash.c:53)
==19188==    by 0x40475E: insertInt (hash.c:94)
==19188==    by 0x404367: get_keyword_hasht (token.c:224)
==19188==    by 0x404FB1: getNextToken (lexer.c:36)
==19188==    by 0x406264: parseTree (parser.c:102)
==19188==    by 0x406EA2: printParseTreeForHTML (parser.c:396)
==19188==    by 0x400CB5: main (visualize.c:15)
==19188== 
==19188== 16 bytes in 1 blocks are still reachable in loss record 289 of 917
==19188==    at 0x4C2DB8F: malloc (in /usr/lib/valgrind/vgpreload_memcheck-amd64-linux.so)
==19188==    by 0x404B47: insertBefore (SeqList.c:78)
==19188==    by 0x404DD0: insertAtEnd (SeqList.c:185)
==19188==    by 0x4047E4: insertInt (hash.c:99)
==19188==    by 0x404367: get_keyword_hasht (token.c:224)
==19188==    by 0x404FB1: getNextToken (lexer.c:36)
==19188==    by 0x406264: parseTree (parser.c:102)
==19188==    by 0x406EA2: printParseTreeForHTML (parser.c:396)
==19188==    by 0x400CB5: main (visualize.c:15)
==19188== 
==19188== 16 bytes in 1 blocks are still reachable in loss record 290 of 917
==19188==    at 0x4C2DB8F: malloc (in /usr/lib/valgrind/vgpreload_memcheck-amd64-linux.so)
==19188==    by 0x40456C: createElementInt (hash.c:53)
==19188==    by 0x40475E: insertInt (hash.c:94)
==19188==    by 0x40437D: get_keyword_hasht (token.c:225)
==19188==    by 0x404FB1: getNextToken (lexer.c:36)
==19188==    by 0x406264: parseTree (parser.c:102)
==19188==    by 0x406EA2: printParseTreeForHTML (parser.c:396)
==19188==    by 0x400CB5: main (visualize.c:15)
==19188== 
==19188== 16 bytes in 1 blocks are still reachable in loss record 291 of 917
==19188==    at 0x4C2DB8F: malloc (in /usr/lib/valgrind/vgpreload_memcheck-amd64-linux.so)
==19188==    by 0x404B47: insertBefore (SeqList.c:78)
==19188==    by 0x404DD0: insertAtEnd (SeqList.c:185)
==19188==    by 0x4047E4: insertInt (hash.c:99)
==19188==    by 0x40437D: get_keyword_hasht (token.c:225)
==19188==    by 0x404FB1: getNextToken (lexer.c:36)
==19188==    by 0x406264: parseTree (parser.c:102)
==19188==    by 0x406EA2: printParseTreeForHTML (parser.c:396)
==19188==    by 0x400CB5: main (visualize.c:15)
==19188== 
==19188== 16 bytes in 1 blocks are still reachable in loss record 292 of 917
==19188==    at 0x4C2DB8F: malloc (in /usr/lib/valgrind/vgpreload_memcheck-amd64-linux.so)
==19188==    by 0x40456C: createElementInt (hash.c:53)
==19188==    by 0x40475E: insertInt (hash.c:94)
==19188==    by 0x404393: get_keyword_hasht (token.c:226)
==19188==    by 0x404FB1: getNextToken (lexer.c:36)
==19188==    by 0x406264: parseTree (parser.c:102)
==19188==    by 0x406EA2: printParseTreeForHTML (parser.c:396)
==19188==    by 0x400CB5: main (visualize.c:15)
==19188== 
==19188== 16 bytes in 1 blocks are still reachable in loss record 293 of 917
==19188==    at 0x4C2DB8F: malloc (in /usr/lib/valgrind/vgpreload_memcheck-amd64-linux.so)
==19188==    by 0x404B47: insertBefore (SeqList.c:78)
==19188==    by 0x404DD0: insertAtEnd (SeqList.c:185)
==19188==    by 0x4047E4: insertInt (hash.c:99)
==19188==    by 0x404393: get_keyword_hasht (token.c:226)
==19188==    by 0x404FB1: getNextToken (lexer.c:36)
==19188==    by 0x406264: parseTree (parser.c:102)
==19188==    by 0x406EA2: printParseTreeForHTML (parser.c:396)
==19188==    by 0x400CB5: main (visualize.c:15)
==19188== 
==19188== 16 bytes in 1 blocks are still reachable in loss record 294 of 917
==19188==    at 0x4C2DB8F: malloc (in /usr/lib/valgrind/vgpreload_memcheck-amd64-linux.so)
==19188==    by 0x40456C: createElementInt (hash.c:53)
==19188==    by 0x40475E: insertInt (hash.c:94)
==19188==    by 0x4043A9: get_keyword_hasht (token.c:227)
==19188==    by 0x404FB1: getNextToken (lexer.c:36)
==19188==    by 0x406264: parseTree (parser.c:102)
==19188==    by 0x406EA2: printParseTreeForHTML (parser.c:396)
==19188==    by 0x400CB5: main (visualize.c:15)
==19188== 
==19188== 16 bytes in 1 blocks are still reachable in loss record 295 of 917
==19188==    at 0x4C2DB8F: malloc (in /usr/lib/valgrind/vgpreload_memcheck-amd64-linux.so)
==19188==    by 0x404B47: insertBefore (SeqList.c:78)
==19188==    by 0x404DD0: insertAtEnd (SeqList.c:185)
==19188==    by 0x4047E4: insertInt (hash.c:99)
==19188==    by 0x4043A9: get_keyword_hasht (token.c:227)
==19188==    by 0x404FB1: getNextToken (lexer.c:36)
==19188==    by 0x406264: parseTree (parser.c:102)
==19188==    by 0x406EA2: printParseTreeForHTML (parser.c:396)
==19188==    by 0x400CB5: main (visualize.c:15)
==19188== 
==19188== 16 bytes in 1 blocks are still reachable in loss record 296 of 917
==19188==    at 0x4C2DB8F: malloc (in /usr/lib/valgrind/vgpreload_memcheck-amd64-linux.so)
==19188==    by 0x40456C: createElementInt (hash.c:53)
==19188==    by 0x40475E: insertInt (hash.c:94)
==19188==    by 0x4043BF: get_keyword_hasht (token.c:228)
==19188==    by 0x404FB1: getNextToken (lexer.c:36)
==19188==    by 0x406264: parseTree (parser.c:102)
==19188==    by 0x406EA2: printParseTreeForHTML (parser.c:396)
==19188==    by 0x400CB5: main (visualize.c:15)
==19188== 
==19188== 16 bytes in 1 blocks are still reachable in loss record 297 of 917
==19188==    at 0x4C2DB8F: malloc (in /usr/lib/valgrind/vgpreload_memcheck-amd64-linux.so)
==19188==    by 0x404B47: insertBefore (SeqList.c:78)
==19188==    by 0x404DD0: insertAtEnd (SeqList.c:185)
==19188==    by 0x4047E4: insertInt (hash.c:99)
==19188==    by 0x4043BF: get_keyword_hasht (token.c:228)
==19188==    by 0x404FB1: getNextToken (lexer.c:36)
==19188==    by 0x406264: parseTree (parser.c:102)
==19188==    by 0x406EA2: printParseTreeForHTML (parser.c:396)
==19188==    by 0x400CB5: main (visualize.c:15)
==19188== 
==19188== 16 bytes in 1 blocks are still reachable in loss record 298 of 917
==19188==    at 0x4C2DB8F: malloc (in /usr/lib/valgrind/vgpreload_memcheck-amd64-linux.so)
==19188==    by 0x40456C: createElementInt (hash.c:53)
==19188==    by 0x40475E: insertInt (hash.c:94)
==19188==    by 0x4043D5: get_keyword_hasht (token.c:229)
==19188==    by 0x404FB1: getNextToken (lexer.c:36)
==19188==    by 0x406264: parseTree (parser.c:102)
==19188==    by 0x406EA2: printParseTreeForHTML (parser.c:396)
==19188==    by 0x400CB5: main (visualize.c:15)
==19188== 
==19188== 16 bytes in 1 blocks are still reachable in loss record 299 of 917
==19188==    at 0x4C2DB8F: malloc (in /usr/lib/valgrind/vgpreload_memcheck-amd64-linux.so)
==19188==    by 0x404B47: insertBefore (SeqList.c:78)
==19188==    by 0x404DD0: insertAtEnd (SeqList.c:185)
==19188==    by 0x4047E4: insertInt (hash.c:99)
==19188==    by 0x4043D5: get_keyword_hasht (token.c:229)
==19188==    by 0x404FB1: getNextToken (lexer.c:36)
==19188==    by 0x406264: parseTree (parser.c:102)
==19188==    by 0x406EA2: printParseTreeForHTML (parser.c:396)
==19188==    by 0x400CB5: main (visualize.c:15)
==19188== 
==19188== 16 bytes in 1 blocks are still reachable in loss record 300 of 917
==19188==    at 0x4C2DB8F: malloc (in /usr/lib/valgrind/vgpreload_memcheck-amd64-linux.so)
==19188==    by 0x40456C: createElementInt (hash.c:53)
==19188==    by 0x40475E: insertInt (hash.c:94)
==19188==    by 0x4043EB: get_keyword_hasht (token.c:230)
==19188==    by 0x404FB1: getNextToken (lexer.c:36)
==19188==    by 0x406264: parseTree (parser.c:102)
==19188==    by 0x406EA2: printParseTreeForHTML (parser.c:396)
==19188==    by 0x400CB5: main (visualize.c:15)
==19188== 
==19188== 16 bytes in 1 blocks are still reachable in loss record 301 of 917
==19188==    at 0x4C2DB8F: malloc (in /usr/lib/valgrind/vgpreload_memcheck-amd64-linux.so)
==19188==    by 0x404B47: insertBefore (SeqList.c:78)
==19188==    by 0x404DD0: insertAtEnd (SeqList.c:185)
==19188==    by 0x4047E4: insertInt (hash.c:99)
==19188==    by 0x4043EB: get_keyword_hasht (token.c:230)
==19188==    by 0x404FB1: getNextToken (lexer.c:36)
==19188==    by 0x406264: parseTree (parser.c:102)
==19188==    by 0x406EA2: printParseTreeForHTML (parser.c:396)
==19188==    by 0x400CB5: main (visualize.c:15)
==19188== 
==19188== 16 bytes in 1 blocks are still reachable in loss record 302 of 917
==19188==    at 0x4C2DB8F: malloc (in /usr/lib/valgrind/vgpreload_memcheck-amd64-linux.so)
==19188==    by 0x40456C: createElementInt (hash.c:53)
==19188==    by 0x40475E: insertInt (hash.c:94)
==19188==    by 0x404401: get_keyword_hasht (token.c:231)
==19188==    by 0x404FB1: getNextToken (lexer.c:36)
==19188==    by 0x406264: parseTree (parser.c:102)
==19188==    by 0x406EA2: printParseTreeForHTML (parser.c:396)
==19188==    by 0x400CB5: main (visualize.c:15)
==19188== 
==19188== 16 bytes in 1 blocks are still reachable in loss record 303 of 917
==19188==    at 0x4C2DB8F: malloc (in /usr/lib/valgrind/vgpreload_memcheck-amd64-linux.so)
==19188==    by 0x404B47: insertBefore (SeqList.c:78)
==19188==    by 0x404DD0: insertAtEnd (SeqList.c:185)
==19188==    by 0x4047E4: insertInt (hash.c:99)
==19188==    by 0x404401: get_keyword_hasht (token.c:231)
==19188==    by 0x404FB1: getNextToken (lexer.c:36)
==19188==    by 0x406264: parseTree (parser.c:102)
==19188==    by 0x406EA2: printParseTreeForHTML (parser.c:396)
==19188==    by 0x400CB5: main (visualize.c:15)
==19188== 
==19188== 16 bytes in 1 blocks are indirectly lost in loss record 304 of 917
==19188==    at 0x4C2DB8F: malloc (in /usr/lib/valgrind/vgpreload_memcheck-amd64-linux.so)
==19188==    by 0x40456C: createElementInt (hash.c:53)
==19188==    by 0x40475E: insertInt (hash.c:94)
==19188==    by 0x403CF0: get_token_hasht (token.c:140)
==19188==    by 0x4069D7: printParseTreeForHTML (parser.c:342)
==19188==    by 0x400CB5: main (visualize.c:15)
==19188== 
==19188== 16 bytes in 1 blocks are indirectly lost in loss record 305 of 917
==19188==    at 0x4C2DB8F: malloc (in /usr/lib/valgrind/vgpreload_memcheck-amd64-linux.so)
==19188==    by 0x404B47: insertBefore (SeqList.c:78)
==19188==    by 0x404DD0: insertAtEnd (SeqList.c:185)
==19188==    by 0x4047E4: insertInt (hash.c:99)
==19188==    by 0x403CF0: get_token_hasht (token.c:140)
==19188==    by 0x4069D7: printParseTreeForHTML (parser.c:342)
==19188==    by 0x400CB5: main (visualize.c:15)
==19188== 
==19188== 16 bytes in 1 blocks are indirectly lost in loss record 306 of 917
==19188==    at 0x4C2DB8F: malloc (in /usr/lib/valgrind/vgpreload_memcheck-amd64-linux.so)
==19188==    by 0x40456C: createElementInt (hash.c:53)
==19188==    by 0x40475E: insertInt (hash.c:94)
==19188==    by 0x403D06: get_token_hasht (token.c:141)
==19188==    by 0x4069D7: printParseTreeForHTML (parser.c:342)
==19188==    by 0x400CB5: main (visualize.c:15)
==19188== 
==19188== 16 bytes in 1 blocks are indirectly lost in loss record 307 of 917
==19188==    at 0x4C2DB8F: malloc (in /usr/lib/valgrind/vgpreload_memcheck-amd64-linux.so)
==19188==    by 0x404B47: insertBefore (SeqList.c:78)
==19188==    by 0x404DD0: insertAtEnd (SeqList.c:185)
==19188==    by 0x4047E4: insertInt (hash.c:99)
==19188==    by 0x403D06: get_token_hasht (token.c:141)
==19188==    by 0x4069D7: printParseTreeForHTML (parser.c:342)
==19188==    by 0x400CB5: main (visualize.c:15)
==19188== 
==19188== 16 bytes in 1 blocks are indirectly lost in loss record 308 of 917
==19188==    at 0x4C2DB8F: malloc (in /usr/lib/valgrind/vgpreload_memcheck-amd64-linux.so)
==19188==    by 0x40456C: createElementInt (hash.c:53)
==19188==    by 0x40475E: insertInt (hash.c:94)
==19188==    by 0x403D1C: get_token_hasht (token.c:142)
==19188==    by 0x4069D7: printParseTreeForHTML (parser.c:342)
==19188==    by 0x400CB5: main (visualize.c:15)
==19188== 
==19188== 16 bytes in 1 blocks are indirectly lost in loss record 309 of 917
==19188==    at 0x4C2DB8F: malloc (in /usr/lib/valgrind/vgpreload_memcheck-amd64-linux.so)
==19188==    by 0x404B47: insertBefore (SeqList.c:78)
==19188==    by 0x404DD0: insertAtEnd (SeqList.c:185)
==19188==    by 0x4047E4: insertInt (hash.c:99)
==19188==    by 0x403D1C: get_token_hasht (token.c:142)
==19188==    by 0x4069D7: printParseTreeForHTML (parser.c:342)
==19188==    by 0x400CB5: main (visualize.c:15)
==19188== 
==19188== 16 bytes in 1 blocks are indirectly lost in loss record 310 of 917
==19188==    at 0x4C2DB8F: malloc (in /usr/lib/valgrind/vgpreload_memcheck-amd64-linux.so)
==19188==    by 0x40456C: createElementInt (hash.c:53)
==19188==    by 0x40475E: insertInt (hash.c:94)
==19188==    by 0x403D32: get_token_hasht (token.c:143)
==19188==    by 0x4069D7: printParseTreeForHTML (parser.c:342)
==19188==    by 0x400CB5: main (visualize.c:15)
==19188== 
==19188== 16 bytes in 1 blocks are indirectly lost in loss record 311 of 917
==19188==    at 0x4C2DB8F: malloc (in /usr/lib/valgrind/vgpreload_memcheck-amd64-linux.so)
==19188==    by 0x404B47: insertBefore (SeqList.c:78)
==19188==    by 0x404DD0: insertAtEnd (SeqList.c:185)
==19188==    by 0x4047E4: insertInt (hash.c:99)
==19188==    by 0x403D32: get_token_hasht (token.c:143)
==19188==    by 0x4069D7: printParseTreeForHTML (parser.c:342)
==19188==    by 0x400CB5: main (visualize.c:15)
==19188== 
==19188== 16 bytes in 1 blocks are indirectly lost in loss record 312 of 917
==19188==    at 0x4C2DB8F: malloc (in /usr/lib/valgrind/vgpreload_memcheck-amd64-linux.so)
==19188==    by 0x40456C: createElementInt (hash.c:53)
==19188==    by 0x40475E: insertInt (hash.c:94)
==19188==    by 0x403D48: get_token_hasht (token.c:144)
==19188==    by 0x4069D7: printParseTreeForHTML (parser.c:342)
==19188==    by 0x400CB5: main (visualize.c:15)
==19188== 
==19188== 16 bytes in 1 blocks are indirectly lost in loss record 313 of 917
==19188==    at 0x4C2DB8F: malloc (in /usr/lib/valgrind/vgpreload_memcheck-amd64-linux.so)
==19188==    by 0x404B47: insertBefore (SeqList.c:78)
==19188==    by 0x404DD0: insertAtEnd (SeqList.c:185)
==19188==    by 0x4047E4: insertInt (hash.c:99)
==19188==    by 0x403D48: get_token_hasht (token.c:144)
==19188==    by 0x4069D7: printParseTreeForHTML (parser.c:342)
==19188==    by 0x400CB5: main (visualize.c:15)
==19188== 
==19188== 16 bytes in 1 blocks are indirectly lost in loss record 314 of 917
==19188==    at 0x4C2DB8F: malloc (in /usr/lib/valgrind/vgpreload_memcheck-amd64-linux.so)
==19188==    by 0x40456C: createElementInt (hash.c:53)
==19188==    by 0x40475E: insertInt (hash.c:94)
==19188==    by 0x403D5E: get_token_hasht (token.c:145)
==19188==    by 0x4069D7: printParseTreeForHTML (parser.c:342)
==19188==    by 0x400CB5: main (visualize.c:15)
==19188== 
==19188== 16 bytes in 1 blocks are indirectly lost in loss record 315 of 917
==19188==    at 0x4C2DB8F: malloc (in /usr/lib/valgrind/vgpreload_memcheck-amd64-linux.so)
==19188==    by 0x404B47: insertBefore (SeqList.c:78)
==19188==    by 0x404DD0: insertAtEnd (SeqList.c:185)
==19188==    by 0x4047E4: insertInt (hash.c:99)
==19188==    by 0x403D5E: get_token_hasht (token.c:145)
==19188==    by 0x4069D7: printParseTreeForHTML (parser.c:342)
==19188==    by 0x400CB5: main (visualize.c:15)
==19188== 
==19188== 16 bytes in 1 blocks are indirectly lost in loss record 316 of 917
==19188==    at 0x4C2DB8F: malloc (in /usr/lib/valgrind/vgpreload_memcheck-amd64-linux.so)
==19188==    by 0x40456C: createElementInt (hash.c:53)
==19188==    by 0x40475E: insertInt (hash.c:94)
==19188==    by 0x403D74: get_token_hasht (token.c:146)
==19188==    by 0x4069D7: printParseTreeForHTML (parser.c:342)
==19188==    by 0x400CB5: main (visualize.c:15)
==19188== 
==19188== 16 bytes in 1 blocks are indirectly lost in loss record 317 of 917
==19188==    at 0x4C2DB8F: malloc (in /usr/lib/valgrind/vgpreload_memcheck-amd64-linux.so)
==19188==    by 0x404B47: insertBefore (SeqList.c:78)
==19188==    by 0x404DD0: insertAtEnd (SeqList.c:185)
==19188==    by 0x4047E4: insertInt (hash.c:99)
==19188==    by 0x403D74: get_token_hasht (token.c:146)
==19188==    by 0x4069D7: printParseTreeForHTML (parser.c:342)
==19188==    by 0x400CB5: main (visualize.c:15)
==19188== 
==19188== 16 bytes in 1 blocks are indirectly lost in loss record 318 of 917
==19188==    at 0x4C2DB8F: malloc (in /usr/lib/valgrind/vgpreload_memcheck-amd64-linux.so)
==19188==    by 0x40456C: createElementInt (hash.c:53)
==19188==    by 0x40475E: insertInt (hash.c:94)
==19188==    by 0x403D8A: get_token_hasht (token.c:147)
==19188==    by 0x4069D7: printParseTreeForHTML (parser.c:342)
==19188==    by 0x400CB5: main (visualize.c:15)
==19188== 
==19188== 16 bytes in 1 blocks are indirectly lost in loss record 319 of 917
==19188==    at 0x4C2DB8F: malloc (in /usr/lib/valgrind/vgpreload_memcheck-amd64-linux.so)
==19188==    by 0x404B47: insertBefore (SeqList.c:78)
==19188==    by 0x404DD0: insertAtEnd (SeqList.c:185)
==19188==    by 0x4047E4: insertInt (hash.c:99)
==19188==    by 0x403D8A: get_token_hasht (token.c:147)
==19188==    by 0x4069D7: printParseTreeForHTML (parser.c:342)
==19188==    by 0x400CB5: main (visualize.c:15)
==19188== 
==19188== 16 bytes in 1 blocks are indirectly lost in loss record 320 of 917
==19188==    at 0x4C2DB8F: malloc (in /usr/lib/valgrind/vgpreload_memcheck-amd64-linux.so)
==19188==    by 0x40456C: createElementInt (hash.c:53)
==19188==    by 0x40475E: insertInt (hash.c:94)
==19188==    by 0x403DA0: get_token_hasht (token.c:148)
==19188==    by 0x4069D7: printParseTreeForHTML (parser.c:342)
==19188==    by 0x400CB5: main (visualize.c:15)
==19188== 
==19188== 16 bytes in 1 blocks are indirectly lost in loss record 321 of 917
==19188==    at 0x4C2DB8F: malloc (in /usr/lib/valgrind/vgpreload_memcheck-amd64-linux.so)
==19188==    by 0x404B47: insertBefore (SeqList.c:78)
==19188==    by 0x404DD0: insertAtEnd (SeqList.c:185)
==19188==    by 0x4047E4: insertInt (hash.c:99)
==19188==    by 0x403DA0: get_token_hasht (token.c:148)
==19188==    by 0x4069D7: printParseTreeForHTML (parser.c:342)
==19188==    by 0x400CB5: main (visualize.c:15)
==19188== 
==19188== 16 bytes in 1 blocks are indirectly lost in loss record 322 of 917
==19188==    at 0x4C2DB8F: malloc (in /usr/lib/valgrind/vgpreload_memcheck-amd64-linux.so)
==19188==    by 0x40456C: createElementInt (hash.c:53)
==19188==    by 0x40475E: insertInt (hash.c:94)
==19188==    by 0x403DB6: get_token_hasht (token.c:149)
==19188==    by 0x4069D7: printParseTreeForHTML (parser.c:342)
==19188==    by 0x400CB5: main (visualize.c:15)
==19188== 
==19188== 16 bytes in 1 blocks are indirectly lost in loss record 323 of 917
==19188==    at 0x4C2DB8F: malloc (in /usr/lib/valgrind/vgpreload_memcheck-amd64-linux.so)
==19188==    by 0x404B47: insertBefore (SeqList.c:78)
==19188==    by 0x404DD0: insertAtEnd (SeqList.c:185)
==19188==    by 0x4047E4: insertInt (hash.c:99)
==19188==    by 0x403DB6: get_token_hasht (token.c:149)
==19188==    by 0x4069D7: printParseTreeForHTML (parser.c:342)
==19188==    by 0x400CB5: main (visualize.c:15)
==19188== 
==19188== 16 bytes in 1 blocks are indirectly lost in loss record 324 of 917
==19188==    at 0x4C2DB8F: malloc (in /usr/lib/valgrind/vgpreload_memcheck-amd64-linux.so)
==19188==    by 0x40456C: createElementInt (hash.c:53)
==19188==    by 0x40475E: insertInt (hash.c:94)
==19188==    by 0x403DCC: get_token_hasht (token.c:150)
==19188==    by 0x4069D7: printParseTreeForHTML (parser.c:342)
==19188==    by 0x400CB5: main (visualize.c:15)
==19188== 
==19188== 16 bytes in 1 blocks are indirectly lost in loss record 325 of 917
==19188==    at 0x4C2DB8F: malloc (in /usr/lib/valgrind/vgpreload_memcheck-amd64-linux.so)
==19188==    by 0x404B47: insertBefore (SeqList.c:78)
==19188==    by 0x404DD0: insertAtEnd (SeqList.c:185)
==19188==    by 0x4047E4: insertInt (hash.c:99)
==19188==    by 0x403DCC: get_token_hasht (token.c:150)
==19188==    by 0x4069D7: printParseTreeForHTML (parser.c:342)
==19188==    by 0x400CB5: main (visualize.c:15)
==19188== 
==19188== 16 bytes in 1 blocks are indirectly lost in loss record 326 of 917
==19188==    at 0x4C2DB8F: malloc (in /usr/lib/valgrind/vgpreload_memcheck-amd64-linux.so)
==19188==    by 0x40456C: createElementInt (hash.c:53)
==19188==    by 0x40475E: insertInt (hash.c:94)
==19188==    by 0x403DE2: get_token_hasht (token.c:151)
==19188==    by 0x4069D7: printParseTreeForHTML (parser.c:342)
==19188==    by 0x400CB5: main (visualize.c:15)
==19188== 
==19188== 16 bytes in 1 blocks are indirectly lost in loss record 327 of 917
==19188==    at 0x4C2DB8F: malloc (in /usr/lib/valgrind/vgpreload_memcheck-amd64-linux.so)
==19188==    by 0x404B47: insertBefore (SeqList.c:78)
==19188==    by 0x404DD0: insertAtEnd (SeqList.c:185)
==19188==    by 0x4047E4: insertInt (hash.c:99)
==19188==    by 0x403DE2: get_token_hasht (token.c:151)
==19188==    by 0x4069D7: printParseTreeForHTML (parser.c:342)
==19188==    by 0x400CB5: main (visualize.c:15)
==19188== 
==19188== 16 bytes in 1 blocks are indirectly lost in loss record 328 of 917
==19188==    at 0x4C2DB8F: malloc (in /usr/lib/valgrind/vgpreload_memcheck-amd64-linux.so)
==19188==    by 0x40456C: createElementInt (hash.c:53)
==19188==    by 0x40475E: insertInt (hash.c:94)
==19188==    by 0x403DF8: get_token_hasht (token.c:152)
==19188==    by 0x4069D7: printParseTreeForHTML (parser.c:342)
==19188==    by 0x400CB5: main (visualize.c:15)
==19188== 
==19188== 16 bytes in 1 blocks are indirectly lost in loss record 329 of 917
==19188==    at 0x4C2DB8F: malloc (in /usr/lib/valgrind/vgpreload_memcheck-amd64-linux.so)
==19188==    by 0x404B47: insertBefore (SeqList.c:78)
==19188==    by 0x404DD0: insertAtEnd (SeqList.c:185)
==19188==    by 0x4047E4: insertInt (hash.c:99)
==19188==    by 0x403DF8: get_token_hasht (token.c:152)
==19188==    by 0x4069D7: printParseTreeForHTML (parser.c:342)
==19188==    by 0x400CB5: main (visualize.c:15)
==19188== 
==19188== 16 bytes in 1 blocks are indirectly lost in loss record 330 of 917
==19188==    at 0x4C2DB8F: malloc (in /usr/lib/valgrind/vgpreload_memcheck-amd64-linux.so)
==19188==    by 0x40456C: createElementInt (hash.c:53)
==19188==    by 0x40475E: insertInt (hash.c:94)
==19188==    by 0x403E0E: get_token_hasht (token.c:153)
==19188==    by 0x4069D7: printParseTreeForHTML (parser.c:342)
==19188==    by 0x400CB5: main (visualize.c:15)
==19188== 
==19188== 16 bytes in 1 blocks are indirectly lost in loss record 331 of 917
==19188==    at 0x4C2DB8F: malloc (in /usr/lib/valgrind/vgpreload_memcheck-amd64-linux.so)
==19188==    by 0x404B47: insertBefore (SeqList.c:78)
==19188==    by 0x404DD0: insertAtEnd (SeqList.c:185)
==19188==    by 0x4047E4: insertInt (hash.c:99)
==19188==    by 0x403E0E: get_token_hasht (token.c:153)
==19188==    by 0x4069D7: printParseTreeForHTML (parser.c:342)
==19188==    by 0x400CB5: main (visualize.c:15)
==19188== 
==19188== 16 bytes in 1 blocks are indirectly lost in loss record 332 of 917
==19188==    at 0x4C2DB8F: malloc (in /usr/lib/valgrind/vgpreload_memcheck-amd64-linux.so)
==19188==    by 0x40456C: createElementInt (hash.c:53)
==19188==    by 0x40475E: insertInt (hash.c:94)
==19188==    by 0x403E24: get_token_hasht (token.c:154)
==19188==    by 0x4069D7: printParseTreeForHTML (parser.c:342)
==19188==    by 0x400CB5: main (visualize.c:15)
==19188== 
==19188== 16 bytes in 1 blocks are indirectly lost in loss record 333 of 917
==19188==    at 0x4C2DB8F: malloc (in /usr/lib/valgrind/vgpreload_memcheck-amd64-linux.so)
==19188==    by 0x404B47: insertBefore (SeqList.c:78)
==19188==    by 0x404DD0: insertAtEnd (SeqList.c:185)
==19188==    by 0x4047E4: insertInt (hash.c:99)
==19188==    by 0x403E24: get_token_hasht (token.c:154)
==19188==    by 0x4069D7: printParseTreeForHTML (parser.c:342)
==19188==    by 0x400CB5: main (visualize.c:15)
==19188== 
==19188== 16 bytes in 1 blocks are indirectly lost in loss record 334 of 917
==19188==    at 0x4C2DB8F: malloc (in /usr/lib/valgrind/vgpreload_memcheck-amd64-linux.so)
==19188==    by 0x40456C: createElementInt (hash.c:53)
==19188==    by 0x40475E: insertInt (hash.c:94)
==19188==    by 0x403E3A: get_token_hasht (token.c:155)
==19188==    by 0x4069D7: printParseTreeForHTML (parser.c:342)
==19188==    by 0x400CB5: main (visualize.c:15)
==19188== 
==19188== 16 bytes in 1 blocks are indirectly lost in loss record 335 of 917
==19188==    at 0x4C2DB8F: malloc (in /usr/lib/valgrind/vgpreload_memcheck-amd64-linux.so)
==19188==    by 0x404B47: insertBefore (SeqList.c:78)
==19188==    by 0x404DD0: insertAtEnd (SeqList.c:185)
==19188==    by 0x4047E4: insertInt (hash.c:99)
==19188==    by 0x403E3A: get_token_hasht (token.c:155)
==19188==    by 0x4069D7: printParseTreeForHTML (parser.c:342)
==19188==    by 0x400CB5: main (visualize.c:15)
==19188== 
==19188== 16 bytes in 1 blocks are indirectly lost in loss record 336 of 917
==19188==    at 0x4C2DB8F: malloc (in /usr/lib/valgrind/vgpreload_memcheck-amd64-linux.so)
==19188==    by 0x40456C: createElementInt (hash.c:53)
==19188==    by 0x40475E: insertInt (hash.c:94)
==19188==    by 0x403E50: get_token_hasht (token.c:156)
==19188==    by 0x4069D7: printParseTreeForHTML (parser.c:342)
==19188==    by 0x400CB5: main (visualize.c:15)
==19188== 
==19188== 16 bytes in 1 blocks are indirectly lost in loss record 337 of 917
==19188==    at 0x4C2DB8F: malloc (in /usr/lib/valgrind/vgpreload_memcheck-amd64-linux.so)
==19188==    by 0x404B47: insertBefore (SeqList.c:78)
==19188==    by 0x404DD0: insertAtEnd (SeqList.c:185)
==19188==    by 0x4047E4: insertInt (hash.c:99)
==19188==    by 0x403E50: get_token_hasht (token.c:156)
==19188==    by 0x4069D7: printParseTreeForHTML (parser.c:342)
==19188==    by 0x400CB5: main (visualize.c:15)
==19188== 
==19188== 16 bytes in 1 blocks are indirectly lost in loss record 338 of 917
==19188==    at 0x4C2DB8F: malloc (in /usr/lib/valgrind/vgpreload_memcheck-amd64-linux.so)
==19188==    by 0x40456C: createElementInt (hash.c:53)
==19188==    by 0x40475E: insertInt (hash.c:94)
==19188==    by 0x403E66: get_token_hasht (token.c:157)
==19188==    by 0x4069D7: printParseTreeForHTML (parser.c:342)
==19188==    by 0x400CB5: main (visualize.c:15)
==19188== 
==19188== 16 bytes in 1 blocks are indirectly lost in loss record 339 of 917
==19188==    at 0x4C2DB8F: malloc (in /usr/lib/valgrind/vgpreload_memcheck-amd64-linux.so)
==19188==    by 0x404B47: insertBefore (SeqList.c:78)
==19188==    by 0x404DD0: insertAtEnd (SeqList.c:185)
==19188==    by 0x4047E4: insertInt (hash.c:99)
==19188==    by 0x403E66: get_token_hasht (token.c:157)
==19188==    by 0x4069D7: printParseTreeForHTML (parser.c:342)
==19188==    by 0x400CB5: main (visualize.c:15)
==19188== 
==19188== 16 bytes in 1 blocks are indirectly lost in loss record 340 of 917
==19188==    at 0x4C2DB8F: malloc (in /usr/lib/valgrind/vgpreload_memcheck-amd64-linux.so)
==19188==    by 0x40456C: createElementInt (hash.c:53)
==19188==    by 0x40475E: insertInt (hash.c:94)
==19188==    by 0x403E7C: get_token_hasht (token.c:158)
==19188==    by 0x4069D7: printParseTreeForHTML (parser.c:342)
==19188==    by 0x400CB5: main (visualize.c:15)
==19188== 
==19188== 16 bytes in 1 blocks are indirectly lost in loss record 341 of 917
==19188==    at 0x4C2DB8F: malloc (in /usr/lib/valgrind/vgpreload_memcheck-amd64-linux.so)
==19188==    by 0x404B47: insertBefore (SeqList.c:78)
==19188==    by 0x404DD0: insertAtEnd (SeqList.c:185)
==19188==    by 0x4047E4: insertInt (hash.c:99)
==19188==    by 0x403E7C: get_token_hasht (token.c:158)
==19188==    by 0x4069D7: printParseTreeForHTML (parser.c:342)
==19188==    by 0x400CB5: main (visualize.c:15)
==19188== 
==19188== 16 bytes in 1 blocks are indirectly lost in loss record 342 of 917
==19188==    at 0x4C2DB8F: malloc (in /usr/lib/valgrind/vgpreload_memcheck-amd64-linux.so)
==19188==    by 0x40456C: createElementInt (hash.c:53)
==19188==    by 0x40475E: insertInt (hash.c:94)
==19188==    by 0x403E92: get_token_hasht (token.c:159)
==19188==    by 0x4069D7: printParseTreeForHTML (parser.c:342)
==19188==    by 0x400CB5: main (visualize.c:15)
==19188== 
==19188== 16 bytes in 1 blocks are indirectly lost in loss record 343 of 917
==19188==    at 0x4C2DB8F: malloc (in /usr/lib/valgrind/vgpreload_memcheck-amd64-linux.so)
==19188==    by 0x404B47: insertBefore (SeqList.c:78)
==19188==    by 0x404DD0: insertAtEnd (SeqList.c:185)
==19188==    by 0x4047E4: insertInt (hash.c:99)
==19188==    by 0x403E92: get_token_hasht (token.c:159)
==19188==    by 0x4069D7: printParseTreeForHTML (parser.c:342)
==19188==    by 0x400CB5: main (visualize.c:15)
==19188== 
==19188== 16 bytes in 1 blocks are indirectly lost in loss record 344 of 917
==19188==    at 0x4C2DB8F: malloc (in /usr/lib/valgrind/vgpreload_memcheck-amd64-linux.so)
==19188==    by 0x40456C: createElementInt (hash.c:53)
==19188==    by 0x40475E: insertInt (hash.c:94)
==19188==    by 0x403EA8: get_token_hasht (token.c:160)
==19188==    by 0x4069D7: printParseTreeForHTML (parser.c:342)
==19188==    by 0x400CB5: main (visualize.c:15)
==19188== 
==19188== 16 bytes in 1 blocks are indirectly lost in loss record 345 of 917
==19188==    at 0x4C2DB8F: malloc (in /usr/lib/valgrind/vgpreload_memcheck-amd64-linux.so)
==19188==    by 0x404B47: insertBefore (SeqList.c:78)
==19188==    by 0x404DD0: insertAtEnd (SeqList.c:185)
==19188==    by 0x4047E4: insertInt (hash.c:99)
==19188==    by 0x403EA8: get_token_hasht (token.c:160)
==19188==    by 0x4069D7: printParseTreeForHTML (parser.c:342)
==19188==    by 0x400CB5: main (visualize.c:15)
==19188== 
==19188== 16 bytes in 1 blocks are indirectly lost in loss record 346 of 917
==19188==    at 0x4C2DB8F: malloc (in /usr/lib/valgrind/vgpreload_memcheck-amd64-linux.so)
==19188==    by 0x40456C: createElementInt (hash.c:53)
==19188==    by 0x40475E: insertInt (hash.c:94)
==19188==    by 0x403EBE: get_token_hasht (token.c:161)
==19188==    by 0x4069D7: printParseTreeForHTML (parser.c:342)
==19188==    by 0x400CB5: main (visualize.c:15)
==19188== 
==19188== 16 bytes in 1 blocks are indirectly lost in loss record 347 of 917
==19188==    at 0x4C2DB8F: malloc (in /usr/lib/valgrind/vgpreload_memcheck-amd64-linux.so)
==19188==    by 0x404B47: insertBefore (SeqList.c:78)
==19188==    by 0x404DD0: insertAtEnd (SeqList.c:185)
==19188==    by 0x4047E4: insertInt (hash.c:99)
==19188==    by 0x403EBE: get_token_hasht (token.c:161)
==19188==    by 0x4069D7: printParseTreeForHTML (parser.c:342)
==19188==    by 0x400CB5: main (visualize.c:15)
==19188== 
==19188== 16 bytes in 1 blocks are indirectly lost in loss record 348 of 917
==19188==    at 0x4C2DB8F: malloc (in /usr/lib/valgrind/vgpreload_memcheck-amd64-linux.so)
==19188==    by 0x40456C: createElementInt (hash.c:53)
==19188==    by 0x40475E: insertInt (hash.c:94)
==19188==    by 0x403ED4: get_token_hasht (token.c:162)
==19188==    by 0x4069D7: printParseTreeForHTML (parser.c:342)
==19188==    by 0x400CB5: main (visualize.c:15)
==19188== 
==19188== 16 bytes in 1 blocks are indirectly lost in loss record 349 of 917
==19188==    at 0x4C2DB8F: malloc (in /usr/lib/valgrind/vgpreload_memcheck-amd64-linux.so)
==19188==    by 0x404B47: insertBefore (SeqList.c:78)
==19188==    by 0x404DD0: insertAtEnd (SeqList.c:185)
==19188==    by 0x4047E4: insertInt (hash.c:99)
==19188==    by 0x403ED4: get_token_hasht (token.c:162)
==19188==    by 0x4069D7: printParseTreeForHTML (parser.c:342)
==19188==    by 0x400CB5: main (visualize.c:15)
==19188== 
==19188== 16 bytes in 1 blocks are indirectly lost in loss record 350 of 917
==19188==    at 0x4C2DB8F: malloc (in /usr/lib/valgrind/vgpreload_memcheck-amd64-linux.so)
==19188==    by 0x40456C: createElementInt (hash.c:53)
==19188==    by 0x40475E: insertInt (hash.c:94)
==19188==    by 0x403EEA: get_token_hasht (token.c:163)
==19188==    by 0x4069D7: printParseTreeForHTML (parser.c:342)
==19188==    by 0x400CB5: main (visualize.c:15)
==19188== 
==19188== 16 bytes in 1 blocks are indirectly lost in loss record 351 of 917
==19188==    at 0x4C2DB8F: malloc (in /usr/lib/valgrind/vgpreload_memcheck-amd64-linux.so)
==19188==    by 0x404B47: insertBefore (SeqList.c:78)
==19188==    by 0x404DD0: insertAtEnd (SeqList.c:185)
==19188==    by 0x4047E4: insertInt (hash.c:99)
==19188==    by 0x403EEA: get_token_hasht (token.c:163)
==19188==    by 0x4069D7: printParseTreeForHTML (parser.c:342)
==19188==    by 0x400CB5: main (visualize.c:15)
==19188== 
==19188== 16 bytes in 1 blocks are indirectly lost in loss record 352 of 917
==19188==    at 0x4C2DB8F: malloc (in /usr/lib/valgrind/vgpreload_memcheck-amd64-linux.so)
==19188==    by 0x40456C: createElementInt (hash.c:53)
==19188==    by 0x40475E: insertInt (hash.c:94)
==19188==    by 0x403F00: get_token_hasht (token.c:164)
==19188==    by 0x4069D7: printParseTreeForHTML (parser.c:342)
==19188==    by 0x400CB5: main (visualize.c:15)
==19188== 
==19188== 16 bytes in 1 blocks are indirectly lost in loss record 353 of 917
==19188==    at 0x4C2DB8F: malloc (in /usr/lib/valgrind/vgpreload_memcheck-amd64-linux.so)
==19188==    by 0x404B47: insertBefore (SeqList.c:78)
==19188==    by 0x404DD0: insertAtEnd (SeqList.c:185)
==19188==    by 0x4047E4: insertInt (hash.c:99)
==19188==    by 0x403F00: get_token_hasht (token.c:164)
==19188==    by 0x4069D7: printParseTreeForHTML (parser.c:342)
==19188==    by 0x400CB5: main (visualize.c:15)
==19188== 
==19188== 16 bytes in 1 blocks are indirectly lost in loss record 354 of 917
==19188==    at 0x4C2DB8F: malloc (in /usr/lib/valgrind/vgpreload_memcheck-amd64-linux.so)
==19188==    by 0x40456C: createElementInt (hash.c:53)
==19188==    by 0x40475E: insertInt (hash.c:94)
==19188==    by 0x403F16: get_token_hasht (token.c:165)
==19188==    by 0x4069D7: printParseTreeForHTML (parser.c:342)
==19188==    by 0x400CB5: main (visualize.c:15)
==19188== 
==19188== 16 bytes in 1 blocks are indirectly lost in loss record 355 of 917
==19188==    at 0x4C2DB8F: malloc (in /usr/lib/valgrind/vgpreload_memcheck-amd64-linux.so)
==19188==    by 0x404B47: insertBefore (SeqList.c:78)
==19188==    by 0x404DD0: insertAtEnd (SeqList.c:185)
==19188==    by 0x4047E4: insertInt (hash.c:99)
==19188==    by 0x403F16: get_token_hasht (token.c:165)
==19188==    by 0x4069D7: printParseTreeForHTML (parser.c:342)
==19188==    by 0x400CB5: main (visualize.c:15)
==19188== 
==19188== 16 bytes in 1 blocks are indirectly lost in loss record 356 of 917
==19188==    at 0x4C2DB8F: malloc (in /usr/lib/valgrind/vgpreload_memcheck-amd64-linux.so)
==19188==    by 0x40456C: createElementInt (hash.c:53)
==19188==    by 0x40475E: insertInt (hash.c:94)
==19188==    by 0x403F2C: get_token_hasht (token.c:166)
==19188==    by 0x4069D7: printParseTreeForHTML (parser.c:342)
==19188==    by 0x400CB5: main (visualize.c:15)
==19188== 
==19188== 16 bytes in 1 blocks are indirectly lost in loss record 357 of 917
==19188==    at 0x4C2DB8F: malloc (in /usr/lib/valgrind/vgpreload_memcheck-amd64-linux.so)
==19188==    by 0x404B47: insertBefore (SeqList.c:78)
==19188==    by 0x404DD0: insertAtEnd (SeqList.c:185)
==19188==    by 0x4047E4: insertInt (hash.c:99)
==19188==    by 0x403F2C: get_token_hasht (token.c:166)
==19188==    by 0x4069D7: printParseTreeForHTML (parser.c:342)
==19188==    by 0x400CB5: main (visualize.c:15)
==19188== 
==19188== 16 bytes in 1 blocks are indirectly lost in loss record 358 of 917
==19188==    at 0x4C2DB8F: malloc (in /usr/lib/valgrind/vgpreload_memcheck-amd64-linux.so)
==19188==    by 0x40456C: createElementInt (hash.c:53)
==19188==    by 0x40475E: insertInt (hash.c:94)
==19188==    by 0x403F42: get_token_hasht (token.c:167)
==19188==    by 0x4069D7: printParseTreeForHTML (parser.c:342)
==19188==    by 0x400CB5: main (visualize.c:15)
==19188== 
==19188== 16 bytes in 1 blocks are indirectly lost in loss record 359 of 917
==19188==    at 0x4C2DB8F: malloc (in /usr/lib/valgrind/vgpreload_memcheck-amd64-linux.so)
==19188==    by 0x404B47: insertBefore (SeqList.c:78)
==19188==    by 0x404DD0: insertAtEnd (SeqList.c:185)
==19188==    by 0x4047E4: insertInt (hash.c:99)
==19188==    by 0x403F42: get_token_hasht (token.c:167)
==19188==    by 0x4069D7: printParseTreeForHTML (parser.c:342)
==19188==    by 0x400CB5: main (visualize.c:15)
==19188== 
==19188== 16 bytes in 1 blocks are indirectly lost in loss record 360 of 917
==19188==    at 0x4C2DB8F: malloc (in /usr/lib/valgrind/vgpreload_memcheck-amd64-linux.so)
==19188==    by 0x40456C: createElementInt (hash.c:53)
==19188==    by 0x40475E: insertInt (hash.c:94)
==19188==    by 0x403F58: get_token_hasht (token.c:168)
==19188==    by 0x4069D7: printParseTreeForHTML (parser.c:342)
==19188==    by 0x400CB5: main (visualize.c:15)
==19188== 
==19188== 16 bytes in 1 blocks are indirectly lost in loss record 361 of 917
==19188==    at 0x4C2DB8F: malloc (in /usr/lib/valgrind/vgpreload_memcheck-amd64-linux.so)
==19188==    by 0x404B47: insertBefore (SeqList.c:78)
==19188==    by 0x404DD0: insertAtEnd (SeqList.c:185)
==19188==    by 0x4047E4: insertInt (hash.c:99)
==19188==    by 0x403F58: get_token_hasht (token.c:168)
==19188==    by 0x4069D7: printParseTreeForHTML (parser.c:342)
==19188==    by 0x400CB5: main (visualize.c:15)
==19188== 
==19188== 16 bytes in 1 blocks are indirectly lost in loss record 362 of 917
==19188==    at 0x4C2DB8F: malloc (in /usr/lib/valgrind/vgpreload_memcheck-amd64-linux.so)
==19188==    by 0x40456C: createElementInt (hash.c:53)
==19188==    by 0x40475E: insertInt (hash.c:94)
==19188==    by 0x403F6E: get_token_hasht (token.c:169)
==19188==    by 0x4069D7: printParseTreeForHTML (parser.c:342)
==19188==    by 0x400CB5: main (visualize.c:15)
==19188== 
==19188== 16 bytes in 1 blocks are indirectly lost in loss record 363 of 917
==19188==    at 0x4C2DB8F: malloc (in /usr/lib/valgrind/vgpreload_memcheck-amd64-linux.so)
==19188==    by 0x404B47: insertBefore (SeqList.c:78)
==19188==    by 0x404DD0: insertAtEnd (SeqList.c:185)
==19188==    by 0x4047E4: insertInt (hash.c:99)
==19188==    by 0x403F6E: get_token_hasht (token.c:169)
==19188==    by 0x4069D7: printParseTreeForHTML (parser.c:342)
==19188==    by 0x400CB5: main (visualize.c:15)
==19188== 
==19188== 16 bytes in 1 blocks are indirectly lost in loss record 364 of 917
==19188==    at 0x4C2DB8F: malloc (in /usr/lib/valgrind/vgpreload_memcheck-amd64-linux.so)
==19188==    by 0x40456C: createElementInt (hash.c:53)
==19188==    by 0x40475E: insertInt (hash.c:94)
==19188==    by 0x403F84: get_token_hasht (token.c:170)
==19188==    by 0x4069D7: printParseTreeForHTML (parser.c:342)
==19188==    by 0x400CB5: main (visualize.c:15)
==19188== 
==19188== 16 bytes in 1 blocks are indirectly lost in loss record 365 of 917
==19188==    at 0x4C2DB8F: malloc (in /usr/lib/valgrind/vgpreload_memcheck-amd64-linux.so)
==19188==    by 0x404B47: insertBefore (SeqList.c:78)
==19188==    by 0x404DD0: insertAtEnd (SeqList.c:185)
==19188==    by 0x4047E4: insertInt (hash.c:99)
==19188==    by 0x403F84: get_token_hasht (token.c:170)
==19188==    by 0x4069D7: printParseTreeForHTML (parser.c:342)
==19188==    by 0x400CB5: main (visualize.c:15)
==19188== 
==19188== 16 bytes in 1 blocks are indirectly lost in loss record 366 of 917
==19188==    at 0x4C2DB8F: malloc (in /usr/lib/valgrind/vgpreload_memcheck-amd64-linux.so)
==19188==    by 0x40456C: createElementInt (hash.c:53)
==19188==    by 0x40475E: insertInt (hash.c:94)
==19188==    by 0x403F9A: get_token_hasht (token.c:171)
==19188==    by 0x4069D7: printParseTreeForHTML (parser.c:342)
==19188==    by 0x400CB5: main (visualize.c:15)
==19188== 
==19188== 16 bytes in 1 blocks are indirectly lost in loss record 367 of 917
==19188==    at 0x4C2DB8F: malloc (in /usr/lib/valgrind/vgpreload_memcheck-amd64-linux.so)
==19188==    by 0x404B47: insertBefore (SeqList.c:78)
==19188==    by 0x404DD0: insertAtEnd (SeqList.c:185)
==19188==    by 0x4047E4: insertInt (hash.c:99)
==19188==    by 0x403F9A: get_token_hasht (token.c:171)
==19188==    by 0x4069D7: printParseTreeForHTML (parser.c:342)
==19188==    by 0x400CB5: main (visualize.c:15)
==19188== 
==19188== 16 bytes in 1 blocks are indirectly lost in loss record 368 of 917
==19188==    at 0x4C2DB8F: malloc (in /usr/lib/valgrind/vgpreload_memcheck-amd64-linux.so)
==19188==    by 0x40456C: createElementInt (hash.c:53)
==19188==    by 0x40475E: insertInt (hash.c:94)
==19188==    by 0x403FB0: get_token_hasht (token.c:172)
==19188==    by 0x4069D7: printParseTreeForHTML (parser.c:342)
==19188==    by 0x400CB5: main (visualize.c:15)
==19188== 
==19188== 16 bytes in 1 blocks are indirectly lost in loss record 369 of 917
==19188==    at 0x4C2DB8F: malloc (in /usr/lib/valgrind/vgpreload_memcheck-amd64-linux.so)
==19188==    by 0x404B47: insertBefore (SeqList.c:78)
==19188==    by 0x404DD0: insertAtEnd (SeqList.c:185)
==19188==    by 0x4047E4: insertInt (hash.c:99)
==19188==    by 0x403FB0: get_token_hasht (token.c:172)
==19188==    by 0x4069D7: printParseTreeForHTML (parser.c:342)
==19188==    by 0x400CB5: main (visualize.c:15)
==19188== 
==19188== 16 bytes in 1 blocks are indirectly lost in loss record 370 of 917
==19188==    at 0x4C2DB8F: malloc (in /usr/lib/valgrind/vgpreload_memcheck-amd64-linux.so)
==19188==    by 0x40456C: createElementInt (hash.c:53)
==19188==    by 0x40475E: insertInt (hash.c:94)
==19188==    by 0x403FC6: get_token_hasht (token.c:173)
==19188==    by 0x4069D7: printParseTreeForHTML (parser.c:342)
==19188==    by 0x400CB5: main (visualize.c:15)
==19188== 
==19188== 16 bytes in 1 blocks are indirectly lost in loss record 371 of 917
==19188==    at 0x4C2DB8F: malloc (in /usr/lib/valgrind/vgpreload_memcheck-amd64-linux.so)
==19188==    by 0x404B47: insertBefore (SeqList.c:78)
==19188==    by 0x404DD0: insertAtEnd (SeqList.c:185)
==19188==    by 0x4047E4: insertInt (hash.c:99)
==19188==    by 0x403FC6: get_token_hasht (token.c:173)
==19188==    by 0x4069D7: printParseTreeForHTML (parser.c:342)
==19188==    by 0x400CB5: main (visualize.c:15)
==19188== 
==19188== 16 bytes in 1 blocks are indirectly lost in loss record 372 of 917
==19188==    at 0x4C2DB8F: malloc (in /usr/lib/valgrind/vgpreload_memcheck-amd64-linux.so)
==19188==    by 0x40456C: createElementInt (hash.c:53)
==19188==    by 0x40475E: insertInt (hash.c:94)
==19188==    by 0x403FDC: get_token_hasht (token.c:174)
==19188==    by 0x4069D7: printParseTreeForHTML (parser.c:342)
==19188==    by 0x400CB5: main (visualize.c:15)
==19188== 
==19188== 16 bytes in 1 blocks are indirectly lost in loss record 373 of 917
==19188==    at 0x4C2DB8F: malloc (in /usr/lib/valgrind/vgpreload_memcheck-amd64-linux.so)
==19188==    by 0x404B47: insertBefore (SeqList.c:78)
==19188==    by 0x404DD0: insertAtEnd (SeqList.c:185)
==19188==    by 0x4047E4: insertInt (hash.c:99)
==19188==    by 0x403FDC: get_token_hasht (token.c:174)
==19188==    by 0x4069D7: printParseTreeForHTML (parser.c:342)
==19188==    by 0x400CB5: main (visualize.c:15)
==19188== 
==19188== 16 bytes in 1 blocks are indirectly lost in loss record 374 of 917
==19188==    at 0x4C2DB8F: malloc (in /usr/lib/valgrind/vgpreload_memcheck-amd64-linux.so)
==19188==    by 0x40456C: createElementInt (hash.c:53)
==19188==    by 0x40475E: insertInt (hash.c:94)
==19188==    by 0x403FF2: get_token_hasht (token.c:175)
==19188==    by 0x4069D7: printParseTreeForHTML (parser.c:342)
==19188==    by 0x400CB5: main (visualize.c:15)
==19188== 
==19188== 16 bytes in 1 blocks are indirectly lost in loss record 375 of 917
==19188==    at 0x4C2DB8F: malloc (in /usr/lib/valgrind/vgpreload_memcheck-amd64-linux.so)
==19188==    by 0x404B47: insertBefore (SeqList.c:78)
==19188==    by 0x404DD0: insertAtEnd (SeqList.c:185)
==19188==    by 0x4047E4: insertInt (hash.c:99)
==19188==    by 0x403FF2: get_token_hasht (token.c:175)
==19188==    by 0x4069D7: printParseTreeForHTML (parser.c:342)
==19188==    by 0x400CB5: main (visualize.c:15)
==19188== 
==19188== 16 bytes in 1 blocks are indirectly lost in loss record 376 of 917
==19188==    at 0x4C2DB8F: malloc (in /usr/lib/valgrind/vgpreload_memcheck-amd64-linux.so)
==19188==    by 0x40456C: createElementInt (hash.c:53)
==19188==    by 0x40475E: insertInt (hash.c:94)
==19188==    by 0x404008: get_token_hasht (token.c:176)
==19188==    by 0x4069D7: printParseTreeForHTML (parser.c:342)
==19188==    by 0x400CB5: main (visualize.c:15)
==19188== 
==19188== 16 bytes in 1 blocks are indirectly lost in loss record 377 of 917
==19188==    at 0x4C2DB8F: malloc (in /usr/lib/valgrind/vgpreload_memcheck-amd64-linux.so)
==19188==    by 0x404B47: insertBefore (SeqList.c:78)
==19188==    by 0x404DD0: insertAtEnd (SeqList.c:185)
==19188==    by 0x4047E4: insertInt (hash.c:99)
==19188==    by 0x404008: get_token_hasht (token.c:176)
==19188==    by 0x4069D7: printParseTreeForHTML (parser.c:342)
==19188==    by 0x400CB5: main (visualize.c:15)
==19188== 
==19188== 16 bytes in 1 blocks are indirectly lost in loss record 378 of 917
==19188==    at 0x4C2DB8F: malloc (in /usr/lib/valgrind/vgpreload_memcheck-amd64-linux.so)
==19188==    by 0x40456C: createElementInt (hash.c:53)
==19188==    by 0x40475E: insertInt (hash.c:94)
==19188==    by 0x40401E: get_token_hasht (token.c:177)
==19188==    by 0x4069D7: printParseTreeForHTML (parser.c:342)
==19188==    by 0x400CB5: main (visualize.c:15)
==19188== 
==19188== 16 bytes in 1 blocks are indirectly lost in loss record 379 of 917
==19188==    at 0x4C2DB8F: malloc (in /usr/lib/valgrind/vgpreload_memcheck-amd64-linux.so)
==19188==    by 0x404B47: insertBefore (SeqList.c:78)
==19188==    by 0x404DD0: insertAtEnd (SeqList.c:185)
==19188==    by 0x4047E4: insertInt (hash.c:99)
==19188==    by 0x40401E: get_token_hasht (token.c:177)
==19188==    by 0x4069D7: printParseTreeForHTML (parser.c:342)
==19188==    by 0x400CB5: main (visualize.c:15)
==19188== 
==19188== 16 bytes in 1 blocks are indirectly lost in loss record 380 of 917
==19188==    at 0x4C2DB8F: malloc (in /usr/lib/valgrind/vgpreload_memcheck-amd64-linux.so)
==19188==    by 0x40456C: createElementInt (hash.c:53)
==19188==    by 0x40475E: insertInt (hash.c:94)
==19188==    by 0x404034: get_token_hasht (token.c:178)
==19188==    by 0x4069D7: printParseTreeForHTML (parser.c:342)
==19188==    by 0x400CB5: main (visualize.c:15)
==19188== 
==19188== 16 bytes in 1 blocks are indirectly lost in loss record 381 of 917
==19188==    at 0x4C2DB8F: malloc (in /usr/lib/valgrind/vgpreload_memcheck-amd64-linux.so)
==19188==    by 0x404B47: insertBefore (SeqList.c:78)
==19188==    by 0x404DD0: insertAtEnd (SeqList.c:185)
==19188==    by 0x4047E4: insertInt (hash.c:99)
==19188==    by 0x404034: get_token_hasht (token.c:178)
==19188==    by 0x4069D7: printParseTreeForHTML (parser.c:342)
==19188==    by 0x400CB5: main (visualize.c:15)
==19188== 
==19188== 16 bytes in 1 blocks are indirectly lost in loss record 382 of 917
==19188==    at 0x4C2DB8F: malloc (in /usr/lib/valgrind/vgpreload_memcheck-amd64-linux.so)
==19188==    by 0x40456C: createElementInt (hash.c:53)
==19188==    by 0x40475E: insertInt (hash.c:94)
==19188==    by 0x40404A: get_token_hasht (token.c:179)
==19188==    by 0x4069D7: printParseTreeForHTML (parser.c:342)
==19188==    by 0x400CB5: main (visualize.c:15)
==19188== 
==19188== 16 bytes in 1 blocks are indirectly lost in loss record 383 of 917
==19188==    at 0x4C2DB8F: malloc (in /usr/lib/valgrind/vgpreload_memcheck-amd64-linux.so)
==19188==    by 0x404B47: insertBefore (SeqList.c:78)
==19188==    by 0x404DD0: insertAtEnd (SeqList.c:185)
==19188==    by 0x4047E4: insertInt (hash.c:99)
==19188==    by 0x40404A: get_token_hasht (token.c:179)
==19188==    by 0x4069D7: printParseTreeForHTML (parser.c:342)
==19188==    by 0x400CB5: main (visualize.c:15)
==19188== 
==19188== 16 bytes in 1 blocks are indirectly lost in loss record 384 of 917
==19188==    at 0x4C2DB8F: malloc (in /usr/lib/valgrind/vgpreload_memcheck-amd64-linux.so)
==19188==    by 0x40456C: createElementInt (hash.c:53)
==19188==    by 0x40475E: insertInt (hash.c:94)
==19188==    by 0x404060: get_token_hasht (token.c:180)
==19188==    by 0x4069D7: printParseTreeForHTML (parser.c:342)
==19188==    by 0x400CB5: main (visualize.c:15)
==19188== 
==19188== 16 bytes in 1 blocks are indirectly lost in loss record 385 of 917
==19188==    at 0x4C2DB8F: malloc (in /usr/lib/valgrind/vgpreload_memcheck-amd64-linux.so)
==19188==    by 0x404B47: insertBefore (SeqList.c:78)
==19188==    by 0x404DD0: insertAtEnd (SeqList.c:185)
==19188==    by 0x4047E4: insertInt (hash.c:99)
==19188==    by 0x404060: get_token_hasht (token.c:180)
==19188==    by 0x4069D7: printParseTreeForHTML (parser.c:342)
==19188==    by 0x400CB5: main (visualize.c:15)
==19188== 
==19188== 16 bytes in 1 blocks are indirectly lost in loss record 386 of 917
==19188==    at 0x4C2DB8F: malloc (in /usr/lib/valgrind/vgpreload_memcheck-amd64-linux.so)
==19188==    by 0x40456C: createElementInt (hash.c:53)
==19188==    by 0x40475E: insertInt (hash.c:94)
==19188==    by 0x404076: get_token_hasht (token.c:181)
==19188==    by 0x4069D7: printParseTreeForHTML (parser.c:342)
==19188==    by 0x400CB5: main (visualize.c:15)
==19188== 
==19188== 16 bytes in 1 blocks are indirectly lost in loss record 387 of 917
==19188==    at 0x4C2DB8F: malloc (in /usr/lib/valgrind/vgpreload_memcheck-amd64-linux.so)
==19188==    by 0x404B47: insertBefore (SeqList.c:78)
==19188==    by 0x404DD0: insertAtEnd (SeqList.c:185)
==19188==    by 0x4047E4: insertInt (hash.c:99)
==19188==    by 0x404076: get_token_hasht (token.c:181)
==19188==    by 0x4069D7: printParseTreeForHTML (parser.c:342)
==19188==    by 0x400CB5: main (visualize.c:15)
==19188== 
==19188== 16 bytes in 1 blocks are indirectly lost in loss record 388 of 917
==19188==    at 0x4C2DB8F: malloc (in /usr/lib/valgrind/vgpreload_memcheck-amd64-linux.so)
==19188==    by 0x40456C: createElementInt (hash.c:53)
==19188==    by 0x40475E: insertInt (hash.c:94)
==19188==    by 0x40408C: get_token_hasht (token.c:182)
==19188==    by 0x4069D7: printParseTreeForHTML (parser.c:342)
==19188==    by 0x400CB5: main (visualize.c:15)
==19188== 
==19188== 16 bytes in 1 blocks are indirectly lost in loss record 389 of 917
==19188==    at 0x4C2DB8F: malloc (in /usr/lib/valgrind/vgpreload_memcheck-amd64-linux.so)
==19188==    by 0x404B47: insertBefore (SeqList.c:78)
==19188==    by 0x404DD0: insertAtEnd (SeqList.c:185)
==19188==    by 0x4047E4: insertInt (hash.c:99)
==19188==    by 0x40408C: get_token_hasht (token.c:182)
==19188==    by 0x4069D7: printParseTreeForHTML (parser.c:342)
==19188==    by 0x400CB5: main (visualize.c:15)
==19188== 
==19188== 16 bytes in 1 blocks are indirectly lost in loss record 390 of 917
==19188==    at 0x4C2DB8F: malloc (in /usr/lib/valgrind/vgpreload_memcheck-amd64-linux.so)
==19188==    by 0x40456C: createElementInt (hash.c:53)
==19188==    by 0x40475E: insertInt (hash.c:94)
==19188==    by 0x4040A2: get_token_hasht (token.c:183)
==19188==    by 0x4069D7: printParseTreeForHTML (parser.c:342)
==19188==    by 0x400CB5: main (visualize.c:15)
==19188== 
==19188== 16 bytes in 1 blocks are indirectly lost in loss record 391 of 917
==19188==    at 0x4C2DB8F: malloc (in /usr/lib/valgrind/vgpreload_memcheck-amd64-linux.so)
==19188==    by 0x404B47: insertBefore (SeqList.c:78)
==19188==    by 0x404DD0: insertAtEnd (SeqList.c:185)
==19188==    by 0x4047E4: insertInt (hash.c:99)
==19188==    by 0x4040A2: get_token_hasht (token.c:183)
==19188==    by 0x4069D7: printParseTreeForHTML (parser.c:342)
==19188==    by 0x400CB5: main (visualize.c:15)
==19188== 
==19188== 16 bytes in 1 blocks are indirectly lost in loss record 392 of 917
==19188==    at 0x4C2DB8F: malloc (in /usr/lib/valgrind/vgpreload_memcheck-amd64-linux.so)
==19188==    by 0x40456C: createElementInt (hash.c:53)
==19188==    by 0x40475E: insertInt (hash.c:94)
==19188==    by 0x4040B8: get_token_hasht (token.c:184)
==19188==    by 0x4069D7: printParseTreeForHTML (parser.c:342)
==19188==    by 0x400CB5: main (visualize.c:15)
==19188== 
==19188== 16 bytes in 1 blocks are indirectly lost in loss record 393 of 917
==19188==    at 0x4C2DB8F: malloc (in /usr/lib/valgrind/vgpreload_memcheck-amd64-linux.so)
==19188==    by 0x404B47: insertBefore (SeqList.c:78)
==19188==    by 0x404DD0: insertAtEnd (SeqList.c:185)
==19188==    by 0x4047E4: insertInt (hash.c:99)
==19188==    by 0x4040B8: get_token_hasht (token.c:184)
==19188==    by 0x4069D7: printParseTreeForHTML (parser.c:342)
==19188==    by 0x400CB5: main (visualize.c:15)
==19188== 
==19188== 16 bytes in 1 blocks are indirectly lost in loss record 394 of 917
==19188==    at 0x4C2DB8F: malloc (in /usr/lib/valgrind/vgpreload_memcheck-amd64-linux.so)
==19188==    by 0x40456C: createElementInt (hash.c:53)
==19188==    by 0x40475E: insertInt (hash.c:94)
==19188==    by 0x4040CE: get_token_hasht (token.c:185)
==19188==    by 0x4069D7: printParseTreeForHTML (parser.c:342)
==19188==    by 0x400CB5: main (visualize.c:15)
==19188== 
==19188== 16 bytes in 1 blocks are indirectly lost in loss record 395 of 917
==19188==    at 0x4C2DB8F: malloc (in /usr/lib/valgrind/vgpreload_memcheck-amd64-linux.so)
==19188==    by 0x404B47: insertBefore (SeqList.c:78)
==19188==    by 0x404DD0: insertAtEnd (SeqList.c:185)
==19188==    by 0x4047E4: insertInt (hash.c:99)
==19188==    by 0x4040CE: get_token_hasht (token.c:185)
==19188==    by 0x4069D7: printParseTreeForHTML (parser.c:342)
==19188==    by 0x400CB5: main (visualize.c:15)
==19188== 
==19188== 16 bytes in 1 blocks are indirectly lost in loss record 396 of 917
==19188==    at 0x4C2DB8F: malloc (in /usr/lib/valgrind/vgpreload_memcheck-amd64-linux.so)
==19188==    by 0x40456C: createElementInt (hash.c:53)
==19188==    by 0x40475E: insertInt (hash.c:94)
==19188==    by 0x4040E4: get_token_hasht (token.c:186)
==19188==    by 0x4069D7: printParseTreeForHTML (parser.c:342)
==19188==    by 0x400CB5: main (visualize.c:15)
==19188== 
==19188== 16 bytes in 1 blocks are indirectly lost in loss record 397 of 917
==19188==    at 0x4C2DB8F: malloc (in /usr/lib/valgrind/vgpreload_memcheck-amd64-linux.so)
==19188==    by 0x404B47: insertBefore (SeqList.c:78)
==19188==    by 0x404DD0: insertAtEnd (SeqList.c:185)
==19188==    by 0x4047E4: insertInt (hash.c:99)
==19188==    by 0x4040E4: get_token_hasht (token.c:186)
==19188==    by 0x4069D7: printParseTreeForHTML (parser.c:342)
==19188==    by 0x400CB5: main (visualize.c:15)
==19188== 
==19188== 16 bytes in 1 blocks are indirectly lost in loss record 398 of 917
==19188==    at 0x4C2DB8F: malloc (in /usr/lib/valgrind/vgpreload_memcheck-amd64-linux.so)
==19188==    by 0x40456C: createElementInt (hash.c:53)
==19188==    by 0x40475E: insertInt (hash.c:94)
==19188==    by 0x4040FA: get_token_hasht (token.c:187)
==19188==    by 0x4069D7: printParseTreeForHTML (parser.c:342)
==19188==    by 0x400CB5: main (visualize.c:15)
==19188== 
==19188== 16 bytes in 1 blocks are indirectly lost in loss record 399 of 917
==19188==    at 0x4C2DB8F: malloc (in /usr/lib/valgrind/vgpreload_memcheck-amd64-linux.so)
==19188==    by 0x404B47: insertBefore (SeqList.c:78)
==19188==    by 0x404DD0: insertAtEnd (SeqList.c:185)
==19188==    by 0x4047E4: insertInt (hash.c:99)
==19188==    by 0x4040FA: get_token_hasht (token.c:187)
==19188==    by 0x4069D7: printParseTreeForHTML (parser.c:342)
==19188==    by 0x400CB5: main (visualize.c:15)
==19188== 
==19188== 16 bytes in 1 blocks are indirectly lost in loss record 400 of 917
==19188==    at 0x4C2DB8F: malloc (in /usr/lib/valgrind/vgpreload_memcheck-amd64-linux.so)
==19188==    by 0x40456C: createElementInt (hash.c:53)
==19188==    by 0x40475E: insertInt (hash.c:94)
==19188==    by 0x404110: get_token_hasht (token.c:188)
==19188==    by 0x4069D7: printParseTreeForHTML (parser.c:342)
==19188==    by 0x400CB5: main (visualize.c:15)
==19188== 
==19188== 16 bytes in 1 blocks are indirectly lost in loss record 401 of 917
==19188==    at 0x4C2DB8F: malloc (in /usr/lib/valgrind/vgpreload_memcheck-amd64-linux.so)
==19188==    by 0x404B47: insertBefore (SeqList.c:78)
==19188==    by 0x404DD0: insertAtEnd (SeqList.c:185)
==19188==    by 0x4047E4: insertInt (hash.c:99)
==19188==    by 0x404110: get_token_hasht (token.c:188)
==19188==    by 0x4069D7: printParseTreeForHTML (parser.c:342)
==19188==    by 0x400CB5: main (visualize.c:15)
==19188== 
==19188== 16 bytes in 1 blocks are indirectly lost in loss record 402 of 917
==19188==    at 0x4C2DB8F: malloc (in /usr/lib/valgrind/vgpreload_memcheck-amd64-linux.so)
==19188==    by 0x40456C: createElementInt (hash.c:53)
==19188==    by 0x40475E: insertInt (hash.c:94)
==19188==    by 0x404126: get_token_hasht (token.c:189)
==19188==    by 0x4069D7: printParseTreeForHTML (parser.c:342)
==19188==    by 0x400CB5: main (visualize.c:15)
==19188== 
==19188== 16 bytes in 1 blocks are indirectly lost in loss record 403 of 917
==19188==    at 0x4C2DB8F: malloc (in /usr/lib/valgrind/vgpreload_memcheck-amd64-linux.so)
==19188==    by 0x404B47: insertBefore (SeqList.c:78)
==19188==    by 0x404DD0: insertAtEnd (SeqList.c:185)
==19188==    by 0x4047E4: insertInt (hash.c:99)
==19188==    by 0x404126: get_token_hasht (token.c:189)
==19188==    by 0x4069D7: printParseTreeForHTML (parser.c:342)
==19188==    by 0x400CB5: main (visualize.c:15)
==19188== 
==19188== 16 bytes in 1 blocks are indirectly lost in loss record 404 of 917
==19188==    at 0x4C2DB8F: malloc (in /usr/lib/valgrind/vgpreload_memcheck-amd64-linux.so)
==19188==    by 0x40456C: createElementInt (hash.c:53)
==19188==    by 0x40475E: insertInt (hash.c:94)
==19188==    by 0x40413C: get_token_hasht (token.c:190)
==19188==    by 0x4069D7: printParseTreeForHTML (parser.c:342)
==19188==    by 0x400CB5: main (visualize.c:15)
==19188== 
==19188== 16 bytes in 1 blocks are indirectly lost in loss record 405 of 917
==19188==    at 0x4C2DB8F: malloc (in /usr/lib/valgrind/vgpreload_memcheck-amd64-linux.so)
==19188==    by 0x404B47: insertBefore (SeqList.c:78)
==19188==    by 0x404DD0: insertAtEnd (SeqList.c:185)
==19188==    by 0x4047E4: insertInt (hash.c:99)
==19188==    by 0x40413C: get_token_hasht (token.c:190)
==19188==    by 0x4069D7: printParseTreeForHTML (parser.c:342)
==19188==    by 0x400CB5: main (visualize.c:15)
==19188== 
==19188== 16 bytes in 1 blocks are indirectly lost in loss record 406 of 917
==19188==    at 0x4C2DB8F: malloc (in /usr/lib/valgrind/vgpreload_memcheck-amd64-linux.so)
==19188==    by 0x40456C: createElementInt (hash.c:53)
==19188==    by 0x40475E: insertInt (hash.c:94)
==19188==    by 0x404152: get_token_hasht (token.c:191)
==19188==    by 0x4069D7: printParseTreeForHTML (parser.c:342)
==19188==    by 0x400CB5: main (visualize.c:15)
==19188== 
==19188== 16 bytes in 1 blocks are indirectly lost in loss record 407 of 917
==19188==    at 0x4C2DB8F: malloc (in /usr/lib/valgrind/vgpreload_memcheck-amd64-linux.so)
==19188==    by 0x404B47: insertBefore (SeqList.c:78)
==19188==    by 0x404DD0: insertAtEnd (SeqList.c:185)
==19188==    by 0x4047E4: insertInt (hash.c:99)
==19188==    by 0x404152: get_token_hasht (token.c:191)
==19188==    by 0x4069D7: printParseTreeForHTML (parser.c:342)
==19188==    by 0x400CB5: main (visualize.c:15)
==19188== 
==19188== 16 bytes in 1 blocks are indirectly lost in loss record 408 of 917
==19188==    at 0x4C2DB8F: malloc (in /usr/lib/valgrind/vgpreload_memcheck-amd64-linux.so)
==19188==    by 0x40456C: createElementInt (hash.c:53)
==19188==    by 0x40475E: insertInt (hash.c:94)
==19188==    by 0x404168: get_token_hasht (token.c:192)
==19188==    by 0x4069D7: printParseTreeForHTML (parser.c:342)
==19188==    by 0x400CB5: main (visualize.c:15)
==19188== 
==19188== 16 bytes in 1 blocks are indirectly lost in loss record 409 of 917
==19188==    at 0x4C2DB8F: malloc (in /usr/lib/valgrind/vgpreload_memcheck-amd64-linux.so)
==19188==    by 0x404B47: insertBefore (SeqList.c:78)
==19188==    by 0x404DD0: insertAtEnd (SeqList.c:185)
==19188==    by 0x4047E4: insertInt (hash.c:99)
==19188==    by 0x404168: get_token_hasht (token.c:192)
==19188==    by 0x4069D7: printParseTreeForHTML (parser.c:342)
==19188==    by 0x400CB5: main (visualize.c:15)
==19188== 
==19188== 16 bytes in 1 blocks are indirectly lost in loss record 410 of 917
==19188==    at 0x4C2DB8F: malloc (in /usr/lib/valgrind/vgpreload_memcheck-amd64-linux.so)
==19188==    by 0x40456C: createElementInt (hash.c:53)
==19188==    by 0x40475E: insertInt (hash.c:94)
==19188==    by 0x40417E: get_token_hasht (token.c:193)
==19188==    by 0x4069D7: printParseTreeForHTML (parser.c:342)
==19188==    by 0x400CB5: main (visualize.c:15)
==19188== 
==19188== 16 bytes in 1 blocks are indirectly lost in loss record 411 of 917
==19188==    at 0x4C2DB8F: malloc (in /usr/lib/valgrind/vgpreload_memcheck-amd64-linux.so)
==19188==    by 0x404B47: insertBefore (SeqList.c:78)
==19188==    by 0x404DD0: insertAtEnd (SeqList.c:185)
==19188==    by 0x4047E4: insertInt (hash.c:99)
==19188==    by 0x40417E: get_token_hasht (token.c:193)
==19188==    by 0x4069D7: printParseTreeForHTML (parser.c:342)
==19188==    by 0x400CB5: main (visualize.c:15)
==19188== 
==19188== 16 bytes in 1 blocks are indirectly lost in loss record 412 of 917
==19188==    at 0x4C2DB8F: malloc (in /usr/lib/valgrind/vgpreload_memcheck-amd64-linux.so)
==19188==    by 0x40456C: createElementInt (hash.c:53)
==19188==    by 0x40475E: insertInt (hash.c:94)
==19188==    by 0x404194: get_token_hasht (token.c:195)
==19188==    by 0x4069D7: printParseTreeForHTML (parser.c:342)
==19188==    by 0x400CB5: main (visualize.c:15)
==19188== 
==19188== 16 bytes in 1 blocks are indirectly lost in loss record 413 of 917
==19188==    at 0x4C2DB8F: malloc (in /usr/lib/valgrind/vgpreload_memcheck-amd64-linux.so)
==19188==    by 0x404B47: insertBefore (SeqList.c:78)
==19188==    by 0x404DD0: insertAtEnd (SeqList.c:185)
==19188==    by 0x4047E4: insertInt (hash.c:99)
==19188==    by 0x404194: get_token_hasht (token.c:195)
==19188==    by 0x4069D7: printParseTreeForHTML (parser.c:342)
==19188==    by 0x400CB5: main (visualize.c:15)
==19188== 
==19188== 16 bytes in 1 blocks are indirectly lost in loss record 414 of 917
==19188==    at 0x4C2DB8F: malloc (in /usr/lib/valgrind/vgpreload_memcheck-amd64-linux.so)
==19188==    by 0x40456C: createElementInt (hash.c:53)
==19188==    by 0x40475E: insertInt (hash.c:94)
==19188==    by 0x4041AA: get_token_hasht (token.c:196)
==19188==    by 0x4069D7: printParseTreeForHTML (parser.c:342)
==19188==    by 0x400CB5: main (visualize.c:15)
==19188== 
==19188== 16 bytes in 1 blocks are indirectly lost in loss record 415 of 917
==19188==    at 0x4C2DB8F: malloc (in /usr/lib/valgrind/vgpreload_memcheck-amd64-linux.so)
==19188==    by 0x404B47: insertBefore (SeqList.c:78)
==19188==    by 0x404DD0: insertAtEnd (SeqList.c:185)
==19188==    by 0x4047E4: insertInt (hash.c:99)
==19188==    by 0x4041AA: get_token_hasht (token.c:196)
==19188==    by 0x4069D7: printParseTreeForHTML (parser.c:342)
==19188==    by 0x400CB5: main (visualize.c:15)
==19188== 
==19188== 16 bytes in 1 blocks are indirectly lost in loss record 416 of 917
==19188==    at 0x4C2DB8F: malloc (in /usr/lib/valgrind/vgpreload_memcheck-amd64-linux.so)
==19188==    by 0x40456C: createElementInt (hash.c:53)
==19188==    by 0x40475E: insertInt (hash.c:94)
==19188==    by 0x4041C0: get_token_hasht (token.c:197)
==19188==    by 0x4069D7: printParseTreeForHTML (parser.c:342)
==19188==    by 0x400CB5: main (visualize.c:15)
==19188== 
==19188== 16 bytes in 1 blocks are indirectly lost in loss record 417 of 917
==19188==    at 0x4C2DB8F: malloc (in /usr/lib/valgrind/vgpreload_memcheck-amd64-linux.so)
==19188==    by 0x404B47: insertBefore (SeqList.c:78)
==19188==    by 0x404DD0: insertAtEnd (SeqList.c:185)
==19188==    by 0x4047E4: insertInt (hash.c:99)
==19188==    by 0x4041C0: get_token_hasht (token.c:197)
==19188==    by 0x4069D7: printParseTreeForHTML (parser.c:342)
==19188==    by 0x400CB5: main (visualize.c:15)
==19188== 
==19188== 16 bytes in 1 blocks are indirectly lost in loss record 418 of 917
==19188==    at 0x4C2DB8F: malloc (in /usr/lib/valgrind/vgpreload_memcheck-amd64-linux.so)
==19188==    by 0x404CC1: newList (SeqList.c:128)
==19188==    by 0x406FA7: newStack (Stack.c:23)
==19188==    by 0x405BF1: parseTree (parser.c:92)
==19188==    by 0x406EA2: printParseTreeForHTML (parser.c:396)
==19188==    by 0x400CB5: main (visualize.c:15)
==19188== 
==19188== 16 bytes in 1 blocks are indirectly lost in loss record 419 of 917
==19188==    at 0x4C2DB8F: malloc (in /usr/lib/valgrind/vgpreload_memcheck-amd64-linux.so)
==19188==    by 0x405958: make_stack_element (parser.c:21)
==19188==    by 0x405C27: parseTree (parser.c:95)
==19188==    by 0x406EA2: printParseTreeForHTML (parser.c:396)
==19188==    by 0x400CB5: main (visualize.c:15)
==19188== 
==19188== 16 bytes in 1 blocks are indirectly lost in loss record 420 of 917
==19188==    at 0x4C2DB8F: malloc (in /usr/lib/valgrind/vgpreload_memcheck-amd64-linux.so)
==19188==    by 0x404B47: insertBefore (SeqList.c:78)
==19188==    by 0x404D6D: insertAtFront (SeqList.c:173)
==19188==    by 0x407008: push (Stack.c:37)
==19188==    by 0x405C39: parseTree (parser.c:95)
==19188==    by 0x406EA2: printParseTreeForHTML (parser.c:396)
==19188==    by 0x400CB5: main (visualize.c:15)
==19188== 
==19188== 16 bytes in 1 blocks are definitely lost in loss record 421 of 917
==19188==    at 0x4C2DB8F: malloc (in /usr/lib/valgrind/vgpreload_memcheck-amd64-linux.so)
==19188==    by 0x404A73: getIterator (SeqList.c:33)
==19188==    by 0x404D93: insertAtEnd (SeqList.c:180)
==19188==    by 0x4047E4: insertInt (hash.c:99)
==19188==    by 0x403CF0: get_token_hasht (token.c:140)
==19188==    by 0x4069D7: printParseTreeForHTML (parser.c:342)
==19188==    by 0x400CB5: main (visualize.c:15)
==19188== 
==19188== 16 bytes in 1 blocks are definitely lost in loss record 422 of 917
==19188==    at 0x4C2DB8F: malloc (in /usr/lib/valgrind/vgpreload_memcheck-amd64-linux.so)
==19188==    by 0x404A73: getIterator (SeqList.c:33)
==19188==    by 0x404D93: insertAtEnd (SeqList.c:180)
==19188==    by 0x4047E4: insertInt (hash.c:99)
==19188==    by 0x403D06: get_token_hasht (token.c:141)
==19188==    by 0x4069D7: printParseTreeForHTML (parser.c:342)
==19188==    by 0x400CB5: main (visualize.c:15)
==19188== 
==19188== 16 bytes in 1 blocks are definitely lost in loss record 423 of 917
==19188==    at 0x4C2DB8F: malloc (in /usr/lib/valgrind/vgpreload_memcheck-amd64-linux.so)
==19188==    by 0x404A73: getIterator (SeqList.c:33)
==19188==    by 0x404D93: insertAtEnd (SeqList.c:180)
==19188==    by 0x4047E4: insertInt (hash.c:99)
==19188==    by 0x403D1C: get_token_hasht (token.c:142)
==19188==    by 0x4069D7: printParseTreeForHTML (parser.c:342)
==19188==    by 0x400CB5: main (visualize.c:15)
==19188== 
==19188== 16 bytes in 1 blocks are definitely lost in loss record 424 of 917
==19188==    at 0x4C2DB8F: malloc (in /usr/lib/valgrind/vgpreload_memcheck-amd64-linux.so)
==19188==    by 0x404A73: getIterator (SeqList.c:33)
==19188==    by 0x404D93: insertAtEnd (SeqList.c:180)
==19188==    by 0x4047E4: insertInt (hash.c:99)
==19188==    by 0x403D32: get_token_hasht (token.c:143)
==19188==    by 0x4069D7: printParseTreeForHTML (parser.c:342)
==19188==    by 0x400CB5: main (visualize.c:15)
==19188== 
==19188== 16 bytes in 1 blocks are definitely lost in loss record 425 of 917
==19188==    at 0x4C2DB8F: malloc (in /usr/lib/valgrind/vgpreload_memcheck-amd64-linux.so)
==19188==    by 0x404A73: getIterator (SeqList.c:33)
==19188==    by 0x404D93: insertAtEnd (SeqList.c:180)
==19188==    by 0x4047E4: insertInt (hash.c:99)
==19188==    by 0x403D48: get_token_hasht (token.c:144)
==19188==    by 0x4069D7: printParseTreeForHTML (parser.c:342)
==19188==    by 0x400CB5: main (visualize.c:15)
==19188== 
==19188== 16 bytes in 1 blocks are definitely lost in loss record 426 of 917
==19188==    at 0x4C2DB8F: malloc (in /usr/lib/valgrind/vgpreload_memcheck-amd64-linux.so)
==19188==    by 0x404A73: getIterator (SeqList.c:33)
==19188==    by 0x404D93: insertAtEnd (SeqList.c:180)
==19188==    by 0x4047E4: insertInt (hash.c:99)
==19188==    by 0x403D5E: get_token_hasht (token.c:145)
==19188==    by 0x4069D7: printParseTreeForHTML (parser.c:342)
==19188==    by 0x400CB5: main (visualize.c:15)
==19188== 
==19188== 16 bytes in 1 blocks are definitely lost in loss record 427 of 917
==19188==    at 0x4C2DB8F: malloc (in /usr/lib/valgrind/vgpreload_memcheck-amd64-linux.so)
==19188==    by 0x404A73: getIterator (SeqList.c:33)
==19188==    by 0x404D93: insertAtEnd (SeqList.c:180)
==19188==    by 0x4047E4: insertInt (hash.c:99)
==19188==    by 0x403D74: get_token_hasht (token.c:146)
==19188==    by 0x4069D7: printParseTreeForHTML (parser.c:342)
==19188==    by 0x400CB5: main (visualize.c:15)
==19188== 
==19188== 16 bytes in 1 blocks are definitely lost in loss record 428 of 917
==19188==    at 0x4C2DB8F: malloc (in /usr/lib/valgrind/vgpreload_memcheck-amd64-linux.so)
==19188==    by 0x404A73: getIterator (SeqList.c:33)
==19188==    by 0x404D93: insertAtEnd (SeqList.c:180)
==19188==    by 0x4047E4: insertInt (hash.c:99)
==19188==    by 0x403D8A: get_token_hasht (token.c:147)
==19188==    by 0x4069D7: printParseTreeForHTML (parser.c:342)
==19188==    by 0x400CB5: main (visualize.c:15)
==19188== 
==19188== 16 bytes in 1 blocks are definitely lost in loss record 429 of 917
==19188==    at 0x4C2DB8F: malloc (in /usr/lib/valgrind/vgpreload_memcheck-amd64-linux.so)
==19188==    by 0x404A73: getIterator (SeqList.c:33)
==19188==    by 0x404D93: insertAtEnd (SeqList.c:180)
==19188==    by 0x4047E4: insertInt (hash.c:99)
==19188==    by 0x403DA0: get_token_hasht (token.c:148)
==19188==    by 0x4069D7: printParseTreeForHTML (parser.c:342)
==19188==    by 0x400CB5: main (visualize.c:15)
==19188== 
==19188== 16 bytes in 1 blocks are definitely lost in loss record 430 of 917
==19188==    at 0x4C2DB8F: malloc (in /usr/lib/valgrind/vgpreload_memcheck-amd64-linux.so)
==19188==    by 0x404A73: getIterator (SeqList.c:33)
==19188==    by 0x404D93: insertAtEnd (SeqList.c:180)
==19188==    by 0x4047E4: insertInt (hash.c:99)
==19188==    by 0x403DB6: get_token_hasht (token.c:149)
==19188==    by 0x4069D7: printParseTreeForHTML (parser.c:342)
==19188==    by 0x400CB5: main (visualize.c:15)
==19188== 
==19188== 16 bytes in 1 blocks are definitely lost in loss record 431 of 917
==19188==    at 0x4C2DB8F: malloc (in /usr/lib/valgrind/vgpreload_memcheck-amd64-linux.so)
==19188==    by 0x404A73: getIterator (SeqList.c:33)
==19188==    by 0x404D93: insertAtEnd (SeqList.c:180)
==19188==    by 0x4047E4: insertInt (hash.c:99)
==19188==    by 0x403DCC: get_token_hasht (token.c:150)
==19188==    by 0x4069D7: printParseTreeForHTML (parser.c:342)
==19188==    by 0x400CB5: main (visualize.c:15)
==19188== 
==19188== 16 bytes in 1 blocks are definitely lost in loss record 432 of 917
==19188==    at 0x4C2DB8F: malloc (in /usr/lib/valgrind/vgpreload_memcheck-amd64-linux.so)
==19188==    by 0x404A73: getIterator (SeqList.c:33)
==19188==    by 0x404D93: insertAtEnd (SeqList.c:180)
==19188==    by 0x4047E4: insertInt (hash.c:99)
==19188==    by 0x403DE2: get_token_hasht (token.c:151)
==19188==    by 0x4069D7: printParseTreeForHTML (parser.c:342)
==19188==    by 0x400CB5: main (visualize.c:15)
==19188== 
==19188== 16 bytes in 1 blocks are definitely lost in loss record 433 of 917
==19188==    at 0x4C2DB8F: malloc (in /usr/lib/valgrind/vgpreload_memcheck-amd64-linux.so)
==19188==    by 0x404A73: getIterator (SeqList.c:33)
==19188==    by 0x404D93: insertAtEnd (SeqList.c:180)
==19188==    by 0x4047E4: insertInt (hash.c:99)
==19188==    by 0x403DF8: get_token_hasht (token.c:152)
==19188==    by 0x4069D7: printParseTreeForHTML (parser.c:342)
==19188==    by 0x400CB5: main (visualize.c:15)
==19188== 
==19188== 16 bytes in 1 blocks are definitely lost in loss record 434 of 917
==19188==    at 0x4C2DB8F: malloc (in /usr/lib/valgrind/vgpreload_memcheck-amd64-linux.so)
==19188==    by 0x404A73: getIterator (SeqList.c:33)
==19188==    by 0x404D93: insertAtEnd (SeqList.c:180)
==19188==    by 0x4047E4: insertInt (hash.c:99)
==19188==    by 0x403E0E: get_token_hasht (token.c:153)
==19188==    by 0x4069D7: printParseTreeForHTML (parser.c:342)
==19188==    by 0x400CB5: main (visualize.c:15)
==19188== 
==19188== 16 bytes in 1 blocks are definitely lost in loss record 435 of 917
==19188==    at 0x4C2DB8F: malloc (in /usr/lib/valgrind/vgpreload_memcheck-amd64-linux.so)
==19188==    by 0x404A73: getIterator (SeqList.c:33)
==19188==    by 0x404D93: insertAtEnd (SeqList.c:180)
==19188==    by 0x4047E4: insertInt (hash.c:99)
==19188==    by 0x403E24: get_token_hasht (token.c:154)
==19188==    by 0x4069D7: printParseTreeForHTML (parser.c:342)
==19188==    by 0x400CB5: main (visualize.c:15)
==19188== 
==19188== 16 bytes in 1 blocks are definitely lost in loss record 436 of 917
==19188==    at 0x4C2DB8F: malloc (in /usr/lib/valgrind/vgpreload_memcheck-amd64-linux.so)
==19188==    by 0x404A73: getIterator (SeqList.c:33)
==19188==    by 0x404D93: insertAtEnd (SeqList.c:180)
==19188==    by 0x4047E4: insertInt (hash.c:99)
==19188==    by 0x403E3A: get_token_hasht (token.c:155)
==19188==    by 0x4069D7: printParseTreeForHTML (parser.c:342)
==19188==    by 0x400CB5: main (visualize.c:15)
==19188== 
==19188== 16 bytes in 1 blocks are definitely lost in loss record 437 of 917
==19188==    at 0x4C2DB8F: malloc (in /usr/lib/valgrind/vgpreload_memcheck-amd64-linux.so)
==19188==    by 0x404A73: getIterator (SeqList.c:33)
==19188==    by 0x404D93: insertAtEnd (SeqList.c:180)
==19188==    by 0x4047E4: insertInt (hash.c:99)
==19188==    by 0x403E50: get_token_hasht (token.c:156)
==19188==    by 0x4069D7: printParseTreeForHTML (parser.c:342)
==19188==    by 0x400CB5: main (visualize.c:15)
==19188== 
==19188== 16 bytes in 1 blocks are definitely lost in loss record 438 of 917
==19188==    at 0x4C2DB8F: malloc (in /usr/lib/valgrind/vgpreload_memcheck-amd64-linux.so)
==19188==    by 0x404A73: getIterator (SeqList.c:33)
==19188==    by 0x404D93: insertAtEnd (SeqList.c:180)
==19188==    by 0x4047E4: insertInt (hash.c:99)
==19188==    by 0x403E66: get_token_hasht (token.c:157)
==19188==    by 0x4069D7: printParseTreeForHTML (parser.c:342)
==19188==    by 0x400CB5: main (visualize.c:15)
==19188== 
==19188== 16 bytes in 1 blocks are definitely lost in loss record 439 of 917
==19188==    at 0x4C2DB8F: malloc (in /usr/lib/valgrind/vgpreload_memcheck-amd64-linux.so)
==19188==    by 0x404A73: getIterator (SeqList.c:33)
==19188==    by 0x404D93: insertAtEnd (SeqList.c:180)
==19188==    by 0x4047E4: insertInt (hash.c:99)
==19188==    by 0x403E7C: get_token_hasht (token.c:158)
==19188==    by 0x4069D7: printParseTreeForHTML (parser.c:342)
==19188==    by 0x400CB5: main (visualize.c:15)
==19188== 
==19188== 16 bytes in 1 blocks are definitely lost in loss record 440 of 917
==19188==    at 0x4C2DB8F: malloc (in /usr/lib/valgrind/vgpreload_memcheck-amd64-linux.so)
==19188==    by 0x404A73: getIterator (SeqList.c:33)
==19188==    by 0x404D93: insertAtEnd (SeqList.c:180)
==19188==    by 0x4047E4: insertInt (hash.c:99)
==19188==    by 0x403E92: get_token_hasht (token.c:159)
==19188==    by 0x4069D7: printParseTreeForHTML (parser.c:342)
==19188==    by 0x400CB5: main (visualize.c:15)
==19188== 
==19188== 16 bytes in 1 blocks are definitely lost in loss record 441 of 917
==19188==    at 0x4C2DB8F: malloc (in /usr/lib/valgrind/vgpreload_memcheck-amd64-linux.so)
==19188==    by 0x404A73: getIterator (SeqList.c:33)
==19188==    by 0x404D93: insertAtEnd (SeqList.c:180)
==19188==    by 0x4047E4: insertInt (hash.c:99)
==19188==    by 0x403EA8: get_token_hasht (token.c:160)
==19188==    by 0x4069D7: printParseTreeForHTML (parser.c:342)
==19188==    by 0x400CB5: main (visualize.c:15)
==19188== 
==19188== 16 bytes in 1 blocks are definitely lost in loss record 442 of 917
==19188==    at 0x4C2DB8F: malloc (in /usr/lib/valgrind/vgpreload_memcheck-amd64-linux.so)
==19188==    by 0x404A73: getIterator (SeqList.c:33)
==19188==    by 0x404D93: insertAtEnd (SeqList.c:180)
==19188==    by 0x4047E4: insertInt (hash.c:99)
==19188==    by 0x403EBE: get_token_hasht (token.c:161)
==19188==    by 0x4069D7: printParseTreeForHTML (parser.c:342)
==19188==    by 0x400CB5: main (visualize.c:15)
==19188== 
==19188== 16 bytes in 1 blocks are definitely lost in loss record 443 of 917
==19188==    at 0x4C2DB8F: malloc (in /usr/lib/valgrind/vgpreload_memcheck-amd64-linux.so)
==19188==    by 0x404A73: getIterator (SeqList.c:33)
==19188==    by 0x404D93: insertAtEnd (SeqList.c:180)
==19188==    by 0x4047E4: insertInt (hash.c:99)
==19188==    by 0x403ED4: get_token_hasht (token.c:162)
==19188==    by 0x4069D7: printParseTreeForHTML (parser.c:342)
==19188==    by 0x400CB5: main (visualize.c:15)
==19188== 
==19188== 16 bytes in 1 blocks are definitely lost in loss record 444 of 917
==19188==    at 0x4C2DB8F: malloc (in /usr/lib/valgrind/vgpreload_memcheck-amd64-linux.so)
==19188==    by 0x404A73: getIterator (SeqList.c:33)
==19188==    by 0x404D93: insertAtEnd (SeqList.c:180)
==19188==    by 0x4047E4: insertInt (hash.c:99)
==19188==    by 0x403EEA: get_token_hasht (token.c:163)
==19188==    by 0x4069D7: printParseTreeForHTML (parser.c:342)
==19188==    by 0x400CB5: main (visualize.c:15)
==19188== 
==19188== 16 bytes in 1 blocks are definitely lost in loss record 445 of 917
==19188==    at 0x4C2DB8F: malloc (in /usr/lib/valgrind/vgpreload_memcheck-amd64-linux.so)
==19188==    by 0x404A73: getIterator (SeqList.c:33)
==19188==    by 0x404D93: insertAtEnd (SeqList.c:180)
==19188==    by 0x4047E4: insertInt (hash.c:99)
==19188==    by 0x403F00: get_token_hasht (token.c:164)
==19188==    by 0x4069D7: printParseTreeForHTML (parser.c:342)
==19188==    by 0x400CB5: main (visualize.c:15)
==19188== 
==19188== 16 bytes in 1 blocks are definitely lost in loss record 446 of 917
==19188==    at 0x4C2DB8F: malloc (in /usr/lib/valgrind/vgpreload_memcheck-amd64-linux.so)
==19188==    by 0x404A73: getIterator (SeqList.c:33)
==19188==    by 0x404D93: insertAtEnd (SeqList.c:180)
==19188==    by 0x4047E4: insertInt (hash.c:99)
==19188==    by 0x403F16: get_token_hasht (token.c:165)
==19188==    by 0x4069D7: printParseTreeForHTML (parser.c:342)
==19188==    by 0x400CB5: main (visualize.c:15)
==19188== 
==19188== 16 bytes in 1 blocks are definitely lost in loss record 447 of 917
==19188==    at 0x4C2DB8F: malloc (in /usr/lib/valgrind/vgpreload_memcheck-amd64-linux.so)
==19188==    by 0x404A73: getIterator (SeqList.c:33)
==19188==    by 0x404D93: insertAtEnd (SeqList.c:180)
==19188==    by 0x4047E4: insertInt (hash.c:99)
==19188==    by 0x403F2C: get_token_hasht (token.c:166)
==19188==    by 0x4069D7: printParseTreeForHTML (parser.c:342)
==19188==    by 0x400CB5: main (visualize.c:15)
==19188== 
==19188== 16 bytes in 1 blocks are definitely lost in loss record 448 of 917
==19188==    at 0x4C2DB8F: malloc (in /usr/lib/valgrind/vgpreload_memcheck-amd64-linux.so)
==19188==    by 0x404A73: getIterator (SeqList.c:33)
==19188==    by 0x404D93: insertAtEnd (SeqList.c:180)
==19188==    by 0x4047E4: insertInt (hash.c:99)
==19188==    by 0x403F42: get_token_hasht (token.c:167)
==19188==    by 0x4069D7: printParseTreeForHTML (parser.c:342)
==19188==    by 0x400CB5: main (visualize.c:15)
==19188== 
==19188== 16 bytes in 1 blocks are definitely lost in loss record 449 of 917
==19188==    at 0x4C2DB8F: malloc (in /usr/lib/valgrind/vgpreload_memcheck-amd64-linux.so)
==19188==    by 0x404A73: getIterator (SeqList.c:33)
==19188==    by 0x404D93: insertAtEnd (SeqList.c:180)
==19188==    by 0x4047E4: insertInt (hash.c:99)
==19188==    by 0x403F58: get_token_hasht (token.c:168)
==19188==    by 0x4069D7: printParseTreeForHTML (parser.c:342)
==19188==    by 0x400CB5: main (visualize.c:15)
==19188== 
==19188== 16 bytes in 1 blocks are definitely lost in loss record 450 of 917
==19188==    at 0x4C2DB8F: malloc (in /usr/lib/valgrind/vgpreload_memcheck-amd64-linux.so)
==19188==    by 0x404A73: getIterator (SeqList.c:33)
==19188==    by 0x404D93: insertAtEnd (SeqList.c:180)
==19188==    by 0x4047E4: insertInt (hash.c:99)
==19188==    by 0x403F6E: get_token_hasht (token.c:169)
==19188==    by 0x4069D7: printParseTreeForHTML (parser.c:342)
==19188==    by 0x400CB5: main (visualize.c:15)
==19188== 
==19188== 16 bytes in 1 blocks are definitely lost in loss record 451 of 917
==19188==    at 0x4C2DB8F: malloc (in /usr/lib/valgrind/vgpreload_memcheck-amd64-linux.so)
==19188==    by 0x404A73: getIterator (SeqList.c:33)
==19188==    by 0x404D93: insertAtEnd (SeqList.c:180)
==19188==    by 0x4047E4: insertInt (hash.c:99)
==19188==    by 0x403F84: get_token_hasht (token.c:170)
==19188==    by 0x4069D7: printParseTreeForHTML (parser.c:342)
==19188==    by 0x400CB5: main (visualize.c:15)
==19188== 
==19188== 16 bytes in 1 blocks are definitely lost in loss record 452 of 917
==19188==    at 0x4C2DB8F: malloc (in /usr/lib/valgrind/vgpreload_memcheck-amd64-linux.so)
==19188==    by 0x404A73: getIterator (SeqList.c:33)
==19188==    by 0x404D93: insertAtEnd (SeqList.c:180)
==19188==    by 0x4047E4: insertInt (hash.c:99)
==19188==    by 0x403F9A: get_token_hasht (token.c:171)
==19188==    by 0x4069D7: printParseTreeForHTML (parser.c:342)
==19188==    by 0x400CB5: main (visualize.c:15)
==19188== 
==19188== 16 bytes in 1 blocks are definitely lost in loss record 453 of 917
==19188==    at 0x4C2DB8F: malloc (in /usr/lib/valgrind/vgpreload_memcheck-amd64-linux.so)
==19188==    by 0x404A73: getIterator (SeqList.c:33)
==19188==    by 0x404D93: insertAtEnd (SeqList.c:180)
==19188==    by 0x4047E4: insertInt (hash.c:99)
==19188==    by 0x403FB0: get_token_hasht (token.c:172)
==19188==    by 0x4069D7: printParseTreeForHTML (parser.c:342)
==19188==    by 0x400CB5: main (visualize.c:15)
==19188== 
==19188== 16 bytes in 1 blocks are definitely lost in loss record 454 of 917
==19188==    at 0x4C2DB8F: malloc (in /usr/lib/valgrind/vgpreload_memcheck-amd64-linux.so)
==19188==    by 0x404A73: getIterator (SeqList.c:33)
==19188==    by 0x404D93: insertAtEnd (SeqList.c:180)
==19188==    by 0x4047E4: insertInt (hash.c:99)
==19188==    by 0x403FC6: get_token_hasht (token.c:173)
==19188==    by 0x4069D7: printParseTreeForHTML (parser.c:342)
==19188==    by 0x400CB5: main (visualize.c:15)
==19188== 
==19188== 16 bytes in 1 blocks are definitely lost in loss record 455 of 917
==19188==    at 0x4C2DB8F: malloc (in /usr/lib/valgrind/vgpreload_memcheck-amd64-linux.so)
==19188==    by 0x404A73: getIterator (SeqList.c:33)
==19188==    by 0x404D93: insertAtEnd (SeqList.c:180)
==19188==    by 0x4047E4: insertInt (hash.c:99)
==19188==    by 0x403FDC: get_token_hasht (token.c:174)
==19188==    by 0x4069D7: printParseTreeForHTML (parser.c:342)
==19188==    by 0x400CB5: main (visualize.c:15)
==19188== 
==19188== 16 bytes in 1 blocks are definitely lost in loss record 456 of 917
==19188==    at 0x4C2DB8F: malloc (in /usr/lib/valgrind/vgpreload_memcheck-amd64-linux.so)
==19188==    by 0x404A73: getIterator (SeqList.c:33)
==19188==    by 0x404D93: insertAtEnd (SeqList.c:180)
==19188==    by 0x4047E4: insertInt (hash.c:99)
==19188==    by 0x403FF2: get_token_hasht (token.c:175)
==19188==    by 0x4069D7: printParseTreeForHTML (parser.c:342)
==19188==    by 0x400CB5: main (visualize.c:15)
==19188== 
==19188== 16 bytes in 1 blocks are definitely lost in loss record 457 of 917
==19188==    at 0x4C2DB8F: malloc (in /usr/lib/valgrind/vgpreload_memcheck-amd64-linux.so)
==19188==    by 0x404A73: getIterator (SeqList.c:33)
==19188==    by 0x404D93: insertAtEnd (SeqList.c:180)
==19188==    by 0x4047E4: insertInt (hash.c:99)
==19188==    by 0x404008: get_token_hasht (token.c:176)
==19188==    by 0x4069D7: printParseTreeForHTML (parser.c:342)
==19188==    by 0x400CB5: main (visualize.c:15)
==19188== 
==19188== 16 bytes in 1 blocks are definitely lost in loss record 458 of 917
==19188==    at 0x4C2DB8F: malloc (in /usr/lib/valgrind/vgpreload_memcheck-amd64-linux.so)
==19188==    by 0x404A73: getIterator (SeqList.c:33)
==19188==    by 0x404D93: insertAtEnd (SeqList.c:180)
==19188==    by 0x4047E4: insertInt (hash.c:99)
==19188==    by 0x40401E: get_token_hasht (token.c:177)
==19188==    by 0x4069D7: printParseTreeForHTML (parser.c:342)
==19188==    by 0x400CB5: main (visualize.c:15)
==19188== 
==19188== 16 bytes in 1 blocks are definitely lost in loss record 459 of 917
==19188==    at 0x4C2DB8F: malloc (in /usr/lib/valgrind/vgpreload_memcheck-amd64-linux.so)
==19188==    by 0x404A73: getIterator (SeqList.c:33)
==19188==    by 0x404D93: insertAtEnd (SeqList.c:180)
==19188==    by 0x4047E4: insertInt (hash.c:99)
==19188==    by 0x404034: get_token_hasht (token.c:178)
==19188==    by 0x4069D7: printParseTreeForHTML (parser.c:342)
==19188==    by 0x400CB5: main (visualize.c:15)
==19188== 
==19188== 16 bytes in 1 blocks are definitely lost in loss record 460 of 917
==19188==    at 0x4C2DB8F: malloc (in /usr/lib/valgrind/vgpreload_memcheck-amd64-linux.so)
==19188==    by 0x404A73: getIterator (SeqList.c:33)
==19188==    by 0x404D93: insertAtEnd (SeqList.c:180)
==19188==    by 0x4047E4: insertInt (hash.c:99)
==19188==    by 0x40404A: get_token_hasht (token.c:179)
==19188==    by 0x4069D7: printParseTreeForHTML (parser.c:342)
==19188==    by 0x400CB5: main (visualize.c:15)
==19188== 
==19188== 16 bytes in 1 blocks are definitely lost in loss record 461 of 917
==19188==    at 0x4C2DB8F: malloc (in /usr/lib/valgrind/vgpreload_memcheck-amd64-linux.so)
==19188==    by 0x404A73: getIterator (SeqList.c:33)
==19188==    by 0x404D93: insertAtEnd (SeqList.c:180)
==19188==    by 0x4047E4: insertInt (hash.c:99)
==19188==    by 0x404060: get_token_hasht (token.c:180)
==19188==    by 0x4069D7: printParseTreeForHTML (parser.c:342)
==19188==    by 0x400CB5: main (visualize.c:15)
==19188== 
==19188== 16 bytes in 1 blocks are definitely lost in loss record 462 of 917
==19188==    at 0x4C2DB8F: malloc (in /usr/lib/valgrind/vgpreload_memcheck-amd64-linux.so)
==19188==    by 0x404A73: getIterator (SeqList.c:33)
==19188==    by 0x404D93: insertAtEnd (SeqList.c:180)
==19188==    by 0x4047E4: insertInt (hash.c:99)
==19188==    by 0x404076: get_token_hasht (token.c:181)
==19188==    by 0x4069D7: printParseTreeForHTML (parser.c:342)
==19188==    by 0x400CB5: main (visualize.c:15)
==19188== 
==19188== 16 bytes in 1 blocks are definitely lost in loss record 463 of 917
==19188==    at 0x4C2DB8F: malloc (in /usr/lib/valgrind/vgpreload_memcheck-amd64-linux.so)
==19188==    by 0x404A73: getIterator (SeqList.c:33)
==19188==    by 0x404D93: insertAtEnd (SeqList.c:180)
==19188==    by 0x4047E4: insertInt (hash.c:99)
==19188==    by 0x40408C: get_token_hasht (token.c:182)
==19188==    by 0x4069D7: printParseTreeForHTML (parser.c:342)
==19188==    by 0x400CB5: main (visualize.c:15)
==19188== 
==19188== 16 bytes in 1 blocks are definitely lost in loss record 464 of 917
==19188==    at 0x4C2DB8F: malloc (in /usr/lib/valgrind/vgpreload_memcheck-amd64-linux.so)
==19188==    by 0x404A73: getIterator (SeqList.c:33)
==19188==    by 0x404D93: insertAtEnd (SeqList.c:180)
==19188==    by 0x4047E4: insertInt (hash.c:99)
==19188==    by 0x4040A2: get_token_hasht (token.c:183)
==19188==    by 0x4069D7: printParseTreeForHTML (parser.c:342)
==19188==    by 0x400CB5: main (visualize.c:15)
==19188== 
==19188== 16 bytes in 1 blocks are definitely lost in loss record 465 of 917
==19188==    at 0x4C2DB8F: malloc (in /usr/lib/valgrind/vgpreload_memcheck-amd64-linux.so)
==19188==    by 0x404A73: getIterator (SeqList.c:33)
==19188==    by 0x404D93: insertAtEnd (SeqList.c:180)
==19188==    by 0x4047E4: insertInt (hash.c:99)
==19188==    by 0x4040B8: get_token_hasht (token.c:184)
==19188==    by 0x4069D7: printParseTreeForHTML (parser.c:342)
==19188==    by 0x400CB5: main (visualize.c:15)
==19188== 
==19188== 16 bytes in 1 blocks are definitely lost in loss record 466 of 917
==19188==    at 0x4C2DB8F: malloc (in /usr/lib/valgrind/vgpreload_memcheck-amd64-linux.so)
==19188==    by 0x404A73: getIterator (SeqList.c:33)
==19188==    by 0x404D93: insertAtEnd (SeqList.c:180)
==19188==    by 0x4047E4: insertInt (hash.c:99)
==19188==    by 0x4040CE: get_token_hasht (token.c:185)
==19188==    by 0x4069D7: printParseTreeForHTML (parser.c:342)
==19188==    by 0x400CB5: main (visualize.c:15)
==19188== 
==19188== 16 bytes in 1 blocks are definitely lost in loss record 467 of 917
==19188==    at 0x4C2DB8F: malloc (in /usr/lib/valgrind/vgpreload_memcheck-amd64-linux.so)
==19188==    by 0x404A73: getIterator (SeqList.c:33)
==19188==    by 0x404D93: insertAtEnd (SeqList.c:180)
==19188==    by 0x4047E4: insertInt (hash.c:99)
==19188==    by 0x4040E4: get_token_hasht (token.c:186)
==19188==    by 0x4069D7: printParseTreeForHTML (parser.c:342)
==19188==    by 0x400CB5: main (visualize.c:15)
==19188== 
==19188== 16 bytes in 1 blocks are definitely lost in loss record 468 of 917
==19188==    at 0x4C2DB8F: malloc (in /usr/lib/valgrind/vgpreload_memcheck-amd64-linux.so)
==19188==    by 0x404A73: getIterator (SeqList.c:33)
==19188==    by 0x404D93: insertAtEnd (SeqList.c:180)
==19188==    by 0x4047E4: insertInt (hash.c:99)
==19188==    by 0x4040FA: get_token_hasht (token.c:187)
==19188==    by 0x4069D7: printParseTreeForHTML (parser.c:342)
==19188==    by 0x400CB5: main (visualize.c:15)
==19188== 
==19188== 16 bytes in 1 blocks are definitely lost in loss record 469 of 917
==19188==    at 0x4C2DB8F: malloc (in /usr/lib/valgrind/vgpreload_memcheck-amd64-linux.so)
==19188==    by 0x404A73: getIterator (SeqList.c:33)
==19188==    by 0x404D93: insertAtEnd (SeqList.c:180)
==19188==    by 0x4047E4: insertInt (hash.c:99)
==19188==    by 0x404110: get_token_hasht (token.c:188)
==19188==    by 0x4069D7: printParseTreeForHTML (parser.c:342)
==19188==    by 0x400CB5: main (visualize.c:15)
==19188== 
==19188== 16 bytes in 1 blocks are definitely lost in loss record 470 of 917
==19188==    at 0x4C2DB8F: malloc (in /usr/lib/valgrind/vgpreload_memcheck-amd64-linux.so)
==19188==    by 0x404A73: getIterator (SeqList.c:33)
==19188==    by 0x404D93: insertAtEnd (SeqList.c:180)
==19188==    by 0x4047E4: insertInt (hash.c:99)
==19188==    by 0x404126: get_token_hasht (token.c:189)
==19188==    by 0x4069D7: printParseTreeForHTML (parser.c:342)
==19188==    by 0x400CB5: main (visualize.c:15)
==19188== 
==19188== 16 bytes in 1 blocks are definitely lost in loss record 471 of 917
==19188==    at 0x4C2DB8F: malloc (in /usr/lib/valgrind/vgpreload_memcheck-amd64-linux.so)
==19188==    by 0x404A73: getIterator (SeqList.c:33)
==19188==    by 0x404D93: insertAtEnd (SeqList.c:180)
==19188==    by 0x4047E4: insertInt (hash.c:99)
==19188==    by 0x40413C: get_token_hasht (token.c:190)
==19188==    by 0x4069D7: printParseTreeForHTML (parser.c:342)
==19188==    by 0x400CB5: main (visualize.c:15)
==19188== 
==19188== 16 bytes in 1 blocks are definitely lost in loss record 472 of 917
==19188==    at 0x4C2DB8F: malloc (in /usr/lib/valgrind/vgpreload_memcheck-amd64-linux.so)
==19188==    by 0x404A73: getIterator (SeqList.c:33)
==19188==    by 0x404D93: insertAtEnd (SeqList.c:180)
==19188==    by 0x4047E4: insertInt (hash.c:99)
==19188==    by 0x404152: get_token_hasht (token.c:191)
==19188==    by 0x4069D7: printParseTreeForHTML (parser.c:342)
==19188==    by 0x400CB5: main (visualize.c:15)
==19188== 
==19188== 16 bytes in 1 blocks are definitely lost in loss record 473 of 917
==19188==    at 0x4C2DB8F: malloc (in /usr/lib/valgrind/vgpreload_memcheck-amd64-linux.so)
==19188==    by 0x404A73: getIterator (SeqList.c:33)
==19188==    by 0x404D93: insertAtEnd (SeqList.c:180)
==19188==    by 0x4047E4: insertInt (hash.c:99)
==19188==    by 0x404168: get_token_hasht (token.c:192)
==19188==    by 0x4069D7: printParseTreeForHTML (parser.c:342)
==19188==    by 0x400CB5: main (visualize.c:15)
==19188== 
==19188== 16 bytes in 1 blocks are definitely lost in loss record 474 of 917
==19188==    at 0x4C2DB8F: malloc (in /usr/lib/valgrind/vgpreload_memcheck-amd64-linux.so)
==19188==    by 0x404A73: getIterator (SeqList.c:33)
==19188==    by 0x404D93: insertAtEnd (SeqList.c:180)
==19188==    by 0x4047E4: insertInt (hash.c:99)
==19188==    by 0x40417E: get_token_hasht (token.c:193)
==19188==    by 0x4069D7: printParseTreeForHTML (parser.c:342)
==19188==    by 0x400CB5: main (visualize.c:15)
==19188== 
==19188== 16 bytes in 1 blocks are definitely lost in loss record 475 of 917
==19188==    at 0x4C2DB8F: malloc (in /usr/lib/valgrind/vgpreload_memcheck-amd64-linux.so)
==19188==    by 0x404A73: getIterator (SeqList.c:33)
==19188==    by 0x404D93: insertAtEnd (SeqList.c:180)
==19188==    by 0x4047E4: insertInt (hash.c:99)
==19188==    by 0x404194: get_token_hasht (token.c:195)
==19188==    by 0x4069D7: printParseTreeForHTML (parser.c:342)
==19188==    by 0x400CB5: main (visualize.c:15)
==19188== 
==19188== 16 bytes in 1 blocks are definitely lost in loss record 476 of 917
==19188==    at 0x4C2DB8F: malloc (in /usr/lib/valgrind/vgpreload_memcheck-amd64-linux.so)
==19188==    by 0x404A73: getIterator (SeqList.c:33)
==19188==    by 0x404D93: insertAtEnd (SeqList.c:180)
==19188==    by 0x4047E4: insertInt (hash.c:99)
==19188==    by 0x4041AA: get_token_hasht (token.c:196)
==19188==    by 0x4069D7: printParseTreeForHTML (parser.c:342)
==19188==    by 0x400CB5: main (visualize.c:15)
==19188== 
==19188== 16 bytes in 1 blocks are definitely lost in loss record 477 of 917
==19188==    at 0x4C2DB8F: malloc (in /usr/lib/valgrind/vgpreload_memcheck-amd64-linux.so)
==19188==    by 0x404A73: getIterator (SeqList.c:33)
==19188==    by 0x404D93: insertAtEnd (SeqList.c:180)
==19188==    by 0x4047E4: insertInt (hash.c:99)
==19188==    by 0x4041C0: get_token_hasht (token.c:197)
==19188==    by 0x4069D7: printParseTreeForHTML (parser.c:342)
==19188==    by 0x400CB5: main (visualize.c:15)
==19188== 
==19188== 16 bytes in 1 blocks are definitely lost in loss record 478 of 917
==19188==    at 0x4C2DB8F: malloc (in /usr/lib/valgrind/vgpreload_memcheck-amd64-linux.so)
==19188==    by 0x404A73: getIterator (SeqList.c:33)
==19188==    by 0x404D52: insertAtFront (SeqList.c:172)
==19188==    by 0x407008: push (Stack.c:37)
==19188==    by 0x405C39: parseTree (parser.c:95)
==19188==    by 0x406EA2: printParseTreeForHTML (parser.c:396)
==19188==    by 0x400CB5: main (visualize.c:15)
==19188== 
==19188== 16 bytes in 1 blocks are definitely lost in loss record 479 of 917
==19188==    at 0x4C2DB8F: malloc (in /usr/lib/valgrind/vgpreload_memcheck-amd64-linux.so)
==19188==    by 0x405958: make_stack_element (parser.c:21)
==19188==    by 0x405C45: parseTree (parser.c:96)
==19188==    by 0x406EA2: printParseTreeForHTML (parser.c:396)
==19188==    by 0x400CB5: main (visualize.c:15)
==19188== 
==19188== 16 bytes in 1 blocks are definitely lost in loss record 480 of 917
==19188==    at 0x4C2DB8F: malloc (in /usr/lib/valgrind/vgpreload_memcheck-amd64-linux.so)
==19188==    by 0x404A73: getIterator (SeqList.c:33)
==19188==    by 0x404D52: insertAtFront (SeqList.c:172)
==19188==    by 0x407008: push (Stack.c:37)
==19188==    by 0x405C57: parseTree (parser.c:96)
==19188==    by 0x406EA2: printParseTreeForHTML (parser.c:396)
==19188==    by 0x400CB5: main (visualize.c:15)
==19188== 
==19188== 16 bytes in 1 blocks are definitely lost in loss record 481 of 917
==19188==    at 0x4C2DB8F: malloc (in /usr/lib/valgrind/vgpreload_memcheck-amd64-linux.so)
==19188==    by 0x404A73: getIterator (SeqList.c:33)
==19188==    by 0x404D93: insertAtEnd (SeqList.c:180)
==19188==    by 0x4047E4: insertInt (hash.c:99)
==19188==    by 0x403CF0: get_token_hasht (token.c:140)
==19188==    by 0x4013C1: populate_dfa (populate_dfa.c:145)
==19188==    by 0x404E4D: createDFA (lexer.c:10)
==19188==    by 0x404EE1: getNextToken (lexer.c:23)
==19188==    by 0x406264: parseTree (parser.c:102)
==19188==    by 0x406EA2: printParseTreeForHTML (parser.c:396)
==19188==    by 0x400CB5: main (visualize.c:15)
==19188== 
==19188== 16 bytes in 1 blocks are definitely lost in loss record 482 of 917
==19188==    at 0x4C2DB8F: malloc (in /usr/lib/valgrind/vgpreload_memcheck-amd64-linux.so)
==19188==    by 0x404A73: getIterator (SeqList.c:33)
==19188==    by 0x404D93: insertAtEnd (SeqList.c:180)
==19188==    by 0x4047E4: insertInt (hash.c:99)
==19188==    by 0x403D06: get_token_hasht (token.c:141)
==19188==    by 0x4013C1: populate_dfa (populate_dfa.c:145)
==19188==    by 0x404E4D: createDFA (lexer.c:10)
==19188==    by 0x404EE1: getNextToken (lexer.c:23)
==19188==    by 0x406264: parseTree (parser.c:102)
==19188==    by 0x406EA2: printParseTreeForHTML (parser.c:396)
==19188==    by 0x400CB5: main (visualize.c:15)
==19188== 
==19188== 16 bytes in 1 blocks are definitely lost in loss record 483 of 917
==19188==    at 0x4C2DB8F: malloc (in /usr/lib/valgrind/vgpreload_memcheck-amd64-linux.so)
==19188==    by 0x404A73: getIterator (SeqList.c:33)
==19188==    by 0x404D93: insertAtEnd (SeqList.c:180)
==19188==    by 0x4047E4: insertInt (hash.c:99)
==19188==    by 0x403D1C: get_token_hasht (token.c:142)
==19188==    by 0x4013C1: populate_dfa (populate_dfa.c:145)
==19188==    by 0x404E4D: createDFA (lexer.c:10)
==19188==    by 0x404EE1: getNextToken (lexer.c:23)
==19188==    by 0x406264: parseTree (parser.c:102)
==19188==    by 0x406EA2: printParseTreeForHTML (parser.c:396)
==19188==    by 0x400CB5: main (visualize.c:15)
==19188== 
==19188== 16 bytes in 1 blocks are definitely lost in loss record 484 of 917
==19188==    at 0x4C2DB8F: malloc (in /usr/lib/valgrind/vgpreload_memcheck-amd64-linux.so)
==19188==    by 0x404A73: getIterator (SeqList.c:33)
==19188==    by 0x404D93: insertAtEnd (SeqList.c:180)
==19188==    by 0x4047E4: insertInt (hash.c:99)
==19188==    by 0x403D32: get_token_hasht (token.c:143)
==19188==    by 0x4013C1: populate_dfa (populate_dfa.c:145)
==19188==    by 0x404E4D: createDFA (lexer.c:10)
==19188==    by 0x404EE1: getNextToken (lexer.c:23)
==19188==    by 0x406264: parseTree (parser.c:102)
==19188==    by 0x406EA2: printParseTreeForHTML (parser.c:396)
==19188==    by 0x400CB5: main (visualize.c:15)
==19188== 
==19188== 16 bytes in 1 blocks are definitely lost in loss record 485 of 917
==19188==    at 0x4C2DB8F: malloc (in /usr/lib/valgrind/vgpreload_memcheck-amd64-linux.so)
==19188==    by 0x404A73: getIterator (SeqList.c:33)
==19188==    by 0x404D93: insertAtEnd (SeqList.c:180)
==19188==    by 0x4047E4: insertInt (hash.c:99)
==19188==    by 0x403D48: get_token_hasht (token.c:144)
==19188==    by 0x4013C1: populate_dfa (populate_dfa.c:145)
==19188==    by 0x404E4D: createDFA (lexer.c:10)
==19188==    by 0x404EE1: getNextToken (lexer.c:23)
==19188==    by 0x406264: parseTree (parser.c:102)
==19188==    by 0x406EA2: printParseTreeForHTML (parser.c:396)
==19188==    by 0x400CB5: main (visualize.c:15)
==19188== 
==19188== 16 bytes in 1 blocks are definitely lost in loss record 486 of 917
==19188==    at 0x4C2DB8F: malloc (in /usr/lib/valgrind/vgpreload_memcheck-amd64-linux.so)
==19188==    by 0x404A73: getIterator (SeqList.c:33)
==19188==    by 0x404D93: insertAtEnd (SeqList.c:180)
==19188==    by 0x4047E4: insertInt (hash.c:99)
==19188==    by 0x403D5E: get_token_hasht (token.c:145)
==19188==    by 0x4013C1: populate_dfa (populate_dfa.c:145)
==19188==    by 0x404E4D: createDFA (lexer.c:10)
==19188==    by 0x404EE1: getNextToken (lexer.c:23)
==19188==    by 0x406264: parseTree (parser.c:102)
==19188==    by 0x406EA2: printParseTreeForHTML (parser.c:396)
==19188==    by 0x400CB5: main (visualize.c:15)
==19188== 
==19188== 16 bytes in 1 blocks are definitely lost in loss record 487 of 917
==19188==    at 0x4C2DB8F: malloc (in /usr/lib/valgrind/vgpreload_memcheck-amd64-linux.so)
==19188==    by 0x404A73: getIterator (SeqList.c:33)
==19188==    by 0x404D93: insertAtEnd (SeqList.c:180)
==19188==    by 0x4047E4: insertInt (hash.c:99)
==19188==    by 0x403D74: get_token_hasht (token.c:146)
==19188==    by 0x4013C1: populate_dfa (populate_dfa.c:145)
==19188==    by 0x404E4D: createDFA (lexer.c:10)
==19188==    by 0x404EE1: getNextToken (lexer.c:23)
==19188==    by 0x406264: parseTree (parser.c:102)
==19188==    by 0x406EA2: printParseTreeForHTML (parser.c:396)
==19188==    by 0x400CB5: main (visualize.c:15)
==19188== 
==19188== 16 bytes in 1 blocks are definitely lost in loss record 488 of 917
==19188==    at 0x4C2DB8F: malloc (in /usr/lib/valgrind/vgpreload_memcheck-amd64-linux.so)
==19188==    by 0x404A73: getIterator (SeqList.c:33)
==19188==    by 0x404D93: insertAtEnd (SeqList.c:180)
==19188==    by 0x4047E4: insertInt (hash.c:99)
==19188==    by 0x403D8A: get_token_hasht (token.c:147)
==19188==    by 0x4013C1: populate_dfa (populate_dfa.c:145)
==19188==    by 0x404E4D: createDFA (lexer.c:10)
==19188==    by 0x404EE1: getNextToken (lexer.c:23)
==19188==    by 0x406264: parseTree (parser.c:102)
==19188==    by 0x406EA2: printParseTreeForHTML (parser.c:396)
==19188==    by 0x400CB5: main (visualize.c:15)
==19188== 
==19188== 16 bytes in 1 blocks are definitely lost in loss record 489 of 917
==19188==    at 0x4C2DB8F: malloc (in /usr/lib/valgrind/vgpreload_memcheck-amd64-linux.so)
==19188==    by 0x404A73: getIterator (SeqList.c:33)
==19188==    by 0x404D93: insertAtEnd (SeqList.c:180)
==19188==    by 0x4047E4: insertInt (hash.c:99)
==19188==    by 0x403DA0: get_token_hasht (token.c:148)
==19188==    by 0x4013C1: populate_dfa (populate_dfa.c:145)
==19188==    by 0x404E4D: createDFA (lexer.c:10)
==19188==    by 0x404EE1: getNextToken (lexer.c:23)
==19188==    by 0x406264: parseTree (parser.c:102)
==19188==    by 0x406EA2: printParseTreeForHTML (parser.c:396)
==19188==    by 0x400CB5: main (visualize.c:15)
==19188== 
==19188== 16 bytes in 1 blocks are definitely lost in loss record 490 of 917
==19188==    at 0x4C2DB8F: malloc (in /usr/lib/valgrind/vgpreload_memcheck-amd64-linux.so)
==19188==    by 0x404A73: getIterator (SeqList.c:33)
==19188==    by 0x404D93: insertAtEnd (SeqList.c:180)
==19188==    by 0x4047E4: insertInt (hash.c:99)
==19188==    by 0x403DB6: get_token_hasht (token.c:149)
==19188==    by 0x4013C1: populate_dfa (populate_dfa.c:145)
==19188==    by 0x404E4D: createDFA (lexer.c:10)
==19188==    by 0x404EE1: getNextToken (lexer.c:23)
==19188==    by 0x406264: parseTree (parser.c:102)
==19188==    by 0x406EA2: printParseTreeForHTML (parser.c:396)
==19188==    by 0x400CB5: main (visualize.c:15)
==19188== 
==19188== 16 bytes in 1 blocks are definitely lost in loss record 491 of 917
==19188==    at 0x4C2DB8F: malloc (in /usr/lib/valgrind/vgpreload_memcheck-amd64-linux.so)
==19188==    by 0x404A73: getIterator (SeqList.c:33)
==19188==    by 0x404D93: insertAtEnd (SeqList.c:180)
==19188==    by 0x4047E4: insertInt (hash.c:99)
==19188==    by 0x403DCC: get_token_hasht (token.c:150)
==19188==    by 0x4013C1: populate_dfa (populate_dfa.c:145)
==19188==    by 0x404E4D: createDFA (lexer.c:10)
==19188==    by 0x404EE1: getNextToken (lexer.c:23)
==19188==    by 0x406264: parseTree (parser.c:102)
==19188==    by 0x406EA2: printParseTreeForHTML (parser.c:396)
==19188==    by 0x400CB5: main (visualize.c:15)
==19188== 
==19188== 16 bytes in 1 blocks are definitely lost in loss record 492 of 917
==19188==    at 0x4C2DB8F: malloc (in /usr/lib/valgrind/vgpreload_memcheck-amd64-linux.so)
==19188==    by 0x404A73: getIterator (SeqList.c:33)
==19188==    by 0x404D93: insertAtEnd (SeqList.c:180)
==19188==    by 0x4047E4: insertInt (hash.c:99)
==19188==    by 0x403DE2: get_token_hasht (token.c:151)
==19188==    by 0x4013C1: populate_dfa (populate_dfa.c:145)
==19188==    by 0x404E4D: createDFA (lexer.c:10)
==19188==    by 0x404EE1: getNextToken (lexer.c:23)
==19188==    by 0x406264: parseTree (parser.c:102)
==19188==    by 0x406EA2: printParseTreeForHTML (parser.c:396)
==19188==    by 0x400CB5: main (visualize.c:15)
==19188== 
==19188== 16 bytes in 1 blocks are definitely lost in loss record 493 of 917
==19188==    at 0x4C2DB8F: malloc (in /usr/lib/valgrind/vgpreload_memcheck-amd64-linux.so)
==19188==    by 0x404A73: getIterator (SeqList.c:33)
==19188==    by 0x404D93: insertAtEnd (SeqList.c:180)
==19188==    by 0x4047E4: insertInt (hash.c:99)
==19188==    by 0x403DF8: get_token_hasht (token.c:152)
==19188==    by 0x4013C1: populate_dfa (populate_dfa.c:145)
==19188==    by 0x404E4D: createDFA (lexer.c:10)
==19188==    by 0x404EE1: getNextToken (lexer.c:23)
==19188==    by 0x406264: parseTree (parser.c:102)
==19188==    by 0x406EA2: printParseTreeForHTML (parser.c:396)
==19188==    by 0x400CB5: main (visualize.c:15)
==19188== 
==19188== 16 bytes in 1 blocks are definitely lost in loss record 494 of 917
==19188==    at 0x4C2DB8F: malloc (in /usr/lib/valgrind/vgpreload_memcheck-amd64-linux.so)
==19188==    by 0x404A73: getIterator (SeqList.c:33)
==19188==    by 0x404D93: insertAtEnd (SeqList.c:180)
==19188==    by 0x4047E4: insertInt (hash.c:99)
==19188==    by 0x403E0E: get_token_hasht (token.c:153)
==19188==    by 0x4013C1: populate_dfa (populate_dfa.c:145)
==19188==    by 0x404E4D: createDFA (lexer.c:10)
==19188==    by 0x404EE1: getNextToken (lexer.c:23)
==19188==    by 0x406264: parseTree (parser.c:102)
==19188==    by 0x406EA2: printParseTreeForHTML (parser.c:396)
==19188==    by 0x400CB5: main (visualize.c:15)
==19188== 
==19188== 16 bytes in 1 blocks are definitely lost in loss record 495 of 917
==19188==    at 0x4C2DB8F: malloc (in /usr/lib/valgrind/vgpreload_memcheck-amd64-linux.so)
==19188==    by 0x404A73: getIterator (SeqList.c:33)
==19188==    by 0x404D93: insertAtEnd (SeqList.c:180)
==19188==    by 0x4047E4: insertInt (hash.c:99)
==19188==    by 0x403E24: get_token_hasht (token.c:154)
==19188==    by 0x4013C1: populate_dfa (populate_dfa.c:145)
==19188==    by 0x404E4D: createDFA (lexer.c:10)
==19188==    by 0x404EE1: getNextToken (lexer.c:23)
==19188==    by 0x406264: parseTree (parser.c:102)
==19188==    by 0x406EA2: printParseTreeForHTML (parser.c:396)
==19188==    by 0x400CB5: main (visualize.c:15)
==19188== 
==19188== 16 bytes in 1 blocks are definitely lost in loss record 496 of 917
==19188==    at 0x4C2DB8F: malloc (in /usr/lib/valgrind/vgpreload_memcheck-amd64-linux.so)
==19188==    by 0x404A73: getIterator (SeqList.c:33)
==19188==    by 0x404D93: insertAtEnd (SeqList.c:180)
==19188==    by 0x4047E4: insertInt (hash.c:99)
==19188==    by 0x403E3A: get_token_hasht (token.c:155)
==19188==    by 0x4013C1: populate_dfa (populate_dfa.c:145)
==19188==    by 0x404E4D: createDFA (lexer.c:10)
==19188==    by 0x404EE1: getNextToken (lexer.c:23)
==19188==    by 0x406264: parseTree (parser.c:102)
==19188==    by 0x406EA2: printParseTreeForHTML (parser.c:396)
==19188==    by 0x400CB5: main (visualize.c:15)
==19188== 
==19188== 16 bytes in 1 blocks are definitely lost in loss record 497 of 917
==19188==    at 0x4C2DB8F: malloc (in /usr/lib/valgrind/vgpreload_memcheck-amd64-linux.so)
==19188==    by 0x404A73: getIterator (SeqList.c:33)
==19188==    by 0x404D93: insertAtEnd (SeqList.c:180)
==19188==    by 0x4047E4: insertInt (hash.c:99)
==19188==    by 0x403E50: get_token_hasht (token.c:156)
==19188==    by 0x4013C1: populate_dfa (populate_dfa.c:145)
==19188==    by 0x404E4D: createDFA (lexer.c:10)
==19188==    by 0x404EE1: getNextToken (lexer.c:23)
==19188==    by 0x406264: parseTree (parser.c:102)
==19188==    by 0x406EA2: printParseTreeForHTML (parser.c:396)
==19188==    by 0x400CB5: main (visualize.c:15)
==19188== 
==19188== 16 bytes in 1 blocks are definitely lost in loss record 498 of 917
==19188==    at 0x4C2DB8F: malloc (in /usr/lib/valgrind/vgpreload_memcheck-amd64-linux.so)
==19188==    by 0x404A73: getIterator (SeqList.c:33)
==19188==    by 0x404D93: insertAtEnd (SeqList.c:180)
==19188==    by 0x4047E4: insertInt (hash.c:99)
==19188==    by 0x403E66: get_token_hasht (token.c:157)
==19188==    by 0x4013C1: populate_dfa (populate_dfa.c:145)
==19188==    by 0x404E4D: createDFA (lexer.c:10)
==19188==    by 0x404EE1: getNextToken (lexer.c:23)
==19188==    by 0x406264: parseTree (parser.c:102)
==19188==    by 0x406EA2: printParseTreeForHTML (parser.c:396)
==19188==    by 0x400CB5: main (visualize.c:15)
==19188== 
==19188== 16 bytes in 1 blocks are definitely lost in loss record 499 of 917
==19188==    at 0x4C2DB8F: malloc (in /usr/lib/valgrind/vgpreload_memcheck-amd64-linux.so)
==19188==    by 0x404A73: getIterator (SeqList.c:33)
==19188==    by 0x404D93: insertAtEnd (SeqList.c:180)
==19188==    by 0x4047E4: insertInt (hash.c:99)
==19188==    by 0x403E7C: get_token_hasht (token.c:158)
==19188==    by 0x4013C1: populate_dfa (populate_dfa.c:145)
==19188==    by 0x404E4D: createDFA (lexer.c:10)
==19188==    by 0x404EE1: getNextToken (lexer.c:23)
==19188==    by 0x406264: parseTree (parser.c:102)
==19188==    by 0x406EA2: printParseTreeForHTML (parser.c:396)
==19188==    by 0x400CB5: main (visualize.c:15)
==19188== 
==19188== 16 bytes in 1 blocks are definitely lost in loss record 500 of 917
==19188==    at 0x4C2DB8F: malloc (in /usr/lib/valgrind/vgpreload_memcheck-amd64-linux.so)
==19188==    by 0x404A73: getIterator (SeqList.c:33)
==19188==    by 0x404D93: insertAtEnd (SeqList.c:180)
==19188==    by 0x4047E4: insertInt (hash.c:99)
==19188==    by 0x403E92: get_token_hasht (token.c:159)
==19188==    by 0x4013C1: populate_dfa (populate_dfa.c:145)
==19188==    by 0x404E4D: createDFA (lexer.c:10)
==19188==    by 0x404EE1: getNextToken (lexer.c:23)
==19188==    by 0x406264: parseTree (parser.c:102)
==19188==    by 0x406EA2: printParseTreeForHTML (parser.c:396)
==19188==    by 0x400CB5: main (visualize.c:15)
==19188== 
==19188== 16 bytes in 1 blocks are definitely lost in loss record 501 of 917
==19188==    at 0x4C2DB8F: malloc (in /usr/lib/valgrind/vgpreload_memcheck-amd64-linux.so)
==19188==    by 0x404A73: getIterator (SeqList.c:33)
==19188==    by 0x404D93: insertAtEnd (SeqList.c:180)
==19188==    by 0x4047E4: insertInt (hash.c:99)
==19188==    by 0x403EA8: get_token_hasht (token.c:160)
==19188==    by 0x4013C1: populate_dfa (populate_dfa.c:145)
==19188==    by 0x404E4D: createDFA (lexer.c:10)
==19188==    by 0x404EE1: getNextToken (lexer.c:23)
==19188==    by 0x406264: parseTree (parser.c:102)
==19188==    by 0x406EA2: printParseTreeForHTML (parser.c:396)
==19188==    by 0x400CB5: main (visualize.c:15)
==19188== 
==19188== 16 bytes in 1 blocks are definitely lost in loss record 502 of 917
==19188==    at 0x4C2DB8F: malloc (in /usr/lib/valgrind/vgpreload_memcheck-amd64-linux.so)
==19188==    by 0x404A73: getIterator (SeqList.c:33)
==19188==    by 0x404D93: insertAtEnd (SeqList.c:180)
==19188==    by 0x4047E4: insertInt (hash.c:99)
==19188==    by 0x403EBE: get_token_hasht (token.c:161)
==19188==    by 0x4013C1: populate_dfa (populate_dfa.c:145)
==19188==    by 0x404E4D: createDFA (lexer.c:10)
==19188==    by 0x404EE1: getNextToken (lexer.c:23)
==19188==    by 0x406264: parseTree (parser.c:102)
==19188==    by 0x406EA2: printParseTreeForHTML (parser.c:396)
==19188==    by 0x400CB5: main (visualize.c:15)
==19188== 
==19188== 16 bytes in 1 blocks are definitely lost in loss record 503 of 917
==19188==    at 0x4C2DB8F: malloc (in /usr/lib/valgrind/vgpreload_memcheck-amd64-linux.so)
==19188==    by 0x404A73: getIterator (SeqList.c:33)
==19188==    by 0x404D93: insertAtEnd (SeqList.c:180)
==19188==    by 0x4047E4: insertInt (hash.c:99)
==19188==    by 0x403ED4: get_token_hasht (token.c:162)
==19188==    by 0x4013C1: populate_dfa (populate_dfa.c:145)
==19188==    by 0x404E4D: createDFA (lexer.c:10)
==19188==    by 0x404EE1: getNextToken (lexer.c:23)
==19188==    by 0x406264: parseTree (parser.c:102)
==19188==    by 0x406EA2: printParseTreeForHTML (parser.c:396)
==19188==    by 0x400CB5: main (visualize.c:15)
==19188== 
==19188== 16 bytes in 1 blocks are definitely lost in loss record 504 of 917
==19188==    at 0x4C2DB8F: malloc (in /usr/lib/valgrind/vgpreload_memcheck-amd64-linux.so)
==19188==    by 0x404A73: getIterator (SeqList.c:33)
==19188==    by 0x404D93: insertAtEnd (SeqList.c:180)
==19188==    by 0x4047E4: insertInt (hash.c:99)
==19188==    by 0x403EEA: get_token_hasht (token.c:163)
==19188==    by 0x4013C1: populate_dfa (populate_dfa.c:145)
==19188==    by 0x404E4D: createDFA (lexer.c:10)
==19188==    by 0x404EE1: getNextToken (lexer.c:23)
==19188==    by 0x406264: parseTree (parser.c:102)
==19188==    by 0x406EA2: printParseTreeForHTML (parser.c:396)
==19188==    by 0x400CB5: main (visualize.c:15)
==19188== 
==19188== 16 bytes in 1 blocks are definitely lost in loss record 505 of 917
==19188==    at 0x4C2DB8F: malloc (in /usr/lib/valgrind/vgpreload_memcheck-amd64-linux.so)
==19188==    by 0x404A73: getIterator (SeqList.c:33)
==19188==    by 0x404D93: insertAtEnd (SeqList.c:180)
==19188==    by 0x4047E4: insertInt (hash.c:99)
==19188==    by 0x403F00: get_token_hasht (token.c:164)
==19188==    by 0x4013C1: populate_dfa (populate_dfa.c:145)
==19188==    by 0x404E4D: createDFA (lexer.c:10)
==19188==    by 0x404EE1: getNextToken (lexer.c:23)
==19188==    by 0x406264: parseTree (parser.c:102)
==19188==    by 0x406EA2: printParseTreeForHTML (parser.c:396)
==19188==    by 0x400CB5: main (visualize.c:15)
==19188== 
==19188== 16 bytes in 1 blocks are definitely lost in loss record 506 of 917
==19188==    at 0x4C2DB8F: malloc (in /usr/lib/valgrind/vgpreload_memcheck-amd64-linux.so)
==19188==    by 0x404A73: getIterator (SeqList.c:33)
==19188==    by 0x404D93: insertAtEnd (SeqList.c:180)
==19188==    by 0x4047E4: insertInt (hash.c:99)
==19188==    by 0x403F16: get_token_hasht (token.c:165)
==19188==    by 0x4013C1: populate_dfa (populate_dfa.c:145)
==19188==    by 0x404E4D: createDFA (lexer.c:10)
==19188==    by 0x404EE1: getNextToken (lexer.c:23)
==19188==    by 0x406264: parseTree (parser.c:102)
==19188==    by 0x406EA2: printParseTreeForHTML (parser.c:396)
==19188==    by 0x400CB5: main (visualize.c:15)
==19188== 
==19188== 16 bytes in 1 blocks are definitely lost in loss record 507 of 917
==19188==    at 0x4C2DB8F: malloc (in /usr/lib/valgrind/vgpreload_memcheck-amd64-linux.so)
==19188==    by 0x404A73: getIterator (SeqList.c:33)
==19188==    by 0x404D93: insertAtEnd (SeqList.c:180)
==19188==    by 0x4047E4: insertInt (hash.c:99)
==19188==    by 0x403F2C: get_token_hasht (token.c:166)
==19188==    by 0x4013C1: populate_dfa (populate_dfa.c:145)
==19188==    by 0x404E4D: createDFA (lexer.c:10)
==19188==    by 0x404EE1: getNextToken (lexer.c:23)
==19188==    by 0x406264: parseTree (parser.c:102)
==19188==    by 0x406EA2: printParseTreeForHTML (parser.c:396)
==19188==    by 0x400CB5: main (visualize.c:15)
==19188== 
==19188== 16 bytes in 1 blocks are definitely lost in loss record 508 of 917
==19188==    at 0x4C2DB8F: malloc (in /usr/lib/valgrind/vgpreload_memcheck-amd64-linux.so)
==19188==    by 0x404A73: getIterator (SeqList.c:33)
==19188==    by 0x404D93: insertAtEnd (SeqList.c:180)
==19188==    by 0x4047E4: insertInt (hash.c:99)
==19188==    by 0x403F42: get_token_hasht (token.c:167)
==19188==    by 0x4013C1: populate_dfa (populate_dfa.c:145)
==19188==    by 0x404E4D: createDFA (lexer.c:10)
==19188==    by 0x404EE1: getNextToken (lexer.c:23)
==19188==    by 0x406264: parseTree (parser.c:102)
==19188==    by 0x406EA2: printParseTreeForHTML (parser.c:396)
==19188==    by 0x400CB5: main (visualize.c:15)
==19188== 
==19188== 16 bytes in 1 blocks are definitely lost in loss record 509 of 917
==19188==    at 0x4C2DB8F: malloc (in /usr/lib/valgrind/vgpreload_memcheck-amd64-linux.so)
==19188==    by 0x404A73: getIterator (SeqList.c:33)
==19188==    by 0x404D93: insertAtEnd (SeqList.c:180)
==19188==    by 0x4047E4: insertInt (hash.c:99)
==19188==    by 0x403F58: get_token_hasht (token.c:168)
==19188==    by 0x4013C1: populate_dfa (populate_dfa.c:145)
==19188==    by 0x404E4D: createDFA (lexer.c:10)
==19188==    by 0x404EE1: getNextToken (lexer.c:23)
==19188==    by 0x406264: parseTree (parser.c:102)
==19188==    by 0x406EA2: printParseTreeForHTML (parser.c:396)
==19188==    by 0x400CB5: main (visualize.c:15)
==19188== 
==19188== 16 bytes in 1 blocks are definitely lost in loss record 510 of 917
==19188==    at 0x4C2DB8F: malloc (in /usr/lib/valgrind/vgpreload_memcheck-amd64-linux.so)
==19188==    by 0x404A73: getIterator (SeqList.c:33)
==19188==    by 0x404D93: insertAtEnd (SeqList.c:180)
==19188==    by 0x4047E4: insertInt (hash.c:99)
==19188==    by 0x403F6E: get_token_hasht (token.c:169)
==19188==    by 0x4013C1: populate_dfa (populate_dfa.c:145)
==19188==    by 0x404E4D: createDFA (lexer.c:10)
==19188==    by 0x404EE1: getNextToken (lexer.c:23)
==19188==    by 0x406264: parseTree (parser.c:102)
==19188==    by 0x406EA2: printParseTreeForHTML (parser.c:396)
==19188==    by 0x400CB5: main (visualize.c:15)
==19188== 
==19188== 16 bytes in 1 blocks are definitely lost in loss record 511 of 917
==19188==    at 0x4C2DB8F: malloc (in /usr/lib/valgrind/vgpreload_memcheck-amd64-linux.so)
==19188==    by 0x404A73: getIterator (SeqList.c:33)
==19188==    by 0x404D93: insertAtEnd (SeqList.c:180)
==19188==    by 0x4047E4: insertInt (hash.c:99)
==19188==    by 0x403F84: get_token_hasht (token.c:170)
==19188==    by 0x4013C1: populate_dfa (populate_dfa.c:145)
==19188==    by 0x404E4D: createDFA (lexer.c:10)
==19188==    by 0x404EE1: getNextToken (lexer.c:23)
==19188==    by 0x406264: parseTree (parser.c:102)
==19188==    by 0x406EA2: printParseTreeForHTML (parser.c:396)
==19188==    by 0x400CB5: main (visualize.c:15)
==19188== 
==19188== 16 bytes in 1 blocks are definitely lost in loss record 512 of 917
==19188==    at 0x4C2DB8F: malloc (in /usr/lib/valgrind/vgpreload_memcheck-amd64-linux.so)
==19188==    by 0x404A73: getIterator (SeqList.c:33)
==19188==    by 0x404D93: insertAtEnd (SeqList.c:180)
==19188==    by 0x4047E4: insertInt (hash.c:99)
==19188==    by 0x403F9A: get_token_hasht (token.c:171)
==19188==    by 0x4013C1: populate_dfa (populate_dfa.c:145)
==19188==    by 0x404E4D: createDFA (lexer.c:10)
==19188==    by 0x404EE1: getNextToken (lexer.c:23)
==19188==    by 0x406264: parseTree (parser.c:102)
==19188==    by 0x406EA2: printParseTreeForHTML (parser.c:396)
==19188==    by 0x400CB5: main (visualize.c:15)
==19188== 
==19188== 16 bytes in 1 blocks are definitely lost in loss record 513 of 917
==19188==    at 0x4C2DB8F: malloc (in /usr/lib/valgrind/vgpreload_memcheck-amd64-linux.so)
==19188==    by 0x404A73: getIterator (SeqList.c:33)
==19188==    by 0x404D93: insertAtEnd (SeqList.c:180)
==19188==    by 0x4047E4: insertInt (hash.c:99)
==19188==    by 0x403FB0: get_token_hasht (token.c:172)
==19188==    by 0x4013C1: populate_dfa (populate_dfa.c:145)
==19188==    by 0x404E4D: createDFA (lexer.c:10)
==19188==    by 0x404EE1: getNextToken (lexer.c:23)
==19188==    by 0x406264: parseTree (parser.c:102)
==19188==    by 0x406EA2: printParseTreeForHTML (parser.c:396)
==19188==    by 0x400CB5: main (visualize.c:15)
==19188== 
==19188== 16 bytes in 1 blocks are definitely lost in loss record 514 of 917
==19188==    at 0x4C2DB8F: malloc (in /usr/lib/valgrind/vgpreload_memcheck-amd64-linux.so)
==19188==    by 0x404A73: getIterator (SeqList.c:33)
==19188==    by 0x404D93: insertAtEnd (SeqList.c:180)
==19188==    by 0x4047E4: insertInt (hash.c:99)
==19188==    by 0x403FC6: get_token_hasht (token.c:173)
==19188==    by 0x4013C1: populate_dfa (populate_dfa.c:145)
==19188==    by 0x404E4D: createDFA (lexer.c:10)
==19188==    by 0x404EE1: getNextToken (lexer.c:23)
==19188==    by 0x406264: parseTree (parser.c:102)
==19188==    by 0x406EA2: printParseTreeForHTML (parser.c:396)
==19188==    by 0x400CB5: main (visualize.c:15)
==19188== 
==19188== 16 bytes in 1 blocks are definitely lost in loss record 515 of 917
==19188==    at 0x4C2DB8F: malloc (in /usr/lib/valgrind/vgpreload_memcheck-amd64-linux.so)
==19188==    by 0x404A73: getIterator (SeqList.c:33)
==19188==    by 0x404D93: insertAtEnd (SeqList.c:180)
==19188==    by 0x4047E4: insertInt (hash.c:99)
==19188==    by 0x403FDC: get_token_hasht (token.c:174)
==19188==    by 0x4013C1: populate_dfa (populate_dfa.c:145)
==19188==    by 0x404E4D: createDFA (lexer.c:10)
==19188==    by 0x404EE1: getNextToken (lexer.c:23)
==19188==    by 0x406264: parseTree (parser.c:102)
==19188==    by 0x406EA2: printParseTreeForHTML (parser.c:396)
==19188==    by 0x400CB5: main (visualize.c:15)
==19188== 
==19188== 16 bytes in 1 blocks are definitely lost in loss record 516 of 917
==19188==    at 0x4C2DB8F: malloc (in /usr/lib/valgrind/vgpreload_memcheck-amd64-linux.so)
==19188==    by 0x404A73: getIterator (SeqList.c:33)
==19188==    by 0x404D93: insertAtEnd (SeqList.c:180)
==19188==    by 0x4047E4: insertInt (hash.c:99)
==19188==    by 0x403FF2: get_token_hasht (token.c:175)
==19188==    by 0x4013C1: populate_dfa (populate_dfa.c:145)
==19188==    by 0x404E4D: createDFA (lexer.c:10)
==19188==    by 0x404EE1: getNextToken (lexer.c:23)
==19188==    by 0x406264: parseTree (parser.c:102)
==19188==    by 0x406EA2: printParseTreeForHTML (parser.c:396)
==19188==    by 0x400CB5: main (visualize.c:15)
==19188== 
==19188== 16 bytes in 1 blocks are definitely lost in loss record 517 of 917
==19188==    at 0x4C2DB8F: malloc (in /usr/lib/valgrind/vgpreload_memcheck-amd64-linux.so)
==19188==    by 0x404A73: getIterator (SeqList.c:33)
==19188==    by 0x404D93: insertAtEnd (SeqList.c:180)
==19188==    by 0x4047E4: insertInt (hash.c:99)
==19188==    by 0x404008: get_token_hasht (token.c:176)
==19188==    by 0x4013C1: populate_dfa (populate_dfa.c:145)
==19188==    by 0x404E4D: createDFA (lexer.c:10)
==19188==    by 0x404EE1: getNextToken (lexer.c:23)
==19188==    by 0x406264: parseTree (parser.c:102)
==19188==    by 0x406EA2: printParseTreeForHTML (parser.c:396)
==19188==    by 0x400CB5: main (visualize.c:15)
==19188== 
==19188== 16 bytes in 1 blocks are definitely lost in loss record 518 of 917
==19188==    at 0x4C2DB8F: malloc (in /usr/lib/valgrind/vgpreload_memcheck-amd64-linux.so)
==19188==    by 0x404A73: getIterator (SeqList.c:33)
==19188==    by 0x404D93: insertAtEnd (SeqList.c:180)
==19188==    by 0x4047E4: insertInt (hash.c:99)
==19188==    by 0x40401E: get_token_hasht (token.c:177)
==19188==    by 0x4013C1: populate_dfa (populate_dfa.c:145)
==19188==    by 0x404E4D: createDFA (lexer.c:10)
==19188==    by 0x404EE1: getNextToken (lexer.c:23)
==19188==    by 0x406264: parseTree (parser.c:102)
==19188==    by 0x406EA2: printParseTreeForHTML (parser.c:396)
==19188==    by 0x400CB5: main (visualize.c:15)
==19188== 
==19188== 16 bytes in 1 blocks are definitely lost in loss record 519 of 917
==19188==    at 0x4C2DB8F: malloc (in /usr/lib/valgrind/vgpreload_memcheck-amd64-linux.so)
==19188==    by 0x404A73: getIterator (SeqList.c:33)
==19188==    by 0x404D93: insertAtEnd (SeqList.c:180)
==19188==    by 0x4047E4: insertInt (hash.c:99)
==19188==    by 0x404034: get_token_hasht (token.c:178)
==19188==    by 0x4013C1: populate_dfa (populate_dfa.c:145)
==19188==    by 0x404E4D: createDFA (lexer.c:10)
==19188==    by 0x404EE1: getNextToken (lexer.c:23)
==19188==    by 0x406264: parseTree (parser.c:102)
==19188==    by 0x406EA2: printParseTreeForHTML (parser.c:396)
==19188==    by 0x400CB5: main (visualize.c:15)
==19188== 
==19188== 16 bytes in 1 blocks are definitely lost in loss record 520 of 917
==19188==    at 0x4C2DB8F: malloc (in /usr/lib/valgrind/vgpreload_memcheck-amd64-linux.so)
==19188==    by 0x404A73: getIterator (SeqList.c:33)
==19188==    by 0x404D93: insertAtEnd (SeqList.c:180)
==19188==    by 0x4047E4: insertInt (hash.c:99)
==19188==    by 0x40404A: get_token_hasht (token.c:179)
==19188==    by 0x4013C1: populate_dfa (populate_dfa.c:145)
==19188==    by 0x404E4D: createDFA (lexer.c:10)
==19188==    by 0x404EE1: getNextToken (lexer.c:23)
==19188==    by 0x406264: parseTree (parser.c:102)
==19188==    by 0x406EA2: printParseTreeForHTML (parser.c:396)
==19188==    by 0x400CB5: main (visualize.c:15)
==19188== 
==19188== 16 bytes in 1 blocks are definitely lost in loss record 521 of 917
==19188==    at 0x4C2DB8F: malloc (in /usr/lib/valgrind/vgpreload_memcheck-amd64-linux.so)
==19188==    by 0x404A73: getIterator (SeqList.c:33)
==19188==    by 0x404D93: insertAtEnd (SeqList.c:180)
==19188==    by 0x4047E4: insertInt (hash.c:99)
==19188==    by 0x404060: get_token_hasht (token.c:180)
==19188==    by 0x4013C1: populate_dfa (populate_dfa.c:145)
==19188==    by 0x404E4D: createDFA (lexer.c:10)
==19188==    by 0x404EE1: getNextToken (lexer.c:23)
==19188==    by 0x406264: parseTree (parser.c:102)
==19188==    by 0x406EA2: printParseTreeForHTML (parser.c:396)
==19188==    by 0x400CB5: main (visualize.c:15)
==19188== 
==19188== 16 bytes in 1 blocks are definitely lost in loss record 522 of 917
==19188==    at 0x4C2DB8F: malloc (in /usr/lib/valgrind/vgpreload_memcheck-amd64-linux.so)
==19188==    by 0x404A73: getIterator (SeqList.c:33)
==19188==    by 0x404D93: insertAtEnd (SeqList.c:180)
==19188==    by 0x4047E4: insertInt (hash.c:99)
==19188==    by 0x404076: get_token_hasht (token.c:181)
==19188==    by 0x4013C1: populate_dfa (populate_dfa.c:145)
==19188==    by 0x404E4D: createDFA (lexer.c:10)
==19188==    by 0x404EE1: getNextToken (lexer.c:23)
==19188==    by 0x406264: parseTree (parser.c:102)
==19188==    by 0x406EA2: printParseTreeForHTML (parser.c:396)
==19188==    by 0x400CB5: main (visualize.c:15)
==19188== 
==19188== 16 bytes in 1 blocks are definitely lost in loss record 523 of 917
==19188==    at 0x4C2DB8F: malloc (in /usr/lib/valgrind/vgpreload_memcheck-amd64-linux.so)
==19188==    by 0x404A73: getIterator (SeqList.c:33)
==19188==    by 0x404D93: insertAtEnd (SeqList.c:180)
==19188==    by 0x4047E4: insertInt (hash.c:99)
==19188==    by 0x40408C: get_token_hasht (token.c:182)
==19188==    by 0x4013C1: populate_dfa (populate_dfa.c:145)
==19188==    by 0x404E4D: createDFA (lexer.c:10)
==19188==    by 0x404EE1: getNextToken (lexer.c:23)
==19188==    by 0x406264: parseTree (parser.c:102)
==19188==    by 0x406EA2: printParseTreeForHTML (parser.c:396)
==19188==    by 0x400CB5: main (visualize.c:15)
==19188== 
==19188== 16 bytes in 1 blocks are definitely lost in loss record 524 of 917
==19188==    at 0x4C2DB8F: malloc (in /usr/lib/valgrind/vgpreload_memcheck-amd64-linux.so)
==19188==    by 0x404A73: getIterator (SeqList.c:33)
==19188==    by 0x404D93: insertAtEnd (SeqList.c:180)
==19188==    by 0x4047E4: insertInt (hash.c:99)
==19188==    by 0x4040A2: get_token_hasht (token.c:183)
==19188==    by 0x4013C1: populate_dfa (populate_dfa.c:145)
==19188==    by 0x404E4D: createDFA (lexer.c:10)
==19188==    by 0x404EE1: getNextToken (lexer.c:23)
==19188==    by 0x406264: parseTree (parser.c:102)
==19188==    by 0x406EA2: printParseTreeForHTML (parser.c:396)
==19188==    by 0x400CB5: main (visualize.c:15)
==19188== 
==19188== 16 bytes in 1 blocks are definitely lost in loss record 525 of 917
==19188==    at 0x4C2DB8F: malloc (in /usr/lib/valgrind/vgpreload_memcheck-amd64-linux.so)
==19188==    by 0x404A73: getIterator (SeqList.c:33)
==19188==    by 0x404D93: insertAtEnd (SeqList.c:180)
==19188==    by 0x4047E4: insertInt (hash.c:99)
==19188==    by 0x4040B8: get_token_hasht (token.c:184)
==19188==    by 0x4013C1: populate_dfa (populate_dfa.c:145)
==19188==    by 0x404E4D: createDFA (lexer.c:10)
==19188==    by 0x404EE1: getNextToken (lexer.c:23)
==19188==    by 0x406264: parseTree (parser.c:102)
==19188==    by 0x406EA2: printParseTreeForHTML (parser.c:396)
==19188==    by 0x400CB5: main (visualize.c:15)
==19188== 
==19188== 16 bytes in 1 blocks are definitely lost in loss record 526 of 917
==19188==    at 0x4C2DB8F: malloc (in /usr/lib/valgrind/vgpreload_memcheck-amd64-linux.so)
==19188==    by 0x404A73: getIterator (SeqList.c:33)
==19188==    by 0x404D93: insertAtEnd (SeqList.c:180)
==19188==    by 0x4047E4: insertInt (hash.c:99)
==19188==    by 0x4040CE: get_token_hasht (token.c:185)
==19188==    by 0x4013C1: populate_dfa (populate_dfa.c:145)
==19188==    by 0x404E4D: createDFA (lexer.c:10)
==19188==    by 0x404EE1: getNextToken (lexer.c:23)
==19188==    by 0x406264: parseTree (parser.c:102)
==19188==    by 0x406EA2: printParseTreeForHTML (parser.c:396)
==19188==    by 0x400CB5: main (visualize.c:15)
==19188== 
==19188== 16 bytes in 1 blocks are definitely lost in loss record 527 of 917
==19188==    at 0x4C2DB8F: malloc (in /usr/lib/valgrind/vgpreload_memcheck-amd64-linux.so)
==19188==    by 0x404A73: getIterator (SeqList.c:33)
==19188==    by 0x404D93: insertAtEnd (SeqList.c:180)
==19188==    by 0x4047E4: insertInt (hash.c:99)
==19188==    by 0x4040E4: get_token_hasht (token.c:186)
==19188==    by 0x4013C1: populate_dfa (populate_dfa.c:145)
==19188==    by 0x404E4D: createDFA (lexer.c:10)
==19188==    by 0x404EE1: getNextToken (lexer.c:23)
==19188==    by 0x406264: parseTree (parser.c:102)
==19188==    by 0x406EA2: printParseTreeForHTML (parser.c:396)
==19188==    by 0x400CB5: main (visualize.c:15)
==19188== 
==19188== 16 bytes in 1 blocks are definitely lost in loss record 528 of 917
==19188==    at 0x4C2DB8F: malloc (in /usr/lib/valgrind/vgpreload_memcheck-amd64-linux.so)
==19188==    by 0x404A73: getIterator (SeqList.c:33)
==19188==    by 0x404D93: insertAtEnd (SeqList.c:180)
==19188==    by 0x4047E4: insertInt (hash.c:99)
==19188==    by 0x4040FA: get_token_hasht (token.c:187)
==19188==    by 0x4013C1: populate_dfa (populate_dfa.c:145)
==19188==    by 0x404E4D: createDFA (lexer.c:10)
==19188==    by 0x404EE1: getNextToken (lexer.c:23)
==19188==    by 0x406264: parseTree (parser.c:102)
==19188==    by 0x406EA2: printParseTreeForHTML (parser.c:396)
==19188==    by 0x400CB5: main (visualize.c:15)
==19188== 
==19188== 16 bytes in 1 blocks are definitely lost in loss record 529 of 917
==19188==    at 0x4C2DB8F: malloc (in /usr/lib/valgrind/vgpreload_memcheck-amd64-linux.so)
==19188==    by 0x404A73: getIterator (SeqList.c:33)
==19188==    by 0x404D93: insertAtEnd (SeqList.c:180)
==19188==    by 0x4047E4: insertInt (hash.c:99)
==19188==    by 0x404110: get_token_hasht (token.c:188)
==19188==    by 0x4013C1: populate_dfa (populate_dfa.c:145)
==19188==    by 0x404E4D: createDFA (lexer.c:10)
==19188==    by 0x404EE1: getNextToken (lexer.c:23)
==19188==    by 0x406264: parseTree (parser.c:102)
==19188==    by 0x406EA2: printParseTreeForHTML (parser.c:396)
==19188==    by 0x400CB5: main (visualize.c:15)
==19188== 
==19188== 16 bytes in 1 blocks are definitely lost in loss record 530 of 917
==19188==    at 0x4C2DB8F: malloc (in /usr/lib/valgrind/vgpreload_memcheck-amd64-linux.so)
==19188==    by 0x404A73: getIterator (SeqList.c:33)
==19188==    by 0x404D93: insertAtEnd (SeqList.c:180)
==19188==    by 0x4047E4: insertInt (hash.c:99)
==19188==    by 0x404126: get_token_hasht (token.c:189)
==19188==    by 0x4013C1: populate_dfa (populate_dfa.c:145)
==19188==    by 0x404E4D: createDFA (lexer.c:10)
==19188==    by 0x404EE1: getNextToken (lexer.c:23)
==19188==    by 0x406264: parseTree (parser.c:102)
==19188==    by 0x406EA2: printParseTreeForHTML (parser.c:396)
==19188==    by 0x400CB5: main (visualize.c:15)
==19188== 
==19188== 16 bytes in 1 blocks are definitely lost in loss record 531 of 917
==19188==    at 0x4C2DB8F: malloc (in /usr/lib/valgrind/vgpreload_memcheck-amd64-linux.so)
==19188==    by 0x404A73: getIterator (SeqList.c:33)
==19188==    by 0x404D93: insertAtEnd (SeqList.c:180)
==19188==    by 0x4047E4: insertInt (hash.c:99)
==19188==    by 0x40413C: get_token_hasht (token.c:190)
==19188==    by 0x4013C1: populate_dfa (populate_dfa.c:145)
==19188==    by 0x404E4D: createDFA (lexer.c:10)
==19188==    by 0x404EE1: getNextToken (lexer.c:23)
==19188==    by 0x406264: parseTree (parser.c:102)
==19188==    by 0x406EA2: printParseTreeForHTML (parser.c:396)
==19188==    by 0x400CB5: main (visualize.c:15)
==19188== 
==19188== 16 bytes in 1 blocks are definitely lost in loss record 532 of 917
==19188==    at 0x4C2DB8F: malloc (in /usr/lib/valgrind/vgpreload_memcheck-amd64-linux.so)
==19188==    by 0x404A73: getIterator (SeqList.c:33)
==19188==    by 0x404D93: insertAtEnd (SeqList.c:180)
==19188==    by 0x4047E4: insertInt (hash.c:99)
==19188==    by 0x404152: get_token_hasht (token.c:191)
==19188==    by 0x4013C1: populate_dfa (populate_dfa.c:145)
==19188==    by 0x404E4D: createDFA (lexer.c:10)
==19188==    by 0x404EE1: getNextToken (lexer.c:23)
==19188==    by 0x406264: parseTree (parser.c:102)
==19188==    by 0x406EA2: printParseTreeForHTML (parser.c:396)
==19188==    by 0x400CB5: main (visualize.c:15)
==19188== 
==19188== 16 bytes in 1 blocks are definitely lost in loss record 533 of 917
==19188==    at 0x4C2DB8F: malloc (in /usr/lib/valgrind/vgpreload_memcheck-amd64-linux.so)
==19188==    by 0x404A73: getIterator (SeqList.c:33)
==19188==    by 0x404D93: insertAtEnd (SeqList.c:180)
==19188==    by 0x4047E4: insertInt (hash.c:99)
==19188==    by 0x404168: get_token_hasht (token.c:192)
==19188==    by 0x4013C1: populate_dfa (populate_dfa.c:145)
==19188==    by 0x404E4D: createDFA (lexer.c:10)
==19188==    by 0x404EE1: getNextToken (lexer.c:23)
==19188==    by 0x406264: parseTree (parser.c:102)
==19188==    by 0x406EA2: printParseTreeForHTML (parser.c:396)
==19188==    by 0x400CB5: main (visualize.c:15)
==19188== 
==19188== 16 bytes in 1 blocks are definitely lost in loss record 534 of 917
==19188==    at 0x4C2DB8F: malloc (in /usr/lib/valgrind/vgpreload_memcheck-amd64-linux.so)
==19188==    by 0x404A73: getIterator (SeqList.c:33)
==19188==    by 0x404D93: insertAtEnd (SeqList.c:180)
==19188==    by 0x4047E4: insertInt (hash.c:99)
==19188==    by 0x40417E: get_token_hasht (token.c:193)
==19188==    by 0x4013C1: populate_dfa (populate_dfa.c:145)
==19188==    by 0x404E4D: createDFA (lexer.c:10)
==19188==    by 0x404EE1: getNextToken (lexer.c:23)
==19188==    by 0x406264: parseTree (parser.c:102)
==19188==    by 0x406EA2: printParseTreeForHTML (parser.c:396)
==19188==    by 0x400CB5: main (visualize.c:15)
==19188== 
==19188== 16 bytes in 1 blocks are definitely lost in loss record 535 of 917
==19188==    at 0x4C2DB8F: malloc (in /usr/lib/valgrind/vgpreload_memcheck-amd64-linux.so)
==19188==    by 0x404A73: getIterator (SeqList.c:33)
==19188==    by 0x404D93: insertAtEnd (SeqList.c:180)
==19188==    by 0x4047E4: insertInt (hash.c:99)
==19188==    by 0x404194: get_token_hasht (token.c:195)
==19188==    by 0x4013C1: populate_dfa (populate_dfa.c:145)
==19188==    by 0x404E4D: createDFA (lexer.c:10)
==19188==    by 0x404EE1: getNextToken (lexer.c:23)
==19188==    by 0x406264: parseTree (parser.c:102)
==19188==    by 0x406EA2: printParseTreeForHTML (parser.c:396)
==19188==    by 0x400CB5: main (visualize.c:15)
==19188== 
==19188== 16 bytes in 1 blocks are definitely lost in loss record 536 of 917
==19188==    at 0x4C2DB8F: malloc (in /usr/lib/valgrind/vgpreload_memcheck-amd64-linux.so)
==19188==    by 0x404A73: getIterator (SeqList.c:33)
==19188==    by 0x404D93: insertAtEnd (SeqList.c:180)
==19188==    by 0x4047E4: insertInt (hash.c:99)
==19188==    by 0x4041AA: get_token_hasht (token.c:196)
==19188==    by 0x4013C1: populate_dfa (populate_dfa.c:145)
==19188==    by 0x404E4D: createDFA (lexer.c:10)
==19188==    by 0x404EE1: getNextToken (lexer.c:23)
==19188==    by 0x406264: parseTree (parser.c:102)
==19188==    by 0x406EA2: printParseTreeForHTML (parser.c:396)
==19188==    by 0x400CB5: main (visualize.c:15)
==19188== 
==19188== 16 bytes in 1 blocks are definitely lost in loss record 537 of 917
==19188==    at 0x4C2DB8F: malloc (in /usr/lib/valgrind/vgpreload_memcheck-amd64-linux.so)
==19188==    by 0x404A73: getIterator (SeqList.c:33)
==19188==    by 0x404D93: insertAtEnd (SeqList.c:180)
==19188==    by 0x4047E4: insertInt (hash.c:99)
==19188==    by 0x4041C0: get_token_hasht (token.c:197)
==19188==    by 0x4013C1: populate_dfa (populate_dfa.c:145)
==19188==    by 0x404E4D: createDFA (lexer.c:10)
==19188==    by 0x404EE1: getNextToken (lexer.c:23)
==19188==    by 0x406264: parseTree (parser.c:102)
==19188==    by 0x406EA2: printParseTreeForHTML (parser.c:396)
==19188==    by 0x400CB5: main (visualize.c:15)
==19188== 
==19188== 16 bytes in 1 blocks are definitely lost in loss record 538 of 917
==19188==    at 0x4C2DB8F: malloc (in /usr/lib/valgrind/vgpreload_memcheck-amd64-linux.so)
==19188==    by 0x404A73: getIterator (SeqList.c:33)
==19188==    by 0x404D93: insertAtEnd (SeqList.c:180)
==19188==    by 0x4047E4: insertInt (hash.c:99)
==19188==    by 0x404207: get_keyword_hasht (token.c:208)
==19188==    by 0x404FB1: getNextToken (lexer.c:36)
==19188==    by 0x406264: parseTree (parser.c:102)
==19188==    by 0x406EA2: printParseTreeForHTML (parser.c:396)
==19188==    by 0x400CB5: main (visualize.c:15)
==19188== 
==19188== 16 bytes in 1 blocks are definitely lost in loss record 539 of 917
==19188==    at 0x4C2DB8F: malloc (in /usr/lib/valgrind/vgpreload_memcheck-amd64-linux.so)
==19188==    by 0x404A73: getIterator (SeqList.c:33)
==19188==    by 0x404D93: insertAtEnd (SeqList.c:180)
==19188==    by 0x4047E4: insertInt (hash.c:99)
==19188==    by 0x40421D: get_keyword_hasht (token.c:209)
==19188==    by 0x404FB1: getNextToken (lexer.c:36)
==19188==    by 0x406264: parseTree (parser.c:102)
==19188==    by 0x406EA2: printParseTreeForHTML (parser.c:396)
==19188==    by 0x400CB5: main (visualize.c:15)
==19188== 
==19188== 16 bytes in 1 blocks are definitely lost in loss record 540 of 917
==19188==    at 0x4C2DB8F: malloc (in /usr/lib/valgrind/vgpreload_memcheck-amd64-linux.so)
==19188==    by 0x404A73: getIterator (SeqList.c:33)
==19188==    by 0x404D93: insertAtEnd (SeqList.c:180)
==19188==    by 0x4047E4: insertInt (hash.c:99)
==19188==    by 0x404233: get_keyword_hasht (token.c:210)
==19188==    by 0x404FB1: getNextToken (lexer.c:36)
==19188==    by 0x406264: parseTree (parser.c:102)
==19188==    by 0x406EA2: printParseTreeForHTML (parser.c:396)
==19188==    by 0x400CB5: main (visualize.c:15)
==19188== 
==19188== 16 bytes in 1 blocks are definitely lost in loss record 541 of 917
==19188==    at 0x4C2DB8F: malloc (in /usr/lib/valgrind/vgpreload_memcheck-amd64-linux.so)
==19188==    by 0x404A73: getIterator (SeqList.c:33)
==19188==    by 0x404D93: insertAtEnd (SeqList.c:180)
==19188==    by 0x4047E4: insertInt (hash.c:99)
==19188==    by 0x404249: get_keyword_hasht (token.c:211)
==19188==    by 0x404FB1: getNextToken (lexer.c:36)
==19188==    by 0x406264: parseTree (parser.c:102)
==19188==    by 0x406EA2: printParseTreeForHTML (parser.c:396)
==19188==    by 0x400CB5: main (visualize.c:15)
==19188== 
==19188== 16 bytes in 1 blocks are definitely lost in loss record 542 of 917
==19188==    at 0x4C2DB8F: malloc (in /usr/lib/valgrind/vgpreload_memcheck-amd64-linux.so)
==19188==    by 0x404A73: getIterator (SeqList.c:33)
==19188==    by 0x404D93: insertAtEnd (SeqList.c:180)
==19188==    by 0x4047E4: insertInt (hash.c:99)
==19188==    by 0x40425F: get_keyword_hasht (token.c:212)
==19188==    by 0x404FB1: getNextToken (lexer.c:36)
==19188==    by 0x406264: parseTree (parser.c:102)
==19188==    by 0x406EA2: printParseTreeForHTML (parser.c:396)
==19188==    by 0x400CB5: main (visualize.c:15)
==19188== 
==19188== 16 bytes in 1 blocks are definitely lost in loss record 543 of 917
==19188==    at 0x4C2DB8F: malloc (in /usr/lib/valgrind/vgpreload_memcheck-amd64-linux.so)
==19188==    by 0x404A73: getIterator (SeqList.c:33)
==19188==    by 0x404D93: insertAtEnd (SeqList.c:180)
==19188==    by 0x4047E4: insertInt (hash.c:99)
==19188==    by 0x404275: get_keyword_hasht (token.c:213)
==19188==    by 0x404FB1: getNextToken (lexer.c:36)
==19188==    by 0x406264: parseTree (parser.c:102)
==19188==    by 0x406EA2: printParseTreeForHTML (parser.c:396)
==19188==    by 0x400CB5: main (visualize.c:15)
==19188== 
==19188== 16 bytes in 1 blocks are definitely lost in loss record 544 of 917
==19188==    at 0x4C2DB8F: malloc (in /usr/lib/valgrind/vgpreload_memcheck-amd64-linux.so)
==19188==    by 0x404A73: getIterator (SeqList.c:33)
==19188==    by 0x404D93: insertAtEnd (SeqList.c:180)
==19188==    by 0x4047E4: insertInt (hash.c:99)
==19188==    by 0x40428B: get_keyword_hasht (token.c:214)
==19188==    by 0x404FB1: getNextToken (lexer.c:36)
==19188==    by 0x406264: parseTree (parser.c:102)
==19188==    by 0x406EA2: printParseTreeForHTML (parser.c:396)
==19188==    by 0x400CB5: main (visualize.c:15)
==19188== 
==19188== 16 bytes in 1 blocks are definitely lost in loss record 545 of 917
==19188==    at 0x4C2DB8F: malloc (in /usr/lib/valgrind/vgpreload_memcheck-amd64-linux.so)
==19188==    by 0x404A73: getIterator (SeqList.c:33)
==19188==    by 0x404D93: insertAtEnd (SeqList.c:180)
==19188==    by 0x4047E4: insertInt (hash.c:99)
==19188==    by 0x4042A1: get_keyword_hasht (token.c:215)
==19188==    by 0x404FB1: getNextToken (lexer.c:36)
==19188==    by 0x406264: parseTree (parser.c:102)
==19188==    by 0x406EA2: printParseTreeForHTML (parser.c:396)
==19188==    by 0x400CB5: main (visualize.c:15)
==19188== 
==19188== 16 bytes in 1 blocks are definitely lost in loss record 546 of 917
==19188==    at 0x4C2DB8F: malloc (in /usr/lib/valgrind/vgpreload_memcheck-amd64-linux.so)
==19188==    by 0x404A73: getIterator (SeqList.c:33)
==19188==    by 0x404D93: insertAtEnd (SeqList.c:180)
==19188==    by 0x4047E4: insertInt (hash.c:99)
==19188==    by 0x4042B7: get_keyword_hasht (token.c:216)
==19188==    by 0x404FB1: getNextToken (lexer.c:36)
==19188==    by 0x406264: parseTree (parser.c:102)
==19188==    by 0x406EA2: printParseTreeForHTML (parser.c:396)
==19188==    by 0x400CB5: main (visualize.c:15)
==19188== 
==19188== 16 bytes in 1 blocks are definitely lost in loss record 547 of 917
==19188==    at 0x4C2DB8F: malloc (in /usr/lib/valgrind/vgpreload_memcheck-amd64-linux.so)
==19188==    by 0x404A73: getIterator (SeqList.c:33)
==19188==    by 0x404D93: insertAtEnd (SeqList.c:180)
==19188==    by 0x4047E4: insertInt (hash.c:99)
==19188==    by 0x4042CD: get_keyword_hasht (token.c:217)
==19188==    by 0x404FB1: getNextToken (lexer.c:36)
==19188==    by 0x406264: parseTree (parser.c:102)
==19188==    by 0x406EA2: printParseTreeForHTML (parser.c:396)
==19188==    by 0x400CB5: main (visualize.c:15)
==19188== 
==19188== 16 bytes in 1 blocks are definitely lost in loss record 548 of 917
==19188==    at 0x4C2DB8F: malloc (in /usr/lib/valgrind/vgpreload_memcheck-amd64-linux.so)
==19188==    by 0x404A73: getIterator (SeqList.c:33)
==19188==    by 0x404D93: insertAtEnd (SeqList.c:180)
==19188==    by 0x4047E4: insertInt (hash.c:99)
==19188==    by 0x4042E3: get_keyword_hasht (token.c:218)
==19188==    by 0x404FB1: getNextToken (lexer.c:36)
==19188==    by 0x406264: parseTree (parser.c:102)
==19188==    by 0x406EA2: printParseTreeForHTML (parser.c:396)
==19188==    by 0x400CB5: main (visualize.c:15)
==19188== 
==19188== 16 bytes in 1 blocks are definitely lost in loss record 549 of 917
==19188==    at 0x4C2DB8F: malloc (in /usr/lib/valgrind/vgpreload_memcheck-amd64-linux.so)
==19188==    by 0x404A73: getIterator (SeqList.c:33)
==19188==    by 0x404D93: insertAtEnd (SeqList.c:180)
==19188==    by 0x4047E4: insertInt (hash.c:99)
==19188==    by 0x4042F9: get_keyword_hasht (token.c:219)
==19188==    by 0x404FB1: getNextToken (lexer.c:36)
==19188==    by 0x406264: parseTree (parser.c:102)
==19188==    by 0x406EA2: printParseTreeForHTML (parser.c:396)
==19188==    by 0x400CB5: main (visualize.c:15)
==19188== 
==19188== 16 bytes in 1 blocks are definitely lost in loss record 550 of 917
==19188==    at 0x4C2DB8F: malloc (in /usr/lib/valgrind/vgpreload_memcheck-amd64-linux.so)
==19188==    by 0x404A73: getIterator (SeqList.c:33)
==19188==    by 0x404D93: insertAtEnd (SeqList.c:180)
==19188==    by 0x4047E4: insertInt (hash.c:99)
==19188==    by 0x40430F: get_keyword_hasht (token.c:220)
==19188==    by 0x404FB1: getNextToken (lexer.c:36)
==19188==    by 0x406264: parseTree (parser.c:102)
==19188==    by 0x406EA2: printParseTreeForHTML (parser.c:396)
==19188==    by 0x400CB5: main (visualize.c:15)
==19188== 
==19188== 16 bytes in 1 blocks are definitely lost in loss record 551 of 917
==19188==    at 0x4C2DB8F: malloc (in /usr/lib/valgrind/vgpreload_memcheck-amd64-linux.so)
==19188==    by 0x404A73: getIterator (SeqList.c:33)
==19188==    by 0x404D93: insertAtEnd (SeqList.c:180)
==19188==    by 0x4047E4: insertInt (hash.c:99)
==19188==    by 0x404325: get_keyword_hasht (token.c:221)
==19188==    by 0x404FB1: getNextToken (lexer.c:36)
==19188==    by 0x406264: parseTree (parser.c:102)
==19188==    by 0x406EA2: printParseTreeForHTML (parser.c:396)
==19188==    by 0x400CB5: main (visualize.c:15)
==19188== 
==19188== 16 bytes in 1 blocks are definitely lost in loss record 552 of 917
==19188==    at 0x4C2DB8F: malloc (in /usr/lib/valgrind/vgpreload_memcheck-amd64-linux.so)
==19188==    by 0x404A73: getIterator (SeqList.c:33)
==19188==    by 0x404D93: insertAtEnd (SeqList.c:180)
==19188==    by 0x4047E4: insertInt (hash.c:99)
==19188==    by 0x40433B: get_keyword_hasht (token.c:222)
==19188==    by 0x404FB1: getNextToken (lexer.c:36)
==19188==    by 0x406264: parseTree (parser.c:102)
==19188==    by 0x406EA2: printParseTreeForHTML (parser.c:396)
==19188==    by 0x400CB5: main (visualize.c:15)
==19188== 
==19188== 16 bytes in 1 blocks are definitely lost in loss record 553 of 917
==19188==    at 0x4C2DB8F: malloc (in /usr/lib/valgrind/vgpreload_memcheck-amd64-linux.so)
==19188==    by 0x404A73: getIterator (SeqList.c:33)
==19188==    by 0x404D93: insertAtEnd (SeqList.c:180)
==19188==    by 0x4047E4: insertInt (hash.c:99)
==19188==    by 0x404351: get_keyword_hasht (token.c:223)
==19188==    by 0x404FB1: getNextToken (lexer.c:36)
==19188==    by 0x406264: parseTree (parser.c:102)
==19188==    by 0x406EA2: printParseTreeForHTML (parser.c:396)
==19188==    by 0x400CB5: main (visualize.c:15)
==19188== 
==19188== 16 bytes in 1 blocks are definitely lost in loss record 554 of 917
==19188==    at 0x4C2DB8F: malloc (in /usr/lib/valgrind/vgpreload_memcheck-amd64-linux.so)
==19188==    by 0x404A73: getIterator (SeqList.c:33)
==19188==    by 0x404D93: insertAtEnd (SeqList.c:180)
==19188==    by 0x4047E4: insertInt (hash.c:99)
==19188==    by 0x404367: get_keyword_hasht (token.c:224)
==19188==    by 0x404FB1: getNextToken (lexer.c:36)
==19188==    by 0x406264: parseTree (parser.c:102)
==19188==    by 0x406EA2: printParseTreeForHTML (parser.c:396)
==19188==    by 0x400CB5: main (visualize.c:15)
==19188== 
==19188== 16 bytes in 1 blocks are definitely lost in loss record 555 of 917
==19188==    at 0x4C2DB8F: malloc (in /usr/lib/valgrind/vgpreload_memcheck-amd64-linux.so)
==19188==    by 0x404A73: getIterator (SeqList.c:33)
==19188==    by 0x404D93: insertAtEnd (SeqList.c:180)
==19188==    by 0x4047E4: insertInt (hash.c:99)
==19188==    by 0x40437D: get_keyword_hasht (token.c:225)
==19188==    by 0x404FB1: getNextToken (lexer.c:36)
==19188==    by 0x406264: parseTree (parser.c:102)
==19188==    by 0x406EA2: printParseTreeForHTML (parser.c:396)
==19188==    by 0x400CB5: main (visualize.c:15)
==19188== 
==19188== 16 bytes in 1 blocks are definitely lost in loss record 556 of 917
==19188==    at 0x4C2DB8F: malloc (in /usr/lib/valgrind/vgpreload_memcheck-amd64-linux.so)
==19188==    by 0x404A73: getIterator (SeqList.c:33)
==19188==    by 0x404D93: insertAtEnd (SeqList.c:180)
==19188==    by 0x4047E4: insertInt (hash.c:99)
==19188==    by 0x404393: get_keyword_hasht (token.c:226)
==19188==    by 0x404FB1: getNextToken (lexer.c:36)
==19188==    by 0x406264: parseTree (parser.c:102)
==19188==    by 0x406EA2: printParseTreeForHTML (parser.c:396)
==19188==    by 0x400CB5: main (visualize.c:15)
==19188== 
==19188== 16 bytes in 1 blocks are definitely lost in loss record 557 of 917
==19188==    at 0x4C2DB8F: malloc (in /usr/lib/valgrind/vgpreload_memcheck-amd64-linux.so)
==19188==    by 0x404A73: getIterator (SeqList.c:33)
==19188==    by 0x404D93: insertAtEnd (SeqList.c:180)
==19188==    by 0x4047E4: insertInt (hash.c:99)
==19188==    by 0x4043A9: get_keyword_hasht (token.c:227)
==19188==    by 0x404FB1: getNextToken (lexer.c:36)
==19188==    by 0x406264: parseTree (parser.c:102)
==19188==    by 0x406EA2: printParseTreeForHTML (parser.c:396)
==19188==    by 0x400CB5: main (visualize.c:15)
==19188== 
==19188== 16 bytes in 1 blocks are definitely lost in loss record 558 of 917
==19188==    at 0x4C2DB8F: malloc (in /usr/lib/valgrind/vgpreload_memcheck-amd64-linux.so)
==19188==    by 0x404A73: getIterator (SeqList.c:33)
==19188==    by 0x404D93: insertAtEnd (SeqList.c:180)
==19188==    by 0x4047E4: insertInt (hash.c:99)
==19188==    by 0x4043BF: get_keyword_hasht (token.c:228)
==19188==    by 0x404FB1: getNextToken (lexer.c:36)
==19188==    by 0x406264: parseTree (parser.c:102)
==19188==    by 0x406EA2: printParseTreeForHTML (parser.c:396)
==19188==    by 0x400CB5: main (visualize.c:15)
==19188== 
==19188== 16 bytes in 1 blocks are definitely lost in loss record 559 of 917
==19188==    at 0x4C2DB8F: malloc (in /usr/lib/valgrind/vgpreload_memcheck-amd64-linux.so)
==19188==    by 0x404A73: getIterator (SeqList.c:33)
==19188==    by 0x404D93: insertAtEnd (SeqList.c:180)
==19188==    by 0x4047E4: insertInt (hash.c:99)
==19188==    by 0x4043D5: get_keyword_hasht (token.c:229)
==19188==    by 0x404FB1: getNextToken (lexer.c:36)
==19188==    by 0x406264: parseTree (parser.c:102)
==19188==    by 0x406EA2: printParseTreeForHTML (parser.c:396)
==19188==    by 0x400CB5: main (visualize.c:15)
==19188== 
==19188== 16 bytes in 1 blocks are definitely lost in loss record 560 of 917
==19188==    at 0x4C2DB8F: malloc (in /usr/lib/valgrind/vgpreload_memcheck-amd64-linux.so)
==19188==    by 0x404A73: getIterator (SeqList.c:33)
==19188==    by 0x404D93: insertAtEnd (SeqList.c:180)
==19188==    by 0x4047E4: insertInt (hash.c:99)
==19188==    by 0x4043EB: get_keyword_hasht (token.c:230)
==19188==    by 0x404FB1: getNextToken (lexer.c:36)
==19188==    by 0x406264: parseTree (parser.c:102)
==19188==    by 0x406EA2: printParseTreeForHTML (parser.c:396)
==19188==    by 0x400CB5: main (visualize.c:15)
==19188== 
==19188== 16 bytes in 1 blocks are definitely lost in loss record 561 of 917
==19188==    at 0x4C2DB8F: malloc (in /usr/lib/valgrind/vgpreload_memcheck-amd64-linux.so)
==19188==    by 0x404A73: getIterator (SeqList.c:33)
==19188==    by 0x404D93: insertAtEnd (SeqList.c:180)
==19188==    by 0x4047E4: insertInt (hash.c:99)
==19188==    by 0x404401: get_keyword_hasht (token.c:231)
==19188==    by 0x404FB1: getNextToken (lexer.c:36)
==19188==    by 0x406264: parseTree (parser.c:102)
==19188==    by 0x406EA2: printParseTreeForHTML (parser.c:396)
==19188==    by 0x400CB5: main (visualize.c:15)
==19188== 
==19188== 16 bytes in 1 blocks are definitely lost in loss record 562 of 917
==19188==    at 0x4C2DB8F: malloc (in /usr/lib/valgrind/vgpreload_memcheck-amd64-linux.so)
==19188==    by 0x407CF3: otherFunctionsRule2 (semantic_functions.c:95)
==19188==    by 0x4088F9: post_order_traversal (traversal.c:15)
==19188==    by 0x408876: post_order_traversal (traversal.c:10)
==19188==    by 0x406EB2: printParseTreeForHTML (parser.c:397)
==19188==    by 0x400CB5: main (visualize.c:15)
==19188== 
==19188== 16 bytes in 1 blocks are definitely lost in loss record 563 of 917
==19188==    at 0x4C2DB8F: malloc (in /usr/lib/valgrind/vgpreload_memcheck-amd64-linux.so)
==19188==    by 0x40860F: a_gives_b_a_reduce (semantic_functions.c:308)
==19188==    by 0x4088F9: post_order_traversal (traversal.c:15)
==19188==    by 0x408876: post_order_traversal (traversal.c:10)
==19188==    by 0x408876: post_order_traversal (traversal.c:10)
==19188==    by 0x408876: post_order_traversal (traversal.c:10)
==19188==    by 0x406EB2: printParseTreeForHTML (parser.c:397)
==19188==    by 0x400CB5: main (visualize.c:15)
==19188== 
==19188== 16 bytes in 2 blocks are definitely lost in loss record 564 of 917
==19188==    at 0x4C2DB8F: malloc (in /usr/lib/valgrind/vgpreload_memcheck-amd64-linux.so)
==19188==    by 0x40860F: a_gives_b_a_reduce (semantic_functions.c:308)
==19188==    by 0x4088F9: post_order_traversal (traversal.c:15)
==19188==    by 0x408876: post_order_traversal (traversal.c:10)
==19188==    by 0x408876: post_order_traversal (traversal.c:10)
==19188==    by 0x408876: post_order_traversal (traversal.c:10)
==19188==    by 0x408876: post_order_traversal (traversal.c:10)
==19188==    by 0x406EB2: printParseTreeForHTML (parser.c:397)
==19188==    by 0x400CB5: main (visualize.c:15)
==19188== 
==19188== 16 bytes in 2 blocks are definitely lost in loss record 565 of 917
==19188==    at 0x4C2DB8F: malloc (in /usr/lib/valgrind/vgpreload_memcheck-amd64-linux.so)
==19188==    by 0x40873A: a_gives_b_a_reduce_with_both (semantic_functions.c:332)
==19188==    by 0x4088F9: post_order_traversal (traversal.c:15)
==19188==    by 0x408876: post_order_traversal (traversal.c:10)
==19188==    by 0x408876: post_order_traversal (traversal.c:10)
==19188==    by 0x408876: post_order_traversal (traversal.c:10)
==19188==    by 0x408876: post_order_traversal (traversal.c:10)
==19188==    by 0x408876: post_order_traversal (traversal.c:10)
==19188==    by 0x408876: post_order_traversal (traversal.c:10)
==19188==    by 0x408876: post_order_traversal (traversal.c:10)
==19188==    by 0x408876: post_order_traversal (traversal.c:10)
==19188==    by 0x408876: post_order_traversal (traversal.c:10)
==19188== 
==19188== 24 bytes in 1 blocks are still reachable in loss record 566 of 917
==19188==    at 0x4C2DB8F: malloc (in /usr/lib/valgrind/vgpreload_memcheck-amd64-linux.so)
==19188==    by 0x404458: newHashTable (hash.c:29)
==19188==    by 0x403CD6: get_token_hasht (token.c:139)
==19188==    by 0x4013C1: populate_dfa (populate_dfa.c:145)
==19188==    by 0x404E4D: createDFA (lexer.c:10)
==19188==    by 0x404EE1: getNextToken (lexer.c:23)
==19188==    by 0x406264: parseTree (parser.c:102)
==19188==    by 0x406EA2: printParseTreeForHTML (parser.c:396)
==19188==    by 0x400CB5: main (visualize.c:15)
==19188== 
==19188== 24 bytes in 1 blocks are still reachable in loss record 567 of 917
==19188==    at 0x4C2DB8F: malloc (in /usr/lib/valgrind/vgpreload_memcheck-amd64-linux.so)
==19188==    by 0x404458: newHashTable (hash.c:29)
==19188==    by 0x4041ED: get_keyword_hasht (token.c:207)
==19188==    by 0x404FB1: getNextToken (lexer.c:36)
==19188==    by 0x406264: parseTree (parser.c:102)
==19188==    by 0x406EA2: printParseTreeForHTML (parser.c:396)
==19188==    by 0x400CB5: main (visualize.c:15)
==19188== 
==19188== 24 bytes in 1 blocks are still reachable in loss record 568 of 917
==19188==    at 0x4C2DB8F: malloc (in /usr/lib/valgrind/vgpreload_memcheck-amd64-linux.so)
==19188==    by 0x4045B6: createElementInt (hash.c:57)
==19188==    by 0x40475E: insertInt (hash.c:94)
==19188==    by 0x4042CD: get_keyword_hasht (token.c:217)
==19188==    by 0x404FB1: getNextToken (lexer.c:36)
==19188==    by 0x406264: parseTree (parser.c:102)
==19188==    by 0x406EA2: printParseTreeForHTML (parser.c:396)
==19188==    by 0x400CB5: main (visualize.c:15)
==19188== 
==19188== 24 bytes in 1 blocks are still reachable in loss record 569 of 917
==19188==    at 0x4C2DB8F: malloc (in /usr/lib/valgrind/vgpreload_memcheck-amd64-linux.so)
==19188==    by 0x407B1C: program_rule0 (semantic_functions.c:57)
==19188==    by 0x4088F9: post_order_traversal (traversal.c:15)
==19188==    by 0x406EB2: printParseTreeForHTML (parser.c:397)
==19188==    by 0x400CB5: main (visualize.c:15)
==19188== 
==19188== 24 bytes in 1 blocks are definitely lost in loss record 570 of 917
==19188==    at 0x4C2DB8F: malloc (in /usr/lib/valgrind/vgpreload_memcheck-amd64-linux.so)
==19188==    by 0x40873A: a_gives_b_a_reduce_with_both (semantic_functions.c:332)
==19188==    by 0x4088F9: post_order_traversal (traversal.c:15)
==19188==    by 0x408876: post_order_traversal (traversal.c:10)
==19188==    by 0x408876: post_order_traversal (traversal.c:10)
==19188==    by 0x408876: post_order_traversal (traversal.c:10)
==19188==    by 0x406EB2: printParseTreeForHTML (parser.c:397)
==19188==    by 0x400CB5: main (visualize.c:15)
==19188== 
==19188== 24 bytes in 2 blocks are definitely lost in loss record 571 of 917
==19188==    at 0x4C2DB8F: malloc (in /usr/lib/valgrind/vgpreload_memcheck-amd64-linux.so)
==19188==    by 0x40873A: a_gives_b_a_reduce_with_both (semantic_functions.c:332)
==19188==    by 0x4088F9: post_order_traversal (traversal.c:15)
==19188==    by 0x408876: post_order_traversal (traversal.c:10)
==19188==    by 0x408876: post_order_traversal (traversal.c:10)
==19188==    by 0x408876: post_order_traversal (traversal.c:10)
==19188==    by 0x408876: post_order_traversal (traversal.c:10)
==19188==    by 0x408876: post_order_traversal (traversal.c:10)
==19188==    by 0x408876: post_order_traversal (traversal.c:10)
==19188==    by 0x406EB2: printParseTreeForHTML (parser.c:397)
==19188==    by 0x400CB5: main (visualize.c:15)
==19188== 
==19188== 26 bytes in 1 blocks are indirectly lost in loss record 572 of 917
==19188==    at 0x4C2DB8F: malloc (in /usr/lib/valgrind/vgpreload_memcheck-amd64-linux.so)
==19188==    by 0x405462: getStream (twin_buffer.c:15)
==19188==    by 0x406E44: printParseTreeForHTML (parser.c:391)
==19188==    by 0x400CB5: main (visualize.c:15)
==19188== 
==19188== 31 bytes in 2 blocks are definitely lost in loss record 573 of 917
==19188==    at 0x4C2DB8F: malloc (in /usr/lib/valgrind/vgpreload_memcheck-amd64-linux.so)
==19188==    by 0x4067F6: printJSON (parser.c:309)
==19188==    by 0x4068D1: printJSON (parser.c:319)
==19188==    by 0x4068D1: printJSON (parser.c:319)
==19188==    by 0x406F35: printParseTreeForHTML (parser.c:405)
==19188==    by 0x400CB5: main (visualize.c:15)
==19188== 
==19188== 32 bytes in 1 blocks are still reachable in loss record 574 of 917
==19188==    at 0x4C2DB8F: malloc (in /usr/lib/valgrind/vgpreload_memcheck-amd64-linux.so)
==19188==    by 0x405A85: get_start_symbol_item (parser.c:61)
==19188==    by 0x405C04: parseTree (parser.c:93)
==19188==    by 0x406EA2: printParseTreeForHTML (parser.c:396)
==19188==    by 0x400CB5: main (visualize.c:15)
==19188== 
==19188== 32 bytes in 1 blocks are still reachable in loss record 575 of 917
==19188==    at 0x4C2DB8F: malloc (in /usr/lib/valgrind/vgpreload_memcheck-amd64-linux.so)
==19188==    by 0x405B54: get_bottom_symbol_item (parser.c:79)
==19188==    by 0x405C17: parseTree (parser.c:94)
==19188==    by 0x406EA2: printParseTreeForHTML (parser.c:396)
==19188==    by 0x400CB5: main (visualize.c:15)
==19188== 
==19188== 32 bytes in 1 blocks are still reachable in loss record 576 of 917
==19188==    at 0x4C2DB8F: malloc (in /usr/lib/valgrind/vgpreload_memcheck-amd64-linux.so)
==19188==    by 0x404E1F: createDFA (lexer.c:7)
==19188==    by 0x404EE1: getNextToken (lexer.c:23)
==19188==    by 0x406264: parseTree (parser.c:102)
==19188==    by 0x406EA2: printParseTreeForHTML (parser.c:396)
==19188==    by 0x400CB5: main (visualize.c:15)
==19188== 
==19188== 32 bytes in 1 blocks are still reachable in loss record 577 of 917
==19188==    at 0x4C2DB8F: malloc (in /usr/lib/valgrind/vgpreload_memcheck-amd64-linux.so)
==19188==    by 0x4045B6: createElementInt (hash.c:57)
==19188==    by 0x40475E: insertInt (hash.c:94)
==19188==    by 0x40428B: get_keyword_hasht (token.c:214)
==19188==    by 0x404FB1: getNextToken (lexer.c:36)
==19188==    by 0x406264: parseTree (parser.c:102)
==19188==    by 0x406EA2: printParseTreeForHTML (parser.c:396)
==19188==    by 0x400CB5: main (visualize.c:15)
==19188== 
==19188== 32 bytes in 1 blocks are still reachable in loss record 578 of 917
==19188==    at 0x4C2DB8F: malloc (in /usr/lib/valgrind/vgpreload_memcheck-amd64-linux.so)
==19188==    by 0x4045B6: createElementInt (hash.c:57)
==19188==    by 0x40475E: insertInt (hash.c:94)
==19188==    by 0x4043D5: get_keyword_hasht (token.c:229)
==19188==    by 0x404FB1: getNextToken (lexer.c:36)
==19188==    by 0x406264: parseTree (parser.c:102)
==19188==    by 0x406EA2: printParseTreeForHTML (parser.c:396)
==19188==    by 0x400CB5: main (visualize.c:15)
==19188== 
==19188== 32 bytes in 2 blocks are still reachable in loss record 579 of 917
==19188==    at 0x4C2DB8F: malloc (in /usr/lib/valgrind/vgpreload_memcheck-amd64-linux.so)
==19188==    by 0x40815D: parameter_listRule8 (semantic_functions.c:193)
==19188==    by 0x4088F9: post_order_traversal (traversal.c:15)
==19188==    by 0x408876: post_order_traversal (traversal.c:10)
==19188==    by 0x408876: post_order_traversal (traversal.c:10)
==19188==    by 0x408876: post_order_traversal (traversal.c:10)
==19188==    by 0x408876: post_order_traversal (traversal.c:10)
==19188==    by 0x406EB2: printParseTreeForHTML (parser.c:397)
==19188==    by 0x400CB5: main (visualize.c:15)
==19188== 
==19188== 32 bytes in 2 blocks are still reachable in loss record 580 of 917
==19188==    at 0x4C2DB8F: malloc (in /usr/lib/valgrind/vgpreload_memcheck-amd64-linux.so)
==19188==    by 0x40873A: a_gives_b_a_reduce_with_both (semantic_functions.c:332)
==19188==    by 0x4088F9: post_order_traversal (traversal.c:15)
==19188==    by 0x408876: post_order_traversal (traversal.c:10)
==19188==    by 0x408876: post_order_traversal (traversal.c:10)
==19188==    by 0x408876: post_order_traversal (traversal.c:10)
==19188==    by 0x408876: post_order_traversal (traversal.c:10)
==19188==    by 0x408876: post_order_traversal (traversal.c:10)
==19188==    by 0x408876: post_order_traversal (traversal.c:10)
==19188==    by 0x408876: post_order_traversal (traversal.c:10)
==19188==    by 0x408876: post_order_traversal (traversal.c:10)
==19188==    by 0x408876: post_order_traversal (traversal.c:10)
==19188== 
==19188== 32 bytes in 2 blocks are still reachable in loss record 581 of 917
==19188==    at 0x4C2DB8F: malloc (in /usr/lib/valgrind/vgpreload_memcheck-amd64-linux.so)
==19188==    by 0x40815D: parameter_listRule8 (semantic_functions.c:193)
==19188==    by 0x4088F9: post_order_traversal (traversal.c:15)
==19188==    by 0x408876: post_order_traversal (traversal.c:10)
==19188==    by 0x408876: post_order_traversal (traversal.c:10)
==19188==    by 0x408876: post_order_traversal (traversal.c:10)
==19188==    by 0x408876: post_order_traversal (traversal.c:10)
==19188==    by 0x408876: post_order_traversal (traversal.c:10)
==19188==    by 0x406EB2: printParseTreeForHTML (parser.c:397)
==19188==    by 0x400CB5: main (visualize.c:15)
==19188== 
==19188== 40 bytes in 1 blocks are still reachable in loss record 582 of 917
==19188==    at 0x4C2DB8F: malloc (in /usr/lib/valgrind/vgpreload_memcheck-amd64-linux.so)
==19188==    by 0x4045B6: createElementInt (hash.c:57)
==19188==    by 0x40475E: insertInt (hash.c:94)
==19188==    by 0x404207: get_keyword_hasht (token.c:208)
==19188==    by 0x404FB1: getNextToken (lexer.c:36)
==19188==    by 0x406264: parseTree (parser.c:102)
==19188==    by 0x406EA2: printParseTreeForHTML (parser.c:396)
==19188==    by 0x400CB5: main (visualize.c:15)
==19188== 
==19188== 40 bytes in 1 blocks are still reachable in loss record 583 of 917
==19188==    at 0x4C2DB8F: malloc (in /usr/lib/valgrind/vgpreload_memcheck-amd64-linux.so)
==19188==    by 0x4045B6: createElementInt (hash.c:57)
==19188==    by 0x40475E: insertInt (hash.c:94)
==19188==    by 0x404249: get_keyword_hasht (token.c:211)
==19188==    by 0x404FB1: getNextToken (lexer.c:36)
==19188==    by 0x406264: parseTree (parser.c:102)
==19188==    by 0x406EA2: printParseTreeForHTML (parser.c:396)
==19188==    by 0x400CB5: main (visualize.c:15)
==19188== 
==19188== 40 bytes in 1 blocks are still reachable in loss record 584 of 917
==19188==    at 0x4C2DB8F: malloc (in /usr/lib/valgrind/vgpreload_memcheck-amd64-linux.so)
==19188==    by 0x4045B6: createElementInt (hash.c:57)
==19188==    by 0x40475E: insertInt (hash.c:94)
==19188==    by 0x4042A1: get_keyword_hasht (token.c:215)
==19188==    by 0x404FB1: getNextToken (lexer.c:36)
==19188==    by 0x406264: parseTree (parser.c:102)
==19188==    by 0x406EA2: printParseTreeForHTML (parser.c:396)
==19188==    by 0x400CB5: main (visualize.c:15)
==19188== 
==19188== 40 bytes in 1 blocks are still reachable in loss record 585 of 917
==19188==    at 0x4C2DB8F: malloc (in /usr/lib/valgrind/vgpreload_memcheck-amd64-linux.so)
==19188==    by 0x4045B6: createElementInt (hash.c:57)
==19188==    by 0x40475E: insertInt (hash.c:94)
==19188==    by 0x4042E3: get_keyword_hasht (token.c:218)
==19188==    by 0x404FB1: getNextToken (lexer.c:36)
==19188==    by 0x406264: parseTree (parser.c:102)
==19188==    by 0x406EA2: printParseTreeForHTML (parser.c:396)
==19188==    by 0x400CB5: main (visualize.c:15)
==19188== 
==19188== 40 bytes in 1 blocks are still reachable in loss record 586 of 917
==19188==    at 0x4C2DB8F: malloc (in /usr/lib/valgrind/vgpreload_memcheck-amd64-linux.so)
==19188==    by 0x4045B6: createElementInt (hash.c:57)
==19188==    by 0x40475E: insertInt (hash.c:94)
==19188==    by 0x40430F: get_keyword_hasht (token.c:220)
==19188==    by 0x404FB1: getNextToken (lexer.c:36)
==19188==    by 0x406264: parseTree (parser.c:102)
==19188==    by 0x406EA2: printParseTreeForHTML (parser.c:396)
==19188==    by 0x400CB5: main (visualize.c:15)
==19188== 
==19188== 40 bytes in 1 blocks are still reachable in loss record 587 of 917
==19188==    at 0x4C2DB8F: malloc (in /usr/lib/valgrind/vgpreload_memcheck-amd64-linux.so)
==19188==    by 0x4045B6: createElementInt (hash.c:57)
==19188==    by 0x40475E: insertInt (hash.c:94)
==19188==    by 0x404351: get_keyword_hasht (token.c:223)
==19188==    by 0x404FB1: getNextToken (lexer.c:36)
==19188==    by 0x406264: parseTree (parser.c:102)
==19188==    by 0x406EA2: printParseTreeForHTML (parser.c:396)
==19188==    by 0x400CB5: main (visualize.c:15)
==19188== 
==19188== 40 bytes in 1 blocks are still reachable in loss record 588 of 917
==19188==    at 0x4C2DB8F: malloc (in /usr/lib/valgrind/vgpreload_memcheck-amd64-linux.so)
==19188==    by 0x4045B6: createElementInt (hash.c:57)
==19188==    by 0x40475E: insertInt (hash.c:94)
==19188==    by 0x40437D: get_keyword_hasht (token.c:225)
==19188==    by 0x404FB1: getNextToken (lexer.c:36)
==19188==    by 0x406264: parseTree (parser.c:102)
==19188==    by 0x406EA2: printParseTreeForHTML (parser.c:396)
==19188==    by 0x400CB5: main (visualize.c:15)
==19188== 
==19188== 40 bytes in 1 blocks are still reachable in loss record 589 of 917
==19188==    at 0x4C2DB8F: malloc (in /usr/lib/valgrind/vgpreload_memcheck-amd64-linux.so)
==19188==    by 0x4045B6: createElementInt (hash.c:57)
==19188==    by 0x40475E: insertInt (hash.c:94)
==19188==    by 0x4043A9: get_keyword_hasht (token.c:227)
==19188==    by 0x404FB1: getNextToken (lexer.c:36)
==19188==    by 0x406264: parseTree (parser.c:102)
==19188==    by 0x406EA2: printParseTreeForHTML (parser.c:396)
==19188==    by 0x400CB5: main (visualize.c:15)
==19188== 
==19188== 40 bytes in 1 blocks are definitely lost in loss record 590 of 917
==19188==    at 0x4C2DB8F: malloc (in /usr/lib/valgrind/vgpreload_memcheck-amd64-linux.so)
==19188==    by 0x40843F: stmtRule16 (semantic_functions.c:264)
==19188==    by 0x4088F9: post_order_traversal (traversal.c:15)
==19188==    by 0x408876: post_order_traversal (traversal.c:10)
==19188==    by 0x408876: post_order_traversal (traversal.c:10)
==19188==    by 0x408876: post_order_traversal (traversal.c:10)
==19188==    by 0x406EB2: printParseTreeForHTML (parser.c:397)
==19188==    by 0x400CB5: main (visualize.c:15)
==19188== 
==19188== 40 bytes in 1 blocks are definitely lost in loss record 591 of 917
==19188==    at 0x4C2DB8F: malloc (in /usr/lib/valgrind/vgpreload_memcheck-amd64-linux.so)
==19188==    by 0x40843F: stmtRule16 (semantic_functions.c:264)
==19188==    by 0x4088F9: post_order_traversal (traversal.c:15)
==19188==    by 0x408876: post_order_traversal (traversal.c:10)
==19188==    by 0x408876: post_order_traversal (traversal.c:10)
==19188==    by 0x408876: post_order_traversal (traversal.c:10)
==19188==    by 0x408876: post_order_traversal (traversal.c:10)
==19188==    by 0x406EB2: printParseTreeForHTML (parser.c:397)
==19188==    by 0x400CB5: main (visualize.c:15)
==19188== 
==19188== 40 bytes in 2 blocks are definitely lost in loss record 592 of 917
==19188==    at 0x4C2DB8F: malloc (in /usr/lib/valgrind/vgpreload_memcheck-amd64-linux.so)
==19188==    by 0x40873A: a_gives_b_a_reduce_with_both (semantic_functions.c:332)
==19188==    by 0x4088F9: post_order_traversal (traversal.c:15)
==19188==    by 0x408876: post_order_traversal (traversal.c:10)
==19188==    by 0x408876: post_order_traversal (traversal.c:10)
==19188==    by 0x408876: post_order_traversal (traversal.c:10)
==19188==    by 0x408876: post_order_traversal (traversal.c:10)
==19188==    by 0x406EB2: printParseTreeForHTML (parser.c:397)
==19188==    by 0x400CB5: main (visualize.c:15)
==19188== 
==19188== 44 bytes in 4 blocks are definitely lost in loss record 593 of 917
==19188==    at 0x4C2DB8F: malloc (in /usr/lib/valgrind/vgpreload_memcheck-amd64-linux.so)
==19188==    by 0x4067F6: printJSON (parser.c:309)
==19188==    by 0x4068D1: printJSON (parser.c:319)
==19188==    by 0x4068D1: printJSON (parser.c:319)
==19188==    by 0x4068D1: printJSON (parser.c:319)
==19188==    by 0x4068D1: printJSON (parser.c:319)
==19188==    by 0x4068D1: printJSON (parser.c:319)
==19188==    by 0x406F35: printParseTreeForHTML (parser.c:405)
==19188==    by 0x400CB5: main (visualize.c:15)
==19188== 
==19188== 44 bytes in 4 blocks are definitely lost in loss record 594 of 917
==19188==    at 0x4C2DB8F: malloc (in /usr/lib/valgrind/vgpreload_memcheck-amd64-linux.so)
==19188==    by 0x4067F6: printJSON (parser.c:309)
==19188==    by 0x4068D1: printJSON (parser.c:319)
==19188==    by 0x4068D1: printJSON (parser.c:319)
==19188==    by 0x4068D1: printJSON (parser.c:319)
==19188==    by 0x4068D1: printJSON (parser.c:319)
==19188==    by 0x4068D1: printJSON (parser.c:319)
==19188==    by 0x4068D1: printJSON (parser.c:319)
==19188==    by 0x406F35: printParseTreeForHTML (parser.c:405)
==19188==    by 0x400CB5: main (visualize.c:15)
==19188== 
==19188== 48 bytes in 1 blocks are still reachable in loss record 595 of 917
==19188==    at 0x4C2DB8F: malloc (in /usr/lib/valgrind/vgpreload_memcheck-amd64-linux.so)
==19188==    by 0x403180: get_token_names (token.c:17)
==19188==    by 0x4013B3: populate_dfa (populate_dfa.c:144)
==19188==    by 0x404E4D: createDFA (lexer.c:10)
==19188==    by 0x404EE1: getNextToken (lexer.c:23)
==19188==    by 0x406264: parseTree (parser.c:102)
==19188==    by 0x406EA2: printParseTreeForHTML (parser.c:396)
==19188==    by 0x400CB5: main (visualize.c:15)
==19188== 
==19188== 48 bytes in 1 blocks are still reachable in loss record 596 of 917
==19188==    at 0x4C2DB8F: malloc (in /usr/lib/valgrind/vgpreload_memcheck-amd64-linux.so)
==19188==    by 0x4033C0: get_token_names (token.c:39)
==19188==    by 0x4013B3: populate_dfa (populate_dfa.c:144)
==19188==    by 0x404E4D: createDFA (lexer.c:10)
==19188==    by 0x404EE1: getNextToken (lexer.c:23)
==19188==    by 0x406264: parseTree (parser.c:102)
==19188==    by 0x406EA2: printParseTreeForHTML (parser.c:396)
==19188==    by 0x400CB5: main (visualize.c:15)
==19188== 
==19188== 48 bytes in 1 blocks are still reachable in loss record 597 of 917
==19188==    at 0x4C2DB8F: malloc (in /usr/lib/valgrind/vgpreload_memcheck-amd64-linux.so)
==19188==    by 0x4033F1: get_token_names (token.c:41)
==19188==    by 0x4013B3: populate_dfa (populate_dfa.c:144)
==19188==    by 0x404E4D: createDFA (lexer.c:10)
==19188==    by 0x404EE1: getNextToken (lexer.c:23)
==19188==    by 0x406264: parseTree (parser.c:102)
==19188==    by 0x406EA2: printParseTreeForHTML (parser.c:396)
==19188==    by 0x400CB5: main (visualize.c:15)
==19188== 
==19188== 48 bytes in 1 blocks are still reachable in loss record 598 of 917
==19188==    at 0x4C2DB8F: malloc (in /usr/lib/valgrind/vgpreload_memcheck-amd64-linux.so)
==19188==    by 0x403529: get_token_names (token.c:53)
==19188==    by 0x4013B3: populate_dfa (populate_dfa.c:144)
==19188==    by 0x404E4D: createDFA (lexer.c:10)
==19188==    by 0x404EE1: getNextToken (lexer.c:23)
==19188==    by 0x406264: parseTree (parser.c:102)
==19188==    by 0x406EA2: printParseTreeForHTML (parser.c:396)
==19188==    by 0x400CB5: main (visualize.c:15)
==19188== 
==19188== 48 bytes in 1 blocks are still reachable in loss record 599 of 917
==19188==    at 0x4C2DB8F: malloc (in /usr/lib/valgrind/vgpreload_memcheck-amd64-linux.so)
==19188==    by 0x40358C: get_token_names (token.c:57)
==19188==    by 0x4013B3: populate_dfa (populate_dfa.c:144)
==19188==    by 0x404E4D: createDFA (lexer.c:10)
==19188==    by 0x404EE1: getNextToken (lexer.c:23)
==19188==    by 0x406264: parseTree (parser.c:102)
==19188==    by 0x406EA2: printParseTreeForHTML (parser.c:396)
==19188==    by 0x400CB5: main (visualize.c:15)
==19188== 
==19188== 48 bytes in 1 blocks are still reachable in loss record 600 of 917
==19188==    at 0x4C2DB8F: malloc (in /usr/lib/valgrind/vgpreload_memcheck-amd64-linux.so)
==19188==    by 0x4035E7: get_token_names (token.c:61)
==19188==    by 0x4013B3: populate_dfa (populate_dfa.c:144)
==19188==    by 0x404E4D: createDFA (lexer.c:10)
==19188==    by 0x404EE1: getNextToken (lexer.c:23)
==19188==    by 0x406264: parseTree (parser.c:102)
==19188==    by 0x406EA2: printParseTreeForHTML (parser.c:396)
==19188==    by 0x400CB5: main (visualize.c:15)
==19188== 
==19188== 48 bytes in 1 blocks are still reachable in loss record 601 of 917
==19188==    at 0x4C2DB8F: malloc (in /usr/lib/valgrind/vgpreload_memcheck-amd64-linux.so)
==19188==    by 0x403615: get_token_names (token.c:63)
==19188==    by 0x4013B3: populate_dfa (populate_dfa.c:144)
==19188==    by 0x404E4D: createDFA (lexer.c:10)
==19188==    by 0x404EE1: getNextToken (lexer.c:23)
==19188==    by 0x406264: parseTree (parser.c:102)
==19188==    by 0x406EA2: printParseTreeForHTML (parser.c:396)
==19188==    by 0x400CB5: main (visualize.c:15)
==19188== 
==19188== 48 bytes in 1 blocks are still reachable in loss record 602 of 917
==19188==    at 0x4C2DB8F: malloc (in /usr/lib/valgrind/vgpreload_memcheck-amd64-linux.so)
==19188==    by 0x403641: get_token_names (token.c:65)
==19188==    by 0x4013B3: populate_dfa (populate_dfa.c:144)
==19188==    by 0x404E4D: createDFA (lexer.c:10)
==19188==    by 0x404EE1: getNextToken (lexer.c:23)
==19188==    by 0x406264: parseTree (parser.c:102)
==19188==    by 0x406EA2: printParseTreeForHTML (parser.c:396)
==19188==    by 0x400CB5: main (visualize.c:15)
==19188== 
==19188== 48 bytes in 1 blocks are still reachable in loss record 603 of 917
==19188==    at 0x4C2DB8F: malloc (in /usr/lib/valgrind/vgpreload_memcheck-amd64-linux.so)
==19188==    by 0x40366D: get_token_names (token.c:67)
==19188==    by 0x4013B3: populate_dfa (populate_dfa.c:144)
==19188==    by 0x404E4D: createDFA (lexer.c:10)
==19188==    by 0x404EE1: getNextToken (lexer.c:23)
==19188==    by 0x406264: parseTree (parser.c:102)
==19188==    by 0x406EA2: printParseTreeForHTML (parser.c:396)
==19188==    by 0x400CB5: main (visualize.c:15)
==19188== 
==19188== 48 bytes in 1 blocks are still reachable in loss record 604 of 917
==19188==    at 0x4C2DB8F: malloc (in /usr/lib/valgrind/vgpreload_memcheck-amd64-linux.so)
==19188==    by 0x40369C: get_token_names (token.c:69)
==19188==    by 0x4013B3: populate_dfa (populate_dfa.c:144)
==19188==    by 0x404E4D: createDFA (lexer.c:10)
==19188==    by 0x404EE1: getNextToken (lexer.c:23)
==19188==    by 0x406264: parseTree (parser.c:102)
==19188==    by 0x406EA2: printParseTreeForHTML (parser.c:396)
==19188==    by 0x400CB5: main (visualize.c:15)
==19188== 
==19188== 48 bytes in 1 blocks are still reachable in loss record 605 of 917
==19188==    at 0x4C2DB8F: malloc (in /usr/lib/valgrind/vgpreload_memcheck-amd64-linux.so)
==19188==    by 0x4039C2: get_token_names (token.c:99)
==19188==    by 0x4013B3: populate_dfa (populate_dfa.c:144)
==19188==    by 0x404E4D: createDFA (lexer.c:10)
==19188==    by 0x404EE1: getNextToken (lexer.c:23)
==19188==    by 0x406264: parseTree (parser.c:102)
==19188==    by 0x406EA2: printParseTreeForHTML (parser.c:396)
==19188==    by 0x400CB5: main (visualize.c:15)
==19188== 
==19188== 48 bytes in 1 blocks are still reachable in loss record 606 of 917
==19188==    at 0x4C2DB8F: malloc (in /usr/lib/valgrind/vgpreload_memcheck-amd64-linux.so)
==19188==    by 0x4045B6: createElementInt (hash.c:57)
==19188==    by 0x40475E: insertInt (hash.c:94)
==19188==    by 0x403D32: get_token_hasht (token.c:143)
==19188==    by 0x4013C1: populate_dfa (populate_dfa.c:145)
==19188==    by 0x404E4D: createDFA (lexer.c:10)
==19188==    by 0x404EE1: getNextToken (lexer.c:23)
==19188==    by 0x406264: parseTree (parser.c:102)
==19188==    by 0x406EA2: printParseTreeForHTML (parser.c:396)
==19188==    by 0x400CB5: main (visualize.c:15)
==19188== 
==19188== 48 bytes in 1 blocks are still reachable in loss record 607 of 917
==19188==    at 0x4C2DB8F: malloc (in /usr/lib/valgrind/vgpreload_memcheck-amd64-linux.so)
==19188==    by 0x4045B6: createElementInt (hash.c:57)
==19188==    by 0x40475E: insertInt (hash.c:94)
==19188==    by 0x403E24: get_token_hasht (token.c:154)
==19188==    by 0x4013C1: populate_dfa (populate_dfa.c:145)
==19188==    by 0x404E4D: createDFA (lexer.c:10)
==19188==    by 0x404EE1: getNextToken (lexer.c:23)
==19188==    by 0x406264: parseTree (parser.c:102)
==19188==    by 0x406EA2: printParseTreeForHTML (parser.c:396)
==19188==    by 0x400CB5: main (visualize.c:15)
==19188== 
==19188== 48 bytes in 1 blocks are still reachable in loss record 608 of 917
==19188==    at 0x4C2DB8F: malloc (in /usr/lib/valgrind/vgpreload_memcheck-amd64-linux.so)
==19188==    by 0x4045B6: createElementInt (hash.c:57)
==19188==    by 0x40475E: insertInt (hash.c:94)
==19188==    by 0x403E3A: get_token_hasht (token.c:155)
==19188==    by 0x4013C1: populate_dfa (populate_dfa.c:145)
==19188==    by 0x404E4D: createDFA (lexer.c:10)
==19188==    by 0x404EE1: getNextToken (lexer.c:23)
==19188==    by 0x406264: parseTree (parser.c:102)
==19188==    by 0x406EA2: printParseTreeForHTML (parser.c:396)
==19188==    by 0x400CB5: main (visualize.c:15)
==19188== 
==19188== 48 bytes in 1 blocks are still reachable in loss record 609 of 917
==19188==    at 0x4C2DB8F: malloc (in /usr/lib/valgrind/vgpreload_memcheck-amd64-linux.so)
==19188==    by 0x4045B6: createElementInt (hash.c:57)
==19188==    by 0x40475E: insertInt (hash.c:94)
==19188==    by 0x403EBE: get_token_hasht (token.c:161)
==19188==    by 0x4013C1: populate_dfa (populate_dfa.c:145)
==19188==    by 0x404E4D: createDFA (lexer.c:10)
==19188==    by 0x404EE1: getNextToken (lexer.c:23)
==19188==    by 0x406264: parseTree (parser.c:102)
==19188==    by 0x406EA2: printParseTreeForHTML (parser.c:396)
==19188==    by 0x400CB5: main (visualize.c:15)
==19188== 
==19188== 48 bytes in 1 blocks are still reachable in loss record 610 of 917
==19188==    at 0x4C2DB8F: malloc (in /usr/lib/valgrind/vgpreload_memcheck-amd64-linux.so)
==19188==    by 0x4045B6: createElementInt (hash.c:57)
==19188==    by 0x40475E: insertInt (hash.c:94)
==19188==    by 0x403EEA: get_token_hasht (token.c:163)
==19188==    by 0x4013C1: populate_dfa (populate_dfa.c:145)
==19188==    by 0x404E4D: createDFA (lexer.c:10)
==19188==    by 0x404EE1: getNextToken (lexer.c:23)
==19188==    by 0x406264: parseTree (parser.c:102)
==19188==    by 0x406EA2: printParseTreeForHTML (parser.c:396)
==19188==    by 0x400CB5: main (visualize.c:15)
==19188== 
==19188== 48 bytes in 1 blocks are still reachable in loss record 611 of 917
==19188==    at 0x4C2DB8F: malloc (in /usr/lib/valgrind/vgpreload_memcheck-amd64-linux.so)
==19188==    by 0x4045B6: createElementInt (hash.c:57)
==19188==    by 0x40475E: insertInt (hash.c:94)
==19188==    by 0x403F00: get_token_hasht (token.c:164)
==19188==    by 0x4013C1: populate_dfa (populate_dfa.c:145)
==19188==    by 0x404E4D: createDFA (lexer.c:10)
==19188==    by 0x404EE1: getNextToken (lexer.c:23)
==19188==    by 0x406264: parseTree (parser.c:102)
==19188==    by 0x406EA2: printParseTreeForHTML (parser.c:396)
==19188==    by 0x400CB5: main (visualize.c:15)
==19188== 
==19188== 48 bytes in 1 blocks are still reachable in loss record 612 of 917
==19188==    at 0x4C2DB8F: malloc (in /usr/lib/valgrind/vgpreload_memcheck-amd64-linux.so)
==19188==    by 0x4045B6: createElementInt (hash.c:57)
==19188==    by 0x40475E: insertInt (hash.c:94)
==19188==    by 0x403F16: get_token_hasht (token.c:165)
==19188==    by 0x4013C1: populate_dfa (populate_dfa.c:145)
==19188==    by 0x404E4D: createDFA (lexer.c:10)
==19188==    by 0x404EE1: getNextToken (lexer.c:23)
==19188==    by 0x406264: parseTree (parser.c:102)
==19188==    by 0x406EA2: printParseTreeForHTML (parser.c:396)
==19188==    by 0x400CB5: main (visualize.c:15)
==19188== 
==19188== 48 bytes in 1 blocks are still reachable in loss record 613 of 917
==19188==    at 0x4C2DB8F: malloc (in /usr/lib/valgrind/vgpreload_memcheck-amd64-linux.so)
==19188==    by 0x4045B6: createElementInt (hash.c:57)
==19188==    by 0x40475E: insertInt (hash.c:94)
==19188==    by 0x403F2C: get_token_hasht (token.c:166)
==19188==    by 0x4013C1: populate_dfa (populate_dfa.c:145)
==19188==    by 0x404E4D: createDFA (lexer.c:10)
==19188==    by 0x404EE1: getNextToken (lexer.c:23)
==19188==    by 0x406264: parseTree (parser.c:102)
==19188==    by 0x406EA2: printParseTreeForHTML (parser.c:396)
==19188==    by 0x400CB5: main (visualize.c:15)
==19188== 
==19188== 48 bytes in 1 blocks are still reachable in loss record 614 of 917
==19188==    at 0x4C2DB8F: malloc (in /usr/lib/valgrind/vgpreload_memcheck-amd64-linux.so)
==19188==    by 0x4045B6: createElementInt (hash.c:57)
==19188==    by 0x40475E: insertInt (hash.c:94)
==19188==    by 0x403F42: get_token_hasht (token.c:167)
==19188==    by 0x4013C1: populate_dfa (populate_dfa.c:145)
==19188==    by 0x404E4D: createDFA (lexer.c:10)
==19188==    by 0x404EE1: getNextToken (lexer.c:23)
==19188==    by 0x406264: parseTree (parser.c:102)
==19188==    by 0x406EA2: printParseTreeForHTML (parser.c:396)
==19188==    by 0x400CB5: main (visualize.c:15)
==19188== 
==19188== 48 bytes in 1 blocks are still reachable in loss record 615 of 917
==19188==    at 0x4C2DB8F: malloc (in /usr/lib/valgrind/vgpreload_memcheck-amd64-linux.so)
==19188==    by 0x4045B6: createElementInt (hash.c:57)
==19188==    by 0x40475E: insertInt (hash.c:94)
==19188==    by 0x403F58: get_token_hasht (token.c:168)
==19188==    by 0x4013C1: populate_dfa (populate_dfa.c:145)
==19188==    by 0x404E4D: createDFA (lexer.c:10)
==19188==    by 0x404EE1: getNextToken (lexer.c:23)
==19188==    by 0x406264: parseTree (parser.c:102)
==19188==    by 0x406EA2: printParseTreeForHTML (parser.c:396)
==19188==    by 0x400CB5: main (visualize.c:15)
==19188== 
==19188== 48 bytes in 1 blocks are still reachable in loss record 616 of 917
==19188==    at 0x4C2DB8F: malloc (in /usr/lib/valgrind/vgpreload_memcheck-amd64-linux.so)
==19188==    by 0x4045B6: createElementInt (hash.c:57)
==19188==    by 0x40475E: insertInt (hash.c:94)
==19188==    by 0x403F6E: get_token_hasht (token.c:169)
==19188==    by 0x4013C1: populate_dfa (populate_dfa.c:145)
==19188==    by 0x404E4D: createDFA (lexer.c:10)
==19188==    by 0x404EE1: getNextToken (lexer.c:23)
==19188==    by 0x406264: parseTree (parser.c:102)
==19188==    by 0x406EA2: printParseTreeForHTML (parser.c:396)
==19188==    by 0x400CB5: main (visualize.c:15)
==19188== 
==19188== 48 bytes in 1 blocks are still reachable in loss record 617 of 917
==19188==    at 0x4C2DB8F: malloc (in /usr/lib/valgrind/vgpreload_memcheck-amd64-linux.so)
==19188==    by 0x4045B6: createElementInt (hash.c:57)
==19188==    by 0x40475E: insertInt (hash.c:94)
==19188==    by 0x4040B8: get_token_hasht (token.c:184)
==19188==    by 0x4013C1: populate_dfa (populate_dfa.c:145)
==19188==    by 0x404E4D: createDFA (lexer.c:10)
==19188==    by 0x404EE1: getNextToken (lexer.c:23)
==19188==    by 0x406264: parseTree (parser.c:102)
==19188==    by 0x406EA2: printParseTreeForHTML (parser.c:396)
==19188==    by 0x400CB5: main (visualize.c:15)
==19188== 
==19188== 48 bytes in 1 blocks are still reachable in loss record 618 of 917
==19188==    at 0x4C2DB8F: malloc (in /usr/lib/valgrind/vgpreload_memcheck-amd64-linux.so)
==19188==    by 0x4045B6: createElementInt (hash.c:57)
==19188==    by 0x40475E: insertInt (hash.c:94)
==19188==    by 0x40425F: get_keyword_hasht (token.c:212)
==19188==    by 0x404FB1: getNextToken (lexer.c:36)
==19188==    by 0x406264: parseTree (parser.c:102)
==19188==    by 0x406EA2: printParseTreeForHTML (parser.c:396)
==19188==    by 0x400CB5: main (visualize.c:15)
==19188== 
==19188== 48 bytes in 1 blocks are still reachable in loss record 619 of 917
==19188==    at 0x4C2DB8F: malloc (in /usr/lib/valgrind/vgpreload_memcheck-amd64-linux.so)
==19188==    by 0x4045B6: createElementInt (hash.c:57)
==19188==    by 0x40475E: insertInt (hash.c:94)
==19188==    by 0x4042F9: get_keyword_hasht (token.c:219)
==19188==    by 0x404FB1: getNextToken (lexer.c:36)
==19188==    by 0x406264: parseTree (parser.c:102)
==19188==    by 0x406EA2: printParseTreeForHTML (parser.c:396)
==19188==    by 0x400CB5: main (visualize.c:15)
==19188== 
==19188== 48 bytes in 1 blocks are still reachable in loss record 620 of 917
==19188==    at 0x4C2DB8F: malloc (in /usr/lib/valgrind/vgpreload_memcheck-amd64-linux.so)
==19188==    by 0x4045B6: createElementInt (hash.c:57)
==19188==    by 0x40475E: insertInt (hash.c:94)
==19188==    by 0x404325: get_keyword_hasht (token.c:221)
==19188==    by 0x404FB1: getNextToken (lexer.c:36)
==19188==    by 0x406264: parseTree (parser.c:102)
==19188==    by 0x406EA2: printParseTreeForHTML (parser.c:396)
==19188==    by 0x400CB5: main (visualize.c:15)
==19188== 
==19188== 48 bytes in 1 blocks are still reachable in loss record 621 of 917
==19188==    at 0x4C2DB8F: malloc (in /usr/lib/valgrind/vgpreload_memcheck-amd64-linux.so)
==19188==    by 0x4045B6: createElementInt (hash.c:57)
==19188==    by 0x40475E: insertInt (hash.c:94)
==19188==    by 0x404393: get_keyword_hasht (token.c:226)
==19188==    by 0x404FB1: getNextToken (lexer.c:36)
==19188==    by 0x406264: parseTree (parser.c:102)
==19188==    by 0x406EA2: printParseTreeForHTML (parser.c:396)
==19188==    by 0x400CB5: main (visualize.c:15)
==19188== 
==19188== 48 bytes in 1 blocks are still reachable in loss record 622 of 917
==19188==    at 0x4C2DB8F: malloc (in /usr/lib/valgrind/vgpreload_memcheck-amd64-linux.so)
==19188==    by 0x4045B6: createElementInt (hash.c:57)
==19188==    by 0x40475E: insertInt (hash.c:94)
==19188==    by 0x4043BF: get_keyword_hasht (token.c:228)
==19188==    by 0x404FB1: getNextToken (lexer.c:36)
==19188==    by 0x406264: parseTree (parser.c:102)
==19188==    by 0x406EA2: printParseTreeForHTML (parser.c:396)
==19188==    by 0x400CB5: main (visualize.c:15)
==19188== 
==19188== 48 bytes in 1 blocks are still reachable in loss record 623 of 917
==19188==    at 0x4C2DB8F: malloc (in /usr/lib/valgrind/vgpreload_memcheck-amd64-linux.so)
==19188==    by 0x40843F: stmtRule16 (semantic_functions.c:264)
==19188==    by 0x4088F9: post_order_traversal (traversal.c:15)
==19188==    by 0x408876: post_order_traversal (traversal.c:10)
==19188==    by 0x408876: post_order_traversal (traversal.c:10)
==19188==    by 0x406EB2: printParseTreeForHTML (parser.c:397)
==19188==    by 0x400CB5: main (visualize.c:15)
==19188== 
==19188== 48 bytes in 1 blocks are possibly lost in loss record 624 of 917
==19188==    at 0x4C2DB8F: malloc (in /usr/lib/valgrind/vgpreload_memcheck-amd64-linux.so)
==19188==    by 0x403180: get_token_names (token.c:17)
==19188==    by 0x4069B3: printParseTreeForHTML (parser.c:337)
==19188==    by 0x400CB5: main (visualize.c:15)
==19188== 
==19188== 48 bytes in 1 blocks are possibly lost in loss record 625 of 917
==19188==    at 0x4C2DB8F: malloc (in /usr/lib/valgrind/vgpreload_memcheck-amd64-linux.so)
==19188==    by 0x4033C0: get_token_names (token.c:39)
==19188==    by 0x4069B3: printParseTreeForHTML (parser.c:337)
==19188==    by 0x400CB5: main (visualize.c:15)
==19188== 
==19188== 48 bytes in 1 blocks are possibly lost in loss record 626 of 917
==19188==    at 0x4C2DB8F: malloc (in /usr/lib/valgrind/vgpreload_memcheck-amd64-linux.so)
==19188==    by 0x4033F1: get_token_names (token.c:41)
==19188==    by 0x4069B3: printParseTreeForHTML (parser.c:337)
==19188==    by 0x400CB5: main (visualize.c:15)
==19188== 
==19188== 48 bytes in 1 blocks are possibly lost in loss record 627 of 917
==19188==    at 0x4C2DB8F: malloc (in /usr/lib/valgrind/vgpreload_memcheck-amd64-linux.so)
==19188==    by 0x403529: get_token_names (token.c:53)
==19188==    by 0x4069B3: printParseTreeForHTML (parser.c:337)
==19188==    by 0x400CB5: main (visualize.c:15)
==19188== 
==19188== 48 bytes in 1 blocks are possibly lost in loss record 628 of 917
==19188==    at 0x4C2DB8F: malloc (in /usr/lib/valgrind/vgpreload_memcheck-amd64-linux.so)
==19188==    by 0x40358C: get_token_names (token.c:57)
==19188==    by 0x4069B3: printParseTreeForHTML (parser.c:337)
==19188==    by 0x400CB5: main (visualize.c:15)
==19188== 
==19188== 48 bytes in 1 blocks are possibly lost in loss record 629 of 917
==19188==    at 0x4C2DB8F: malloc (in /usr/lib/valgrind/vgpreload_memcheck-amd64-linux.so)
==19188==    by 0x4035E7: get_token_names (token.c:61)
==19188==    by 0x4069B3: printParseTreeForHTML (parser.c:337)
==19188==    by 0x400CB5: main (visualize.c:15)
==19188== 
==19188== 48 bytes in 1 blocks are possibly lost in loss record 630 of 917
==19188==    at 0x4C2DB8F: malloc (in /usr/lib/valgrind/vgpreload_memcheck-amd64-linux.so)
==19188==    by 0x403615: get_token_names (token.c:63)
==19188==    by 0x4069B3: printParseTreeForHTML (parser.c:337)
==19188==    by 0x400CB5: main (visualize.c:15)
==19188== 
==19188== 48 bytes in 1 blocks are possibly lost in loss record 631 of 917
==19188==    at 0x4C2DB8F: malloc (in /usr/lib/valgrind/vgpreload_memcheck-amd64-linux.so)
==19188==    by 0x403641: get_token_names (token.c:65)
==19188==    by 0x4069B3: printParseTreeForHTML (parser.c:337)
==19188==    by 0x400CB5: main (visualize.c:15)
==19188== 
==19188== 48 bytes in 1 blocks are possibly lost in loss record 632 of 917
==19188==    at 0x4C2DB8F: malloc (in /usr/lib/valgrind/vgpreload_memcheck-amd64-linux.so)
==19188==    by 0x40366D: get_token_names (token.c:67)
==19188==    by 0x4069B3: printParseTreeForHTML (parser.c:337)
==19188==    by 0x400CB5: main (visualize.c:15)
==19188== 
==19188== 48 bytes in 1 blocks are possibly lost in loss record 633 of 917
==19188==    at 0x4C2DB8F: malloc (in /usr/lib/valgrind/vgpreload_memcheck-amd64-linux.so)
==19188==    by 0x40369C: get_token_names (token.c:69)
==19188==    by 0x4069B3: printParseTreeForHTML (parser.c:337)
==19188==    by 0x400CB5: main (visualize.c:15)
==19188== 
==19188== 48 bytes in 1 blocks are possibly lost in loss record 634 of 917
==19188==    at 0x4C2DB8F: malloc (in /usr/lib/valgrind/vgpreload_memcheck-amd64-linux.so)
==19188==    by 0x4039C2: get_token_names (token.c:99)
==19188==    by 0x4069B3: printParseTreeForHTML (parser.c:337)
==19188==    by 0x400CB5: main (visualize.c:15)
==19188== 
==19188== 48 bytes in 1 blocks are indirectly lost in loss record 635 of 917
==19188==    at 0x4C2DB8F: malloc (in /usr/lib/valgrind/vgpreload_memcheck-amd64-linux.so)
==19188==    by 0x4045B6: createElementInt (hash.c:57)
==19188==    by 0x40475E: insertInt (hash.c:94)
==19188==    by 0x403D32: get_token_hasht (token.c:143)
==19188==    by 0x4069D7: printParseTreeForHTML (parser.c:342)
==19188==    by 0x400CB5: main (visualize.c:15)
==19188== 
==19188== 48 bytes in 1 blocks are indirectly lost in loss record 636 of 917
==19188==    at 0x4C2DB8F: malloc (in /usr/lib/valgrind/vgpreload_memcheck-amd64-linux.so)
==19188==    by 0x4045B6: createElementInt (hash.c:57)
==19188==    by 0x40475E: insertInt (hash.c:94)
==19188==    by 0x403E24: get_token_hasht (token.c:154)
==19188==    by 0x4069D7: printParseTreeForHTML (parser.c:342)
==19188==    by 0x400CB5: main (visualize.c:15)
==19188== 
==19188== 48 bytes in 1 blocks are indirectly lost in loss record 637 of 917
==19188==    at 0x4C2DB8F: malloc (in /usr/lib/valgrind/vgpreload_memcheck-amd64-linux.so)
==19188==    by 0x4045B6: createElementInt (hash.c:57)
==19188==    by 0x40475E: insertInt (hash.c:94)
==19188==    by 0x403E3A: get_token_hasht (token.c:155)
==19188==    by 0x4069D7: printParseTreeForHTML (parser.c:342)
==19188==    by 0x400CB5: main (visualize.c:15)
==19188== 
==19188== 48 bytes in 1 blocks are indirectly lost in loss record 638 of 917
==19188==    at 0x4C2DB8F: malloc (in /usr/lib/valgrind/vgpreload_memcheck-amd64-linux.so)
==19188==    by 0x4045B6: createElementInt (hash.c:57)
==19188==    by 0x40475E: insertInt (hash.c:94)
==19188==    by 0x403EBE: get_token_hasht (token.c:161)
==19188==    by 0x4069D7: printParseTreeForHTML (parser.c:342)
==19188==    by 0x400CB5: main (visualize.c:15)
==19188== 
==19188== 48 bytes in 1 blocks are indirectly lost in loss record 639 of 917
==19188==    at 0x4C2DB8F: malloc (in /usr/lib/valgrind/vgpreload_memcheck-amd64-linux.so)
==19188==    by 0x4045B6: createElementInt (hash.c:57)
==19188==    by 0x40475E: insertInt (hash.c:94)
==19188==    by 0x403EEA: get_token_hasht (token.c:163)
==19188==    by 0x4069D7: printParseTreeForHTML (parser.c:342)
==19188==    by 0x400CB5: main (visualize.c:15)
==19188== 
==19188== 48 bytes in 1 blocks are indirectly lost in loss record 640 of 917
==19188==    at 0x4C2DB8F: malloc (in /usr/lib/valgrind/vgpreload_memcheck-amd64-linux.so)
==19188==    by 0x4045B6: createElementInt (hash.c:57)
==19188==    by 0x40475E: insertInt (hash.c:94)
==19188==    by 0x403F00: get_token_hasht (token.c:164)
==19188==    by 0x4069D7: printParseTreeForHTML (parser.c:342)
==19188==    by 0x400CB5: main (visualize.c:15)
==19188== 
==19188== 48 bytes in 1 blocks are indirectly lost in loss record 641 of 917
==19188==    at 0x4C2DB8F: malloc (in /usr/lib/valgrind/vgpreload_memcheck-amd64-linux.so)
==19188==    by 0x4045B6: createElementInt (hash.c:57)
==19188==    by 0x40475E: insertInt (hash.c:94)
==19188==    by 0x403F16: get_token_hasht (token.c:165)
==19188==    by 0x4069D7: printParseTreeForHTML (parser.c:342)
==19188==    by 0x400CB5: main (visualize.c:15)
==19188== 
==19188== 48 bytes in 1 blocks are indirectly lost in loss record 642 of 917
==19188==    at 0x4C2DB8F: malloc (in /usr/lib/valgrind/vgpreload_memcheck-amd64-linux.so)
==19188==    by 0x4045B6: createElementInt (hash.c:57)
==19188==    by 0x40475E: insertInt (hash.c:94)
==19188==    by 0x403F2C: get_token_hasht (token.c:166)
==19188==    by 0x4069D7: printParseTreeForHTML (parser.c:342)
==19188==    by 0x400CB5: main (visualize.c:15)
==19188== 
==19188== 48 bytes in 1 blocks are indirectly lost in loss record 643 of 917
==19188==    at 0x4C2DB8F: malloc (in /usr/lib/valgrind/vgpreload_memcheck-amd64-linux.so)
==19188==    by 0x4045B6: createElementInt (hash.c:57)
==19188==    by 0x40475E: insertInt (hash.c:94)
==19188==    by 0x403F42: get_token_hasht (token.c:167)
==19188==    by 0x4069D7: printParseTreeForHTML (parser.c:342)
==19188==    by 0x400CB5: main (visualize.c:15)
==19188== 
==19188== 48 bytes in 1 blocks are indirectly lost in loss record 644 of 917
==19188==    at 0x4C2DB8F: malloc (in /usr/lib/valgrind/vgpreload_memcheck-amd64-linux.so)
==19188==    by 0x4045B6: createElementInt (hash.c:57)
==19188==    by 0x40475E: insertInt (hash.c:94)
==19188==    by 0x403F58: get_token_hasht (token.c:168)
==19188==    by 0x4069D7: printParseTreeForHTML (parser.c:342)
==19188==    by 0x400CB5: main (visualize.c:15)
==19188== 
==19188== 48 bytes in 1 blocks are indirectly lost in loss record 645 of 917
==19188==    at 0x4C2DB8F: malloc (in /usr/lib/valgrind/vgpreload_memcheck-amd64-linux.so)
==19188==    by 0x4045B6: createElementInt (hash.c:57)
==19188==    by 0x40475E: insertInt (hash.c:94)
==19188==    by 0x403F6E: get_token_hasht (token.c:169)
==19188==    by 0x4069D7: printParseTreeForHTML (parser.c:342)
==19188==    by 0x400CB5: main (visualize.c:15)
==19188== 
==19188== 48 bytes in 1 blocks are indirectly lost in loss record 646 of 917
==19188==    at 0x4C2DB8F: malloc (in /usr/lib/valgrind/vgpreload_memcheck-amd64-linux.so)
==19188==    by 0x4045B6: createElementInt (hash.c:57)
==19188==    by 0x40475E: insertInt (hash.c:94)
==19188==    by 0x4040B8: get_token_hasht (token.c:184)
==19188==    by 0x4069D7: printParseTreeForHTML (parser.c:342)
==19188==    by 0x400CB5: main (visualize.c:15)
==19188== 
==19188== 48 bytes in 1 blocks are definitely lost in loss record 647 of 917
==19188==    at 0x4C2DB8F: malloc (in /usr/lib/valgrind/vgpreload_memcheck-amd64-linux.so)
==19188==    by 0x4035B8: get_token_names (token.c:59)
==19188==    by 0x4069B3: printParseTreeForHTML (parser.c:337)
==19188==    by 0x400CB5: main (visualize.c:15)
==19188== 
==19188== 48 bytes in 1 blocks are definitely lost in loss record 648 of 917
==19188==    at 0x4C2DB8F: malloc (in /usr/lib/valgrind/vgpreload_memcheck-amd64-linux.so)
==19188==    by 0x4035B8: get_token_names (token.c:59)
==19188==    by 0x4013B3: populate_dfa (populate_dfa.c:144)
==19188==    by 0x404E4D: createDFA (lexer.c:10)
==19188==    by 0x404EE1: getNextToken (lexer.c:23)
==19188==    by 0x406264: parseTree (parser.c:102)
==19188==    by 0x406EA2: printParseTreeForHTML (parser.c:396)
==19188==    by 0x400CB5: main (visualize.c:15)
==19188== 
==19188== 48 bytes in 3 blocks are definitely lost in loss record 649 of 917
==19188==    at 0x4C2DB8F: malloc (in /usr/lib/valgrind/vgpreload_memcheck-amd64-linux.so)
==19188==    by 0x40873A: a_gives_b_a_reduce_with_both (semantic_functions.c:332)
==19188==    by 0x4088F9: post_order_traversal (traversal.c:15)
==19188==    by 0x408876: post_order_traversal (traversal.c:10)
==19188==    by 0x408876: post_order_traversal (traversal.c:10)
==19188==    by 0x408876: post_order_traversal (traversal.c:10)
==19188==    by 0x408876: post_order_traversal (traversal.c:10)
==19188==    by 0x408876: post_order_traversal (traversal.c:10)
==19188==    by 0x406EB2: printParseTreeForHTML (parser.c:397)
==19188==    by 0x400CB5: main (visualize.c:15)
==19188== 
==19188== 56 bytes in 1 blocks are still reachable in loss record 650 of 917
==19188==    at 0x4C2DB8F: malloc (in /usr/lib/valgrind/vgpreload_memcheck-amd64-linux.so)
==19188==    by 0x4031AF: get_token_names (token.c:19)
==19188==    by 0x4013B3: populate_dfa (populate_dfa.c:144)
==19188==    by 0x404E4D: createDFA (lexer.c:10)
==19188==    by 0x404EE1: getNextToken (lexer.c:23)
==19188==    by 0x406264: parseTree (parser.c:102)
==19188==    by 0x406EA2: printParseTreeForHTML (parser.c:396)
==19188==    by 0x400CB5: main (visualize.c:15)
==19188== 
==19188== 56 bytes in 1 blocks are still reachable in loss record 651 of 917
==19188==    at 0x4C2DB8F: malloc (in /usr/lib/valgrind/vgpreload_memcheck-amd64-linux.so)
==19188==    by 0x403285: get_token_names (token.c:27)
==19188==    by 0x4013B3: populate_dfa (populate_dfa.c:144)
==19188==    by 0x404E4D: createDFA (lexer.c:10)
==19188==    by 0x404EE1: getNextToken (lexer.c:23)
==19188==    by 0x406264: parseTree (parser.c:102)
==19188==    by 0x406EA2: printParseTreeForHTML (parser.c:396)
==19188==    by 0x400CB5: main (visualize.c:15)
==19188== 
==19188== 56 bytes in 1 blocks are still reachable in loss record 652 of 917
==19188==    at 0x4C2DB8F: malloc (in /usr/lib/valgrind/vgpreload_memcheck-amd64-linux.so)
==19188==    by 0x4032B7: get_token_names (token.c:29)
==19188==    by 0x4013B3: populate_dfa (populate_dfa.c:144)
==19188==    by 0x404E4D: createDFA (lexer.c:10)
==19188==    by 0x404EE1: getNextToken (lexer.c:23)
==19188==    by 0x406264: parseTree (parser.c:102)
==19188==    by 0x406EA2: printParseTreeForHTML (parser.c:396)
==19188==    by 0x400CB5: main (visualize.c:15)
==19188== 
==19188== 56 bytes in 1 blocks are still reachable in loss record 653 of 917
==19188==    at 0x4C2DB8F: malloc (in /usr/lib/valgrind/vgpreload_memcheck-amd64-linux.so)
==19188==    by 0x403320: get_token_names (token.c:33)
==19188==    by 0x4013B3: populate_dfa (populate_dfa.c:144)
==19188==    by 0x404E4D: createDFA (lexer.c:10)
==19188==    by 0x404EE1: getNextToken (lexer.c:23)
==19188==    by 0x406264: parseTree (parser.c:102)
==19188==    by 0x406EA2: printParseTreeForHTML (parser.c:396)
==19188==    by 0x400CB5: main (visualize.c:15)
==19188== 
==19188== 56 bytes in 1 blocks are still reachable in loss record 654 of 917
==19188==    at 0x4C2DB8F: malloc (in /usr/lib/valgrind/vgpreload_memcheck-amd64-linux.so)
==19188==    by 0x40338B: get_token_names (token.c:37)
==19188==    by 0x4013B3: populate_dfa (populate_dfa.c:144)
==19188==    by 0x404E4D: createDFA (lexer.c:10)
==19188==    by 0x404EE1: getNextToken (lexer.c:23)
==19188==    by 0x406264: parseTree (parser.c:102)
==19188==    by 0x406EA2: printParseTreeForHTML (parser.c:396)
==19188==    by 0x400CB5: main (visualize.c:15)
==19188== 
==19188== 56 bytes in 1 blocks are still reachable in loss record 655 of 917
==19188==    at 0x4C2DB8F: malloc (in /usr/lib/valgrind/vgpreload_memcheck-amd64-linux.so)
==19188==    by 0x40348A: get_token_names (token.c:47)
==19188==    by 0x4013B3: populate_dfa (populate_dfa.c:144)
==19188==    by 0x404E4D: createDFA (lexer.c:10)
==19188==    by 0x404EE1: getNextToken (lexer.c:23)
==19188==    by 0x406264: parseTree (parser.c:102)
==19188==    by 0x406EA2: printParseTreeForHTML (parser.c:396)
==19188==    by 0x400CB5: main (visualize.c:15)
==19188== 
==19188== 56 bytes in 1 blocks are still reachable in loss record 656 of 917
==19188==    at 0x4C2DB8F: malloc (in /usr/lib/valgrind/vgpreload_memcheck-amd64-linux.so)
==19188==    by 0x4034BF: get_token_names (token.c:49)
==19188==    by 0x4013B3: populate_dfa (populate_dfa.c:144)
==19188==    by 0x404E4D: createDFA (lexer.c:10)
==19188==    by 0x404EE1: getNextToken (lexer.c:23)
==19188==    by 0x406264: parseTree (parser.c:102)
==19188==    by 0x406EA2: printParseTreeForHTML (parser.c:396)
==19188==    by 0x400CB5: main (visualize.c:15)
==19188== 
==19188== 56 bytes in 1 blocks are still reachable in loss record 657 of 917
==19188==    at 0x4C2DB8F: malloc (in /usr/lib/valgrind/vgpreload_memcheck-amd64-linux.so)
==19188==    by 0x4034F4: get_token_names (token.c:51)
==19188==    by 0x4013B3: populate_dfa (populate_dfa.c:144)
==19188==    by 0x404E4D: createDFA (lexer.c:10)
==19188==    by 0x404EE1: getNextToken (lexer.c:23)
==19188==    by 0x406264: parseTree (parser.c:102)
==19188==    by 0x406EA2: printParseTreeForHTML (parser.c:396)
==19188==    by 0x400CB5: main (visualize.c:15)
==19188== 
==19188== 56 bytes in 1 blocks are still reachable in loss record 658 of 917
==19188==    at 0x4C2DB8F: malloc (in /usr/lib/valgrind/vgpreload_memcheck-amd64-linux.so)
==19188==    by 0x40355A: get_token_names (token.c:55)
==19188==    by 0x4013B3: populate_dfa (populate_dfa.c:144)
==19188==    by 0x404E4D: createDFA (lexer.c:10)
==19188==    by 0x404EE1: getNextToken (lexer.c:23)
==19188==    by 0x406264: parseTree (parser.c:102)
==19188==    by 0x406EA2: printParseTreeForHTML (parser.c:396)
==19188==    by 0x400CB5: main (visualize.c:15)
==19188== 
==19188== 56 bytes in 1 blocks are still reachable in loss record 659 of 917
==19188==    at 0x4C2DB8F: malloc (in /usr/lib/valgrind/vgpreload_memcheck-amd64-linux.so)
==19188==    by 0x40373E: get_token_names (token.c:75)
==19188==    by 0x4013B3: populate_dfa (populate_dfa.c:144)
==19188==    by 0x404E4D: createDFA (lexer.c:10)
==19188==    by 0x404EE1: getNextToken (lexer.c:23)
==19188==    by 0x406264: parseTree (parser.c:102)
==19188==    by 0x406EA2: printParseTreeForHTML (parser.c:396)
==19188==    by 0x400CB5: main (visualize.c:15)
==19188== 
==19188== 56 bytes in 1 blocks are still reachable in loss record 660 of 917
==19188==    at 0x4C2DB8F: malloc (in /usr/lib/valgrind/vgpreload_memcheck-amd64-linux.so)
==19188==    by 0x403922: get_token_names (token.c:93)
==19188==    by 0x4013B3: populate_dfa (populate_dfa.c:144)
==19188==    by 0x404E4D: createDFA (lexer.c:10)
==19188==    by 0x404EE1: getNextToken (lexer.c:23)
==19188==    by 0x406264: parseTree (parser.c:102)
==19188==    by 0x406EA2: printParseTreeForHTML (parser.c:396)
==19188==    by 0x400CB5: main (visualize.c:15)
==19188== 
==19188== 56 bytes in 1 blocks are still reachable in loss record 661 of 917
==19188==    at 0x4C2DB8F: malloc (in /usr/lib/valgrind/vgpreload_memcheck-amd64-linux.so)
==19188==    by 0x403C0A: get_token_names (token.c:122)
==19188==    by 0x4013B3: populate_dfa (populate_dfa.c:144)
==19188==    by 0x404E4D: createDFA (lexer.c:10)
==19188==    by 0x404EE1: getNextToken (lexer.c:23)
==19188==    by 0x406264: parseTree (parser.c:102)
==19188==    by 0x406EA2: printParseTreeForHTML (parser.c:396)
==19188==    by 0x400CB5: main (visualize.c:15)
==19188== 
==19188== 56 bytes in 1 blocks are still reachable in loss record 662 of 917
==19188==    at 0x4C2DB8F: malloc (in /usr/lib/valgrind/vgpreload_memcheck-amd64-linux.so)
==19188==    by 0x4045B6: createElementInt (hash.c:57)
==19188==    by 0x40475E: insertInt (hash.c:94)
==19188==    by 0x403D48: get_token_hasht (token.c:144)
==19188==    by 0x4013C1: populate_dfa (populate_dfa.c:145)
==19188==    by 0x404E4D: createDFA (lexer.c:10)
==19188==    by 0x404EE1: getNextToken (lexer.c:23)
==19188==    by 0x406264: parseTree (parser.c:102)
==19188==    by 0x406EA2: printParseTreeForHTML (parser.c:396)
==19188==    by 0x400CB5: main (visualize.c:15)
==19188== 
==19188== 56 bytes in 1 blocks are still reachable in loss record 663 of 917
==19188==    at 0x4C2DB8F: malloc (in /usr/lib/valgrind/vgpreload_memcheck-amd64-linux.so)
==19188==    by 0x4045B6: createElementInt (hash.c:57)
==19188==    by 0x40475E: insertInt (hash.c:94)
==19188==    by 0x403DA0: get_token_hasht (token.c:148)
==19188==    by 0x4013C1: populate_dfa (populate_dfa.c:145)
==19188==    by 0x404E4D: createDFA (lexer.c:10)
==19188==    by 0x404EE1: getNextToken (lexer.c:23)
==19188==    by 0x406264: parseTree (parser.c:102)
==19188==    by 0x406EA2: printParseTreeForHTML (parser.c:396)
==19188==    by 0x400CB5: main (visualize.c:15)
==19188== 
==19188== 56 bytes in 1 blocks are still reachable in loss record 664 of 917
==19188==    at 0x4C2DB8F: malloc (in /usr/lib/valgrind/vgpreload_memcheck-amd64-linux.so)
==19188==    by 0x4045B6: createElementInt (hash.c:57)
==19188==    by 0x40475E: insertInt (hash.c:94)
==19188==    by 0x403DB6: get_token_hasht (token.c:149)
==19188==    by 0x4013C1: populate_dfa (populate_dfa.c:145)
==19188==    by 0x404E4D: createDFA (lexer.c:10)
==19188==    by 0x404EE1: getNextToken (lexer.c:23)
==19188==    by 0x406264: parseTree (parser.c:102)
==19188==    by 0x406EA2: printParseTreeForHTML (parser.c:396)
==19188==    by 0x400CB5: main (visualize.c:15)
==19188== 
==19188== 56 bytes in 1 blocks are still reachable in loss record 665 of 917
==19188==    at 0x4C2DB8F: malloc (in /usr/lib/valgrind/vgpreload_memcheck-amd64-linux.so)
==19188==    by 0x4045B6: createElementInt (hash.c:57)
==19188==    by 0x40475E: insertInt (hash.c:94)
==19188==    by 0x403DE2: get_token_hasht (token.c:151)
==19188==    by 0x4013C1: populate_dfa (populate_dfa.c:145)
==19188==    by 0x404E4D: createDFA (lexer.c:10)
==19188==    by 0x404EE1: getNextToken (lexer.c:23)
==19188==    by 0x406264: parseTree (parser.c:102)
==19188==    by 0x406EA2: printParseTreeForHTML (parser.c:396)
==19188==    by 0x400CB5: main (visualize.c:15)
==19188== 
==19188== 56 bytes in 1 blocks are still reachable in loss record 666 of 917
==19188==    at 0x4C2DB8F: malloc (in /usr/lib/valgrind/vgpreload_memcheck-amd64-linux.so)
==19188==    by 0x4045B6: createElementInt (hash.c:57)
==19188==    by 0x40475E: insertInt (hash.c:94)
==19188==    by 0x403E0E: get_token_hasht (token.c:153)
==19188==    by 0x4013C1: populate_dfa (populate_dfa.c:145)
==19188==    by 0x404E4D: createDFA (lexer.c:10)
==19188==    by 0x404EE1: getNextToken (lexer.c:23)
==19188==    by 0x406264: parseTree (parser.c:102)
==19188==    by 0x406EA2: printParseTreeForHTML (parser.c:396)
==19188==    by 0x400CB5: main (visualize.c:15)
==19188== 
==19188== 56 bytes in 1 blocks are still reachable in loss record 667 of 917
==19188==    at 0x4C2DB8F: malloc (in /usr/lib/valgrind/vgpreload_memcheck-amd64-linux.so)
==19188==    by 0x4045B6: createElementInt (hash.c:57)
==19188==    by 0x40475E: insertInt (hash.c:94)
==19188==    by 0x403E7C: get_token_hasht (token.c:158)
==19188==    by 0x4013C1: populate_dfa (populate_dfa.c:145)
==19188==    by 0x404E4D: createDFA (lexer.c:10)
==19188==    by 0x404EE1: getNextToken (lexer.c:23)
==19188==    by 0x406264: parseTree (parser.c:102)
==19188==    by 0x406EA2: printParseTreeForHTML (parser.c:396)
==19188==    by 0x400CB5: main (visualize.c:15)
==19188== 
==19188== 56 bytes in 1 blocks are still reachable in loss record 668 of 917
==19188==    at 0x4C2DB8F: malloc (in /usr/lib/valgrind/vgpreload_memcheck-amd64-linux.so)
==19188==    by 0x4045B6: createElementInt (hash.c:57)
==19188==    by 0x40475E: insertInt (hash.c:94)
==19188==    by 0x403E92: get_token_hasht (token.c:159)
==19188==    by 0x4013C1: populate_dfa (populate_dfa.c:145)
==19188==    by 0x404E4D: createDFA (lexer.c:10)
==19188==    by 0x404EE1: getNextToken (lexer.c:23)
==19188==    by 0x406264: parseTree (parser.c:102)
==19188==    by 0x406EA2: printParseTreeForHTML (parser.c:396)
==19188==    by 0x400CB5: main (visualize.c:15)
==19188== 
==19188== 56 bytes in 1 blocks are still reachable in loss record 669 of 917
==19188==    at 0x4C2DB8F: malloc (in /usr/lib/valgrind/vgpreload_memcheck-amd64-linux.so)
==19188==    by 0x4045B6: createElementInt (hash.c:57)
==19188==    by 0x40475E: insertInt (hash.c:94)
==19188==    by 0x403EA8: get_token_hasht (token.c:160)
==19188==    by 0x4013C1: populate_dfa (populate_dfa.c:145)
==19188==    by 0x404E4D: createDFA (lexer.c:10)
==19188==    by 0x404EE1: getNextToken (lexer.c:23)
==19188==    by 0x406264: parseTree (parser.c:102)
==19188==    by 0x406EA2: printParseTreeForHTML (parser.c:396)
==19188==    by 0x400CB5: main (visualize.c:15)
==19188== 
==19188== 56 bytes in 1 blocks are still reachable in loss record 670 of 917
==19188==    at 0x4C2DB8F: malloc (in /usr/lib/valgrind/vgpreload_memcheck-amd64-linux.so)
==19188==    by 0x4045B6: createElementInt (hash.c:57)
==19188==    by 0x40475E: insertInt (hash.c:94)
==19188==    by 0x403ED4: get_token_hasht (token.c:162)
==19188==    by 0x4013C1: populate_dfa (populate_dfa.c:145)
==19188==    by 0x404E4D: createDFA (lexer.c:10)
==19188==    by 0x404EE1: getNextToken (lexer.c:23)
==19188==    by 0x406264: parseTree (parser.c:102)
==19188==    by 0x406EA2: printParseTreeForHTML (parser.c:396)
==19188==    by 0x400CB5: main (visualize.c:15)
==19188== 
==19188== 56 bytes in 1 blocks are still reachable in loss record 671 of 917
==19188==    at 0x4C2DB8F: malloc (in /usr/lib/valgrind/vgpreload_memcheck-amd64-linux.so)
==19188==    by 0x4045B6: createElementInt (hash.c:57)
==19188==    by 0x40475E: insertInt (hash.c:94)
==19188==    by 0x403FB0: get_token_hasht (token.c:172)
==19188==    by 0x4013C1: populate_dfa (populate_dfa.c:145)
==19188==    by 0x404E4D: createDFA (lexer.c:10)
==19188==    by 0x404EE1: getNextToken (lexer.c:23)
==19188==    by 0x406264: parseTree (parser.c:102)
==19188==    by 0x406EA2: printParseTreeForHTML (parser.c:396)
==19188==    by 0x400CB5: main (visualize.c:15)
==19188== 
==19188== 56 bytes in 1 blocks are still reachable in loss record 672 of 917
==19188==    at 0x4C2DB8F: malloc (in /usr/lib/valgrind/vgpreload_memcheck-amd64-linux.so)
==19188==    by 0x4045B6: createElementInt (hash.c:57)
==19188==    by 0x40475E: insertInt (hash.c:94)
==19188==    by 0x404076: get_token_hasht (token.c:181)
==19188==    by 0x4013C1: populate_dfa (populate_dfa.c:145)
==19188==    by 0x404E4D: createDFA (lexer.c:10)
==19188==    by 0x404EE1: getNextToken (lexer.c:23)
==19188==    by 0x406264: parseTree (parser.c:102)
==19188==    by 0x406EA2: printParseTreeForHTML (parser.c:396)
==19188==    by 0x400CB5: main (visualize.c:15)
==19188== 
==19188== 56 bytes in 1 blocks are still reachable in loss record 673 of 917
==19188==    at 0x4C2DB8F: malloc (in /usr/lib/valgrind/vgpreload_memcheck-amd64-linux.so)
==19188==    by 0x4045B6: createElementInt (hash.c:57)
==19188==    by 0x40475E: insertInt (hash.c:94)
==19188==    by 0x4041AA: get_token_hasht (token.c:196)
==19188==    by 0x4013C1: populate_dfa (populate_dfa.c:145)
==19188==    by 0x404E4D: createDFA (lexer.c:10)
==19188==    by 0x404EE1: getNextToken (lexer.c:23)
==19188==    by 0x406264: parseTree (parser.c:102)
==19188==    by 0x406EA2: printParseTreeForHTML (parser.c:396)
==19188==    by 0x400CB5: main (visualize.c:15)
==19188== 
==19188== 56 bytes in 1 blocks are still reachable in loss record 674 of 917
==19188==    at 0x4C2DB8F: malloc (in /usr/lib/valgrind/vgpreload_memcheck-amd64-linux.so)
==19188==    by 0x4045B6: createElementInt (hash.c:57)
==19188==    by 0x40475E: insertInt (hash.c:94)
==19188==    by 0x404275: get_keyword_hasht (token.c:213)
==19188==    by 0x404FB1: getNextToken (lexer.c:36)
==19188==    by 0x406264: parseTree (parser.c:102)
==19188==    by 0x406EA2: printParseTreeForHTML (parser.c:396)
==19188==    by 0x400CB5: main (visualize.c:15)
==19188== 
==19188== 56 bytes in 1 blocks are still reachable in loss record 675 of 917
==19188==    at 0x4C2DB8F: malloc (in /usr/lib/valgrind/vgpreload_memcheck-amd64-linux.so)
==19188==    by 0x4045B6: createElementInt (hash.c:57)
==19188==    by 0x40475E: insertInt (hash.c:94)
==19188==    by 0x40433B: get_keyword_hasht (token.c:222)
==19188==    by 0x404FB1: getNextToken (lexer.c:36)
==19188==    by 0x406264: parseTree (parser.c:102)
==19188==    by 0x406EA2: printParseTreeForHTML (parser.c:396)
==19188==    by 0x400CB5: main (visualize.c:15)
==19188== 
==19188== 56 bytes in 1 blocks are still reachable in loss record 676 of 917
==19188==    at 0x4C2DB8F: malloc (in /usr/lib/valgrind/vgpreload_memcheck-amd64-linux.so)
==19188==    by 0x4045B6: createElementInt (hash.c:57)
==19188==    by 0x40475E: insertInt (hash.c:94)
==19188==    by 0x4043EB: get_keyword_hasht (token.c:230)
==19188==    by 0x404FB1: getNextToken (lexer.c:36)
==19188==    by 0x406264: parseTree (parser.c:102)
==19188==    by 0x406EA2: printParseTreeForHTML (parser.c:396)
==19188==    by 0x400CB5: main (visualize.c:15)
==19188== 
==19188== 56 bytes in 1 blocks are still reachable in loss record 677 of 917
==19188==    at 0x4C2DB8F: malloc (in /usr/lib/valgrind/vgpreload_memcheck-amd64-linux.so)
==19188==    by 0x4045B6: createElementInt (hash.c:57)
==19188==    by 0x40475E: insertInt (hash.c:94)
==19188==    by 0x404401: get_keyword_hasht (token.c:231)
==19188==    by 0x404FB1: getNextToken (lexer.c:36)
==19188==    by 0x406264: parseTree (parser.c:102)
==19188==    by 0x406EA2: printParseTreeForHTML (parser.c:396)
==19188==    by 0x400CB5: main (visualize.c:15)
==19188== 
==19188== 56 bytes in 1 blocks are possibly lost in loss record 678 of 917
==19188==    at 0x4C2DB8F: malloc (in /usr/lib/valgrind/vgpreload_memcheck-amd64-linux.so)
==19188==    by 0x4031AF: get_token_names (token.c:19)
==19188==    by 0x4069B3: printParseTreeForHTML (parser.c:337)
==19188==    by 0x400CB5: main (visualize.c:15)
==19188== 
==19188== 56 bytes in 1 blocks are possibly lost in loss record 679 of 917
==19188==    at 0x4C2DB8F: malloc (in /usr/lib/valgrind/vgpreload_memcheck-amd64-linux.so)
==19188==    by 0x403285: get_token_names (token.c:27)
==19188==    by 0x4069B3: printParseTreeForHTML (parser.c:337)
==19188==    by 0x400CB5: main (visualize.c:15)
==19188== 
==19188== 56 bytes in 1 blocks are possibly lost in loss record 680 of 917
==19188==    at 0x4C2DB8F: malloc (in /usr/lib/valgrind/vgpreload_memcheck-amd64-linux.so)
==19188==    by 0x4032B7: get_token_names (token.c:29)
==19188==    by 0x4069B3: printParseTreeForHTML (parser.c:337)
==19188==    by 0x400CB5: main (visualize.c:15)
==19188== 
==19188== 56 bytes in 1 blocks are possibly lost in loss record 681 of 917
==19188==    at 0x4C2DB8F: malloc (in /usr/lib/valgrind/vgpreload_memcheck-amd64-linux.so)
==19188==    by 0x403320: get_token_names (token.c:33)
==19188==    by 0x4069B3: printParseTreeForHTML (parser.c:337)
==19188==    by 0x400CB5: main (visualize.c:15)
==19188== 
==19188== 56 bytes in 1 blocks are possibly lost in loss record 682 of 917
==19188==    at 0x4C2DB8F: malloc (in /usr/lib/valgrind/vgpreload_memcheck-amd64-linux.so)
==19188==    by 0x40338B: get_token_names (token.c:37)
==19188==    by 0x4069B3: printParseTreeForHTML (parser.c:337)
==19188==    by 0x400CB5: main (visualize.c:15)
==19188== 
==19188== 56 bytes in 1 blocks are possibly lost in loss record 683 of 917
==19188==    at 0x4C2DB8F: malloc (in /usr/lib/valgrind/vgpreload_memcheck-amd64-linux.so)
==19188==    by 0x40348A: get_token_names (token.c:47)
==19188==    by 0x4069B3: printParseTreeForHTML (parser.c:337)
==19188==    by 0x400CB5: main (visualize.c:15)
==19188== 
==19188== 56 bytes in 1 blocks are possibly lost in loss record 684 of 917
==19188==    at 0x4C2DB8F: malloc (in /usr/lib/valgrind/vgpreload_memcheck-amd64-linux.so)
==19188==    by 0x4034BF: get_token_names (token.c:49)
==19188==    by 0x4069B3: printParseTreeForHTML (parser.c:337)
==19188==    by 0x400CB5: main (visualize.c:15)
==19188== 
==19188== 56 bytes in 1 blocks are possibly lost in loss record 685 of 917
==19188==    at 0x4C2DB8F: malloc (in /usr/lib/valgrind/vgpreload_memcheck-amd64-linux.so)
==19188==    by 0x4034F4: get_token_names (token.c:51)
==19188==    by 0x4069B3: printParseTreeForHTML (parser.c:337)
==19188==    by 0x400CB5: main (visualize.c:15)
==19188== 
==19188== 56 bytes in 1 blocks are possibly lost in loss record 686 of 917
==19188==    at 0x4C2DB8F: malloc (in /usr/lib/valgrind/vgpreload_memcheck-amd64-linux.so)
==19188==    by 0x40355A: get_token_names (token.c:55)
==19188==    by 0x4069B3: printParseTreeForHTML (parser.c:337)
==19188==    by 0x400CB5: main (visualize.c:15)
==19188== 
==19188== 56 bytes in 1 blocks are possibly lost in loss record 687 of 917
==19188==    at 0x4C2DB8F: malloc (in /usr/lib/valgrind/vgpreload_memcheck-amd64-linux.so)
==19188==    by 0x40373E: get_token_names (token.c:75)
==19188==    by 0x4069B3: printParseTreeForHTML (parser.c:337)
==19188==    by 0x400CB5: main (visualize.c:15)
==19188== 
==19188== 56 bytes in 1 blocks are possibly lost in loss record 688 of 917
==19188==    at 0x4C2DB8F: malloc (in /usr/lib/valgrind/vgpreload_memcheck-amd64-linux.so)
==19188==    by 0x403922: get_token_names (token.c:93)
==19188==    by 0x4069B3: printParseTreeForHTML (parser.c:337)
==19188==    by 0x400CB5: main (visualize.c:15)
==19188== 
==19188== 56 bytes in 1 blocks are possibly lost in loss record 689 of 917
==19188==    at 0x4C2DB8F: malloc (in /usr/lib/valgrind/vgpreload_memcheck-amd64-linux.so)
==19188==    by 0x403C0A: get_token_names (token.c:122)
==19188==    by 0x4069B3: printParseTreeForHTML (parser.c:337)
==19188==    by 0x400CB5: main (visualize.c:15)
==19188== 
==19188== 56 bytes in 1 blocks are indirectly lost in loss record 690 of 917
==19188==    at 0x4C2DB8F: malloc (in /usr/lib/valgrind/vgpreload_memcheck-amd64-linux.so)
==19188==    by 0x4045B6: createElementInt (hash.c:57)
==19188==    by 0x40475E: insertInt (hash.c:94)
==19188==    by 0x403D48: get_token_hasht (token.c:144)
==19188==    by 0x4069D7: printParseTreeForHTML (parser.c:342)
==19188==    by 0x400CB5: main (visualize.c:15)
==19188== 
==19188== 56 bytes in 1 blocks are indirectly lost in loss record 691 of 917
==19188==    at 0x4C2DB8F: malloc (in /usr/lib/valgrind/vgpreload_memcheck-amd64-linux.so)
==19188==    by 0x4045B6: createElementInt (hash.c:57)
==19188==    by 0x40475E: insertInt (hash.c:94)
==19188==    by 0x403DA0: get_token_hasht (token.c:148)
==19188==    by 0x4069D7: printParseTreeForHTML (parser.c:342)
==19188==    by 0x400CB5: main (visualize.c:15)
==19188== 
==19188== 56 bytes in 1 blocks are indirectly lost in loss record 692 of 917
==19188==    at 0x4C2DB8F: malloc (in /usr/lib/valgrind/vgpreload_memcheck-amd64-linux.so)
==19188==    by 0x4045B6: createElementInt (hash.c:57)
==19188==    by 0x40475E: insertInt (hash.c:94)
==19188==    by 0x403DB6: get_token_hasht (token.c:149)
==19188==    by 0x4069D7: printParseTreeForHTML (parser.c:342)
==19188==    by 0x400CB5: main (visualize.c:15)
==19188== 
==19188== 56 bytes in 1 blocks are indirectly lost in loss record 693 of 917
==19188==    at 0x4C2DB8F: malloc (in /usr/lib/valgrind/vgpreload_memcheck-amd64-linux.so)
==19188==    by 0x4045B6: createElementInt (hash.c:57)
==19188==    by 0x40475E: insertInt (hash.c:94)
==19188==    by 0x403DE2: get_token_hasht (token.c:151)
==19188==    by 0x4069D7: printParseTreeForHTML (parser.c:342)
==19188==    by 0x400CB5: main (visualize.c:15)
==19188== 
==19188== 56 bytes in 1 blocks are indirectly lost in loss record 694 of 917
==19188==    at 0x4C2DB8F: malloc (in /usr/lib/valgrind/vgpreload_memcheck-amd64-linux.so)
==19188==    by 0x4045B6: createElementInt (hash.c:57)
==19188==    by 0x40475E: insertInt (hash.c:94)
==19188==    by 0x403E0E: get_token_hasht (token.c:153)
==19188==    by 0x4069D7: printParseTreeForHTML (parser.c:342)
==19188==    by 0x400CB5: main (visualize.c:15)
==19188== 
==19188== 56 bytes in 1 blocks are indirectly lost in loss record 695 of 917
==19188==    at 0x4C2DB8F: malloc (in /usr/lib/valgrind/vgpreload_memcheck-amd64-linux.so)
==19188==    by 0x4045B6: createElementInt (hash.c:57)
==19188==    by 0x40475E: insertInt (hash.c:94)
==19188==    by 0x403E7C: get_token_hasht (token.c:158)
==19188==    by 0x4069D7: printParseTreeForHTML (parser.c:342)
==19188==    by 0x400CB5: main (visualize.c:15)
==19188== 
==19188== 56 bytes in 1 blocks are indirectly lost in loss record 696 of 917
==19188==    at 0x4C2DB8F: malloc (in /usr/lib/valgrind/vgpreload_memcheck-amd64-linux.so)
==19188==    by 0x4045B6: createElementInt (hash.c:57)
==19188==    by 0x40475E: insertInt (hash.c:94)
==19188==    by 0x403E92: get_token_hasht (token.c:159)
==19188==    by 0x4069D7: printParseTreeForHTML (parser.c:342)
==19188==    by 0x400CB5: main (visualize.c:15)
==19188== 
==19188== 56 bytes in 1 blocks are indirectly lost in loss record 697 of 917
==19188==    at 0x4C2DB8F: malloc (in /usr/lib/valgrind/vgpreload_memcheck-amd64-linux.so)
==19188==    by 0x4045B6: createElementInt (hash.c:57)
==19188==    by 0x40475E: insertInt (hash.c:94)
==19188==    by 0x403EA8: get_token_hasht (token.c:160)
==19188==    by 0x4069D7: printParseTreeForHTML (parser.c:342)
==19188==    by 0x400CB5: main (visualize.c:15)
==19188== 
==19188== 56 bytes in 1 blocks are indirectly lost in loss record 698 of 917
==19188==    at 0x4C2DB8F: malloc (in /usr/lib/valgrind/vgpreload_memcheck-amd64-linux.so)
==19188==    by 0x4045B6: createElementInt (hash.c:57)
==19188==    by 0x40475E: insertInt (hash.c:94)
==19188==    by 0x403ED4: get_token_hasht (token.c:162)
==19188==    by 0x4069D7: printParseTreeForHTML (parser.c:342)
==19188==    by 0x400CB5: main (visualize.c:15)
==19188== 
==19188== 56 bytes in 1 blocks are indirectly lost in loss record 699 of 917
==19188==    at 0x4C2DB8F: malloc (in /usr/lib/valgrind/vgpreload_memcheck-amd64-linux.so)
==19188==    by 0x4045B6: createElementInt (hash.c:57)
==19188==    by 0x40475E: insertInt (hash.c:94)
==19188==    by 0x403FB0: get_token_hasht (token.c:172)
==19188==    by 0x4069D7: printParseTreeForHTML (parser.c:342)
==19188==    by 0x400CB5: main (visualize.c:15)
==19188== 
==19188== 56 bytes in 1 blocks are indirectly lost in loss record 700 of 917
==19188==    at 0x4C2DB8F: malloc (in /usr/lib/valgrind/vgpreload_memcheck-amd64-linux.so)
==19188==    by 0x4045B6: createElementInt (hash.c:57)
==19188==    by 0x40475E: insertInt (hash.c:94)
==19188==    by 0x404076: get_token_hasht (token.c:181)
==19188==    by 0x4069D7: printParseTreeForHTML (parser.c:342)
==19188==    by 0x400CB5: main (visualize.c:15)
==19188== 
==19188== 56 bytes in 1 blocks are indirectly lost in loss record 701 of 917
==19188==    at 0x4C2DB8F: malloc (in /usr/lib/valgrind/vgpreload_memcheck-amd64-linux.so)
==19188==    by 0x4045B6: createElementInt (hash.c:57)
==19188==    by 0x40475E: insertInt (hash.c:94)
==19188==    by 0x4041AA: get_token_hasht (token.c:196)
==19188==    by 0x4069D7: printParseTreeForHTML (parser.c:342)
==19188==    by 0x400CB5: main (visualize.c:15)
==19188== 
==19188== 56 (8 direct, 48 indirect) bytes in 1 blocks are definitely lost in loss record 702 of 917
==19188==    at 0x4C2DB8F: malloc (in /usr/lib/valgrind/vgpreload_memcheck-amd64-linux.so)
==19188==    by 0x406F99: newStack (Stack.c:22)
==19188==    by 0x405BF1: parseTree (parser.c:92)
==19188==    by 0x406EA2: printParseTreeForHTML (parser.c:396)
==19188==    by 0x400CB5: main (visualize.c:15)
==19188== 
==19188== 64 bytes in 1 blocks are still reachable in loss record 703 of 917
==19188==    at 0x4C2DB8F: malloc (in /usr/lib/valgrind/vgpreload_memcheck-amd64-linux.so)
==19188==    by 0x4031E4: get_token_names (token.c:21)
==19188==    by 0x4013B3: populate_dfa (populate_dfa.c:144)
==19188==    by 0x404E4D: createDFA (lexer.c:10)
==19188==    by 0x404EE1: getNextToken (lexer.c:23)
==19188==    by 0x406264: parseTree (parser.c:102)
==19188==    by 0x406EA2: printParseTreeForHTML (parser.c:396)
==19188==    by 0x400CB5: main (visualize.c:15)
==19188== 
==19188== 64 bytes in 1 blocks are still reachable in loss record 704 of 917
==19188==    at 0x4C2DB8F: malloc (in /usr/lib/valgrind/vgpreload_memcheck-amd64-linux.so)
==19188==    by 0x403422: get_token_names (token.c:43)
==19188==    by 0x4013B3: populate_dfa (populate_dfa.c:144)
==19188==    by 0x404E4D: createDFA (lexer.c:10)
==19188==    by 0x404EE1: getNextToken (lexer.c:23)
==19188==    by 0x406264: parseTree (parser.c:102)
==19188==    by 0x406EA2: printParseTreeForHTML (parser.c:396)
==19188==    by 0x400CB5: main (visualize.c:15)
==19188== 
==19188== 64 bytes in 1 blocks are still reachable in loss record 705 of 917
==19188==    at 0x4C2DB8F: malloc (in /usr/lib/valgrind/vgpreload_memcheck-amd64-linux.so)
==19188==    by 0x4036CD: get_token_names (token.c:71)
==19188==    by 0x4013B3: populate_dfa (populate_dfa.c:144)
==19188==    by 0x404E4D: createDFA (lexer.c:10)
==19188==    by 0x404EE1: getNextToken (lexer.c:23)
==19188==    by 0x406264: parseTree (parser.c:102)
==19188==    by 0x406EA2: printParseTreeForHTML (parser.c:396)
==19188==    by 0x400CB5: main (visualize.c:15)
==19188== 
==19188== 64 bytes in 1 blocks are still reachable in loss record 706 of 917
==19188==    at 0x4C2DB8F: malloc (in /usr/lib/valgrind/vgpreload_memcheck-amd64-linux.so)
==19188==    by 0x4037A9: get_token_names (token.c:79)
==19188==    by 0x4013B3: populate_dfa (populate_dfa.c:144)
==19188==    by 0x404E4D: createDFA (lexer.c:10)
==19188==    by 0x404EE1: getNextToken (lexer.c:23)
==19188==    by 0x406264: parseTree (parser.c:102)
==19188==    by 0x406EA2: printParseTreeForHTML (parser.c:396)
==19188==    by 0x400CB5: main (visualize.c:15)
==19188== 
==19188== 64 bytes in 1 blocks are still reachable in loss record 707 of 917
==19188==    at 0x4C2DB8F: malloc (in /usr/lib/valgrind/vgpreload_memcheck-amd64-linux.so)
==19188==    by 0x4037DB: get_token_names (token.c:81)
==19188==    by 0x4013B3: populate_dfa (populate_dfa.c:144)
==19188==    by 0x404E4D: createDFA (lexer.c:10)
==19188==    by 0x404EE1: getNextToken (lexer.c:23)
==19188==    by 0x406264: parseTree (parser.c:102)
==19188==    by 0x406EA2: printParseTreeForHTML (parser.c:396)
==19188==    by 0x400CB5: main (visualize.c:15)
==19188== 
==19188== 64 bytes in 1 blocks are still reachable in loss record 708 of 917
==19188==    at 0x4C2DB8F: malloc (in /usr/lib/valgrind/vgpreload_memcheck-amd64-linux.so)
==19188==    by 0x403882: get_token_names (token.c:87)
==19188==    by 0x4013B3: populate_dfa (populate_dfa.c:144)
==19188==    by 0x404E4D: createDFA (lexer.c:10)
==19188==    by 0x404EE1: getNextToken (lexer.c:23)
==19188==    by 0x406264: parseTree (parser.c:102)
==19188==    by 0x406EA2: printParseTreeForHTML (parser.c:396)
==19188==    by 0x400CB5: main (visualize.c:15)
==19188== 
==19188== 64 bytes in 1 blocks are still reachable in loss record 709 of 917
==19188==    at 0x4C2DB8F: malloc (in /usr/lib/valgrind/vgpreload_memcheck-amd64-linux.so)
==19188==    by 0x403957: get_token_names (token.c:95)
==19188==    by 0x4013B3: populate_dfa (populate_dfa.c:144)
==19188==    by 0x404E4D: createDFA (lexer.c:10)
==19188==    by 0x404EE1: getNextToken (lexer.c:23)
==19188==    by 0x406264: parseTree (parser.c:102)
==19188==    by 0x406EA2: printParseTreeForHTML (parser.c:396)
==19188==    by 0x400CB5: main (visualize.c:15)
==19188== 
==19188== 64 bytes in 1 blocks are still reachable in loss record 710 of 917
==19188==    at 0x4C2DB8F: malloc (in /usr/lib/valgrind/vgpreload_memcheck-amd64-linux.so)
==19188==    by 0x4039F3: get_token_names (token.c:101)
==19188==    by 0x4013B3: populate_dfa (populate_dfa.c:144)
==19188==    by 0x404E4D: createDFA (lexer.c:10)
==19188==    by 0x404EE1: getNextToken (lexer.c:23)
==19188==    by 0x406264: parseTree (parser.c:102)
==19188==    by 0x406EA2: printParseTreeForHTML (parser.c:396)
==19188==    by 0x400CB5: main (visualize.c:15)
==19188== 
==19188== 64 bytes in 1 blocks are still reachable in loss record 711 of 917
==19188==    at 0x4C2DB8F: malloc (in /usr/lib/valgrind/vgpreload_memcheck-amd64-linux.so)
==19188==    by 0x403A5B: get_token_names (token.c:105)
==19188==    by 0x4013B3: populate_dfa (populate_dfa.c:144)
==19188==    by 0x404E4D: createDFA (lexer.c:10)
==19188==    by 0x404EE1: getNextToken (lexer.c:23)
==19188==    by 0x406264: parseTree (parser.c:102)
==19188==    by 0x406EA2: printParseTreeForHTML (parser.c:396)
==19188==    by 0x400CB5: main (visualize.c:15)
==19188== 
==19188== 64 bytes in 1 blocks are still reachable in loss record 712 of 917
==19188==    at 0x4C2DB8F: malloc (in /usr/lib/valgrind/vgpreload_memcheck-amd64-linux.so)
==19188==    by 0x403AFB: get_token_names (token.c:111)
==19188==    by 0x4013B3: populate_dfa (populate_dfa.c:144)
==19188==    by 0x404E4D: createDFA (lexer.c:10)
==19188==    by 0x404EE1: getNextToken (lexer.c:23)
==19188==    by 0x406264: parseTree (parser.c:102)
==19188==    by 0x406EA2: printParseTreeForHTML (parser.c:396)
==19188==    by 0x400CB5: main (visualize.c:15)
==19188== 
==19188== 64 bytes in 1 blocks are still reachable in loss record 713 of 917
==19188==    at 0x4C2DB8F: malloc (in /usr/lib/valgrind/vgpreload_memcheck-amd64-linux.so)
==19188==    by 0x403BA2: get_token_names (token.c:117)
==19188==    by 0x4013B3: populate_dfa (populate_dfa.c:144)
==19188==    by 0x404E4D: createDFA (lexer.c:10)
==19188==    by 0x404EE1: getNextToken (lexer.c:23)
==19188==    by 0x406264: parseTree (parser.c:102)
==19188==    by 0x406EA2: printParseTreeForHTML (parser.c:396)
==19188==    by 0x400CB5: main (visualize.c:15)
==19188== 
==19188== 64 bytes in 1 blocks are still reachable in loss record 714 of 917
==19188==    at 0x4C2DB8F: malloc (in /usr/lib/valgrind/vgpreload_memcheck-amd64-linux.so)
==19188==    by 0x4045B6: createElementInt (hash.c:57)
==19188==    by 0x40475E: insertInt (hash.c:94)
==19188==    by 0x403D5E: get_token_hasht (token.c:145)
==19188==    by 0x4013C1: populate_dfa (populate_dfa.c:145)
==19188==    by 0x404E4D: createDFA (lexer.c:10)
==19188==    by 0x404EE1: getNextToken (lexer.c:23)
==19188==    by 0x406264: parseTree (parser.c:102)
==19188==    by 0x406EA2: printParseTreeForHTML (parser.c:396)
==19188==    by 0x400CB5: main (visualize.c:15)
==19188== 
==19188== 64 bytes in 1 blocks are still reachable in loss record 715 of 917
==19188==    at 0x4C2DB8F: malloc (in /usr/lib/valgrind/vgpreload_memcheck-amd64-linux.so)
==19188==    by 0x4045B6: createElementInt (hash.c:57)
==19188==    by 0x40475E: insertInt (hash.c:94)
==19188==    by 0x403E50: get_token_hasht (token.c:156)
==19188==    by 0x4013C1: populate_dfa (populate_dfa.c:145)
==19188==    by 0x404E4D: createDFA (lexer.c:10)
==19188==    by 0x404EE1: getNextToken (lexer.c:23)
==19188==    by 0x406264: parseTree (parser.c:102)
==19188==    by 0x406EA2: printParseTreeForHTML (parser.c:396)
==19188==    by 0x400CB5: main (visualize.c:15)
==19188== 
==19188== 64 bytes in 1 blocks are still reachable in loss record 716 of 917
==19188==    at 0x4C2DB8F: malloc (in /usr/lib/valgrind/vgpreload_memcheck-amd64-linux.so)
==19188==    by 0x4045B6: createElementInt (hash.c:57)
==19188==    by 0x40475E: insertInt (hash.c:94)
==19188==    by 0x403F84: get_token_hasht (token.c:170)
==19188==    by 0x4013C1: populate_dfa (populate_dfa.c:145)
==19188==    by 0x404E4D: createDFA (lexer.c:10)
==19188==    by 0x404EE1: getNextToken (lexer.c:23)
==19188==    by 0x406264: parseTree (parser.c:102)
==19188==    by 0x406EA2: printParseTreeForHTML (parser.c:396)
==19188==    by 0x400CB5: main (visualize.c:15)
==19188== 
==19188== 64 bytes in 1 blocks are still reachable in loss record 717 of 917
==19188==    at 0x4C2DB8F: malloc (in /usr/lib/valgrind/vgpreload_memcheck-amd64-linux.so)
==19188==    by 0x4045B6: createElementInt (hash.c:57)
==19188==    by 0x40475E: insertInt (hash.c:94)
==19188==    by 0x403FDC: get_token_hasht (token.c:174)
==19188==    by 0x4013C1: populate_dfa (populate_dfa.c:145)
==19188==    by 0x404E4D: createDFA (lexer.c:10)
==19188==    by 0x404EE1: getNextToken (lexer.c:23)
==19188==    by 0x406264: parseTree (parser.c:102)
==19188==    by 0x406EA2: printParseTreeForHTML (parser.c:396)
==19188==    by 0x400CB5: main (visualize.c:15)
==19188== 
==19188== 64 bytes in 1 blocks are still reachable in loss record 718 of 917
==19188==    at 0x4C2DB8F: malloc (in /usr/lib/valgrind/vgpreload_memcheck-amd64-linux.so)
==19188==    by 0x4045B6: createElementInt (hash.c:57)
==19188==    by 0x40475E: insertInt (hash.c:94)
==19188==    by 0x403FF2: get_token_hasht (token.c:175)
==19188==    by 0x4013C1: populate_dfa (populate_dfa.c:145)
==19188==    by 0x404E4D: createDFA (lexer.c:10)
==19188==    by 0x404EE1: getNextToken (lexer.c:23)
==19188==    by 0x406264: parseTree (parser.c:102)
==19188==    by 0x406EA2: printParseTreeForHTML (parser.c:396)
==19188==    by 0x400CB5: main (visualize.c:15)
==19188== 
==19188== 64 bytes in 1 blocks are still reachable in loss record 719 of 917
==19188==    at 0x4C2DB8F: malloc (in /usr/lib/valgrind/vgpreload_memcheck-amd64-linux.so)
==19188==    by 0x4045B6: createElementInt (hash.c:57)
==19188==    by 0x40475E: insertInt (hash.c:94)
==19188==    by 0x404034: get_token_hasht (token.c:178)
==19188==    by 0x4013C1: populate_dfa (populate_dfa.c:145)
==19188==    by 0x404E4D: createDFA (lexer.c:10)
==19188==    by 0x404EE1: getNextToken (lexer.c:23)
==19188==    by 0x406264: parseTree (parser.c:102)
==19188==    by 0x406EA2: printParseTreeForHTML (parser.c:396)
==19188==    by 0x400CB5: main (visualize.c:15)
==19188== 
==19188== 64 bytes in 1 blocks are still reachable in loss record 720 of 917
==19188==    at 0x4C2DB8F: malloc (in /usr/lib/valgrind/vgpreload_memcheck-amd64-linux.so)
==19188==    by 0x4045B6: createElementInt (hash.c:57)
==19188==    by 0x40475E: insertInt (hash.c:94)
==19188==    by 0x40408C: get_token_hasht (token.c:182)
==19188==    by 0x4013C1: populate_dfa (populate_dfa.c:145)
==19188==    by 0x404E4D: createDFA (lexer.c:10)
==19188==    by 0x404EE1: getNextToken (lexer.c:23)
==19188==    by 0x406264: parseTree (parser.c:102)
==19188==    by 0x406EA2: printParseTreeForHTML (parser.c:396)
==19188==    by 0x400CB5: main (visualize.c:15)
==19188== 
==19188== 64 bytes in 1 blocks are still reachable in loss record 721 of 917
==19188==    at 0x4C2DB8F: malloc (in /usr/lib/valgrind/vgpreload_memcheck-amd64-linux.so)
==19188==    by 0x4045B6: createElementInt (hash.c:57)
==19188==    by 0x40475E: insertInt (hash.c:94)
==19188==    by 0x4040CE: get_token_hasht (token.c:185)
==19188==    by 0x4013C1: populate_dfa (populate_dfa.c:145)
==19188==    by 0x404E4D: createDFA (lexer.c:10)
==19188==    by 0x404EE1: getNextToken (lexer.c:23)
==19188==    by 0x406264: parseTree (parser.c:102)
==19188==    by 0x406EA2: printParseTreeForHTML (parser.c:396)
==19188==    by 0x400CB5: main (visualize.c:15)
==19188== 
==19188== 64 bytes in 1 blocks are still reachable in loss record 722 of 917
==19188==    at 0x4C2DB8F: malloc (in /usr/lib/valgrind/vgpreload_memcheck-amd64-linux.so)
==19188==    by 0x4045B6: createElementInt (hash.c:57)
==19188==    by 0x40475E: insertInt (hash.c:94)
==19188==    by 0x4040FA: get_token_hasht (token.c:187)
==19188==    by 0x4013C1: populate_dfa (populate_dfa.c:145)
==19188==    by 0x404E4D: createDFA (lexer.c:10)
==19188==    by 0x404EE1: getNextToken (lexer.c:23)
==19188==    by 0x406264: parseTree (parser.c:102)
==19188==    by 0x406EA2: printParseTreeForHTML (parser.c:396)
==19188==    by 0x400CB5: main (visualize.c:15)
==19188== 
==19188== 64 bytes in 1 blocks are still reachable in loss record 723 of 917
==19188==    at 0x4C2DB8F: malloc (in /usr/lib/valgrind/vgpreload_memcheck-amd64-linux.so)
==19188==    by 0x4045B6: createElementInt (hash.c:57)
==19188==    by 0x40475E: insertInt (hash.c:94)
==19188==    by 0x40413C: get_token_hasht (token.c:190)
==19188==    by 0x4013C1: populate_dfa (populate_dfa.c:145)
==19188==    by 0x404E4D: createDFA (lexer.c:10)
==19188==    by 0x404EE1: getNextToken (lexer.c:23)
==19188==    by 0x406264: parseTree (parser.c:102)
==19188==    by 0x406EA2: printParseTreeForHTML (parser.c:396)
==19188==    by 0x400CB5: main (visualize.c:15)
==19188== 
==19188== 64 bytes in 1 blocks are still reachable in loss record 724 of 917
==19188==    at 0x4C2DB8F: malloc (in /usr/lib/valgrind/vgpreload_memcheck-amd64-linux.so)
==19188==    by 0x4045B6: createElementInt (hash.c:57)
==19188==    by 0x40475E: insertInt (hash.c:94)
==19188==    by 0x40417E: get_token_hasht (token.c:193)
==19188==    by 0x4013C1: populate_dfa (populate_dfa.c:145)
==19188==    by 0x404E4D: createDFA (lexer.c:10)
==19188==    by 0x404EE1: getNextToken (lexer.c:23)
==19188==    by 0x406264: parseTree (parser.c:102)
==19188==    by 0x406EA2: printParseTreeForHTML (parser.c:396)
==19188==    by 0x400CB5: main (visualize.c:15)
==19188== 
==19188== 64 bytes in 1 blocks are still reachable in loss record 725 of 917
==19188==    at 0x4C2DB8F: malloc (in /usr/lib/valgrind/vgpreload_memcheck-amd64-linux.so)
==19188==    by 0x407E1F: functionRule4 (semantic_functions.c:118)
==19188==    by 0x4088F9: post_order_traversal (traversal.c:15)
==19188==    by 0x408876: post_order_traversal (traversal.c:10)
==19188==    by 0x408876: post_order_traversal (traversal.c:10)
==19188==    by 0x406EB2: printParseTreeForHTML (parser.c:397)
==19188==    by 0x400CB5: main (visualize.c:15)
==19188== 
==19188== 64 bytes in 1 blocks are still reachable in loss record 726 of 917
==19188==    at 0x4C2DB8F: malloc (in /usr/lib/valgrind/vgpreload_memcheck-amd64-linux.so)
==19188==    by 0x407E1F: functionRule4 (semantic_functions.c:118)
==19188==    by 0x4088F9: post_order_traversal (traversal.c:15)
==19188==    by 0x408876: post_order_traversal (traversal.c:10)
==19188==    by 0x408876: post_order_traversal (traversal.c:10)
==19188==    by 0x408876: post_order_traversal (traversal.c:10)
==19188==    by 0x406EB2: printParseTreeForHTML (parser.c:397)
==19188==    by 0x400CB5: main (visualize.c:15)
==19188== 
==19188== 64 bytes in 1 blocks are possibly lost in loss record 727 of 917
==19188==    at 0x4C2DB8F: malloc (in /usr/lib/valgrind/vgpreload_memcheck-amd64-linux.so)
==19188==    by 0x4031E4: get_token_names (token.c:21)
==19188==    by 0x4069B3: printParseTreeForHTML (parser.c:337)
==19188==    by 0x400CB5: main (visualize.c:15)
==19188== 
==19188== 64 bytes in 1 blocks are possibly lost in loss record 728 of 917
==19188==    at 0x4C2DB8F: malloc (in /usr/lib/valgrind/vgpreload_memcheck-amd64-linux.so)
==19188==    by 0x403422: get_token_names (token.c:43)
==19188==    by 0x4069B3: printParseTreeForHTML (parser.c:337)
==19188==    by 0x400CB5: main (visualize.c:15)
==19188== 
==19188== 64 bytes in 1 blocks are possibly lost in loss record 729 of 917
==19188==    at 0x4C2DB8F: malloc (in /usr/lib/valgrind/vgpreload_memcheck-amd64-linux.so)
==19188==    by 0x4036CD: get_token_names (token.c:71)
==19188==    by 0x4069B3: printParseTreeForHTML (parser.c:337)
==19188==    by 0x400CB5: main (visualize.c:15)
==19188== 
==19188== 64 bytes in 1 blocks are possibly lost in loss record 730 of 917
==19188==    at 0x4C2DB8F: malloc (in /usr/lib/valgrind/vgpreload_memcheck-amd64-linux.so)
==19188==    by 0x4037A9: get_token_names (token.c:79)
==19188==    by 0x4069B3: printParseTreeForHTML (parser.c:337)
==19188==    by 0x400CB5: main (visualize.c:15)
==19188== 
==19188== 64 bytes in 1 blocks are possibly lost in loss record 731 of 917
==19188==    at 0x4C2DB8F: malloc (in /usr/lib/valgrind/vgpreload_memcheck-amd64-linux.so)
==19188==    by 0x4037DB: get_token_names (token.c:81)
==19188==    by 0x4069B3: printParseTreeForHTML (parser.c:337)
==19188==    by 0x400CB5: main (visualize.c:15)
==19188== 
==19188== 64 bytes in 1 blocks are possibly lost in loss record 732 of 917
==19188==    at 0x4C2DB8F: malloc (in /usr/lib/valgrind/vgpreload_memcheck-amd64-linux.so)
==19188==    by 0x403882: get_token_names (token.c:87)
==19188==    by 0x4069B3: printParseTreeForHTML (parser.c:337)
==19188==    by 0x400CB5: main (visualize.c:15)
==19188== 
==19188== 64 bytes in 1 blocks are possibly lost in loss record 733 of 917
==19188==    at 0x4C2DB8F: malloc (in /usr/lib/valgrind/vgpreload_memcheck-amd64-linux.so)
==19188==    by 0x403957: get_token_names (token.c:95)
==19188==    by 0x4069B3: printParseTreeForHTML (parser.c:337)
==19188==    by 0x400CB5: main (visualize.c:15)
==19188== 
==19188== 64 bytes in 1 blocks are possibly lost in loss record 734 of 917
==19188==    at 0x4C2DB8F: malloc (in /usr/lib/valgrind/vgpreload_memcheck-amd64-linux.so)
==19188==    by 0x4039F3: get_token_names (token.c:101)
==19188==    by 0x4069B3: printParseTreeForHTML (parser.c:337)
==19188==    by 0x400CB5: main (visualize.c:15)
==19188== 
==19188== 64 bytes in 1 blocks are possibly lost in loss record 735 of 917
==19188==    at 0x4C2DB8F: malloc (in /usr/lib/valgrind/vgpreload_memcheck-amd64-linux.so)
==19188==    by 0x403A5B: get_token_names (token.c:105)
==19188==    by 0x4069B3: printParseTreeForHTML (parser.c:337)
==19188==    by 0x400CB5: main (visualize.c:15)
==19188== 
==19188== 64 bytes in 1 blocks are possibly lost in loss record 736 of 917
==19188==    at 0x4C2DB8F: malloc (in /usr/lib/valgrind/vgpreload_memcheck-amd64-linux.so)
==19188==    by 0x403AFB: get_token_names (token.c:111)
==19188==    by 0x4069B3: printParseTreeForHTML (parser.c:337)
==19188==    by 0x400CB5: main (visualize.c:15)
==19188== 
==19188== 64 bytes in 1 blocks are possibly lost in loss record 737 of 917
==19188==    at 0x4C2DB8F: malloc (in /usr/lib/valgrind/vgpreload_memcheck-amd64-linux.so)
==19188==    by 0x403BA2: get_token_names (token.c:117)
==19188==    by 0x4069B3: printParseTreeForHTML (parser.c:337)
==19188==    by 0x400CB5: main (visualize.c:15)
==19188== 
==19188== 64 bytes in 1 blocks are indirectly lost in loss record 738 of 917
==19188==    at 0x4C2DB8F: malloc (in /usr/lib/valgrind/vgpreload_memcheck-amd64-linux.so)
==19188==    by 0x4045B6: createElementInt (hash.c:57)
==19188==    by 0x40475E: insertInt (hash.c:94)
==19188==    by 0x403D5E: get_token_hasht (token.c:145)
==19188==    by 0x4069D7: printParseTreeForHTML (parser.c:342)
==19188==    by 0x400CB5: main (visualize.c:15)
==19188== 
==19188== 64 bytes in 1 blocks are indirectly lost in loss record 739 of 917
==19188==    at 0x4C2DB8F: malloc (in /usr/lib/valgrind/vgpreload_memcheck-amd64-linux.so)
==19188==    by 0x4045B6: createElementInt (hash.c:57)
==19188==    by 0x40475E: insertInt (hash.c:94)
==19188==    by 0x403E50: get_token_hasht (token.c:156)
==19188==    by 0x4069D7: printParseTreeForHTML (parser.c:342)
==19188==    by 0x400CB5: main (visualize.c:15)
==19188== 
==19188== 64 bytes in 1 blocks are indirectly lost in loss record 740 of 917
==19188==    at 0x4C2DB8F: malloc (in /usr/lib/valgrind/vgpreload_memcheck-amd64-linux.so)
==19188==    by 0x4045B6: createElementInt (hash.c:57)
==19188==    by 0x40475E: insertInt (hash.c:94)
==19188==    by 0x403F84: get_token_hasht (token.c:170)
==19188==    by 0x4069D7: printParseTreeForHTML (parser.c:342)
==19188==    by 0x400CB5: main (visualize.c:15)
==19188== 
==19188== 64 bytes in 1 blocks are indirectly lost in loss record 741 of 917
==19188==    at 0x4C2DB8F: malloc (in /usr/lib/valgrind/vgpreload_memcheck-amd64-linux.so)
==19188==    by 0x4045B6: createElementInt (hash.c:57)
==19188==    by 0x40475E: insertInt (hash.c:94)
==19188==    by 0x403FDC: get_token_hasht (token.c:174)
==19188==    by 0x4069D7: printParseTreeForHTML (parser.c:342)
==19188==    by 0x400CB5: main (visualize.c:15)
==19188== 
==19188== 64 bytes in 1 blocks are indirectly lost in loss record 742 of 917
==19188==    at 0x4C2DB8F: malloc (in /usr/lib/valgrind/vgpreload_memcheck-amd64-linux.so)
==19188==    by 0x4045B6: createElementInt (hash.c:57)
==19188==    by 0x40475E: insertInt (hash.c:94)
==19188==    by 0x403FF2: get_token_hasht (token.c:175)
==19188==    by 0x4069D7: printParseTreeForHTML (parser.c:342)
==19188==    by 0x400CB5: main (visualize.c:15)
==19188== 
==19188== 64 bytes in 1 blocks are indirectly lost in loss record 743 of 917
==19188==    at 0x4C2DB8F: malloc (in /usr/lib/valgrind/vgpreload_memcheck-amd64-linux.so)
==19188==    by 0x4045B6: createElementInt (hash.c:57)
==19188==    by 0x40475E: insertInt (hash.c:94)
==19188==    by 0x404034: get_token_hasht (token.c:178)
==19188==    by 0x4069D7: printParseTreeForHTML (parser.c:342)
==19188==    by 0x400CB5: main (visualize.c:15)
==19188== 
==19188== 64 bytes in 1 blocks are indirectly lost in loss record 744 of 917
==19188==    at 0x4C2DB8F: malloc (in /usr/lib/valgrind/vgpreload_memcheck-amd64-linux.so)
==19188==    by 0x4045B6: createElementInt (hash.c:57)
==19188==    by 0x40475E: insertInt (hash.c:94)
==19188==    by 0x40408C: get_token_hasht (token.c:182)
==19188==    by 0x4069D7: printParseTreeForHTML (parser.c:342)
==19188==    by 0x400CB5: main (visualize.c:15)
==19188== 
==19188== 64 bytes in 1 blocks are indirectly lost in loss record 745 of 917
==19188==    at 0x4C2DB8F: malloc (in /usr/lib/valgrind/vgpreload_memcheck-amd64-linux.so)
==19188==    by 0x4045B6: createElementInt (hash.c:57)
==19188==    by 0x40475E: insertInt (hash.c:94)
==19188==    by 0x4040CE: get_token_hasht (token.c:185)
==19188==    by 0x4069D7: printParseTreeForHTML (parser.c:342)
==19188==    by 0x400CB5: main (visualize.c:15)
==19188== 
==19188== 64 bytes in 1 blocks are indirectly lost in loss record 746 of 917
==19188==    at 0x4C2DB8F: malloc (in /usr/lib/valgrind/vgpreload_memcheck-amd64-linux.so)
==19188==    by 0x4045B6: createElementInt (hash.c:57)
==19188==    by 0x40475E: insertInt (hash.c:94)
==19188==    by 0x4040FA: get_token_hasht (token.c:187)
==19188==    by 0x4069D7: printParseTreeForHTML (parser.c:342)
==19188==    by 0x400CB5: main (visualize.c:15)
==19188== 
==19188== 64 bytes in 1 blocks are indirectly lost in loss record 747 of 917
==19188==    at 0x4C2DB8F: malloc (in /usr/lib/valgrind/vgpreload_memcheck-amd64-linux.so)
==19188==    by 0x4045B6: createElementInt (hash.c:57)
==19188==    by 0x40475E: insertInt (hash.c:94)
==19188==    by 0x40413C: get_token_hasht (token.c:190)
==19188==    by 0x4069D7: printParseTreeForHTML (parser.c:342)
==19188==    by 0x400CB5: main (visualize.c:15)
==19188== 
==19188== 64 bytes in 1 blocks are indirectly lost in loss record 748 of 917
==19188==    at 0x4C2DB8F: malloc (in /usr/lib/valgrind/vgpreload_memcheck-amd64-linux.so)
==19188==    by 0x4045B6: createElementInt (hash.c:57)
==19188==    by 0x40475E: insertInt (hash.c:94)
==19188==    by 0x40417E: get_token_hasht (token.c:193)
==19188==    by 0x4069D7: printParseTreeForHTML (parser.c:342)
==19188==    by 0x400CB5: main (visualize.c:15)
==19188== 
==19188== 72 bytes in 1 blocks are still reachable in loss record 749 of 917
==19188==    at 0x4C2DB8F: malloc (in /usr/lib/valgrind/vgpreload_memcheck-amd64-linux.so)
==19188==    by 0x403216: get_token_names (token.c:23)
==19188==    by 0x4013B3: populate_dfa (populate_dfa.c:144)
==19188==    by 0x404E4D: createDFA (lexer.c:10)
==19188==    by 0x404EE1: getNextToken (lexer.c:23)
==19188==    by 0x406264: parseTree (parser.c:102)
==19188==    by 0x406EA2: printParseTreeForHTML (parser.c:396)
==19188==    by 0x400CB5: main (visualize.c:15)
==19188== 
==19188== 72 bytes in 1 blocks are still reachable in loss record 750 of 917
==19188==    at 0x4C2DB8F: malloc (in /usr/lib/valgrind/vgpreload_memcheck-amd64-linux.so)
==19188==    by 0x4032EA: get_token_names (token.c:31)
==19188==    by 0x4013B3: populate_dfa (populate_dfa.c:144)
==19188==    by 0x404E4D: createDFA (lexer.c:10)
==19188==    by 0x404EE1: getNextToken (lexer.c:23)
==19188==    by 0x406264: parseTree (parser.c:102)
==19188==    by 0x406EA2: printParseTreeForHTML (parser.c:396)
==19188==    by 0x400CB5: main (visualize.c:15)
==19188== 
==19188== 72 bytes in 1 blocks are still reachable in loss record 751 of 917
==19188==    at 0x4C2DB8F: malloc (in /usr/lib/valgrind/vgpreload_memcheck-amd64-linux.so)
==19188==    by 0x403355: get_token_names (token.c:35)
==19188==    by 0x4013B3: populate_dfa (populate_dfa.c:144)
==19188==    by 0x404E4D: createDFA (lexer.c:10)
==19188==    by 0x404EE1: getNextToken (lexer.c:23)
==19188==    by 0x406264: parseTree (parser.c:102)
==19188==    by 0x406EA2: printParseTreeForHTML (parser.c:396)
==19188==    by 0x400CB5: main (visualize.c:15)
==19188== 
==19188== 72 bytes in 1 blocks are still reachable in loss record 752 of 917
==19188==    at 0x4C2DB8F: malloc (in /usr/lib/valgrind/vgpreload_memcheck-amd64-linux.so)
==19188==    by 0x403454: get_token_names (token.c:45)
==19188==    by 0x4013B3: populate_dfa (populate_dfa.c:144)
==19188==    by 0x404E4D: createDFA (lexer.c:10)
==19188==    by 0x404EE1: getNextToken (lexer.c:23)
==19188==    by 0x406264: parseTree (parser.c:102)
==19188==    by 0x406EA2: printParseTreeForHTML (parser.c:396)
==19188==    by 0x400CB5: main (visualize.c:15)
==19188== 
==19188== 72 bytes in 1 blocks are still reachable in loss record 753 of 917
==19188==    at 0x4C2DB8F: malloc (in /usr/lib/valgrind/vgpreload_memcheck-amd64-linux.so)
==19188==    by 0x403773: get_token_names (token.c:77)
==19188==    by 0x4013B3: populate_dfa (populate_dfa.c:144)
==19188==    by 0x404E4D: createDFA (lexer.c:10)
==19188==    by 0x404EE1: getNextToken (lexer.c:23)
==19188==    by 0x406264: parseTree (parser.c:102)
==19188==    by 0x406EA2: printParseTreeForHTML (parser.c:396)
==19188==    by 0x400CB5: main (visualize.c:15)
==19188== 
==19188== 72 bytes in 1 blocks are still reachable in loss record 754 of 917
==19188==    at 0x4C2DB8F: malloc (in /usr/lib/valgrind/vgpreload_memcheck-amd64-linux.so)
==19188==    by 0x4038B4: get_token_names (token.c:89)
==19188==    by 0x4013B3: populate_dfa (populate_dfa.c:144)
==19188==    by 0x404E4D: createDFA (lexer.c:10)
==19188==    by 0x404EE1: getNextToken (lexer.c:23)
==19188==    by 0x406264: parseTree (parser.c:102)
==19188==    by 0x406EA2: printParseTreeForHTML (parser.c:396)
==19188==    by 0x400CB5: main (visualize.c:15)
==19188== 
==19188== 72 bytes in 1 blocks are still reachable in loss record 755 of 917
==19188==    at 0x4C2DB8F: malloc (in /usr/lib/valgrind/vgpreload_memcheck-amd64-linux.so)
==19188==    by 0x403A25: get_token_names (token.c:103)
==19188==    by 0x4013B3: populate_dfa (populate_dfa.c:144)
==19188==    by 0x404E4D: createDFA (lexer.c:10)
==19188==    by 0x404EE1: getNextToken (lexer.c:23)
==19188==    by 0x406264: parseTree (parser.c:102)
==19188==    by 0x406EA2: printParseTreeForHTML (parser.c:396)
==19188==    by 0x400CB5: main (visualize.c:15)
==19188== 
==19188== 72 bytes in 1 blocks are still reachable in loss record 756 of 917
==19188==    at 0x4C2DB8F: malloc (in /usr/lib/valgrind/vgpreload_memcheck-amd64-linux.so)
==19188==    by 0x403A8D: get_token_names (token.c:107)
==19188==    by 0x4013B3: populate_dfa (populate_dfa.c:144)
==19188==    by 0x404E4D: createDFA (lexer.c:10)
==19188==    by 0x404EE1: getNextToken (lexer.c:23)
==19188==    by 0x406264: parseTree (parser.c:102)
==19188==    by 0x406EA2: printParseTreeForHTML (parser.c:396)
==19188==    by 0x400CB5: main (visualize.c:15)
==19188== 
==19188== 72 bytes in 1 blocks are still reachable in loss record 757 of 917
==19188==    at 0x4C2DB8F: malloc (in /usr/lib/valgrind/vgpreload_memcheck-amd64-linux.so)
==19188==    by 0x403BD4: get_token_names (token.c:120)
==19188==    by 0x4013B3: populate_dfa (populate_dfa.c:144)
==19188==    by 0x404E4D: createDFA (lexer.c:10)
==19188==    by 0x404EE1: getNextToken (lexer.c:23)
==19188==    by 0x406264: parseTree (parser.c:102)
==19188==    by 0x406EA2: printParseTreeForHTML (parser.c:396)
==19188==    by 0x400CB5: main (visualize.c:15)
==19188== 
==19188== 72 bytes in 1 blocks are still reachable in loss record 758 of 917
==19188==    at 0x4C2DB8F: malloc (in /usr/lib/valgrind/vgpreload_memcheck-amd64-linux.so)
==19188==    by 0x4045B6: createElementInt (hash.c:57)
==19188==    by 0x40475E: insertInt (hash.c:94)
==19188==    by 0x403D74: get_token_hasht (token.c:146)
==19188==    by 0x4013C1: populate_dfa (populate_dfa.c:145)
==19188==    by 0x404E4D: createDFA (lexer.c:10)
==19188==    by 0x404EE1: getNextToken (lexer.c:23)
==19188==    by 0x406264: parseTree (parser.c:102)
==19188==    by 0x406EA2: printParseTreeForHTML (parser.c:396)
==19188==    by 0x400CB5: main (visualize.c:15)
==19188== 
==19188== 72 bytes in 1 blocks are still reachable in loss record 759 of 917
==19188==    at 0x4C2DB8F: malloc (in /usr/lib/valgrind/vgpreload_memcheck-amd64-linux.so)
==19188==    by 0x4045B6: createElementInt (hash.c:57)
==19188==    by 0x40475E: insertInt (hash.c:94)
==19188==    by 0x403DCC: get_token_hasht (token.c:150)
==19188==    by 0x4013C1: populate_dfa (populate_dfa.c:145)
==19188==    by 0x404E4D: createDFA (lexer.c:10)
==19188==    by 0x404EE1: getNextToken (lexer.c:23)
==19188==    by 0x406264: parseTree (parser.c:102)
==19188==    by 0x406EA2: printParseTreeForHTML (parser.c:396)
==19188==    by 0x400CB5: main (visualize.c:15)
==19188== 
==19188== 72 bytes in 1 blocks are still reachable in loss record 760 of 917
==19188==    at 0x4C2DB8F: malloc (in /usr/lib/valgrind/vgpreload_memcheck-amd64-linux.so)
==19188==    by 0x4045B6: createElementInt (hash.c:57)
==19188==    by 0x40475E: insertInt (hash.c:94)
==19188==    by 0x403DF8: get_token_hasht (token.c:152)
==19188==    by 0x4013C1: populate_dfa (populate_dfa.c:145)
==19188==    by 0x404E4D: createDFA (lexer.c:10)
==19188==    by 0x404EE1: getNextToken (lexer.c:23)
==19188==    by 0x406264: parseTree (parser.c:102)
==19188==    by 0x406EA2: printParseTreeForHTML (parser.c:396)
==19188==    by 0x400CB5: main (visualize.c:15)
==19188== 
==19188== 72 bytes in 1 blocks are still reachable in loss record 761 of 917
==19188==    at 0x4C2DB8F: malloc (in /usr/lib/valgrind/vgpreload_memcheck-amd64-linux.so)
==19188==    by 0x4045B6: createElementInt (hash.c:57)
==19188==    by 0x40475E: insertInt (hash.c:94)
==19188==    by 0x403E66: get_token_hasht (token.c:157)
==19188==    by 0x4013C1: populate_dfa (populate_dfa.c:145)
==19188==    by 0x404E4D: createDFA (lexer.c:10)
==19188==    by 0x404EE1: getNextToken (lexer.c:23)
==19188==    by 0x406264: parseTree (parser.c:102)
==19188==    by 0x406EA2: printParseTreeForHTML (parser.c:396)
==19188==    by 0x400CB5: main (visualize.c:15)
==19188== 
==19188== 72 bytes in 1 blocks are still reachable in loss record 762 of 917
==19188==    at 0x4C2DB8F: malloc (in /usr/lib/valgrind/vgpreload_memcheck-amd64-linux.so)
==19188==    by 0x4045B6: createElementInt (hash.c:57)
==19188==    by 0x40475E: insertInt (hash.c:94)
==19188==    by 0x403FC6: get_token_hasht (token.c:173)
==19188==    by 0x4013C1: populate_dfa (populate_dfa.c:145)
==19188==    by 0x404E4D: createDFA (lexer.c:10)
==19188==    by 0x404EE1: getNextToken (lexer.c:23)
==19188==    by 0x406264: parseTree (parser.c:102)
==19188==    by 0x406EA2: printParseTreeForHTML (parser.c:396)
==19188==    by 0x400CB5: main (visualize.c:15)
==19188== 
==19188== 72 bytes in 1 blocks are still reachable in loss record 763 of 917
==19188==    at 0x4C2DB8F: malloc (in /usr/lib/valgrind/vgpreload_memcheck-amd64-linux.so)
==19188==    by 0x4045B6: createElementInt (hash.c:57)
==19188==    by 0x40475E: insertInt (hash.c:94)
==19188==    by 0x40404A: get_token_hasht (token.c:179)
==19188==    by 0x4013C1: populate_dfa (populate_dfa.c:145)
==19188==    by 0x404E4D: createDFA (lexer.c:10)
==19188==    by 0x404EE1: getNextToken (lexer.c:23)
==19188==    by 0x406264: parseTree (parser.c:102)
==19188==    by 0x406EA2: printParseTreeForHTML (parser.c:396)
==19188==    by 0x400CB5: main (visualize.c:15)
==19188== 
==19188== 72 bytes in 1 blocks are still reachable in loss record 764 of 917
==19188==    at 0x4C2DB8F: malloc (in /usr/lib/valgrind/vgpreload_memcheck-amd64-linux.so)
==19188==    by 0x4045B6: createElementInt (hash.c:57)
==19188==    by 0x40475E: insertInt (hash.c:94)
==19188==    by 0x4040E4: get_token_hasht (token.c:186)
==19188==    by 0x4013C1: populate_dfa (populate_dfa.c:145)
==19188==    by 0x404E4D: createDFA (lexer.c:10)
==19188==    by 0x404EE1: getNextToken (lexer.c:23)
==19188==    by 0x406264: parseTree (parser.c:102)
==19188==    by 0x406EA2: printParseTreeForHTML (parser.c:396)
==19188==    by 0x400CB5: main (visualize.c:15)
==19188== 
==19188== 72 bytes in 1 blocks are still reachable in loss record 765 of 917
==19188==    at 0x4C2DB8F: malloc (in /usr/lib/valgrind/vgpreload_memcheck-amd64-linux.so)
==19188==    by 0x4045B6: createElementInt (hash.c:57)
==19188==    by 0x40475E: insertInt (hash.c:94)
==19188==    by 0x404110: get_token_hasht (token.c:188)
==19188==    by 0x4013C1: populate_dfa (populate_dfa.c:145)
==19188==    by 0x404E4D: createDFA (lexer.c:10)
==19188==    by 0x404EE1: getNextToken (lexer.c:23)
==19188==    by 0x406264: parseTree (parser.c:102)
==19188==    by 0x406EA2: printParseTreeForHTML (parser.c:396)
==19188==    by 0x400CB5: main (visualize.c:15)
==19188== 
==19188== 72 bytes in 1 blocks are still reachable in loss record 766 of 917
==19188==    at 0x4C2DB8F: malloc (in /usr/lib/valgrind/vgpreload_memcheck-amd64-linux.so)
==19188==    by 0x4045B6: createElementInt (hash.c:57)
==19188==    by 0x40475E: insertInt (hash.c:94)
==19188==    by 0x404194: get_token_hasht (token.c:195)
==19188==    by 0x4013C1: populate_dfa (populate_dfa.c:145)
==19188==    by 0x404E4D: createDFA (lexer.c:10)
==19188==    by 0x404EE1: getNextToken (lexer.c:23)
==19188==    by 0x406264: parseTree (parser.c:102)
==19188==    by 0x406EA2: printParseTreeForHTML (parser.c:396)
==19188==    by 0x400CB5: main (visualize.c:15)
==19188== 
==19188== 72 bytes in 1 blocks are still reachable in loss record 767 of 917
==19188==    at 0x4C2DB8F: malloc (in /usr/lib/valgrind/vgpreload_memcheck-amd64-linux.so)
==19188==    by 0x4045B6: createElementInt (hash.c:57)
==19188==    by 0x40475E: insertInt (hash.c:94)
==19188==    by 0x4042B7: get_keyword_hasht (token.c:216)
==19188==    by 0x404FB1: getNextToken (lexer.c:36)
==19188==    by 0x406264: parseTree (parser.c:102)
==19188==    by 0x406EA2: printParseTreeForHTML (parser.c:396)
==19188==    by 0x400CB5: main (visualize.c:15)
==19188== 
==19188== 72 bytes in 1 blocks are possibly lost in loss record 768 of 917
==19188==    at 0x4C2DB8F: malloc (in /usr/lib/valgrind/vgpreload_memcheck-amd64-linux.so)
==19188==    by 0x403216: get_token_names (token.c:23)
==19188==    by 0x4069B3: printParseTreeForHTML (parser.c:337)
==19188==    by 0x400CB5: main (visualize.c:15)
==19188== 
==19188== 72 bytes in 1 blocks are possibly lost in loss record 769 of 917
==19188==    at 0x4C2DB8F: malloc (in /usr/lib/valgrind/vgpreload_memcheck-amd64-linux.so)
==19188==    by 0x4032EA: get_token_names (token.c:31)
==19188==    by 0x4069B3: printParseTreeForHTML (parser.c:337)
==19188==    by 0x400CB5: main (visualize.c:15)
==19188== 
==19188== 72 bytes in 1 blocks are possibly lost in loss record 770 of 917
==19188==    at 0x4C2DB8F: malloc (in /usr/lib/valgrind/vgpreload_memcheck-amd64-linux.so)
==19188==    by 0x403355: get_token_names (token.c:35)
==19188==    by 0x4069B3: printParseTreeForHTML (parser.c:337)
==19188==    by 0x400CB5: main (visualize.c:15)
==19188== 
==19188== 72 bytes in 1 blocks are possibly lost in loss record 771 of 917
==19188==    at 0x4C2DB8F: malloc (in /usr/lib/valgrind/vgpreload_memcheck-amd64-linux.so)
==19188==    by 0x403454: get_token_names (token.c:45)
==19188==    by 0x4069B3: printParseTreeForHTML (parser.c:337)
==19188==    by 0x400CB5: main (visualize.c:15)
==19188== 
==19188== 72 bytes in 1 blocks are possibly lost in loss record 772 of 917
==19188==    at 0x4C2DB8F: malloc (in /usr/lib/valgrind/vgpreload_memcheck-amd64-linux.so)
==19188==    by 0x403773: get_token_names (token.c:77)
==19188==    by 0x4069B3: printParseTreeForHTML (parser.c:337)
==19188==    by 0x400CB5: main (visualize.c:15)
==19188== 
==19188== 72 bytes in 1 blocks are possibly lost in loss record 773 of 917
==19188==    at 0x4C2DB8F: malloc (in /usr/lib/valgrind/vgpreload_memcheck-amd64-linux.so)
==19188==    by 0x4038B4: get_token_names (token.c:89)
==19188==    by 0x4069B3: printParseTreeForHTML (parser.c:337)
==19188==    by 0x400CB5: main (visualize.c:15)
==19188== 
==19188== 72 bytes in 1 blocks are possibly lost in loss record 774 of 917
==19188==    at 0x4C2DB8F: malloc (in /usr/lib/valgrind/vgpreload_memcheck-amd64-linux.so)
==19188==    by 0x403A25: get_token_names (token.c:103)
==19188==    by 0x4069B3: printParseTreeForHTML (parser.c:337)
==19188==    by 0x400CB5: main (visualize.c:15)
==19188== 
==19188== 72 bytes in 1 blocks are possibly lost in loss record 775 of 917
==19188==    at 0x4C2DB8F: malloc (in /usr/lib/valgrind/vgpreload_memcheck-amd64-linux.so)
==19188==    by 0x403A8D: get_token_names (token.c:107)
==19188==    by 0x4069B3: printParseTreeForHTML (parser.c:337)
==19188==    by 0x400CB5: main (visualize.c:15)
==19188== 
==19188== 72 bytes in 1 blocks are possibly lost in loss record 776 of 917
==19188==    at 0x4C2DB8F: malloc (in /usr/lib/valgrind/vgpreload_memcheck-amd64-linux.so)
==19188==    by 0x403BD4: get_token_names (token.c:120)
==19188==    by 0x4069B3: printParseTreeForHTML (parser.c:337)
==19188==    by 0x400CB5: main (visualize.c:15)
==19188== 
==19188== 72 bytes in 1 blocks are indirectly lost in loss record 777 of 917
==19188==    at 0x4C2DB8F: malloc (in /usr/lib/valgrind/vgpreload_memcheck-amd64-linux.so)
==19188==    by 0x4045B6: createElementInt (hash.c:57)
==19188==    by 0x40475E: insertInt (hash.c:94)
==19188==    by 0x403D74: get_token_hasht (token.c:146)
==19188==    by 0x4069D7: printParseTreeForHTML (parser.c:342)
==19188==    by 0x400CB5: main (visualize.c:15)
==19188== 
==19188== 72 bytes in 1 blocks are indirectly lost in loss record 778 of 917
==19188==    at 0x4C2DB8F: malloc (in /usr/lib/valgrind/vgpreload_memcheck-amd64-linux.so)
==19188==    by 0x4045B6: createElementInt (hash.c:57)
==19188==    by 0x40475E: insertInt (hash.c:94)
==19188==    by 0x403DCC: get_token_hasht (token.c:150)
==19188==    by 0x4069D7: printParseTreeForHTML (parser.c:342)
==19188==    by 0x400CB5: main (visualize.c:15)
==19188== 
==19188== 72 bytes in 1 blocks are indirectly lost in loss record 779 of 917
==19188==    at 0x4C2DB8F: malloc (in /usr/lib/valgrind/vgpreload_memcheck-amd64-linux.so)
==19188==    by 0x4045B6: createElementInt (hash.c:57)
==19188==    by 0x40475E: insertInt (hash.c:94)
==19188==    by 0x403DF8: get_token_hasht (token.c:152)
==19188==    by 0x4069D7: printParseTreeForHTML (parser.c:342)
==19188==    by 0x400CB5: main (visualize.c:15)
==19188== 
==19188== 72 bytes in 1 blocks are indirectly lost in loss record 780 of 917
==19188==    at 0x4C2DB8F: malloc (in /usr/lib/valgrind/vgpreload_memcheck-amd64-linux.so)
==19188==    by 0x4045B6: createElementInt (hash.c:57)
==19188==    by 0x40475E: insertInt (hash.c:94)
==19188==    by 0x403E66: get_token_hasht (token.c:157)
==19188==    by 0x4069D7: printParseTreeForHTML (parser.c:342)
==19188==    by 0x400CB5: main (visualize.c:15)
==19188== 
==19188== 72 bytes in 1 blocks are indirectly lost in loss record 781 of 917
==19188==    at 0x4C2DB8F: malloc (in /usr/lib/valgrind/vgpreload_memcheck-amd64-linux.so)
==19188==    by 0x4045B6: createElementInt (hash.c:57)
==19188==    by 0x40475E: insertInt (hash.c:94)
==19188==    by 0x403FC6: get_token_hasht (token.c:173)
==19188==    by 0x4069D7: printParseTreeForHTML (parser.c:342)
==19188==    by 0x400CB5: main (visualize.c:15)
==19188== 
==19188== 72 bytes in 1 blocks are indirectly lost in loss record 782 of 917
==19188==    at 0x4C2DB8F: malloc (in /usr/lib/valgrind/vgpreload_memcheck-amd64-linux.so)
==19188==    by 0x4045B6: createElementInt (hash.c:57)
==19188==    by 0x40475E: insertInt (hash.c:94)
==19188==    by 0x40404A: get_token_hasht (token.c:179)
==19188==    by 0x4069D7: printParseTreeForHTML (parser.c:342)
==19188==    by 0x400CB5: main (visualize.c:15)
==19188== 
==19188== 72 bytes in 1 blocks are indirectly lost in loss record 783 of 917
==19188==    at 0x4C2DB8F: malloc (in /usr/lib/valgrind/vgpreload_memcheck-amd64-linux.so)
==19188==    by 0x4045B6: createElementInt (hash.c:57)
==19188==    by 0x40475E: insertInt (hash.c:94)
==19188==    by 0x4040E4: get_token_hasht (token.c:186)
==19188==    by 0x4069D7: printParseTreeForHTML (parser.c:342)
==19188==    by 0x400CB5: main (visualize.c:15)
==19188== 
==19188== 72 bytes in 1 blocks are indirectly lost in loss record 784 of 917
==19188==    at 0x4C2DB8F: malloc (in /usr/lib/valgrind/vgpreload_memcheck-amd64-linux.so)
==19188==    by 0x4045B6: createElementInt (hash.c:57)
==19188==    by 0x40475E: insertInt (hash.c:94)
==19188==    by 0x404110: get_token_hasht (token.c:188)
==19188==    by 0x4069D7: printParseTreeForHTML (parser.c:342)
==19188==    by 0x400CB5: main (visualize.c:15)
==19188== 
==19188== 72 bytes in 1 blocks are indirectly lost in loss record 785 of 917
==19188==    at 0x4C2DB8F: malloc (in /usr/lib/valgrind/vgpreload_memcheck-amd64-linux.so)
==19188==    by 0x4045B6: createElementInt (hash.c:57)
==19188==    by 0x40475E: insertInt (hash.c:94)
==19188==    by 0x404194: get_token_hasht (token.c:195)
==19188==    by 0x4069D7: printParseTreeForHTML (parser.c:342)
==19188==    by 0x400CB5: main (visualize.c:15)
==19188== 
==19188== 80 bytes in 1 blocks are still reachable in loss record 786 of 917
==19188==    at 0x4C2DB8F: malloc (in /usr/lib/valgrind/vgpreload_memcheck-amd64-linux.so)
==19188==    by 0x405AC8: get_start_symbol_item (parser.c:65)
==19188==    by 0x405C04: parseTree (parser.c:93)
==19188==    by 0x406EA2: printParseTreeForHTML (parser.c:396)
==19188==    by 0x400CB5: main (visualize.c:15)
==19188== 
==19188== 80 bytes in 1 blocks are still reachable in loss record 787 of 917
==19188==    at 0x4C2DB8F: malloc (in /usr/lib/valgrind/vgpreload_memcheck-amd64-linux.so)
==19188==    by 0x40380D: get_token_names (token.c:83)
==19188==    by 0x4013B3: populate_dfa (populate_dfa.c:144)
==19188==    by 0x404E4D: createDFA (lexer.c:10)
==19188==    by 0x404EE1: getNextToken (lexer.c:23)
==19188==    by 0x406264: parseTree (parser.c:102)
==19188==    by 0x406EA2: printParseTreeForHTML (parser.c:396)
==19188==    by 0x400CB5: main (visualize.c:15)
==19188== 
==19188== 80 bytes in 1 blocks are still reachable in loss record 788 of 917
==19188==    at 0x4C2DB8F: malloc (in /usr/lib/valgrind/vgpreload_memcheck-amd64-linux.so)
==19188==    by 0x4038EA: get_token_names (token.c:91)
==19188==    by 0x4013B3: populate_dfa (populate_dfa.c:144)
==19188==    by 0x404E4D: createDFA (lexer.c:10)
==19188==    by 0x404EE1: getNextToken (lexer.c:23)
==19188==    by 0x406264: parseTree (parser.c:102)
==19188==    by 0x406EA2: printParseTreeForHTML (parser.c:396)
==19188==    by 0x400CB5: main (visualize.c:15)
==19188== 
==19188== 80 bytes in 1 blocks are still reachable in loss record 789 of 917
==19188==    at 0x4C2DB8F: malloc (in /usr/lib/valgrind/vgpreload_memcheck-amd64-linux.so)
==19188==    by 0x403AC3: get_token_names (token.c:109)
==19188==    by 0x4013B3: populate_dfa (populate_dfa.c:144)
==19188==    by 0x404E4D: createDFA (lexer.c:10)
==19188==    by 0x404EE1: getNextToken (lexer.c:23)
==19188==    by 0x406264: parseTree (parser.c:102)
==19188==    by 0x406EA2: printParseTreeForHTML (parser.c:396)
==19188==    by 0x400CB5: main (visualize.c:15)
==19188== 
==19188== 80 bytes in 1 blocks are still reachable in loss record 790 of 917
==19188==    at 0x4C2DB8F: malloc (in /usr/lib/valgrind/vgpreload_memcheck-amd64-linux.so)
==19188==    by 0x403B2D: get_token_names (token.c:113)
==19188==    by 0x4013B3: populate_dfa (populate_dfa.c:144)
==19188==    by 0x404E4D: createDFA (lexer.c:10)
==19188==    by 0x404EE1: getNextToken (lexer.c:23)
==19188==    by 0x406264: parseTree (parser.c:102)
==19188==    by 0x406EA2: printParseTreeForHTML (parser.c:396)
==19188==    by 0x400CB5: main (visualize.c:15)
==19188== 
==19188== 80 bytes in 1 blocks are still reachable in loss record 791 of 917
==19188==    at 0x4C2DB8F: malloc (in /usr/lib/valgrind/vgpreload_memcheck-amd64-linux.so)
==19188==    by 0x403C3F: get_token_names (token.c:124)
==19188==    by 0x4013B3: populate_dfa (populate_dfa.c:144)
==19188==    by 0x404E4D: createDFA (lexer.c:10)
==19188==    by 0x404EE1: getNextToken (lexer.c:23)
==19188==    by 0x406264: parseTree (parser.c:102)
==19188==    by 0x406EA2: printParseTreeForHTML (parser.c:396)
==19188==    by 0x400CB5: main (visualize.c:15)
==19188== 
==19188== 80 bytes in 1 blocks are still reachable in loss record 792 of 917
==19188==    at 0x4C2DB8F: malloc (in /usr/lib/valgrind/vgpreload_memcheck-amd64-linux.so)
==19188==    by 0x4045B6: createElementInt (hash.c:57)
==19188==    by 0x40475E: insertInt (hash.c:94)
==19188==    by 0x404008: get_token_hasht (token.c:176)
==19188==    by 0x4013C1: populate_dfa (populate_dfa.c:145)
==19188==    by 0x404E4D: createDFA (lexer.c:10)
==19188==    by 0x404EE1: getNextToken (lexer.c:23)
==19188==    by 0x406264: parseTree (parser.c:102)
==19188==    by 0x406EA2: printParseTreeForHTML (parser.c:396)
==19188==    by 0x400CB5: main (visualize.c:15)
==19188== 
==19188== 80 bytes in 1 blocks are still reachable in loss record 793 of 917
==19188==    at 0x4C2DB8F: malloc (in /usr/lib/valgrind/vgpreload_memcheck-amd64-linux.so)
==19188==    by 0x4045B6: createElementInt (hash.c:57)
==19188==    by 0x40475E: insertInt (hash.c:94)
==19188==    by 0x404060: get_token_hasht (token.c:180)
==19188==    by 0x4013C1: populate_dfa (populate_dfa.c:145)
==19188==    by 0x404E4D: createDFA (lexer.c:10)
==19188==    by 0x404EE1: getNextToken (lexer.c:23)
==19188==    by 0x406264: parseTree (parser.c:102)
==19188==    by 0x406EA2: printParseTreeForHTML (parser.c:396)
==19188==    by 0x400CB5: main (visualize.c:15)
==19188== 
==19188== 80 bytes in 1 blocks are still reachable in loss record 794 of 917
==19188==    at 0x4C2DB8F: malloc (in /usr/lib/valgrind/vgpreload_memcheck-amd64-linux.so)
==19188==    by 0x4045B6: createElementInt (hash.c:57)
==19188==    by 0x40475E: insertInt (hash.c:94)
==19188==    by 0x404126: get_token_hasht (token.c:189)
==19188==    by 0x4013C1: populate_dfa (populate_dfa.c:145)
==19188==    by 0x404E4D: createDFA (lexer.c:10)
==19188==    by 0x404EE1: getNextToken (lexer.c:23)
==19188==    by 0x406264: parseTree (parser.c:102)
==19188==    by 0x406EA2: printParseTreeForHTML (parser.c:396)
==19188==    by 0x400CB5: main (visualize.c:15)
==19188== 
==19188== 80 bytes in 1 blocks are still reachable in loss record 795 of 917
==19188==    at 0x4C2DB8F: malloc (in /usr/lib/valgrind/vgpreload_memcheck-amd64-linux.so)
==19188==    by 0x4045B6: createElementInt (hash.c:57)
==19188==    by 0x40475E: insertInt (hash.c:94)
==19188==    by 0x404152: get_token_hasht (token.c:191)
==19188==    by 0x4013C1: populate_dfa (populate_dfa.c:145)
==19188==    by 0x404E4D: createDFA (lexer.c:10)
==19188==    by 0x404EE1: getNextToken (lexer.c:23)
==19188==    by 0x406264: parseTree (parser.c:102)
==19188==    by 0x406EA2: printParseTreeForHTML (parser.c:396)
==19188==    by 0x400CB5: main (visualize.c:15)
==19188== 
==19188== 80 bytes in 1 blocks are still reachable in loss record 796 of 917
==19188==    at 0x4C2DB8F: malloc (in /usr/lib/valgrind/vgpreload_memcheck-amd64-linux.so)
==19188==    by 0x4045B6: createElementInt (hash.c:57)
==19188==    by 0x40475E: insertInt (hash.c:94)
==19188==    by 0x4041C0: get_token_hasht (token.c:197)
==19188==    by 0x4013C1: populate_dfa (populate_dfa.c:145)
==19188==    by 0x404E4D: createDFA (lexer.c:10)
==19188==    by 0x404EE1: getNextToken (lexer.c:23)
==19188==    by 0x406264: parseTree (parser.c:102)
==19188==    by 0x406EA2: printParseTreeForHTML (parser.c:396)
==19188==    by 0x400CB5: main (visualize.c:15)
==19188== 
==19188== 80 bytes in 1 blocks are still reachable in loss record 797 of 917
==19188==    at 0x4C2DB8F: malloc (in /usr/lib/valgrind/vgpreload_memcheck-amd64-linux.so)
==19188==    by 0x4045B6: createElementInt (hash.c:57)
==19188==    by 0x40475E: insertInt (hash.c:94)
==19188==    by 0x404233: get_keyword_hasht (token.c:210)
==19188==    by 0x404FB1: getNextToken (lexer.c:36)
==19188==    by 0x406264: parseTree (parser.c:102)
==19188==    by 0x406EA2: printParseTreeForHTML (parser.c:396)
==19188==    by 0x400CB5: main (visualize.c:15)
==19188== 
==19188== 80 bytes in 1 blocks are still reachable in loss record 798 of 917
==19188==    at 0x4C2DB8F: malloc (in /usr/lib/valgrind/vgpreload_memcheck-amd64-linux.so)
==19188==    by 0x4045B6: createElementInt (hash.c:57)
==19188==    by 0x40475E: insertInt (hash.c:94)
==19188==    by 0x404367: get_keyword_hasht (token.c:224)
==19188==    by 0x404FB1: getNextToken (lexer.c:36)
==19188==    by 0x406264: parseTree (parser.c:102)
==19188==    by 0x406EA2: printParseTreeForHTML (parser.c:396)
==19188==    by 0x400CB5: main (visualize.c:15)
==19188== 
==19188== 80 bytes in 1 blocks are possibly lost in loss record 799 of 917
==19188==    at 0x4C2DB8F: malloc (in /usr/lib/valgrind/vgpreload_memcheck-amd64-linux.so)
==19188==    by 0x40380D: get_token_names (token.c:83)
==19188==    by 0x4069B3: printParseTreeForHTML (parser.c:337)
==19188==    by 0x400CB5: main (visualize.c:15)
==19188== 
==19188== 80 bytes in 1 blocks are possibly lost in loss record 800 of 917
==19188==    at 0x4C2DB8F: malloc (in /usr/lib/valgrind/vgpreload_memcheck-amd64-linux.so)
==19188==    by 0x4038EA: get_token_names (token.c:91)
==19188==    by 0x4069B3: printParseTreeForHTML (parser.c:337)
==19188==    by 0x400CB5: main (visualize.c:15)
==19188== 
==19188== 80 bytes in 1 blocks are possibly lost in loss record 801 of 917
==19188==    at 0x4C2DB8F: malloc (in /usr/lib/valgrind/vgpreload_memcheck-amd64-linux.so)
==19188==    by 0x403AC3: get_token_names (token.c:109)
==19188==    by 0x4069B3: printParseTreeForHTML (parser.c:337)
==19188==    by 0x400CB5: main (visualize.c:15)
==19188== 
==19188== 80 bytes in 1 blocks are possibly lost in loss record 802 of 917
==19188==    at 0x4C2DB8F: malloc (in /usr/lib/valgrind/vgpreload_memcheck-amd64-linux.so)
==19188==    by 0x403B2D: get_token_names (token.c:113)
==19188==    by 0x4069B3: printParseTreeForHTML (parser.c:337)
==19188==    by 0x400CB5: main (visualize.c:15)
==19188== 
==19188== 80 bytes in 1 blocks are possibly lost in loss record 803 of 917
==19188==    at 0x4C2DB8F: malloc (in /usr/lib/valgrind/vgpreload_memcheck-amd64-linux.so)
==19188==    by 0x403C3F: get_token_names (token.c:124)
==19188==    by 0x4069B3: printParseTreeForHTML (parser.c:337)
==19188==    by 0x400CB5: main (visualize.c:15)
==19188== 
==19188== 80 bytes in 1 blocks are indirectly lost in loss record 804 of 917
==19188==    at 0x4C2DB8F: malloc (in /usr/lib/valgrind/vgpreload_memcheck-amd64-linux.so)
==19188==    by 0x4045B6: createElementInt (hash.c:57)
==19188==    by 0x40475E: insertInt (hash.c:94)
==19188==    by 0x404008: get_token_hasht (token.c:176)
==19188==    by 0x4069D7: printParseTreeForHTML (parser.c:342)
==19188==    by 0x400CB5: main (visualize.c:15)
==19188== 
==19188== 80 bytes in 1 blocks are indirectly lost in loss record 805 of 917
==19188==    at 0x4C2DB8F: malloc (in /usr/lib/valgrind/vgpreload_memcheck-amd64-linux.so)
==19188==    by 0x4045B6: createElementInt (hash.c:57)
==19188==    by 0x40475E: insertInt (hash.c:94)
==19188==    by 0x404060: get_token_hasht (token.c:180)
==19188==    by 0x4069D7: printParseTreeForHTML (parser.c:342)
==19188==    by 0x400CB5: main (visualize.c:15)
==19188== 
==19188== 80 bytes in 1 blocks are indirectly lost in loss record 806 of 917
==19188==    at 0x4C2DB8F: malloc (in /usr/lib/valgrind/vgpreload_memcheck-amd64-linux.so)
==19188==    by 0x4045B6: createElementInt (hash.c:57)
==19188==    by 0x40475E: insertInt (hash.c:94)
==19188==    by 0x404126: get_token_hasht (token.c:189)
==19188==    by 0x4069D7: printParseTreeForHTML (parser.c:342)
==19188==    by 0x400CB5: main (visualize.c:15)
==19188== 
==19188== 80 bytes in 1 blocks are indirectly lost in loss record 807 of 917
==19188==    at 0x4C2DB8F: malloc (in /usr/lib/valgrind/vgpreload_memcheck-amd64-linux.so)
==19188==    by 0x4045B6: createElementInt (hash.c:57)
==19188==    by 0x40475E: insertInt (hash.c:94)
==19188==    by 0x404152: get_token_hasht (token.c:191)
==19188==    by 0x4069D7: printParseTreeForHTML (parser.c:342)
==19188==    by 0x400CB5: main (visualize.c:15)
==19188== 
==19188== 80 bytes in 1 blocks are indirectly lost in loss record 808 of 917
==19188==    at 0x4C2DB8F: malloc (in /usr/lib/valgrind/vgpreload_memcheck-amd64-linux.so)
==19188==    by 0x4045B6: createElementInt (hash.c:57)
==19188==    by 0x40475E: insertInt (hash.c:94)
==19188==    by 0x4041C0: get_token_hasht (token.c:197)
==19188==    by 0x4069D7: printParseTreeForHTML (parser.c:342)
==19188==    by 0x400CB5: main (visualize.c:15)
==19188== 
==19188== 80 bytes in 1 blocks are definitely lost in loss record 809 of 917
==19188==    at 0x4C2DB8F: malloc (in /usr/lib/valgrind/vgpreload_memcheck-amd64-linux.so)
==19188==    by 0x405BE3: parseTree (parser.c:91)
==19188==    by 0x406EA2: printParseTreeForHTML (parser.c:396)
==19188==    by 0x400CB5: main (visualize.c:15)
==19188== 
==19188== 80 bytes in 8 blocks are definitely lost in loss record 810 of 917
==19188==    at 0x4C2DB8F: malloc (in /usr/lib/valgrind/vgpreload_memcheck-amd64-linux.so)
==19188==    by 0x4067F6: printJSON (parser.c:309)
==19188==    by 0x4068D1: printJSON (parser.c:319)
==19188==    by 0x4068D1: printJSON (parser.c:319)
==19188==    by 0x4068D1: printJSON (parser.c:319)
==19188==    by 0x4068D1: printJSON (parser.c:319)
==19188==    by 0x4068D1: printJSON (parser.c:319)
==19188==    by 0x4068D1: printJSON (parser.c:319)
==19188==    by 0x4068D1: printJSON (parser.c:319)
==19188==    by 0x406F35: printParseTreeForHTML (parser.c:405)
==19188==    by 0x400CB5: main (visualize.c:15)
==19188== 
==19188== 88 bytes in 1 blocks are still reachable in loss record 811 of 917
==19188==    at 0x4C2DB8F: malloc (in /usr/lib/valgrind/vgpreload_memcheck-amd64-linux.so)
==19188==    by 0x40310A: get_token_names (token.c:13)
==19188==    by 0x4013B3: populate_dfa (populate_dfa.c:144)
==19188==    by 0x404E4D: createDFA (lexer.c:10)
==19188==    by 0x404EE1: getNextToken (lexer.c:23)
==19188==    by 0x406264: parseTree (parser.c:102)
==19188==    by 0x406EA2: printParseTreeForHTML (parser.c:396)
==19188==    by 0x400CB5: main (visualize.c:15)
==19188== 
==19188== 88 bytes in 1 blocks are still reachable in loss record 812 of 917
==19188==    at 0x4C2DB8F: malloc (in /usr/lib/valgrind/vgpreload_memcheck-amd64-linux.so)
==19188==    by 0x403144: get_token_names (token.c:15)
==19188==    by 0x4013B3: populate_dfa (populate_dfa.c:144)
==19188==    by 0x404E4D: createDFA (lexer.c:10)
==19188==    by 0x404EE1: getNextToken (lexer.c:23)
==19188==    by 0x406264: parseTree (parser.c:102)
==19188==    by 0x406EA2: printParseTreeForHTML (parser.c:396)
==19188==    by 0x400CB5: main (visualize.c:15)
==19188== 
==19188== 88 bytes in 1 blocks are still reachable in loss record 813 of 917
==19188==    at 0x4C2DB8F: malloc (in /usr/lib/valgrind/vgpreload_memcheck-amd64-linux.so)
==19188==    by 0x4045B6: createElementInt (hash.c:57)
==19188==    by 0x40475E: insertInt (hash.c:94)
==19188==    by 0x403D06: get_token_hasht (token.c:141)
==19188==    by 0x4013C1: populate_dfa (populate_dfa.c:145)
==19188==    by 0x404E4D: createDFA (lexer.c:10)
==19188==    by 0x404EE1: getNextToken (lexer.c:23)
==19188==    by 0x406264: parseTree (parser.c:102)
==19188==    by 0x406EA2: printParseTreeForHTML (parser.c:396)
==19188==    by 0x400CB5: main (visualize.c:15)
==19188== 
==19188== 88 bytes in 1 blocks are still reachable in loss record 814 of 917
==19188==    at 0x4C2DB8F: malloc (in /usr/lib/valgrind/vgpreload_memcheck-amd64-linux.so)
==19188==    by 0x4045B6: createElementInt (hash.c:57)
==19188==    by 0x40475E: insertInt (hash.c:94)
==19188==    by 0x403D1C: get_token_hasht (token.c:142)
==19188==    by 0x4013C1: populate_dfa (populate_dfa.c:145)
==19188==    by 0x404E4D: createDFA (lexer.c:10)
==19188==    by 0x404EE1: getNextToken (lexer.c:23)
==19188==    by 0x406264: parseTree (parser.c:102)
==19188==    by 0x406EA2: printParseTreeForHTML (parser.c:396)
==19188==    by 0x400CB5: main (visualize.c:15)
==19188== 
==19188== 88 bytes in 1 blocks are still reachable in loss record 815 of 917
==19188==    at 0x4C2DB8F: malloc (in /usr/lib/valgrind/vgpreload_memcheck-amd64-linux.so)
==19188==    by 0x4045B6: createElementInt (hash.c:57)
==19188==    by 0x40475E: insertInt (hash.c:94)
==19188==    by 0x40421D: get_keyword_hasht (token.c:209)
==19188==    by 0x404FB1: getNextToken (lexer.c:36)
==19188==    by 0x406264: parseTree (parser.c:102)
==19188==    by 0x406EA2: printParseTreeForHTML (parser.c:396)
==19188==    by 0x400CB5: main (visualize.c:15)
==19188== 
==19188== 88 bytes in 1 blocks are possibly lost in loss record 816 of 917
==19188==    at 0x4C2DB8F: malloc (in /usr/lib/valgrind/vgpreload_memcheck-amd64-linux.so)
==19188==    by 0x40310A: get_token_names (token.c:13)
==19188==    by 0x4069B3: printParseTreeForHTML (parser.c:337)
==19188==    by 0x400CB5: main (visualize.c:15)
==19188== 
==19188== 88 bytes in 1 blocks are possibly lost in loss record 817 of 917
==19188==    at 0x4C2DB8F: malloc (in /usr/lib/valgrind/vgpreload_memcheck-amd64-linux.so)
==19188==    by 0x403144: get_token_names (token.c:15)
==19188==    by 0x4069B3: printParseTreeForHTML (parser.c:337)
==19188==    by 0x400CB5: main (visualize.c:15)
==19188== 
==19188== 88 bytes in 1 blocks are indirectly lost in loss record 818 of 917
==19188==    at 0x4C2DB8F: malloc (in /usr/lib/valgrind/vgpreload_memcheck-amd64-linux.so)
==19188==    by 0x4045B6: createElementInt (hash.c:57)
==19188==    by 0x40475E: insertInt (hash.c:94)
==19188==    by 0x403D06: get_token_hasht (token.c:141)
==19188==    by 0x4069D7: printParseTreeForHTML (parser.c:342)
==19188==    by 0x400CB5: main (visualize.c:15)
==19188== 
==19188== 88 bytes in 1 blocks are indirectly lost in loss record 819 of 917
==19188==    at 0x4C2DB8F: malloc (in /usr/lib/valgrind/vgpreload_memcheck-amd64-linux.so)
==19188==    by 0x4045B6: createElementInt (hash.c:57)
==19188==    by 0x40475E: insertInt (hash.c:94)
==19188==    by 0x403D1C: get_token_hasht (token.c:142)
==19188==    by 0x4069D7: printParseTreeForHTML (parser.c:342)
==19188==    by 0x400CB5: main (visualize.c:15)
==19188== 
==19188== 96 bytes in 1 blocks are still reachable in loss record 820 of 917
==19188==    at 0x4C2DB8F: malloc (in /usr/lib/valgrind/vgpreload_memcheck-amd64-linux.so)
==19188==    by 0x4030D6: get_token_names (token.c:11)
==19188==    by 0x4013B3: populate_dfa (populate_dfa.c:144)
==19188==    by 0x404E4D: createDFA (lexer.c:10)
==19188==    by 0x404EE1: getNextToken (lexer.c:23)
==19188==    by 0x406264: parseTree (parser.c:102)
==19188==    by 0x406EA2: printParseTreeForHTML (parser.c:396)
==19188==    by 0x400CB5: main (visualize.c:15)
==19188== 
==19188== 96 bytes in 1 blocks are still reachable in loss record 821 of 917
==19188==    at 0x4C2DB8F: malloc (in /usr/lib/valgrind/vgpreload_memcheck-amd64-linux.so)
==19188==    by 0x40324C: get_token_names (token.c:25)
==19188==    by 0x4013B3: populate_dfa (populate_dfa.c:144)
==19188==    by 0x404E4D: createDFA (lexer.c:10)
==19188==    by 0x404EE1: getNextToken (lexer.c:23)
==19188==    by 0x406264: parseTree (parser.c:102)
==19188==    by 0x406EA2: printParseTreeForHTML (parser.c:396)
==19188==    by 0x400CB5: main (visualize.c:15)
==19188== 
==19188== 96 bytes in 1 blocks are still reachable in loss record 822 of 917
==19188==    at 0x4C2DB8F: malloc (in /usr/lib/valgrind/vgpreload_memcheck-amd64-linux.so)
==19188==    by 0x403989: get_token_names (token.c:97)
==19188==    by 0x4013B3: populate_dfa (populate_dfa.c:144)
==19188==    by 0x404E4D: createDFA (lexer.c:10)
==19188==    by 0x404EE1: getNextToken (lexer.c:23)
==19188==    by 0x406264: parseTree (parser.c:102)
==19188==    by 0x406EA2: printParseTreeForHTML (parser.c:396)
==19188==    by 0x400CB5: main (visualize.c:15)
==19188== 
==19188== 96 bytes in 1 blocks are still reachable in loss record 823 of 917
==19188==    at 0x4C2DB8F: malloc (in /usr/lib/valgrind/vgpreload_memcheck-amd64-linux.so)
==19188==    by 0x4045B6: createElementInt (hash.c:57)
==19188==    by 0x40475E: insertInt (hash.c:94)
==19188==    by 0x403CF0: get_token_hasht (token.c:140)
==19188==    by 0x4013C1: populate_dfa (populate_dfa.c:145)
==19188==    by 0x404E4D: createDFA (lexer.c:10)
==19188==    by 0x404EE1: getNextToken (lexer.c:23)
==19188==    by 0x406264: parseTree (parser.c:102)
==19188==    by 0x406EA2: printParseTreeForHTML (parser.c:396)
==19188==    by 0x400CB5: main (visualize.c:15)
==19188== 
==19188== 96 bytes in 1 blocks are still reachable in loss record 824 of 917
==19188==    at 0x4C2DB8F: malloc (in /usr/lib/valgrind/vgpreload_memcheck-amd64-linux.so)
==19188==    by 0x4045B6: createElementInt (hash.c:57)
==19188==    by 0x40475E: insertInt (hash.c:94)
==19188==    by 0x403D8A: get_token_hasht (token.c:147)
==19188==    by 0x4013C1: populate_dfa (populate_dfa.c:145)
==19188==    by 0x404E4D: createDFA (lexer.c:10)
==19188==    by 0x404EE1: getNextToken (lexer.c:23)
==19188==    by 0x406264: parseTree (parser.c:102)
==19188==    by 0x406EA2: printParseTreeForHTML (parser.c:396)
==19188==    by 0x400CB5: main (visualize.c:15)
==19188== 
==19188== 96 bytes in 1 blocks are still reachable in loss record 825 of 917
==19188==    at 0x4C2DB8F: malloc (in /usr/lib/valgrind/vgpreload_memcheck-amd64-linux.so)
==19188==    by 0x4045B6: createElementInt (hash.c:57)
==19188==    by 0x40475E: insertInt (hash.c:94)
==19188==    by 0x4040A2: get_token_hasht (token.c:183)
==19188==    by 0x4013C1: populate_dfa (populate_dfa.c:145)
==19188==    by 0x404E4D: createDFA (lexer.c:10)
==19188==    by 0x404EE1: getNextToken (lexer.c:23)
==19188==    by 0x406264: parseTree (parser.c:102)
==19188==    by 0x406EA2: printParseTreeForHTML (parser.c:396)
==19188==    by 0x400CB5: main (visualize.c:15)
==19188== 
==19188== 96 bytes in 1 blocks are possibly lost in loss record 826 of 917
==19188==    at 0x4C2DB8F: malloc (in /usr/lib/valgrind/vgpreload_memcheck-amd64-linux.so)
==19188==    by 0x4030D6: get_token_names (token.c:11)
==19188==    by 0x4069B3: printParseTreeForHTML (parser.c:337)
==19188==    by 0x400CB5: main (visualize.c:15)
==19188== 
==19188== 96 bytes in 1 blocks are possibly lost in loss record 827 of 917
==19188==    at 0x4C2DB8F: malloc (in /usr/lib/valgrind/vgpreload_memcheck-amd64-linux.so)
==19188==    by 0x40324C: get_token_names (token.c:25)
==19188==    by 0x4069B3: printParseTreeForHTML (parser.c:337)
==19188==    by 0x400CB5: main (visualize.c:15)
==19188== 
==19188== 96 bytes in 1 blocks are possibly lost in loss record 828 of 917
==19188==    at 0x4C2DB8F: malloc (in /usr/lib/valgrind/vgpreload_memcheck-amd64-linux.so)
==19188==    by 0x403989: get_token_names (token.c:97)
==19188==    by 0x4069B3: printParseTreeForHTML (parser.c:337)
==19188==    by 0x400CB5: main (visualize.c:15)
==19188== 
==19188== 96 bytes in 1 blocks are indirectly lost in loss record 829 of 917
==19188==    at 0x4C2DB8F: malloc (in /usr/lib/valgrind/vgpreload_memcheck-amd64-linux.so)
==19188==    by 0x4045B6: createElementInt (hash.c:57)
==19188==    by 0x40475E: insertInt (hash.c:94)
==19188==    by 0x403CF0: get_token_hasht (token.c:140)
==19188==    by 0x4069D7: printParseTreeForHTML (parser.c:342)
==19188==    by 0x400CB5: main (visualize.c:15)
==19188== 
==19188== 96 bytes in 1 blocks are indirectly lost in loss record 830 of 917
==19188==    at 0x4C2DB8F: malloc (in /usr/lib/valgrind/vgpreload_memcheck-amd64-linux.so)
==19188==    by 0x4045B6: createElementInt (hash.c:57)
==19188==    by 0x40475E: insertInt (hash.c:94)
==19188==    by 0x403D8A: get_token_hasht (token.c:147)
==19188==    by 0x4069D7: printParseTreeForHTML (parser.c:342)
==19188==    by 0x400CB5: main (visualize.c:15)
==19188== 
==19188== 96 bytes in 1 blocks are indirectly lost in loss record 831 of 917
==19188==    at 0x4C2DB8F: malloc (in /usr/lib/valgrind/vgpreload_memcheck-amd64-linux.so)
==19188==    by 0x4045B6: createElementInt (hash.c:57)
==19188==    by 0x40475E: insertInt (hash.c:94)
==19188==    by 0x4040A2: get_token_hasht (token.c:183)
==19188==    by 0x4069D7: printParseTreeForHTML (parser.c:342)
==19188==    by 0x400CB5: main (visualize.c:15)
==19188== 
==19188== 104 bytes in 1 blocks are still reachable in loss record 832 of 917
==19188==    at 0x4C2DB8F: malloc (in /usr/lib/valgrind/vgpreload_memcheck-amd64-linux.so)
==19188==    by 0x403845: get_token_names (token.c:85)
==19188==    by 0x4013B3: populate_dfa (populate_dfa.c:144)
==19188==    by 0x404E4D: createDFA (lexer.c:10)
==19188==    by 0x404EE1: getNextToken (lexer.c:23)
==19188==    by 0x406264: parseTree (parser.c:102)
==19188==    by 0x406EA2: printParseTreeForHTML (parser.c:396)
==19188==    by 0x400CB5: main (visualize.c:15)
==19188== 
==19188== 104 bytes in 1 blocks are still reachable in loss record 833 of 917
==19188==    at 0x4C2DB8F: malloc (in /usr/lib/valgrind/vgpreload_memcheck-amd64-linux.so)
==19188==    by 0x403B65: get_token_names (token.c:115)
==19188==    by 0x4013B3: populate_dfa (populate_dfa.c:144)
==19188==    by 0x404E4D: createDFA (lexer.c:10)
==19188==    by 0x404EE1: getNextToken (lexer.c:23)
==19188==    by 0x406264: parseTree (parser.c:102)
==19188==    by 0x406EA2: printParseTreeForHTML (parser.c:396)
==19188==    by 0x400CB5: main (visualize.c:15)
==19188== 
==19188== 104 bytes in 1 blocks are still reachable in loss record 834 of 917
==19188==    at 0x4C2DB8F: malloc (in /usr/lib/valgrind/vgpreload_memcheck-amd64-linux.so)
==19188==    by 0x4045B6: createElementInt (hash.c:57)
==19188==    by 0x40475E: insertInt (hash.c:94)
==19188==    by 0x40401E: get_token_hasht (token.c:177)
==19188==    by 0x4013C1: populate_dfa (populate_dfa.c:145)
==19188==    by 0x404E4D: createDFA (lexer.c:10)
==19188==    by 0x404EE1: getNextToken (lexer.c:23)
==19188==    by 0x406264: parseTree (parser.c:102)
==19188==    by 0x406EA2: printParseTreeForHTML (parser.c:396)
==19188==    by 0x400CB5: main (visualize.c:15)
==19188== 
==19188== 104 bytes in 1 blocks are still reachable in loss record 835 of 917
==19188==    at 0x4C2DB8F: malloc (in /usr/lib/valgrind/vgpreload_memcheck-amd64-linux.so)
==19188==    by 0x4045B6: createElementInt (hash.c:57)
==19188==    by 0x40475E: insertInt (hash.c:94)
==19188==    by 0x404168: get_token_hasht (token.c:192)
==19188==    by 0x4013C1: populate_dfa (populate_dfa.c:145)
==19188==    by 0x404E4D: createDFA (lexer.c:10)
==19188==    by 0x404EE1: getNextToken (lexer.c:23)
==19188==    by 0x406264: parseTree (parser.c:102)
==19188==    by 0x406EA2: printParseTreeForHTML (parser.c:396)
==19188==    by 0x400CB5: main (visualize.c:15)
==19188== 
==19188== 104 bytes in 1 blocks are possibly lost in loss record 836 of 917
==19188==    at 0x4C2DB8F: malloc (in /usr/lib/valgrind/vgpreload_memcheck-amd64-linux.so)
==19188==    by 0x403845: get_token_names (token.c:85)
==19188==    by 0x4069B3: printParseTreeForHTML (parser.c:337)
==19188==    by 0x400CB5: main (visualize.c:15)
==19188== 
==19188== 104 bytes in 1 blocks are possibly lost in loss record 837 of 917
==19188==    at 0x4C2DB8F: malloc (in /usr/lib/valgrind/vgpreload_memcheck-amd64-linux.so)
==19188==    by 0x403B65: get_token_names (token.c:115)
==19188==    by 0x4069B3: printParseTreeForHTML (parser.c:337)
==19188==    by 0x400CB5: main (visualize.c:15)
==19188== 
==19188== 104 bytes in 1 blocks are indirectly lost in loss record 838 of 917
==19188==    at 0x4C2DB8F: malloc (in /usr/lib/valgrind/vgpreload_memcheck-amd64-linux.so)
==19188==    by 0x4045B6: createElementInt (hash.c:57)
==19188==    by 0x40475E: insertInt (hash.c:94)
==19188==    by 0x40401E: get_token_hasht (token.c:177)
==19188==    by 0x4069D7: printParseTreeForHTML (parser.c:342)
==19188==    by 0x400CB5: main (visualize.c:15)
==19188== 
==19188== 104 bytes in 1 blocks are indirectly lost in loss record 839 of 917
==19188==    at 0x4C2DB8F: malloc (in /usr/lib/valgrind/vgpreload_memcheck-amd64-linux.so)
==19188==    by 0x4045B6: createElementInt (hash.c:57)
==19188==    by 0x40475E: insertInt (hash.c:94)
==19188==    by 0x404168: get_token_hasht (token.c:192)
==19188==    by 0x4069D7: printParseTreeForHTML (parser.c:342)
==19188==    by 0x400CB5: main (visualize.c:15)
==19188== 
==19188== 104 bytes in 13 blocks are indirectly lost in loss record 840 of 917
==19188==    at 0x4C2DB8F: malloc (in /usr/lib/valgrind/vgpreload_memcheck-amd64-linux.so)
==19188==    by 0x405D93: parseTree (parser.c:121)
==19188==    by 0x406EA2: printParseTreeForHTML (parser.c:396)
==19188==    by 0x400CB5: main (visualize.c:15)
==19188== 
==19188== 112 bytes in 1 blocks are still reachable in loss record 841 of 917
==19188==    at 0x4C2DB8F: malloc (in /usr/lib/valgrind/vgpreload_memcheck-amd64-linux.so)
==19188==    by 0x4036FF: get_token_names (token.c:73)
==19188==    by 0x4013B3: populate_dfa (populate_dfa.c:144)
==19188==    by 0x404E4D: createDFA (lexer.c:10)
==19188==    by 0x404EE1: getNextToken (lexer.c:23)
==19188==    by 0x406264: parseTree (parser.c:102)
==19188==    by 0x406EA2: printParseTreeForHTML (parser.c:396)
==19188==    by 0x400CB5: main (visualize.c:15)
==19188== 
==19188== 112 bytes in 1 blocks are still reachable in loss record 842 of 917
==19188==    at 0x4C2DB8F: malloc (in /usr/lib/valgrind/vgpreload_memcheck-amd64-linux.so)
==19188==    by 0x4045B6: createElementInt (hash.c:57)
==19188==    by 0x40475E: insertInt (hash.c:94)
==19188==    by 0x403F9A: get_token_hasht (token.c:171)
==19188==    by 0x4013C1: populate_dfa (populate_dfa.c:145)
==19188==    by 0x404E4D: createDFA (lexer.c:10)
==19188==    by 0x404EE1: getNextToken (lexer.c:23)
==19188==    by 0x406264: parseTree (parser.c:102)
==19188==    by 0x406EA2: printParseTreeForHTML (parser.c:396)
==19188==    by 0x400CB5: main (visualize.c:15)
==19188== 
==19188== 112 bytes in 1 blocks are possibly lost in loss record 843 of 917
==19188==    at 0x4C2DB8F: malloc (in /usr/lib/valgrind/vgpreload_memcheck-amd64-linux.so)
==19188==    by 0x4036FF: get_token_names (token.c:73)
==19188==    by 0x4069B3: printParseTreeForHTML (parser.c:337)
==19188==    by 0x400CB5: main (visualize.c:15)
==19188== 
==19188== 112 bytes in 1 blocks are indirectly lost in loss record 844 of 917
==19188==    at 0x4C2DB8F: malloc (in /usr/lib/valgrind/vgpreload_memcheck-amd64-linux.so)
==19188==    by 0x4045B6: createElementInt (hash.c:57)
==19188==    by 0x40475E: insertInt (hash.c:94)
==19188==    by 0x403F9A: get_token_hasht (token.c:171)
==19188==    by 0x4069D7: printParseTreeForHTML (parser.c:342)
==19188==    by 0x400CB5: main (visualize.c:15)
==19188== 
==19188== 118 bytes in 10 blocks are definitely lost in loss record 845 of 917
==19188==    at 0x4C2DB8F: malloc (in /usr/lib/valgrind/vgpreload_memcheck-amd64-linux.so)
==19188==    by 0x4067F6: printJSON (parser.c:309)
==19188==    by 0x4068D1: printJSON (parser.c:319)
==19188==    by 0x4068D1: printJSON (parser.c:319)
==19188==    by 0x4068D1: printJSON (parser.c:319)
==19188==    by 0x4068D1: printJSON (parser.c:319)
==19188==    by 0x406F35: printParseTreeForHTML (parser.c:405)
==19188==    by 0x400CB5: main (visualize.c:15)
==19188== 
==19188== 120 bytes in 1 blocks are possibly lost in loss record 846 of 917
==19188==    at 0x4C2DB8F: malloc (in /usr/lib/valgrind/vgpreload_memcheck-amd64-linux.so)
==19188==    by 0x4EA89E7: getdelim (iogetdelim.c:62)
==19188==    by 0x4021ED: grammer (populate_grammer.c:113)
==19188==    by 0x406AB8: printParseTreeForHTML (parser.c:353)
==19188==    by 0x400CB5: main (visualize.c:15)
==19188== 
==19188== 120 bytes in 1 blocks are definitely lost in loss record 847 of 917
==19188==    at 0x4C2DB8F: malloc (in /usr/lib/valgrind/vgpreload_memcheck-amd64-linux.so)
==19188==    by 0x4EA89E7: getdelim (iogetdelim.c:62)
==19188==    by 0x4023FB: get_non_terminals_map (populate_grammer.c:173)
==19188==    by 0x4069C9: printParseTreeForHTML (parser.c:340)
==19188==    by 0x400CB5: main (visualize.c:15)
==19188== 
==19188== 176 bytes in 1 blocks are still reachable in loss record 848 of 917
==19188==    at 0x4C2DB8F: malloc (in /usr/lib/valgrind/vgpreload_memcheck-amd64-linux.so)
==19188==    by 0x402C04: findFollow (populate_grammer.c:312)
==19188==    by 0x402FD7: findFollow (populate_grammer.c:371)
==19188==    by 0x406BA0: printParseTreeForHTML (parser.c:364)
==19188==    by 0x400CB5: main (visualize.c:15)
==19188== 
==19188== 204 bytes in 51 blocks are indirectly lost in loss record 849 of 917
==19188==    at 0x4C2DB8F: malloc (in /usr/lib/valgrind/vgpreload_memcheck-amd64-linux.so)
==19188==    by 0x40457A: createElementInt (hash.c:54)
==19188==    by 0x40475E: insertInt (hash.c:94)
==19188==    by 0x406A35: printParseTreeForHTML (parser.c:346)
==19188==    by 0x400CB5: main (visualize.c:15)
==19188== 
==19188== 216 bytes in 1 blocks are still reachable in loss record 850 of 917
==19188==    at 0x4C2DB8F: malloc (in /usr/lib/valgrind/vgpreload_memcheck-amd64-linux.so)
==19188==    by 0x404484: newHashTable (hash.c:32)
==19188==    by 0x4041ED: get_keyword_hasht (token.c:207)
==19188==    by 0x404FB1: getNextToken (lexer.c:36)
==19188==    by 0x406264: parseTree (parser.c:102)
==19188==    by 0x406EA2: printParseTreeForHTML (parser.c:396)
==19188==    by 0x400CB5: main (visualize.c:15)
==19188== 
==19188== 336 bytes in 14 blocks are indirectly lost in loss record 851 of 917
==19188==    at 0x4C2DB8F: malloc (in /usr/lib/valgrind/vgpreload_memcheck-amd64-linux.so)
==19188==    by 0x408976: assign_semantic_actions (semantic_actions.c:195)
==19188==    by 0x405D41: parseTree (parser.c:114)
==19188==    by 0x406EA2: printParseTreeForHTML (parser.c:396)
==19188==    by 0x400CB5: main (visualize.c:15)
==19188== 
==19188== 352 bytes in 2 blocks are still reachable in loss record 852 of 917
==19188==    at 0x4C2DB8F: malloc (in /usr/lib/valgrind/vgpreload_memcheck-amd64-linux.so)
==19188==    by 0x4028C3: findFirst (populate_grammer.c:254)
==19188==    by 0x402A6E: findFirst (populate_grammer.c:273)
==19188==    by 0x402A6E: findFirst (populate_grammer.c:273)
==19188==    by 0x406B22: printParseTreeForHTML (parser.c:356)
==19188==    by 0x400CB5: main (visualize.c:15)
==19188== 
==19188== 352 bytes in 2 blocks are still reachable in loss record 853 of 917
==19188==    at 0x4C2DB8F: malloc (in /usr/lib/valgrind/vgpreload_memcheck-amd64-linux.so)
==19188==    by 0x402CEB: findFollow (populate_grammer.c:327)
==19188==    by 0x402FD7: findFollow (populate_grammer.c:371)
==19188==    by 0x402FD7: findFollow (populate_grammer.c:371)
==19188==    by 0x402FD7: findFollow (populate_grammer.c:371)
==19188==    by 0x406BA0: printParseTreeForHTML (parser.c:364)
==19188==    by 0x400CB5: main (visualize.c:15)
==19188== 
==19188== 416 bytes in 26 blocks are still reachable in loss record 854 of 917
==19188==    at 0x4C2DB8F: malloc (in /usr/lib/valgrind/vgpreload_memcheck-amd64-linux.so)
==19188==    by 0x404CC1: newList (SeqList.c:128)
==19188==    by 0x4044B8: newHashTable (hash.c:34)
==19188==    by 0x4041ED: get_keyword_hasht (token.c:207)
==19188==    by 0x404FB1: getNextToken (lexer.c:36)
==19188==    by 0x406264: parseTree (parser.c:102)
==19188==    by 0x406EA2: printParseTreeForHTML (parser.c:396)
==19188==    by 0x400CB5: main (visualize.c:15)
==19188== 
==19188== 426 bytes in 36 blocks are definitely lost in loss record 855 of 917
==19188==    at 0x4C2DB8F: malloc (in /usr/lib/valgrind/vgpreload_memcheck-amd64-linux.so)
==19188==    by 0x4067F6: printJSON (parser.c:309)
==19188==    by 0x4068D1: printJSON (parser.c:319)
==19188==    by 0x4068D1: printJSON (parser.c:319)
==19188==    by 0x4068D1: printJSON (parser.c:319)
==19188==    by 0x406F35: printParseTreeForHTML (parser.c:405)
==19188==    by 0x400CB5: main (visualize.c:15)
==19188== 
==19188== 544 bytes in 1 blocks are indirectly lost in loss record 856 of 917
==19188==    at 0x4C2DB8F: malloc (in /usr/lib/valgrind/vgpreload_memcheck-amd64-linux.so)
==19188==    by 0x404484: newHashTable (hash.c:32)
==19188==    by 0x4069F7: printParseTreeForHTML (parser.c:344)
==19188==    by 0x400CB5: main (visualize.c:15)
==19188== 
==19188== 552 bytes in 1 blocks are still reachable in loss record 857 of 917
==19188==    at 0x4C2DB8F: malloc (in /usr/lib/valgrind/vgpreload_memcheck-amd64-linux.so)
==19188==    by 0x4EA7CDC: __fopen_internal (iofopen.c:69)
==19188==    by 0x405414: getStream (twin_buffer.c:8)
==19188==    by 0x406E44: printParseTreeForHTML (parser.c:391)
==19188==    by 0x400CB5: main (visualize.c:15)
==19188== 
==19188== 552 bytes in 1 blocks are still reachable in loss record 858 of 917
==19188==    at 0x4C2DB8F: malloc (in /usr/lib/valgrind/vgpreload_memcheck-amd64-linux.so)
==19188==    by 0x4EA7CDC: __fopen_internal (iofopen.c:69)
==19188==    by 0x406EC6: printParseTreeForHTML (parser.c:398)
==19188==    by 0x400CB5: main (visualize.c:15)
==19188== 
==19188== 672 bytes in 1 blocks are still reachable in loss record 859 of 917
==19188==    at 0x4C2DB8F: malloc (in /usr/lib/valgrind/vgpreload_memcheck-amd64-linux.so)
==19188==    by 0x400EFE: populate_dfa (populate_dfa.c:46)
==19188==    by 0x404E4D: createDFA (lexer.c:10)
==19188==    by 0x404EE1: getNextToken (lexer.c:23)
==19188==    by 0x406264: parseTree (parser.c:102)
==19188==    by 0x406EA2: printParseTreeForHTML (parser.c:396)
==19188==    by 0x400CB5: main (visualize.c:15)
==19188== 
==19188== 704 bytes in 4 blocks are still reachable in loss record 860 of 917
==19188==    at 0x4C2DB8F: malloc (in /usr/lib/valgrind/vgpreload_memcheck-amd64-linux.so)
==19188==    by 0x402CEB: findFollow (populate_grammer.c:327)
==19188==    by 0x402FD7: findFollow (populate_grammer.c:371)
==19188==    by 0x402FD7: findFollow (populate_grammer.c:371)
==19188==    by 0x406BA0: printParseTreeForHTML (parser.c:364)
==19188==    by 0x400CB5: main (visualize.c:15)
==19188== 
==19188== 816 bytes in 51 blocks are indirectly lost in loss record 861 of 917
==19188==    at 0x4C2DB8F: malloc (in /usr/lib/valgrind/vgpreload_memcheck-amd64-linux.so)
==19188==    by 0x40456C: createElementInt (hash.c:53)
==19188==    by 0x40475E: insertInt (hash.c:94)
==19188==    by 0x406A35: printParseTreeForHTML (parser.c:346)
==19188==    by 0x400CB5: main (visualize.c:15)
==19188== 
==19188== 816 bytes in 51 blocks are indirectly lost in loss record 862 of 917
==19188==    at 0x4C2DB8F: malloc (in /usr/lib/valgrind/vgpreload_memcheck-amd64-linux.so)
==19188==    by 0x404B47: insertBefore (SeqList.c:78)
==19188==    by 0x404DD0: insertAtEnd (SeqList.c:185)
==19188==    by 0x4047E4: insertInt (hash.c:99)
==19188==    by 0x406A35: printParseTreeForHTML (parser.c:346)
==19188==    by 0x400CB5: main (visualize.c:15)
==19188== 
==19188== 816 bytes in 51 blocks are definitely lost in loss record 863 of 917
==19188==    at 0x4C2DB8F: malloc (in /usr/lib/valgrind/vgpreload_memcheck-amd64-linux.so)
==19188==    by 0x404A73: getIterator (SeqList.c:33)
==19188==    by 0x404D93: insertAtEnd (SeqList.c:180)
==19188==    by 0x4047E4: insertInt (hash.c:99)
==19188==    by 0x406A35: printParseTreeForHTML (parser.c:346)
==19188==    by 0x400CB5: main (visualize.c:15)
==19188== 
==19188== 816 bytes in 51 blocks are definitely lost in loss record 864 of 917
==19188==    at 0x4C2DB8F: malloc (in /usr/lib/valgrind/vgpreload_memcheck-amd64-linux.so)
==19188==    by 0x404A73: getIterator (SeqList.c:33)
==19188==    by 0x40467B: findHTInt (hash.c:78)
==19188==    by 0x4024AF: initialize_tnt (populate_grammer.c:196)
==19188==    by 0x406A6E: printParseTreeForHTML (parser.c:349)
==19188==    by 0x400CB5: main (visualize.c:15)
==19188== 
==19188== 840 bytes in 1 blocks are still reachable in loss record 865 of 917
==19188==    at 0x4C2DB8F: malloc (in /usr/lib/valgrind/vgpreload_memcheck-amd64-linux.so)
==19188==    by 0x403092: get_token_names (token.c:5)
==19188==    by 0x4013B3: populate_dfa (populate_dfa.c:144)
==19188==    by 0x404E4D: createDFA (lexer.c:10)
==19188==    by 0x404EE1: getNextToken (lexer.c:23)
==19188==    by 0x406264: parseTree (parser.c:102)
==19188==    by 0x406EA2: printParseTreeForHTML (parser.c:396)
==19188==    by 0x400CB5: main (visualize.c:15)
==19188== 
==19188== 840 bytes in 1 blocks are definitely lost in loss record 866 of 917
==19188==    at 0x4C2DB8F: malloc (in /usr/lib/valgrind/vgpreload_memcheck-amd64-linux.so)
==19188==    by 0x403092: get_token_names (token.c:5)
==19188==    by 0x4069B3: printParseTreeForHTML (parser.c:337)
==19188==    by 0x400CB5: main (visualize.c:15)
==19188== 
==19188== 896 bytes in 56 blocks are definitely lost in loss record 867 of 917
==19188==    at 0x4C2DB8F: malloc (in /usr/lib/valgrind/vgpreload_memcheck-amd64-linux.so)
==19188==    by 0x404A73: getIterator (SeqList.c:33)
==19188==    by 0x40467B: findHTInt (hash.c:78)
==19188==    by 0x4026B2: initialize_tnt (populate_grammer.c:215)
==19188==    by 0x406A6E: printParseTreeForHTML (parser.c:349)
==19188==    by 0x400CB5: main (visualize.c:15)
==19188== 
==19188== 896 bytes in 56 blocks are definitely lost in loss record 868 of 917
==19188==    at 0x4C2DB8F: malloc (in /usr/lib/valgrind/vgpreload_memcheck-amd64-linux.so)
==19188==    by 0x404A73: getIterator (SeqList.c:33)
==19188==    by 0x40467B: findHTInt (hash.c:78)
==19188==    by 0x40276D: initialize_tnt (populate_grammer.c:220)
==19188==    by 0x406A6E: printParseTreeForHTML (parser.c:349)
==19188==    by 0x400CB5: main (visualize.c:15)
==19188== 
==19188== 1,000 bytes in 1 blocks are definitely lost in loss record 869 of 917
==19188==    at 0x4C2DB8F: malloc (in /usr/lib/valgrind/vgpreload_memcheck-amd64-linux.so)
==19188==    by 0x401D29: grammer (populate_grammer.c:103)
==19188==    by 0x406AB8: printParseTreeForHTML (parser.c:353)
==19188==    by 0x400CB5: main (visualize.c:15)
==19188== 
==19188== 1,008 bytes in 42 blocks are still reachable in loss record 870 of 917
==19188==    at 0x4C2DB8F: malloc (in /usr/lib/valgrind/vgpreload_memcheck-amd64-linux.so)
==19188==    by 0x408976: assign_semantic_actions (semantic_actions.c:195)
==19188==    by 0x405D41: parseTree (parser.c:114)
==19188==    by 0x406EA2: printParseTreeForHTML (parser.c:396)
==19188==    by 0x400CB5: main (visualize.c:15)
==19188== 
==19188== 1,048 bytes in 32 blocks are still reachable in loss record 871 of 917
==19188==    at 0x4C2DB8F: malloc (in /usr/lib/valgrind/vgpreload_memcheck-amd64-linux.so)
==19188==    by 0x405D93: parseTree (parser.c:121)
==19188==    by 0x406EA2: printParseTreeForHTML (parser.c:396)
==19188==    by 0x400CB5: main (visualize.c:15)
==19188== 
==19188== 1,072 bytes in 1 blocks are still reachable in loss record 872 of 917
==19188==    at 0x4C2DB8F: malloc (in /usr/lib/valgrind/vgpreload_memcheck-amd64-linux.so)
==19188==    by 0x404484: newHashTable (hash.c:32)
==19188==    by 0x403CD6: get_token_hasht (token.c:139)
==19188==    by 0x4013C1: populate_dfa (populate_dfa.c:145)
==19188==    by 0x404E4D: createDFA (lexer.c:10)
==19188==    by 0x404EE1: getNextToken (lexer.c:23)
==19188==    by 0x406264: parseTree (parser.c:102)
==19188==    by 0x406EA2: printParseTreeForHTML (parser.c:396)
==19188==    by 0x400CB5: main (visualize.c:15)
==19188== 
==19188== 1,072 bytes in 1 blocks are indirectly lost in loss record 873 of 917
==19188==    at 0x4C2DB8F: malloc (in /usr/lib/valgrind/vgpreload_memcheck-amd64-linux.so)
==19188==    by 0x404484: newHashTable (hash.c:32)
==19188==    by 0x403CD6: get_token_hasht (token.c:139)
==19188==    by 0x4069D7: printParseTreeForHTML (parser.c:342)
==19188==    by 0x400CB5: main (visualize.c:15)
==19188== 
==19188== 1,072 bytes in 67 blocks are indirectly lost in loss record 874 of 917
==19188==    at 0x4C2DB8F: malloc (in /usr/lib/valgrind/vgpreload_memcheck-amd64-linux.so)
==19188==    by 0x404CC1: newList (SeqList.c:128)
==19188==    by 0x4044B8: newHashTable (hash.c:34)
==19188==    by 0x4069F7: printParseTreeForHTML (parser.c:344)
==19188==    by 0x400CB5: main (visualize.c:15)
==19188== 
==19188== 1,120 bytes in 14 blocks are indirectly lost in loss record 875 of 917
==19188==    at 0x4C2DB8F: malloc (in /usr/lib/valgrind/vgpreload_memcheck-amd64-linux.so)
==19188==    by 0x405E83: parseTree (parser.c:132)
==19188==    by 0x406EA2: printParseTreeForHTML (parser.c:396)
==19188==    by 0x400CB5: main (visualize.c:15)
==19188== 
==19188== 1,312 bytes in 82 blocks are still reachable in loss record 876 of 917
==19188==    at 0x4C2DB8F: malloc (in /usr/lib/valgrind/vgpreload_memcheck-amd64-linux.so)
==19188==    by 0x4020A3: grammer (populate_grammer.c:143)
==19188==    by 0x406AB8: printParseTreeForHTML (parser.c:353)
==19188==    by 0x400CB5: main (visualize.c:15)
==19188== 
==19188== 1,408 bytes in 8 blocks are still reachable in loss record 877 of 917
==19188==    at 0x4C2DB8F: malloc (in /usr/lib/valgrind/vgpreload_memcheck-amd64-linux.so)
==19188==    by 0x4028C3: findFirst (populate_grammer.c:254)
==19188==    by 0x402A6E: findFirst (populate_grammer.c:273)
==19188==    by 0x406B22: printParseTreeForHTML (parser.c:356)
==19188==    by 0x400CB5: main (visualize.c:15)
==19188== 
==19188== 1,472 bytes in 92 blocks are definitely lost in loss record 878 of 917
==19188==    at 0x4C2DB8F: malloc (in /usr/lib/valgrind/vgpreload_memcheck-amd64-linux.so)
==19188==    by 0x404A73: getIterator (SeqList.c:33)
==19188==    by 0x40467B: findHTInt (hash.c:78)
==19188==    by 0x401E29: grammer (populate_grammer.c:121)
==19188==    by 0x406AB8: printParseTreeForHTML (parser.c:353)
==19188==    by 0x400CB5: main (visualize.c:15)
==19188== 
==19188== 1,530 bytes in 51 blocks are still reachable in loss record 879 of 917
==19188==    at 0x4C2DB8F: malloc (in /usr/lib/valgrind/vgpreload_memcheck-amd64-linux.so)
==19188==    by 0x40252E: initialize_tnt (populate_grammer.c:200)
==19188==    by 0x406A6E: printParseTreeForHTML (parser.c:349)
==19188==    by 0x400CB5: main (visualize.c:15)
==19188== 
==19188== 1,530 bytes in 51 blocks are indirectly lost in loss record 880 of 917
==19188==    at 0x4C2DB8F: malloc (in /usr/lib/valgrind/vgpreload_memcheck-amd64-linux.so)
==19188==    by 0x402298: get_non_terminals_map (populate_grammer.c:164)
==19188==    by 0x4069C9: printParseTreeForHTML (parser.c:340)
==19188==    by 0x400CB5: main (visualize.c:15)
==19188== 
==19188== 1,536 bytes in 64 blocks are still reachable in loss record 881 of 917
==19188==    at 0x4C2DB8F: malloc (in /usr/lib/valgrind/vgpreload_memcheck-amd64-linux.so)
==19188==    by 0x404EF2: getNextToken (lexer.c:25)
==19188==    by 0x406264: parseTree (parser.c:102)
==19188==    by 0x406EA2: printParseTreeForHTML (parser.c:396)
==19188==    by 0x400CB5: main (visualize.c:15)
==19188== 
==19188== 1,600 bytes in 1 blocks are possibly lost in loss record 882 of 917
==19188==    at 0x4C2DB8F: malloc (in /usr/lib/valgrind/vgpreload_memcheck-amd64-linux.so)
==19188==    by 0x40699D: printParseTreeForHTML (parser.c:334)
==19188==    by 0x400CB5: main (visualize.c:15)
==19188== 
==19188== 1,936 bytes in 11 blocks are still reachable in loss record 883 of 917
==19188==    at 0x4C2DB8F: malloc (in /usr/lib/valgrind/vgpreload_memcheck-amd64-linux.so)
==19188==    by 0x402CEB: findFollow (populate_grammer.c:327)
==19188==    by 0x402FD7: findFollow (populate_grammer.c:371)
==19188==    by 0x406BA0: printParseTreeForHTML (parser.c:364)
==19188==    by 0x400CB5: main (visualize.c:15)
==19188== 
==19188== 1,938 (408 direct, 1,530 indirect) bytes in 1 blocks are definitely lost in loss record 884 of 917
==19188==    at 0x4C2DB8F: malloc (in /usr/lib/valgrind/vgpreload_memcheck-amd64-linux.so)
==19188==    by 0x40226C: get_non_terminals_map (populate_grammer.c:162)
==19188==    by 0x4069C9: printParseTreeForHTML (parser.c:340)
==19188==    by 0x400CB5: main (visualize.c:15)
==19188== 
==19188== 2,000 bytes in 125 blocks are still reachable in loss record 885 of 917
==19188==    at 0x4C2DB8F: malloc (in /usr/lib/valgrind/vgpreload_memcheck-amd64-linux.so)
==19188==    by 0x401FAD: grammer (populate_grammer.c:137)
==19188==    by 0x406AB8: printParseTreeForHTML (parser.c:353)
==19188==    by 0x400CB5: main (visualize.c:15)
==19188== 
==19188== 2,080 bytes in 65 blocks are definitely lost in loss record 886 of 917
==19188==    at 0x4C2DB8F: malloc (in /usr/lib/valgrind/vgpreload_memcheck-amd64-linux.so)
==19188==    by 0x405DFA: parseTree (parser.c:128)
==19188==    by 0x406EA2: printParseTreeForHTML (parser.c:396)
==19188==    by 0x400CB5: main (visualize.c:15)
==19188== 
==19188== 2,128 bytes in 133 blocks are still reachable in loss record 887 of 917
==19188==    at 0x4C2DB8F: malloc (in /usr/lib/valgrind/vgpreload_memcheck-amd64-linux.so)
==19188==    by 0x404CC1: newList (SeqList.c:128)
==19188==    by 0x4044B8: newHashTable (hash.c:34)
==19188==    by 0x403CD6: get_token_hasht (token.c:139)
==19188==    by 0x4013C1: populate_dfa (populate_dfa.c:145)
==19188==    by 0x404E4D: createDFA (lexer.c:10)
==19188==    by 0x404EE1: getNextToken (lexer.c:23)
==19188==    by 0x406264: parseTree (parser.c:102)
==19188==    by 0x406EA2: printParseTreeForHTML (parser.c:396)
==19188==    by 0x400CB5: main (visualize.c:15)
==19188== 
==19188== 2,128 bytes in 133 blocks are indirectly lost in loss record 888 of 917
==19188==    at 0x4C2DB8F: malloc (in /usr/lib/valgrind/vgpreload_memcheck-amd64-linux.so)
==19188==    by 0x404CC1: newList (SeqList.c:128)
==19188==    by 0x4044B8: newHashTable (hash.c:34)
==19188==    by 0x403CD6: get_token_hasht (token.c:139)
==19188==    by 0x4069D7: printParseTreeForHTML (parser.c:342)
==19188==    by 0x400CB5: main (visualize.c:15)
==19188== 
==19188== 2,144 bytes in 171 blocks are definitely lost in loss record 889 of 917
==19188==    at 0x4C2DB8F: malloc (in /usr/lib/valgrind/vgpreload_memcheck-amd64-linux.so)
==19188==    by 0x405D93: parseTree (parser.c:121)
==19188==    by 0x406EA2: printParseTreeForHTML (parser.c:396)
==19188==    by 0x400CB5: main (visualize.c:15)
==19188== 
==19188== 2,448 bytes in 1 blocks are still reachable in loss record 890 of 917
==19188==    at 0x4C2DB8F: malloc (in /usr/lib/valgrind/vgpreload_memcheck-amd64-linux.so)
==19188==    by 0x406984: printParseTreeForHTML (parser.c:332)
==19188==    by 0x400CB5: main (visualize.c:15)
==19188== 
==19188== 2,448 bytes in 153 blocks are definitely lost in loss record 891 of 917
==19188==    at 0x4C2DB8F: malloc (in /usr/lib/valgrind/vgpreload_memcheck-amd64-linux.so)
==19188==    by 0x404A73: getIterator (SeqList.c:33)
==19188==    by 0x404BDB: deleteAfter (SeqList.c:100)
==19188==    by 0x404DF3: deleteAtFront (SeqList.c:228)
==19188==    by 0x406FD2: pop (Stack.c:30)
==19188==    by 0x406215: parseTree (parser.c:179)
==19188==    by 0x406EA2: printParseTreeForHTML (parser.c:396)
==19188==    by 0x400CB5: main (visualize.c:15)
==19188== 
==19188== 2,944 bytes in 1 blocks are still reachable in loss record 892 of 917
==19188==    at 0x4C2DB8F: malloc (in /usr/lib/valgrind/vgpreload_memcheck-amd64-linux.so)
==19188==    by 0x401C7E: grammer (populate_grammer.c:94)
==19188==    by 0x406AB8: printParseTreeForHTML (parser.c:353)
==19188==    by 0x400CB5: main (visualize.c:15)
==19188== 
==19188== 3,312 bytes in 207 blocks are definitely lost in loss record 893 of 917
==19188==    at 0x4C2DB8F: malloc (in /usr/lib/valgrind/vgpreload_memcheck-amd64-linux.so)
==19188==    by 0x404A73: getIterator (SeqList.c:33)
==19188==    by 0x40467B: findHTInt (hash.c:78)
==19188==    by 0x401F11: grammer (populate_grammer.c:130)
==19188==    by 0x406AB8: printParseTreeForHTML (parser.c:353)
==19188==    by 0x400CB5: main (visualize.c:15)
==19188== 
==19188== 3,312 bytes in 207 blocks are definitely lost in loss record 894 of 917
==19188==    at 0x4C2DB8F: malloc (in /usr/lib/valgrind/vgpreload_memcheck-amd64-linux.so)
==19188==    by 0x404A73: getIterator (SeqList.c:33)
==19188==    by 0x40467B: findHTInt (hash.c:78)
==19188==    by 0x401F2A: grammer (populate_grammer.c:131)
==19188==    by 0x406AB8: printParseTreeForHTML (parser.c:353)
==19188==    by 0x400CB5: main (visualize.c:15)
==19188== 
==19188== 3,776 bytes in 236 blocks are definitely lost in loss record 895 of 917
==19188==    at 0x4C2DB8F: malloc (in /usr/lib/valgrind/vgpreload_memcheck-amd64-linux.so)
==19188==    by 0x404A73: getIterator (SeqList.c:33)
==19188==    by 0x404BDB: deleteAfter (SeqList.c:100)
==19188==    by 0x404DF3: deleteAtFront (SeqList.c:228)
==19188==    by 0x406FD2: pop (Stack.c:30)
==19188==    by 0x405CB6: parseTree (parser.c:109)
==19188==    by 0x406EA2: printParseTreeForHTML (parser.c:396)
==19188==    by 0x400CB5: main (visualize.c:15)
==19188== 
==19188== 4,320 bytes in 180 blocks are definitely lost in loss record 896 of 917
==19188==    at 0x4C2DB8F: malloc (in /usr/lib/valgrind/vgpreload_memcheck-amd64-linux.so)
==19188==    by 0x408976: assign_semantic_actions (semantic_actions.c:195)
==19188==    by 0x405D41: parseTree (parser.c:114)
==19188==    by 0x406EA2: printParseTreeForHTML (parser.c:396)
==19188==    by 0x400CB5: main (visualize.c:15)
==19188== 
==19188== 4,768 bytes in 298 blocks are definitely lost in loss record 897 of 917
==19188==    at 0x4C2DB8F: malloc (in /usr/lib/valgrind/vgpreload_memcheck-amd64-linux.so)
==19188==    by 0x404A73: getIterator (SeqList.c:33)
==19188==    by 0x40467B: findHTInt (hash.c:78)
==19188==    by 0x404FD0: getNextToken (lexer.c:38)
==19188==    by 0x406264: parseTree (parser.c:102)
==19188==    by 0x406EA2: printParseTreeForHTML (parser.c:396)
==19188==    by 0x400CB5: main (visualize.c:15)
==19188== 
==19188== 4,912 bytes in 51 blocks are indirectly lost in loss record 898 of 917
==19188==    at 0x4C2DB8F: malloc (in /usr/lib/valgrind/vgpreload_memcheck-amd64-linux.so)
==19188==    by 0x4045B6: createElementInt (hash.c:57)
==19188==    by 0x40475E: insertInt (hash.c:94)
==19188==    by 0x406A35: printParseTreeForHTML (parser.c:346)
==19188==    by 0x400CB5: main (visualize.c:15)
==19188== 
==19188== 5,808 bytes in 33 blocks are still reachable in loss record 899 of 917
==19188==    at 0x4C2DB8F: malloc (in /usr/lib/valgrind/vgpreload_memcheck-amd64-linux.so)
==19188==    by 0x402CEB: findFollow (populate_grammer.c:327)
==19188==    by 0x406BA0: printParseTreeForHTML (parser.c:364)
==19188==    by 0x400CB5: main (visualize.c:15)
==19188== 
==19188== 6,208 bytes in 388 blocks are definitely lost in loss record 900 of 917
==19188==    at 0x4C2DB8F: malloc (in /usr/lib/valgrind/vgpreload_memcheck-amd64-linux.so)
==19188==    by 0x404A73: getIterator (SeqList.c:33)
==19188==    by 0x404D52: insertAtFront (SeqList.c:172)
==19188==    by 0x407008: push (Stack.c:37)
==19188==    by 0x405FA1: parseTree (parser.c:140)
==19188==    by 0x406EA2: printParseTreeForHTML (parser.c:396)
==19188==    by 0x400CB5: main (visualize.c:15)
==19188== 
==19188== 6,224 bytes in 389 blocks are definitely lost in loss record 901 of 917
==19188==    at 0x4C2DB8F: malloc (in /usr/lib/valgrind/vgpreload_memcheck-amd64-linux.so)
==19188==    by 0x404A73: getIterator (SeqList.c:33)
==19188==    by 0x407033: top (Stack.c:44)
==19188==    by 0x405FE1: parseTree (parser.c:107)
==19188==    by 0x406EA2: printParseTreeForHTML (parser.c:396)
==19188==    by 0x400CB5: main (visualize.c:15)
==19188== 
==19188== 7,216 bytes in 41 blocks are still reachable in loss record 902 of 917
==19188==    at 0x4C2DB8F: malloc (in /usr/lib/valgrind/vgpreload_memcheck-amd64-linux.so)
==19188==    by 0x4028C3: findFirst (populate_grammer.c:254)
==19188==    by 0x406B22: printParseTreeForHTML (parser.c:356)
==19188==    by 0x400CB5: main (visualize.c:15)
==19188== 
==19188== 8,192 bytes in 1 blocks are indirectly lost in loss record 903 of 917
==19188==    at 0x4C2DB8F: malloc (in /usr/lib/valgrind/vgpreload_memcheck-amd64-linux.so)
==19188==    by 0x405499: getStream (twin_buffer.c:18)
==19188==    by 0x406E44: printParseTreeForHTML (parser.c:391)
==19188==    by 0x400CB5: main (visualize.c:15)
==19188== 
==19188== 8,314 (96 direct, 8,218 indirect) bytes in 1 blocks are definitely lost in loss record 904 of 917
==19188==    at 0x4C2DB8F: malloc (in /usr/lib/valgrind/vgpreload_memcheck-amd64-linux.so)
==19188==    by 0x405433: getStream (twin_buffer.c:12)
==19188==    by 0x406E44: printParseTreeForHTML (parser.c:391)
==19188==    by 0x400CB5: main (visualize.c:15)
==19188== 
==19188== 8,388 (24 direct, 8,364 indirect) bytes in 1 blocks are definitely lost in loss record 905 of 917
==19188==    at 0x4C2DB8F: malloc (in /usr/lib/valgrind/vgpreload_memcheck-amd64-linux.so)
==19188==    by 0x404458: newHashTable (hash.c:29)
==19188==    by 0x4069F7: printParseTreeForHTML (parser.c:344)
==19188==    by 0x400CB5: main (visualize.c:15)
==19188== 
==19188== 8,400 bytes in 105 blocks are still reachable in loss record 906 of 917
==19188==    at 0x4C2DB8F: malloc (in /usr/lib/valgrind/vgpreload_memcheck-amd64-linux.so)
==19188==    by 0x405E83: parseTree (parser.c:132)
==19188==    by 0x406EA2: printParseTreeForHTML (parser.c:396)
==19188==    by 0x400CB5: main (visualize.c:15)
==19188== 
==19188== 9,060 (24 direct, 9,036 indirect) bytes in 1 blocks are definitely lost in loss record 907 of 917
==19188==    at 0x4C2DB8F: malloc (in /usr/lib/valgrind/vgpreload_memcheck-amd64-linux.so)
==19188==    by 0x404458: newHashTable (hash.c:29)
==19188==    by 0x403CD6: get_token_hasht (token.c:139)
==19188==    by 0x4069D7: printParseTreeForHTML (parser.c:342)
==19188==    by 0x400CB5: main (visualize.c:15)
==19188== 
==19188== 9,600 bytes in 64 blocks are still reachable in loss record 908 of 917
==19188==    at 0x4C2DB8F: malloc (in /usr/lib/valgrind/vgpreload_memcheck-amd64-linux.so)
==19188==    by 0x404844: get_next_token_sub (transition.c:12)
==19188==    by 0x404F1F: getNextToken (lexer.c:26)
==19188==    by 0x406264: parseTree (parser.c:102)
==19188==    by 0x406EA2: printParseTreeForHTML (parser.c:396)
==19188==    by 0x400CB5: main (visualize.c:15)
==19188== 
==19188== 12,416 bytes in 388 blocks are indirectly lost in loss record 909 of 917
==19188==    at 0x4C2DB8F: malloc (in /usr/lib/valgrind/vgpreload_memcheck-amd64-linux.so)
==19188==    by 0x405DFA: parseTree (parser.c:128)
==19188==    by 0x406EA2: printParseTreeForHTML (parser.c:396)
==19188==    by 0x400CB5: main (visualize.c:15)
==19188== 
==19188== 14,720 bytes in 92 blocks are still reachable in loss record 910 of 917
==19188==    at 0x4C2DB8F: malloc (in /usr/lib/valgrind/vgpreload_memcheck-amd64-linux.so)
==19188==    by 0x401E7E: grammer (populate_grammer.c:123)
==19188==    by 0x406AB8: printParseTreeForHTML (parser.c:353)
==19188==    by 0x400CB5: main (visualize.c:15)
==19188== 
==19188== 20,184 (6,208 direct, 13,976 indirect) bytes in 388 blocks are definitely lost in loss record 911 of 917
==19188==    at 0x4C2DB8F: malloc (in /usr/lib/valgrind/vgpreload_memcheck-amd64-linux.so)
==19188==    by 0x405958: make_stack_element (parser.c:21)
==19188==    by 0x405F8F: parseTree (parser.c:140)
==19188==    by 0x406EA2: printParseTreeForHTML (parser.c:396)
==19188==    by 0x400CB5: main (visualize.c:15)
==19188== 
==19188== 35,250 bytes in 235 blocks are indirectly lost in loss record 912 of 917
==19188==    at 0x4C2DB8F: malloc (in /usr/lib/valgrind/vgpreload_memcheck-amd64-linux.so)
==19188==    by 0x404844: get_next_token_sub (transition.c:12)
==19188==    by 0x404F1F: getNextToken (lexer.c:26)
==19188==    by 0x406264: parseTree (parser.c:102)
==19188==    by 0x406EA2: printParseTreeForHTML (parser.c:396)
==19188==    by 0x400CB5: main (visualize.c:15)
==19188== 
==19188== 40,890 (5,640 direct, 35,250 indirect) bytes in 235 blocks are definitely lost in loss record 913 of 917
==19188==    at 0x4C2DB8F: malloc (in /usr/lib/valgrind/vgpreload_memcheck-amd64-linux.so)
==19188==    by 0x404EF2: getNextToken (lexer.c:25)
==19188==    by 0x406264: parseTree (parser.c:102)
==19188==    by 0x406EA2: printParseTreeForHTML (parser.c:396)
==19188==    by 0x400CB5: main (visualize.c:15)
==19188== 
==19188== 86,016 bytes in 1 blocks are still reachable in loss record 914 of 917
==19188==    at 0x4C2DB8F: malloc (in /usr/lib/valgrind/vgpreload_memcheck-amd64-linux.so)
==19188==    by 0x400DC9: populate_dfa (populate_dfa.c:35)
==19188==    by 0x404E4D: createDFA (lexer.c:10)
==19188==    by 0x404EE1: getNextToken (lexer.c:23)
==19188==    by 0x406264: parseTree (parser.c:102)
==19188==    by 0x406EA2: printParseTreeForHTML (parser.c:396)
==19188==    by 0x400CB5: main (visualize.c:15)
==19188== 
==19188== 86,016 bytes in 56 blocks are still reachable in loss record 915 of 917
==19188==    at 0x4C2DB8F: malloc (in /usr/lib/valgrind/vgpreload_memcheck-amd64-linux.so)
==19188==    by 0x400E04: populate_dfa (populate_dfa.c:39)
==19188==    by 0x404E4D: createDFA (lexer.c:10)
==19188==    by 0x404EE1: getNextToken (lexer.c:23)
==19188==    by 0x406264: parseTree (parser.c:102)
==19188==    by 0x406EA2: printParseTreeForHTML (parser.c:396)
==19188==    by 0x400CB5: main (visualize.c:15)
==19188== 
==19188== 163,200 bytes in 51 blocks are indirectly lost in loss record 916 of 917
==19188==    at 0x4C2DB8F: malloc (in /usr/lib/valgrind/vgpreload_memcheck-amd64-linux.so)
==19188==    by 0x407132: gen_parse_table (parse_table.c:29)
==19188==    by 0x406E31: printParseTreeForHTML (parser.c:390)
==19188==    by 0x400CB5: main (visualize.c:15)
==19188== 
==19188== 163,608 (408 direct, 163,200 indirect) bytes in 1 blocks are definitely lost in loss record 917 of 917
==19188==    at 0x4C2DB8F: malloc (in /usr/lib/valgrind/vgpreload_memcheck-amd64-linux.so)
==19188==    by 0x407100: gen_parse_table (parse_table.c:26)
==19188==    by 0x406E31: printParseTreeForHTML (parser.c:390)
==19188==    by 0x400CB5: main (visualize.c:15)
==19188== 
==19188== LEAK SUMMARY:
==19188==    definitely lost: 61,735 bytes in 3,458 blocks
==19188==    indirectly lost: 239,622 bytes in 1,405 blocks
==19188==      possibly lost: 5,456 bytes in 58 blocks
==19188==    still reachable: 255,134 bytes in 1,380 blocks
==19188==         suppressed: 0 bytes in 0 blocks
==19188== 
==19188== ERROR SUMMARY: 246 errors from 246 contexts (suppressed: 0 from 0)
==19188== ERROR SUMMARY: 246 errors from 246 contexts (suppressed: 0 from 0)
